#
# A fatal error has been detected by the Java Runtime Environment:
#
#  SIGSEGV (0xb) at pc=0x000074cbca22573c, pid=7559, tid=7563
#
# JRE version: OpenJDK Runtime Environment Temurin-21.0.6+7 (21.0.6+7) (build 21.0.6+7-LTS)
# Java VM: OpenJDK 64-Bit Server VM Temurin-21.0.6+7 (21.0.6+7-LTS, mixed mode, sharing, tiered, compressed oops, compressed class ptrs, parallel gc, linux-amd64)
# Problematic frame:
# V  [libjvm.so+0x62573c]  ClassLoaderData::free_deallocate_list()+0x6c
#
# Core dump will be written. Default location: Core dumps may be processed with "/usr/share/apport/apport -p%p -s%s -c%c -d%d -P%P -u%u -g%g -- %E" (or dumping to /home/viniciussaousa/Documentos/projeto_programa/lab9/core.7559)
#
# If you would like to submit a bug report, please visit:
#   https://github.com/adoptium/adoptium-support/issues
#

---------------  S U M M A R Y ------------

Command Line: --add-modules=ALL-SYSTEM --add-opens=java.base/java.util=ALL-UNNAMED --add-opens=java.base/java.lang=ALL-UNNAMED --add-opens=java.base/sun.nio.fs=ALL-UNNAMED -Declipse.application=org.eclipse.jdt.ls.core.id1 -Dosgi.bundles.defaultStartLevel=4 -Declipse.product=org.eclipse.jdt.ls.core.product -Djava.import.generatesMetadataFilesAtProjectRoot=false -DDetectVMInstallationsJob.disabled=true -Dfile.encoding=utf8 -XX:+UseParallelGC -XX:GCTimeRatio=4 -XX:AdaptiveSizePolicyWeight=90 -Dsun.zip.disableMemoryMapping=true -Xmx1G -Xms100m -Xlog:disable -javaagent:/home/viniciussaousa/.vscode/extensions/redhat.java-1.41.1-linux-x64/lombok/lombok-1.18.36.jar -XX:+HeapDumpOnOutOfMemoryError -XX:HeapDumpPath=/home/viniciussaousa/.config/Code/User/workspaceStorage/6b335816540215a403441bc9cf588808/redhat.java -Daether.dependencyCollector.impl=bf /home/viniciussaousa/.vscode/extensions/redhat.java-1.41.1-linux-x64/server/plugins/org.eclipse.equinox.launcher_1.7.0.v20250331-1702.jar -configuration /home/viniciussaousa/.config/Code/User/globalStorage/redhat.java/1.41.1/config_linux -data /home/viniciussaousa/.config/Code/User/workspaceStorage/6b335816540215a403441bc9cf588808/redhat.java/jdt_ws --pipe=/run/user/1000/lsp-42bb30e985df9d3bce7266267dfe6afb.sock

Host: Intel(R) Core(TM) i5-10500H CPU @ 2.50GHz, 12 cores, 15G, Ubuntu 24.04.2 LTS
Time: Fri May  9 09:52:52 2025 -04 elapsed time: 2.292815 seconds (0d 0h 0m 2s)

---------------  T H R E A D  ---------------

Current thread (0x000074cbc41adbf0):  VMThread "VM Thread"          [id=7563, stack(0x000074cbb0ef2000,0x000074cbb0ff2000) (1024K)]

Stack: [0x000074cbb0ef2000,0x000074cbb0ff2000],  sp=0x000074cbb0ff0330,  free space=1016k
Native frames: (J=compiled Java code, j=interpreted, Vv=VM code, C=native code)
V  [libjvm.so+0x62573c]  ClassLoaderData::free_deallocate_list()+0x6c
V  [libjvm.so+0x62aa58]  ClassLoaderDataGraph::purge(bool)+0xb8
V  [libjvm.so+0xd770fc]  PSParallelCompact::post_compact()+0x1bc
V  [libjvm.so+0xd7b7db]  PSParallelCompact::invoke_no_policy(bool) [clone .part.0]+0x36b
V  [libjvm.so+0xd7bf3c]  PSParallelCompact::invoke(bool)+0x6c
V  [libjvm.so+0x6559ce]  CollectedHeap::collect_as_vm_thread(GCCause::Cause)+0x9e
V  [libjvm.so+0x86d09d]  VM_CollectForMetadataAllocation::doit()+0xad
V  [libjvm.so+0x100ac37]  VM_Operation::evaluate()+0x107
V  [libjvm.so+0x100e06f]  VMThread::evaluate_operation(VM_Operation*)+0x13f
V  [libjvm.so+0x100edf7]  VMThread::inner_execute(VM_Operation*)+0x357
V  [libjvm.so+0x100f0f7]  VMThread::run()+0xb7
V  [libjvm.so+0xf78778]  Thread::call_run()+0xa8
V  [libjvm.so+0xd042ba]  thread_native_entry(Thread*)+0xda
C  [libc.so.6+0x9caa4]

siginfo: si_signo: 11 (SIGSEGV), si_code: 128 (SI_KERNEL), si_addr: 0x0000000000000000

Registers:
RAX=0x008074cbcb017e38, RBX=0x0000000000000001, RCX=0x0000000000000000, RDX=0x0000000000000000
RSP=0x000074cbb0ff0330, RBP=0x000074cbb0ff0370, RSI=0x0000000000000000, RDI=0x000074cb615ec588
R8 =0x000074cb106cf030, R9 =0x0000000000000000, R10=0x000074cb442a42d0, R11=0x3e598d2275fc76a0
R12=0x0000000000000000, R13=0x000074cb106d2cf0, R14=0x0000000000000069, R15=0x000074cb615ec588
RIP=0x000074cbca22573c, EFLAGS=0x0000000000010202, CSGSFS=0x002b000000000033, ERR=0x0000000000000000
  TRAPNO=0x000000000000000d

XMM[0]=0x0000000000000000 0x0000000000000000
XMM[1]=0x0000000152506014 0x00000000881dd7e4
XMM[2]=0x0000000000000002 0x000074cbcad1f49b
XMM[3]=0x0000000152506014 0x00000000881dd7e4
XMM[4]=0x0000000000000000 0x3ffc6c4ae2fd3ad4
XMM[5]=0x0000000000000000 0x3ffc6c4ae2fd3ad4
XMM[6]=0x0000000000000000 0x400244d03d2252ef
XMM[7]=0x0000000000000000 0x3fe03aab2e8ed614
XMM[8]=0x0000000000000000 0x41ae000000000000
XMM[9]=0x0000000000000000 0x40585cc5b0a3eafd
XMM[10]=0x0000000000000000 0x000000003d063780
XMM[11]=0x0000000000000000 0x0000000041b071c4
XMM[12]=0x2020202020202020 0x2020202020202020
XMM[13]=0x0000000000000000 0x0000000000000000
XMM[14]=0x0000000000000000 0x0000000000000000
XMM[15]=0x0000000000000000 0x0000000000000000
  MXCSR=0x00001fa0


Register to memory mapping:

RAX=0x008074cbcb017e38 is an unknown value
RBX=0x0000000000000001 is an unknown value
RCX=0x0 is null
RDX=0x0 is null
RSP=0x000074cbb0ff0330 points into unknown readable memory: 0x000074cbb0ff0370 | 70 03 ff b0 cb 74 00 00
RBP=0x000074cbb0ff0370 points into unknown readable memory: 0x000074cbb0ff03b0 | b0 03 ff b0 cb 74 00 00
RSI=0x0 is null
RDI=0x000074cb615ec588 is pointing into metadata
R8 =0x000074cb106cf030 points into unknown readable memory: 0x0000000000000000 | 00 00 00 00 00 00 00 00
R9 =0x0 is null
R10=0x000074cb442a42d0 points into unknown readable memory: 0x000074cc08b6acf4 | f4 ac b6 08 cc 74 00 00
R11=0x3e598d2275fc76a0 is an unknown value
R12=0x0 is null
R13=0x000074cb106d2cf0 points into unknown readable memory: 0x000074cb1058e098 | 98 e0 58 10 cb 74 00 00
R14=0x0000000000000069 is an unknown value
R15=0x000074cb615ec588 is pointing into metadata

Top of Stack: (sp=0x000074cbb0ff0330)
0x000074cbb0ff0330:   000074cbb0ff0370 000074cbca872263
0x000074cbb0ff0340:   000000000000016a 000074cb106d2cf0
0x000074cbb0ff0350:   0000000000000042 000074cbb0ff038f
0x000074cbb0ff0360:   0000000000000000 000074cbc4043f30
0x000074cbb0ff0370:   000074cbb0ff03b0 000074cbca22aa58
0x000074cbb0ff0380:   00000000881dd7e4 0000000152506014
0x000074cbb0ff0390:   000074cbcb14b000 000074cbc40058b0
0x000074cbb0ff03a0:   000074cbcb11e9c0 000074cbca8b7030
0x000074cbb0ff03b0:   000074cbb0ff0530 000074cbca9770fc
0x000074cbb0ff03c0:   000074cbcb14b000 000074cbca97717d
0x000074cbb0ff03d0:   000074cbc4043ec0 0000000000000000
0x000074cbb0ff03e0:   000074cbb0ff0458 000074cbcb017970
0x000074cbb0ff03f0:   000074cbb0ff0400 000074cbcad37392
0x000074cbb0ff0400:   000074000000000b 0000000000000003
0x000074cbb0ff0410:   000074cbcb11e9c0 0000740000000003
0x000074cbb0ff0420:   000074cbcb11e940 ffffffffffffffff
0x000074cbb0ff0430:   0000000000000000 0000000000000000
0x000074cbb0ff0440:   000074cbcb017990 000074cbcad37392
0x000074cbb0ff0450:   000074cbcb14b000 0000000000000000
0x000074cbb0ff0460:   000074cbb0ff0440 0000000000000000
0x000074cbb0ff0470:   0000000000000000 000074cbcb017970
0x000074cbb0ff0480:   0000000000000000 000074cbcad1f49b
0x000074cbb0ff0490:   000000000000000b 0000000000000002
0x000074cbb0ff04a0:   000074cbcb11e9c0 0000000000000002
0x000074cbb0ff04b0:   000074cbcb11e940 ffffffffffffffff
0x000074cbb0ff04c0:   0000000000000000 0000000000000000
0x000074cbb0ff04d0:   000074cbcb017990 000074cbcad1f49b
0x000074cbb0ff04e0:   000074cbcb14b000 0000000000000000
0x000074cbb0ff04f0:   000074cbb0ff04d0 0000000000000000
0x000074cbb0ff0500:   000074cbb0ff0530 000074cbc40058b0
0x000074cbb0ff0510:   000074cbcb14afa0 0000000000000010
0x000074cbb0ff0520:   000074cbb0ff0610 000074cbcb14b000 

Instructions: (pc=0x000074cbca22573c)
0x000074cbca22563c:   00 01 00 00 83 f8 20 74 53 48 8b 53 30 48 8b 43
0x000074cbca22564c:   30 4c 89 e6 8b 80 00 01 00 00 4c 8d 3c c2 4c 89
0x000074cbca22565c:   ff ff 15 c5 26 ec 00 48 8b 43 30 8b 80 00 01 00
0x000074cbca22566c:   00 48 8b 53 30 83 c0 01 89 82 00 01 00 00 4d 89
0x000074cbca22567c:   7d 00 4d 85 f6 75 81 48 83 c4 08 5b 41 5c 41 5d
0x000074cbca22568c:   41 5e 41 5f 5d c3 66 0f 1f 44 00 00 4c 8b 7b 30
0x000074cbca22569c:   31 d2 be 01 00 00 00 bf 10 01 00 00 e8 93 b6 e0
0x000074cbca2256ac:   ff c7 80 00 01 00 00 00 00 00 00 4c 89 b8 08 01
0x000074cbca2256bc:   00 00 48 89 43 30 eb 81 66 66 2e 0f 1f 84 00 00
0x000074cbca2256cc:   00 00 00 90 48 8b 47 68 48 85 c0 0f 84 77 02 00
0x000074cbca2256dc:   00 55 48 89 e5 41 57 41 56 41 55 41 54 53 48 83
0x000074cbca2256ec:   ec 18 8b 18 41 89 dc 41 83 ec 01 0f 88 42 01 00
0x000074cbca2256fc:   00 4d 63 e4 49 89 fd 49 c1 e4 03 eb 25 0f 1f 80
0x000074cbca22570c:   00 00 00 00 48 8d 05 1b 76 ef 00 c6 00 01 49 83
0x000074cbca22571c:   ec 08 83 fb 01 0f 84 18 01 00 00 49 8b 45 68 83
0x000074cbca22572c:   eb 01 48 8b 40 08 4e 8b 3c 20 49 8b 07 4c 89 ff
0x000074cbca22573c:   ff 50 60 84 c0 75 cd 49 8b 75 68 89 da 8b 0e 39
0x000074cbca22574c:   cb 7d 2b 48 63 c3 48 c1 e0 03 66 2e 0f 1f 84 00
0x000074cbca22575c:   00 00 00 00 48 8b 4e 08 83 c2 01 48 8b 3c 01 48
0x000074cbca22576c:   89 7c 01 f8 8b 0e 48 83 c0 08 39 ca 7c e6 83 e9
0x000074cbca22577c:   01 4c 89 ff 89 0e 49 8b 07 ff 50 10 84 c0 49 8b
0x000074cbca22578c:   07 0f 85 bd 00 00 00 4c 89 ff ff 50 20 84 c0 49
0x000074cbca22579c:   8b 07 0f 85 1c 01 00 00 4c 89 ff ff 50 08 84 c0
0x000074cbca2257ac:   0f 84 bd 01 00 00 49 8b 07 48 8d 15 34 15 00 00
0x000074cbca2257bc:   48 8b 40 30 48 39 d0 0f 85 74 01 00 00 41 8b 87
0x000074cbca2257cc:   14 01 00 00 41 8b 97 a0 00 00 00 44 8d 74 02 38
0x000074cbca2257dc:   41 8b 87 a4 00 00 00 45 03 b7 10 01 00 00 c1 e8
0x000074cbca2257ec:   09 83 e0 01 41 01 c6 4c 89 ee 4c 89 ff e8 62 85
0x000074cbca2257fc:   2b 00 49 8b 07 b9 01 00 00 00 48 8d 15 f3 ae e2
0x000074cbca22580c:   ff 48 8b 40 08 48 39 d0 0f 85 e2 00 00 00 49 8b
0x000074cbca22581c:   7d 10 48 85 ff 0f 84 ea 00 00 00 49 63 d6 4c 89
0x000074cbca22582c:   fe 49 83 ec 08 e8 8a 96 00 00 83 fb 01 0f 85 e8 


Stack slot to memory mapping:

stack at sp + 0 slots: 0x000074cbb0ff0370 points into unknown readable memory: 0x000074cbb0ff03b0 | b0 03 ff b0 cb 74 00 00
stack at sp + 1 slots: 0x000074cbca872263: <offset 0x0000000000c72263> in /home/viniciussaousa/.vscode/extensions/redhat.java-1.41.1-linux-x64/jre/21.0.6-linux-x86_64/lib/server/libjvm.so at 0x000074cbc9c00000
stack at sp + 2 slots: 0x000000000000016a is an unknown value
stack at sp + 3 slots: 0x000074cb106d2cf0 points into unknown readable memory: 0x000074cb1058e098 | 98 e0 58 10 cb 74 00 00
stack at sp + 4 slots: 0x0000000000000042 is an unknown value
stack at sp + 5 slots: 0x000074cbb0ff038f points into unknown readable memory: 00
stack at sp + 6 slots: 0x0 is null
stack at sp + 7 slots: 0x000074cbc4043f30 points into unknown readable memory: 0x000074cbcb0224a0 | a0 24 02 cb cb 74 00 00

VM_Operation (0x000074caefafb320): CollectForMetadataAllocation, mode: safepoint, requested by thread 0x000074cad8000ff0


---------------  P R O C E S S  ---------------

Threads class SMR info:
_java_thread_list=0x000074cbc45d2fa0, length=29, elements={
0x000074cbc402a900, 0x000074cbc41c0fd0, 0x000074cbc41c2500, 0x000074cbc41c3c50,
0x000074cbc41c5250, 0x000074cbc41c67b0, 0x000074cbc41c82b0, 0x000074cbc41c9930,
0x000074cbc41d9c30, 0x000074cb440b83b0, 0x000074cbc42805e0, 0x000074cb3c01d600,
0x000074cbc4496dd0, 0x000074cbc44f3340, 0x000074cb1801b110, 0x000074cbc44f64e0,
0x000074cb100cca70, 0x000074cb1047a300, 0x000074cb104c5100, 0x000074cb103b7870,
0x000074cb1024cd00, 0x000074cb1025bb00, 0x000074cae4000ff0, 0x000074cb109bf620,
0x000074cad8000ff0, 0x000074cad0000ff0, 0x000074cbc456ead0, 0x000074cbc45d0de0,
0x000074cbc45d1f50
}

Java Threads: ( => current thread )
  0x000074cbc402a900 JavaThread "main"                              [_thread_blocked, id=7560, stack(0x000074cbc9b00000,0x000074cbc9c00000) (1024K)]
  0x000074cbc41c0fd0 JavaThread "Reference Handler"          daemon [_thread_blocked, id=7564, stack(0x000074cbb0b79000,0x000074cbb0c79000) (1024K)]
  0x000074cbc41c2500 JavaThread "Finalizer"                  daemon [_thread_blocked, id=7565, stack(0x000074cbb0a79000,0x000074cbb0b79000) (1024K)]
  0x000074cbc41c3c50 JavaThread "Signal Dispatcher"          daemon [_thread_blocked, id=7566, stack(0x000074cbb0979000,0x000074cbb0a79000) (1024K)]
  0x000074cbc41c5250 JavaThread "Service Thread"             daemon [_thread_blocked, id=7567, stack(0x000074cbb0879000,0x000074cbb0979000) (1024K)]
  0x000074cbc41c67b0 JavaThread "Monitor Deflation Thread"   daemon [_thread_blocked, id=7568, stack(0x000074cbb0779000,0x000074cbb0879000) (1024K)]
  0x000074cbc41c82b0 JavaThread "C2 CompilerThread0"         daemon [_thread_in_native, id=7569, stack(0x000074cbb0679000,0x000074cbb0779000) (1024K)]
  0x000074cbc41c9930 JavaThread "C1 CompilerThread0"         daemon [_thread_blocked, id=7570, stack(0x000074cbb0579000,0x000074cbb0679000) (1024K)]
  0x000074cbc41d9c30 JavaThread "Common-Cleaner"             daemon [_thread_blocked, id=7571, stack(0x000074cbb0479000,0x000074cbb0579000) (1024K)]
  0x000074cb440b83b0 JavaThread "C2 CompilerThread1"         daemon [_thread_blocked, id=7572, stack(0x000074cbb0379000,0x000074cbb0479000) (1024K)]
  0x000074cbc42805e0 JavaThread "Notification Thread"        daemon [_thread_blocked, id=7617, stack(0x000074cbb0279000,0x000074cbb0379000) (1024K)]
  0x000074cb3c01d600 JavaThread "C2 CompilerThread2"         daemon [_thread_blocked, id=7656, stack(0x000074cbb0179000,0x000074cbb0279000) (1024K)]
  0x000074cbc4496dd0 JavaThread "Active Thread: Equinox Container: f106afec-d62c-4493-ad11-bba3c12bac26"        [_thread_blocked, id=7671, stack(0x000074cb68cfe000,0x000074cb68dfe000) (1024K)]
  0x000074cbc44f3340 JavaThread "Refresh Thread: Equinox Container: f106afec-d62c-4493-ad11-bba3c12bac26" daemon [_thread_blocked, id=7672, stack(0x000074cb68bfe000,0x000074cb68cfe000) (1024K)]
  0x000074cb1801b110 JavaThread "Framework Event Dispatcher: Equinox Container: f106afec-d62c-4493-ad11-bba3c12bac26" daemon [_thread_blocked, id=7673, stack(0x000074cb68afe000,0x000074cb68bfe000) (1024K)]
  0x000074cbc44f64e0 JavaThread "Start Level: Equinox Container: f106afec-d62c-4493-ad11-bba3c12bac26" daemon [_thread_blocked, id=7674, stack(0x000074cb689fe000,0x000074cb68afe000) (1024K)]
  0x000074cb100cca70 JavaThread "Bundle File Closer"         daemon [_thread_blocked, id=7681, stack(0x000074cb687fd000,0x000074cb688fd000) (1024K)]
  0x000074cb1047a300 JavaThread "SCR Component Actor"        daemon [_thread_blocked, id=7686, stack(0x000074cb685fc000,0x000074cb686fc000) (1024K)]
  0x000074cb104c5100 JavaThread "SCR Component Registry"     daemon [_thread_blocked, id=7687, stack(0x000074cb684fc000,0x000074cb685fc000) (1024K)]
  0x000074cb103b7870 JavaThread "Worker-JM"                         [_thread_blocked, id=7691, stack(0x000074cb681fa000,0x000074cb682fa000) (1024K)]
  0x000074cb1024cd00 JavaThread "Worker-0: Initialize After Load"        [_thread_blocked, id=7698, stack(0x000074caefdff000,0x000074caefeff000) (1024K)]
  0x000074cb1025bb00 JavaThread "Worker-1"                          [_thread_blocked, id=7699, stack(0x000074caefcff000,0x000074caefdff000) (1024K)]
  0x000074cae4000ff0 JavaThread "Worker-2"                          [_thread_blocked, id=7700, stack(0x000074caefbff000,0x000074caefcff000) (1024K)]
  0x000074cb109bf620 JavaThread "Java indexing"              daemon [_thread_blocked, id=7724, stack(0x000074caefaff000,0x000074caefbff000) (1024K)]
  0x000074cad8000ff0 JavaThread "Worker-3: Updating Maven Dependencies"        [_thread_blocked, id=7725, stack(0x000074caef9ff000,0x000074caefaff000) (1024K)]
  0x000074cad0000ff0 JavaThread "Worker-4"                          [_thread_blocked, id=7726, stack(0x000074caef8ff000,0x000074caef9ff000) (1024K)]
  0x000074cbc456ead0 JavaThread "pool-2-thread-1"                   [_thread_blocked, id=7727, stack(0x000074caef7ff000,0x000074caef8ff000) (1024K)]
  0x000074cbc45d0de0 JavaThread "WorkspaceEventsHandler"            [_thread_blocked, id=7731, stack(0x000074caef6ff000,0x000074caef7ff000) (1024K)]
  0x000074cbc45d1f50 JavaThread "pool-1-thread-1"                   [_thread_blocked, id=7732, stack(0x000074caef5ff000,0x000074caef6ff000) (1024K)]
Total: 29

Other Threads:
=>0x000074cbc41adbf0 VMThread "VM Thread"                           [id=7563, stack(0x000074cbb0ef2000,0x000074cbb0ff2000) (1024K)]
  0x000074cbc4052210 WatcherThread "VM Periodic Task Thread"        [id=7562, stack(0x000074cbc907f000,0x000074cbc917f000) (1024K)]
  0x000074cbc4043280 WorkerThread "GC Thread#0"                     [id=7561, stack(0x000074cbc9629000,0x000074cbc9729000) (1024K)]
  0x000074cb580017b0 WorkerThread "GC Thread#1"                     [id=7662, stack(0x000074cbb0079000,0x000074cbb0179000) (1024K)]
  0x000074cb580038a0 WorkerThread "GC Thread#2"                     [id=7663, stack(0x000074cb68f00000,0x000074cb69000000) (1024K)]
  0x000074cb58004380 WorkerThread "GC Thread#3"                     [id=7664, stack(0x000074cb68dff000,0x000074cb68eff000) (1024K)]
  0x000074cb58005030 WorkerThread "GC Thread#4"                     [id=7675, stack(0x000074cb688fe000,0x000074cb689fe000) (1024K)]
  0x000074cb58005f70 WorkerThread "GC Thread#5"                     [id=7683, stack(0x000074cb686fd000,0x000074cb687fd000) (1024K)]
  0x000074cb58007200 WorkerThread "GC Thread#6"                     [id=7689, stack(0x000074cb683fc000,0x000074cb684fc000) (1024K)]
  0x000074cb58007c20 WorkerThread "GC Thread#7"                     [id=7690, stack(0x000074cb682fb000,0x000074cb683fb000) (1024K)]
  0x000074cb580088e0 WorkerThread "GC Thread#8"                     [id=7696, stack(0x000074cb680fa000,0x000074cb681fa000) (1024K)]
  0x000074cb580092b0 WorkerThread "GC Thread#9"                     [id=7697, stack(0x000074caeff00000,0x000074caf0000000) (1024K)]
Total: 12

Threads with active compile tasks:
C2 CompilerThread0  2297 3831       4       org.lombokweb.asm.ClassReader::readMethod (1070 bytes)
C2 CompilerThread1  2297 4316   !   4       org.eclipse.osgi.internal.loader.classpath.ClasspathManager::findClassImpl (343 bytes)
C2 CompilerThread2  2297 4388   !   4       org.eclipse.osgi.internal.loader.classpath.ClasspathManager::findLocalClass (210 bytes)
Total: 3

VM state: at safepoint (normal execution)

VM Mutex/Monitor currently owned by a thread:  ([mutex/lock_event])
[0x000074cbcb144cd8] Threads_lock - owner thread: 0x000074cbc41adbf0
[0x000074cbcb144bd8] Heap_lock - owner thread: 0x000074cad8000ff0

Heap address: 0x00000000c0000000, size: 1024 MB, Compressed Oops mode: 32-bit

CDS archive(s) mapped at: [0x000074cb69000000-0x000074cb69bb6000-0x000074cb69bb6000), size 12279808, SharedBaseAddress: 0x000074cb69000000, ArchiveRelocationMode: 1.
Compressed class space mapped at: 0x000074cb6a000000-0x000074cbaa000000, reserved size: 1073741824
Narrow klass base: 0x000074cb69000000, Narrow klass shift: 0, Narrow klass range: 0x100000000

GC Precious Log:
 CardTable entry size: 512
 CPUs: 12 total, 12 available
 Memory: 15768M
 Large Page Support: Disabled
 NUMA Support: Disabled
 Compressed Oops: Enabled (32-bit)
 Alignments: Space 512K, Generation 512K, Heap 2M
 Heap Min Capacity: 100M
 Heap Initial Capacity: 100M
 Heap Max Capacity: 1G
 Pre-touch: Disabled
 Parallel Workers: 10

Heap:
 PSYoungGen      total 25088K, used 0K [0x00000000eab00000, 0x00000000ec700000, 0x0000000100000000)
  eden space 22528K, 0% used [0x00000000eab00000,0x00000000eab00000,0x00000000ec100000)
  from space 2560K, 0% used [0x00000000ec300000,0x00000000ec300000,0x00000000ec580000)
  to   space 1024K, 0% used [0x00000000ec600000,0x00000000ec600000,0x00000000ec700000)
 ParOldGen       total 68608K, used 18698K [0x00000000c0000000, 0x00000000c4300000, 0x00000000eab00000)
  object space 68608K, 27% used [0x00000000c0000000,0x00000000c1242b10,0x00000000c4300000)
 Metaspace       used 34909K, committed 35840K, reserved 1114112K
  class space    used 3479K, committed 3840K, reserved 1048576K

Card table byte_map: [0x000074cbc9729000,0x000074cbc992a000] _byte_map_base: 0x000074cbc9129000

Marking Bits: (ParMarkBitMap*) 0x000074cbcb14af20
 Begin Bits: [0x000074cbaa000000, 0x000074cbab000000)
 End Bits:   [0x000074cbab000000, 0x000074cbac000000)

Polling page: 0x000074cbcb58b000

Metaspace:

Usage:
  Non-class:     30,69 MB used.
      Class:      3,40 MB used.
       Both:     34,09 MB used.

Virtual space:
  Non-class space:       64,00 MB reserved,      31,25 MB ( 49%) committed,  1 nodes.
      Class space:        1,00 GB reserved,       3,75 MB ( <1%) committed,  1 nodes.
             Both:        1,06 GB reserved,      35,00 MB (  3%) committed. 

Chunk freelists:
   Non-Class:  128,00 KB
       Class:  12,29 MB
        Both:  12,41 MB

MaxMetaspaceSize: unlimited
CompressedClassSpaceSize: 1,00 GB
Initial GC threshold: 21,00 MB
Current GC threshold: 35,00 MB
CDS: on
 - commit_granule_bytes: 65536.
 - commit_granule_words: 8192.
 - virtual_space_node_default_size: 8388608.
 - enlarge_chunks_in_place: 1.
 - use_allocation_guard: 0.


Internal statistics:

num_allocs_failed_limit: 6.
num_arena_births: 696.
num_arena_deaths: 14.
num_vsnodes_births: 2.
num_vsnodes_deaths: 0.
num_space_committed: 560.
num_space_uncommitted: 0.
num_chunks_returned_to_freelist: 20.
num_chunks_taken_from_freelist: 2178.
num_chunk_merges: 12.
num_chunk_splits: 1369.
num_chunks_enlarged: 824.
num_inconsistent_stats: 0.

CodeHeap 'non-profiled nmethods': size=120028Kb used=1757Kb max_used=2097Kb free=118270Kb
 bounds [0x000074cbb98c9000, 0x000074cbb9b39000, 0x000074cbc0e00000]
CodeHeap 'profiled nmethods': size=120028Kb used=7648Kb max_used=9084Kb free=112379Kb
 bounds [0x000074cbb1e00000, 0x000074cbb26e0000, 0x000074cbb9337000]
CodeHeap 'non-nmethods': size=5704Kb used=1335Kb max_used=1392Kb free=4368Kb
 bounds [0x000074cbb9337000, 0x000074cbb95a7000, 0x000074cbb98c9000]
 total_blobs=4506 nmethods=3871 adapters=542
 compilation: enabled
              stopped_count=0, restarted_count=0
 full_count=0

Compilation events (20 events):
Event: 2,248 Thread 0x000074cbc41c9930 4438       3       com.google.gson.internal.LinkedTreeMap$Node::<init> (25 bytes)
Event: 2,248 Thread 0x000074cbc41c9930 nmethod 4438 0x000074cbb26d5710 code [0x000074cbb26d58a0, 0x000074cbb26d5a48]
Event: 2,248 Thread 0x000074cbc41c9930 4440       3       sun.reflect.annotation.AnnotationType::getInstance (65 bytes)
Event: 2,249 Thread 0x000074cbc41c9930 nmethod 4440 0x000074cbb26d5b10 code [0x000074cbb26d5d20, 0x000074cbb26d6288]
Event: 2,249 Thread 0x000074cbc41c9930 4441       3       jdk.internal.org.objectweb.asm.Edge::<init> (20 bytes)
Event: 2,249 Thread 0x000074cbc41c9930 nmethod 4441 0x000074cbb26d6510 code [0x000074cbb26d66a0, 0x000074cbb26d6838]
Event: 2,250 Thread 0x000074cbc41c9930 4442   !   3       java.lang.invoke.CallSite::makeSite (91 bytes)
Event: 2,250 Thread 0x000074cbc41c9930 nmethod 4442 0x000074cbb26d6910 code [0x000074cbb26d6ca0, 0x000074cbb26d8150]
Event: 2,251 Thread 0x000074cbc41c9930 4443       3       java.lang.Class::copyMethods (36 bytes)
Event: 2,251 Thread 0x000074cbc41c9930 nmethod 4443 0x000074cbb26d8e10 code [0x000074cbb26d9060, 0x000074cbb26d9a48]
Event: 2,251 Thread 0x000074cbc41c9930 4446       3       jdk.internal.reflect.ConstantPool::getUTF8At (10 bytes)
Event: 2,251 Thread 0x000074cbc41c9930 nmethod 4446 0x000074cbb26d9f10 code [0x000074cbb26da0c0, 0x000074cbb26da200]
Event: 2,251 Thread 0x000074cbc41c9930 4444       3       java.lang.invoke.Invokers::callSiteForm (297 bytes)
Event: 2,252 Thread 0x000074cbc41c9930 nmethod 4444 0x000074cbb26da290 code [0x000074cbb26da5a0, 0x000074cbb26db840]
Event: 2,252 Thread 0x000074cbc41c9930 4447       3       java.util.StringJoiner::checkAddLength (50 bytes)
Event: 2,252 Thread 0x000074cbc41c9930 nmethod 4447 0x000074cbb26dc110 code [0x000074cbb26dc2e0, 0x000074cbb26dc6e8]
Event: 2,252 Thread 0x000074cbc41c9930 4448       3       jdk.internal.org.objectweb.asm.MethodWriter::putAbstractTypes (31 bytes)
Event: 2,252 Thread 0x000074cbc41c9930 nmethod 4448 0x000074cbb26dc910 code [0x000074cbb26dcac0, 0x000074cbb26dcce8]
Event: 2,252 Thread 0x000074cbc41c9930 4449       3       jdk.internal.org.objectweb.asm.Frame::putAbstractType (379 bytes)
Event: 2,254 Thread 0x000074cbc41c9930 nmethod 4449 0x000074cbb26dce10 code [0x000074cbb26dd260, 0x000074cbb26de940]

GC Heap History (20 events):
Event: 1,489 GC heap after
{Heap after GC invocations=5 (full 0):
 PSYoungGen      total 29184K, used 4076K [0x00000000eab00000, 0x00000000ecf80000, 0x0000000100000000)
  eden space 25088K, 0% used [0x00000000eab00000,0x00000000eab00000,0x00000000ec380000)
  from space 4096K, 99% used [0x00000000ec400000,0x00000000ec7fb360,0x00000000ec800000)
  to   space 6144K, 0% used [0x00000000ec980000,0x00000000ec980000,0x00000000ecf80000)
 ParOldGen       total 68608K, used 8953K [0x00000000c0000000, 0x00000000c4300000, 0x00000000eab00000)
  object space 68608K, 13% used [0x00000000c0000000,0x00000000c08be518,0x00000000c4300000)
 Metaspace       used 16158K, committed 16704K, reserved 1114112K
  class space    used 1573K, committed 1792K, reserved 1048576K
}
Event: 1,676 GC heap before
{Heap before GC invocations=6 (full 0):
 PSYoungGen      total 29184K, used 29164K [0x00000000eab00000, 0x00000000ecf80000, 0x0000000100000000)
  eden space 25088K, 100% used [0x00000000eab00000,0x00000000ec380000,0x00000000ec380000)
  from space 4096K, 99% used [0x00000000ec400000,0x00000000ec7fb360,0x00000000ec800000)
  to   space 6144K, 0% used [0x00000000ec980000,0x00000000ec980000,0x00000000ecf80000)
 ParOldGen       total 68608K, used 8953K [0x00000000c0000000, 0x00000000c4300000, 0x00000000eab00000)
  object space 68608K, 13% used [0x00000000c0000000,0x00000000c08be518,0x00000000c4300000)
 Metaspace       used 18539K, committed 19264K, reserved 1114112K
  class space    used 1836K, committed 2112K, reserved 1048576K
}
Event: 1,678 GC heap after
{Heap after GC invocations=6 (full 0):
 PSYoungGen      total 29184K, used 4331K [0x00000000eab00000, 0x00000000ece00000, 0x0000000100000000)
  eden space 24576K, 0% used [0x00000000eab00000,0x00000000eab00000,0x00000000ec300000)
  from space 4608K, 93% used [0x00000000ec980000,0x00000000ecdbacf8,0x00000000ece00000)
  to   space 5120K, 0% used [0x00000000ec400000,0x00000000ec400000,0x00000000ec900000)
 ParOldGen       total 68608K, used 8961K [0x00000000c0000000, 0x00000000c4300000, 0x00000000eab00000)
  object space 68608K, 13% used [0x00000000c0000000,0x00000000c08c0518,0x00000000c4300000)
 Metaspace       used 18539K, committed 19264K, reserved 1114112K
  class space    used 1836K, committed 2112K, reserved 1048576K
}
Event: 1,755 GC heap before
{Heap before GC invocations=7 (full 0):
 PSYoungGen      total 29184K, used 19418K [0x00000000eab00000, 0x00000000ece00000, 0x0000000100000000)
  eden space 24576K, 61% used [0x00000000eab00000,0x00000000eb9bbf00,0x00000000ec300000)
  from space 4608K, 93% used [0x00000000ec980000,0x00000000ecdbacf8,0x00000000ece00000)
  to   space 5120K, 0% used [0x00000000ec400000,0x00000000ec400000,0x00000000ec900000)
 ParOldGen       total 68608K, used 8961K [0x00000000c0000000, 0x00000000c4300000, 0x00000000eab00000)
  object space 68608K, 13% used [0x00000000c0000000,0x00000000c08c0518,0x00000000c4300000)
 Metaspace       used 20758K, committed 21504K, reserved 1114112K
  class space    used 2061K, committed 2368K, reserved 1048576K
}
Event: 1,757 GC heap after
{Heap after GC invocations=7 (full 0):
 PSYoungGen      total 28672K, used 3607K [0x00000000eab00000, 0x00000000ecb00000, 0x0000000100000000)
  eden space 24576K, 0% used [0x00000000eab00000,0x00000000eab00000,0x00000000ec300000)
  from space 4096K, 88% used [0x00000000ec400000,0x00000000ec785cd8,0x00000000ec800000)
  to   space 3072K, 0% used [0x00000000ec800000,0x00000000ec800000,0x00000000ecb00000)
 ParOldGen       total 68608K, used 10415K [0x00000000c0000000, 0x00000000c4300000, 0x00000000eab00000)
  object space 68608K, 15% used [0x00000000c0000000,0x00000000c0a2bca8,0x00000000c4300000)
 Metaspace       used 20758K, committed 21504K, reserved 1114112K
  class space    used 2061K, committed 2368K, reserved 1048576K
}
Event: 1,757 GC heap before
{Heap before GC invocations=8 (full 1):
 PSYoungGen      total 28672K, used 3607K [0x00000000eab00000, 0x00000000ecb00000, 0x0000000100000000)
  eden space 24576K, 0% used [0x00000000eab00000,0x00000000eab00000,0x00000000ec300000)
  from space 4096K, 88% used [0x00000000ec400000,0x00000000ec785cd8,0x00000000ec800000)
  to   space 3072K, 0% used [0x00000000ec800000,0x00000000ec800000,0x00000000ecb00000)
 ParOldGen       total 68608K, used 10415K [0x00000000c0000000, 0x00000000c4300000, 0x00000000eab00000)
  object space 68608K, 15% used [0x00000000c0000000,0x00000000c0a2bca8,0x00000000c4300000)
 Metaspace       used 20758K, committed 21504K, reserved 1114112K
  class space    used 2061K, committed 2368K, reserved 1048576K
}
Event: 1,777 GC heap after
{Heap after GC invocations=8 (full 1):
 PSYoungGen      total 28672K, used 0K [0x00000000eab00000, 0x00000000ecb00000, 0x0000000100000000)
  eden space 24576K, 0% used [0x00000000eab00000,0x00000000eab00000,0x00000000ec300000)
  from space 4096K, 0% used [0x00000000ec400000,0x00000000ec400000,0x00000000ec800000)
  to   space 3072K, 0% used [0x00000000ec800000,0x00000000ec800000,0x00000000ecb00000)
 ParOldGen       total 68608K, used 12985K [0x00000000c0000000, 0x00000000c4300000, 0x00000000eab00000)
  object space 68608K, 18% used [0x00000000c0000000,0x00000000c0cae618,0x00000000c4300000)
 Metaspace       used 20745K, committed 21504K, reserved 1114112K
  class space    used 2057K, committed 2368K, reserved 1048576K
}
Event: 1,874 GC heap before
{Heap before GC invocations=9 (full 1):
 PSYoungGen      total 28672K, used 24576K [0x00000000eab00000, 0x00000000ecb00000, 0x0000000100000000)
  eden space 24576K, 100% used [0x00000000eab00000,0x00000000ec300000,0x00000000ec300000)
  from space 4096K, 0% used [0x00000000ec400000,0x00000000ec400000,0x00000000ec800000)
  to   space 3072K, 0% used [0x00000000ec800000,0x00000000ec800000,0x00000000ecb00000)
 ParOldGen       total 68608K, used 12985K [0x00000000c0000000, 0x00000000c4300000, 0x00000000eab00000)
  object space 68608K, 18% used [0x00000000c0000000,0x00000000c0cae618,0x00000000c4300000)
 Metaspace       used 23281K, committed 24000K, reserved 1114112K
  class space    used 2211K, committed 2496K, reserved 1048576K
}
Event: 1,875 GC heap after
{Heap after GC invocations=9 (full 1):
 PSYoungGen      total 24576K, used 305K [0x00000000eab00000, 0x00000000ec880000, 0x0000000100000000)
  eden space 24064K, 0% used [0x00000000eab00000,0x00000000eab00000,0x00000000ec280000)
  from space 512K, 59% used [0x00000000ec800000,0x00000000ec84c748,0x00000000ec880000)
  to   space 2048K, 0% used [0x00000000ec480000,0x00000000ec480000,0x00000000ec680000)
 ParOldGen       total 68608K, used 12985K [0x00000000c0000000, 0x00000000c4300000, 0x00000000eab00000)
  object space 68608K, 18% used [0x00000000c0000000,0x00000000c0cae618,0x00000000c4300000)
 Metaspace       used 23281K, committed 24000K, reserved 1114112K
  class space    used 2211K, committed 2496K, reserved 1048576K
}
Event: 1,947 GC heap before
{Heap before GC invocations=10 (full 1):
 PSYoungGen      total 24576K, used 24369K [0x00000000eab00000, 0x00000000ec880000, 0x0000000100000000)
  eden space 24064K, 100% used [0x00000000eab00000,0x00000000ec280000,0x00000000ec280000)
  from space 512K, 59% used [0x00000000ec800000,0x00000000ec84c748,0x00000000ec880000)
  to   space 2048K, 0% used [0x00000000ec480000,0x00000000ec480000,0x00000000ec680000)
 ParOldGen       total 68608K, used 12985K [0x00000000c0000000, 0x00000000c4300000, 0x00000000eab00000)
  object space 68608K, 18% used [0x00000000c0000000,0x00000000c0cae618,0x00000000c4300000)
 Metaspace       used 25518K, committed 26240K, reserved 1114112K
  class space    used 2389K, committed 2688K, reserved 1048576K
}
Event: 1,949 GC heap after
{Heap after GC invocations=10 (full 1):
 PSYoungGen      total 25600K, used 1457K [0x00000000eab00000, 0x00000000ec880000, 0x0000000100000000)
  eden space 23552K, 0% used [0x00000000eab00000,0x00000000eab00000,0x00000000ec200000)
  from space 2048K, 71% used [0x00000000ec480000,0x00000000ec5ec658,0x00000000ec680000)
  to   space 2048K, 0% used [0x00000000ec680000,0x00000000ec680000,0x00000000ec880000)
 ParOldGen       total 68608K, used 13766K [0x00000000c0000000, 0x00000000c4300000, 0x00000000eab00000)
  object space 68608K, 20% used [0x00000000c0000000,0x00000000c0d71b28,0x00000000c4300000)
 Metaspace       used 25518K, committed 26240K, reserved 1114112K
  class space    used 2389K, committed 2688K, reserved 1048576K
}
Event: 2,096 GC heap before
{Heap before GC invocations=11 (full 1):
 PSYoungGen      total 25600K, used 25009K [0x00000000eab00000, 0x00000000ec880000, 0x0000000100000000)
  eden space 23552K, 100% used [0x00000000eab00000,0x00000000ec200000,0x00000000ec200000)
  from space 2048K, 71% used [0x00000000ec480000,0x00000000ec5ec658,0x00000000ec680000)
  to   space 2048K, 0% used [0x00000000ec680000,0x00000000ec680000,0x00000000ec880000)
 ParOldGen       total 68608K, used 13766K [0x00000000c0000000, 0x00000000c4300000, 0x00000000eab00000)
  object space 68608K, 20% used [0x00000000c0000000,0x00000000c0d71b28,0x00000000c4300000)
 Metaspace       used 28686K, committed 29504K, reserved 1114112K
  class space    used 2685K, committed 3008K, reserved 1048576K
}
Event: 2,098 GC heap after
{Heap after GC invocations=11 (full 1):
 PSYoungGen      total 25088K, used 1823K [0x00000000eab00000, 0x00000000ec880000, 0x0000000100000000)
  eden space 23040K, 0% used [0x00000000eab00000,0x00000000eab00000,0x00000000ec180000)
  from space 2048K, 89% used [0x00000000ec680000,0x00000000ec847c70,0x00000000ec880000)
  to   space 2048K, 0% used [0x00000000ec480000,0x00000000ec480000,0x00000000ec680000)
 ParOldGen       total 68608K, used 14676K [0x00000000c0000000, 0x00000000c4300000, 0x00000000eab00000)
  object space 68608K, 21% used [0x00000000c0000000,0x00000000c0e55038,0x00000000c4300000)
 Metaspace       used 28686K, committed 29504K, reserved 1114112K
  class space    used 2685K, committed 3008K, reserved 1048576K
}
Event: 2,150 GC heap before
{Heap before GC invocations=12 (full 1):
 PSYoungGen      total 25088K, used 24863K [0x00000000eab00000, 0x00000000ec880000, 0x0000000100000000)
  eden space 23040K, 100% used [0x00000000eab00000,0x00000000ec180000,0x00000000ec180000)
  from space 2048K, 89% used [0x00000000ec680000,0x00000000ec847c70,0x00000000ec880000)
  to   space 2048K, 0% used [0x00000000ec480000,0x00000000ec480000,0x00000000ec680000)
 ParOldGen       total 68608K, used 14676K [0x00000000c0000000, 0x00000000c4300000, 0x00000000eab00000)
  object space 68608K, 21% used [0x00000000c0000000,0x00000000c0e55038,0x00000000c4300000)
 Metaspace       used 31750K, committed 32704K, reserved 1114112K
  class space    used 3055K, committed 3456K, reserved 1048576K
}
Event: 2,151 GC heap after
{Heap after GC invocations=12 (full 1):
 PSYoungGen      total 24576K, used 2046K [0x00000000eab00000, 0x00000000ec900000, 0x0000000100000000)
  eden space 22528K, 0% used [0x00000000eab00000,0x00000000eab00000,0x00000000ec100000)
  from space 2048K, 99% used [0x00000000ec480000,0x00000000ec67f8a8,0x00000000ec680000)
  to   space 2560K, 0% used [0x00000000ec680000,0x00000000ec680000,0x00000000ec900000)
 ParOldGen       total 68608K, used 16337K [0x00000000c0000000, 0x00000000c4300000, 0x00000000eab00000)
  object space 68608K, 23% used [0x00000000c0000000,0x00000000c0ff4698,0x00000000c4300000)
 Metaspace       used 31750K, committed 32704K, reserved 1114112K
  class space    used 3055K, committed 3456K, reserved 1048576K
}
Event: 2,237 GC heap before
{Heap before GC invocations=13 (full 1):
 PSYoungGen      total 24576K, used 24574K [0x00000000eab00000, 0x00000000ec900000, 0x0000000100000000)
  eden space 22528K, 100% used [0x00000000eab00000,0x00000000ec100000,0x00000000ec100000)
  from space 2048K, 99% used [0x00000000ec480000,0x00000000ec67f8a8,0x00000000ec680000)
  to   space 2560K, 0% used [0x00000000ec680000,0x00000000ec680000,0x00000000ec900000)
 ParOldGen       total 68608K, used 16337K [0x00000000c0000000, 0x00000000c4300000, 0x00000000eab00000)
  object space 68608K, 23% used [0x00000000c0000000,0x00000000c0ff46b0,0x00000000c4300000)
 Metaspace       used 34634K, committed 35584K, reserved 1114112K
  class space    used 3445K, committed 3840K, reserved 1048576K
}
Event: 2,240 GC heap after
{Heap after GC invocations=13 (full 1):
 PSYoungGen      total 24064K, used 1536K [0x00000000eab00000, 0x00000000ec800000, 0x0000000100000000)
  eden space 22528K, 0% used [0x00000000eab00000,0x00000000eab00000,0x00000000ec100000)
  from space 1536K, 100% used [0x00000000ec680000,0x00000000ec800000,0x00000000ec800000)
  to   space 2560K, 0% used [0x00000000ec300000,0x00000000ec300000,0x00000000ec580000)
 ParOldGen       total 68608K, used 17884K [0x00000000c0000000, 0x00000000c4300000, 0x00000000eab00000)
  object space 68608K, 26% used [0x00000000c0000000,0x00000000c1177148,0x00000000c4300000)
 Metaspace       used 34634K, committed 35584K, reserved 1114112K
  class space    used 3445K, committed 3840K, reserved 1048576K
}
Event: 2,257 GC heap before
{Heap before GC invocations=14 (full 1):
 PSYoungGen      total 24064K, used 4089K [0x00000000eab00000, 0x00000000ec800000, 0x0000000100000000)
  eden space 22528K, 11% used [0x00000000eab00000,0x00000000ead7e440,0x00000000ec100000)
  from space 1536K, 100% used [0x00000000ec680000,0x00000000ec800000,0x00000000ec800000)
  to   space 2560K, 0% used [0x00000000ec300000,0x00000000ec300000,0x00000000ec580000)
 ParOldGen       total 68608K, used 17884K [0x00000000c0000000, 0x00000000c4300000, 0x00000000eab00000)
  object space 68608K, 26% used [0x00000000c0000000,0x00000000c1177148,0x00000000c4300000)
 Metaspace       used 34909K, committed 35840K, reserved 1114112K
  class space    used 3479K, committed 3840K, reserved 1048576K
}
Event: 2,259 GC heap after
{Heap after GC invocations=14 (full 1):
 PSYoungGen      total 25088K, used 352K [0x00000000eab00000, 0x00000000ec700000, 0x0000000100000000)
  eden space 22528K, 0% used [0x00000000eab00000,0x00000000eab00000,0x00000000ec100000)
  from space 2560K, 13% used [0x00000000ec300000,0x00000000ec358000,0x00000000ec580000)
  to   space 1024K, 0% used [0x00000000ec600000,0x00000000ec600000,0x00000000ec700000)
 ParOldGen       total 68608K, used 19144K [0x00000000c0000000, 0x00000000c4300000, 0x00000000eab00000)
  object space 68608K, 27% used [0x00000000c0000000,0x00000000c12b2178,0x00000000c4300000)
 Metaspace       used 34909K, committed 35840K, reserved 1114112K
  class space    used 3479K, committed 3840K, reserved 1048576K
}
Event: 2,259 GC heap before
{Heap before GC invocations=15 (full 2):
 PSYoungGen      total 25088K, used 352K [0x00000000eab00000, 0x00000000ec700000, 0x0000000100000000)
  eden space 22528K, 0% used [0x00000000eab00000,0x00000000eab00000,0x00000000ec100000)
  from space 2560K, 13% used [0x00000000ec300000,0x00000000ec358000,0x00000000ec580000)
  to   space 1024K, 0% used [0x00000000ec600000,0x00000000ec600000,0x00000000ec700000)
 ParOldGen       total 68608K, used 19144K [0x00000000c0000000, 0x00000000c4300000, 0x00000000eab00000)
  object space 68608K, 27% used [0x00000000c0000000,0x00000000c12b2178,0x00000000c4300000)
 Metaspace       used 34909K, committed 35840K, reserved 1114112K
  class space    used 3479K, committed 3840K, reserved 1048576K
}

Dll operation events (9 events):
Event: 0,001 Loaded shared library /home/viniciussaousa/.vscode/extensions/redhat.java-1.41.1-linux-x64/jre/21.0.6-linux-x86_64/lib/libjava.so
Event: 0,033 Loaded shared library /home/viniciussaousa/.vscode/extensions/redhat.java-1.41.1-linux-x64/jre/21.0.6-linux-x86_64/lib/libzip.so
Event: 0,047 Loaded shared library /home/viniciussaousa/.vscode/extensions/redhat.java-1.41.1-linux-x64/jre/21.0.6-linux-x86_64/lib/libinstrument.so
Event: 0,049 Loaded shared library /home/viniciussaousa/.vscode/extensions/redhat.java-1.41.1-linux-x64/jre/21.0.6-linux-x86_64/lib/libnio.so
Event: 0,051 Loaded shared library /home/viniciussaousa/.vscode/extensions/redhat.java-1.41.1-linux-x64/jre/21.0.6-linux-x86_64/lib/libzip.so
Event: 0,063 Loaded shared library /home/viniciussaousa/.vscode/extensions/redhat.java-1.41.1-linux-x64/jre/21.0.6-linux-x86_64/lib/libjimage.so
Event: 0,101 Loaded shared library /home/viniciussaousa/.vscode/extensions/redhat.java-1.41.1-linux-x64/jre/21.0.6-linux-x86_64/lib/libverify.so
Event: 0,443 Loaded shared library /home/viniciussaousa/.vscode/extensions/redhat.java-1.41.1-linux-x64/jre/21.0.6-linux-x86_64/lib/libnet.so
Event: 0,655 Loaded shared library /home/viniciussaousa/.config/Code/User/globalStorage/redhat.java/1.41.1/config_linux/org.eclipse.equinox.launcher/org.eclipse.equinox.launcher.gtk.linux.x86_64_1.2.1400.v20250331-1702/eclipse_11911.so

Deoptimization events (20 events):
Event: 2,241 Thread 0x000074cbc45d1f50 Uncommon trap: trap_request=0xffffff45 fr.pc=0x000074cbb99758dc relative=0x000000000000019c
Event: 2,241 Thread 0x000074cbc45d1f50 Uncommon trap: reason=unstable_if action=reinterpret pc=0x000074cbb99758dc method=java.util.concurrent.ConcurrentHashMap.get(Ljava/lang/Object;)Ljava/lang/Object; @ 152 c2
Event: 2,241 Thread 0x000074cbc45d1f50 DEOPT PACKING pc=0x000074cbb99758dc sp=0x000074caef6fc000
Event: 2,241 Thread 0x000074cbc45d1f50 DEOPT UNPACKING pc=0x000074cbb938a399 sp=0x000074caef6fbf88 mode 2
Event: 2,241 Thread 0x000074cbc45d1f50 Uncommon trap: trap_request=0xffffffde fr.pc=0x000074cbb9a1eefc relative=0x0000000000000a9c
Event: 2,241 Thread 0x000074cbc45d1f50 Uncommon trap: reason=class_check action=maybe_recompile pc=0x000074cbb9a1eefc method=java.util.concurrent.ConcurrentHashMap.putVal(Ljava/lang/Object;Ljava/lang/Object;Z)Ljava/lang/Object; @ 242 c2
Event: 2,241 Thread 0x000074cbc45d1f50 DEOPT PACKING pc=0x000074cbb9a1eefc sp=0x000074caef6fbfa0
Event: 2,241 Thread 0x000074cbc45d1f50 DEOPT UNPACKING pc=0x000074cbb938a399 sp=0x000074caef6fbf00 mode 2
Event: 2,241 Thread 0x000074cbc45d1f50 Uncommon trap: trap_request=0xffffffde fr.pc=0x000074cbb9a1ee40 relative=0x00000000000009e0
Event: 2,241 Thread 0x000074cbc45d1f50 Uncommon trap: reason=class_check action=maybe_recompile pc=0x000074cbb9a1ee40 method=java.util.concurrent.ConcurrentHashMap.putVal(Ljava/lang/Object;Ljava/lang/Object;Z)Ljava/lang/Object; @ 159 c2
Event: 2,241 Thread 0x000074cbc45d1f50 DEOPT PACKING pc=0x000074cbb9a1ee40 sp=0x000074caef6fbf50
Event: 2,241 Thread 0x000074cbc45d1f50 DEOPT UNPACKING pc=0x000074cbb938a399 sp=0x000074caef6fbec0 mode 2
Event: 2,241 Thread 0x000074cbc45d1f50 Uncommon trap: trap_request=0xffffffde fr.pc=0x000074cbb9a1ee40 relative=0x00000000000009e0
Event: 2,241 Thread 0x000074cbc45d1f50 Uncommon trap: reason=class_check action=maybe_recompile pc=0x000074cbb9a1ee40 method=java.util.concurrent.ConcurrentHashMap.putVal(Ljava/lang/Object;Ljava/lang/Object;Z)Ljava/lang/Object; @ 159 c2
Event: 2,241 Thread 0x000074cbc45d1f50 DEOPT PACKING pc=0x000074cbb9a1ee40 sp=0x000074caef6fbc00
Event: 2,241 Thread 0x000074cbc45d1f50 DEOPT UNPACKING pc=0x000074cbb938a399 sp=0x000074caef6fbb70 mode 2
Event: 2,245 Thread 0x000074cbc45d1f50 Uncommon trap: trap_request=0xffffff45 fr.pc=0x000074cbb9abcbcc relative=0x0000000000000b0c
Event: 2,245 Thread 0x000074cbc45d1f50 Uncommon trap: reason=unstable_if action=reinterpret pc=0x000074cbb9abcbcc method=com.google.gson.stream.JsonReader.nextQuotedValue(C)Ljava/lang/String; @ 230 c2
Event: 2,245 Thread 0x000074cbc45d1f50 DEOPT PACKING pc=0x000074cbb9abcbcc sp=0x000074caef6fcc80
Event: 2,245 Thread 0x000074cbc45d1f50 DEOPT UNPACKING pc=0x000074cbb938a399 sp=0x000074caef6fcc20 mode 2

Classes loaded (20 events):
Event: 2,215 Loading class sun/reflect/annotation/TypeAnnotation$TypeAnnotationTarget
Event: 2,215 Loading class sun/reflect/annotation/TypeAnnotation$TypeAnnotationTarget done
Event: 2,215 Loading class sun/reflect/annotation/TypeAnnotation$LocationInfo
Event: 2,215 Loading class sun/reflect/annotation/TypeAnnotation$LocationInfo done
Event: 2,215 Loading class sun/reflect/annotation/TypeAnnotation$LocationInfo$Location
Event: 2,215 Loading class sun/reflect/annotation/TypeAnnotation$LocationInfo$Location done
Event: 2,215 Loading class sun/reflect/annotation/AnnotatedTypeFactory
Event: 2,215 Loading class sun/reflect/annotation/AnnotatedTypeFactory done
Event: 2,215 Loading class sun/reflect/annotation/AnnotatedTypeFactory$AnnotatedTypeBaseImpl
Event: 2,215 Loading class sun/reflect/annotation/AnnotatedTypeFactory$AnnotatedTypeBaseImpl done
Event: 2,216 Loading class java/util/stream/Streams$ConcatSpliterator$OfRef
Event: 2,216 Loading class java/util/stream/Streams$ConcatSpliterator
Event: 2,216 Loading class java/util/stream/Streams$ConcatSpliterator done
Event: 2,216 Loading class java/util/stream/Streams$ConcatSpliterator$OfRef done
Event: 2,216 Loading class java/util/stream/Streams$2
Event: 2,216 Loading class java/util/stream/Streams$2 done
Event: 2,242 Loading class jdk/internal/reflect/MethodHandleBooleanFieldAccessorImpl
Event: 2,242 Loading class jdk/internal/reflect/MethodHandleBooleanFieldAccessorImpl done
Event: 2,250 Loading class java/lang/annotation/ElementType
Event: 2,250 Loading class java/lang/annotation/ElementType done

Classes unloaded (7 events):
Event: 1,762 Thread 0x000074cbc41adbf0 Unloading class 0x000074cb6a196400 'java/lang/invoke/LambdaForm$MH+0x000074cb6a196400'
Event: 1,762 Thread 0x000074cbc41adbf0 Unloading class 0x000074cb6a196000 'java/lang/invoke/LambdaForm$MH+0x000074cb6a196000'
Event: 1,762 Thread 0x000074cbc41adbf0 Unloading class 0x000074cb6a195c00 'java/lang/invoke/LambdaForm$MH+0x000074cb6a195c00'
Event: 1,762 Thread 0x000074cbc41adbf0 Unloading class 0x000074cb6a195800 'java/lang/invoke/LambdaForm$MH+0x000074cb6a195800'
Event: 1,762 Thread 0x000074cbc41adbf0 Unloading class 0x000074cb6a195400 'java/lang/invoke/LambdaForm$BMH+0x000074cb6a195400'
Event: 1,762 Thread 0x000074cbc41adbf0 Unloading class 0x000074cb6a195000 'java/lang/invoke/LambdaForm$DMH+0x000074cb6a195000'
Event: 1,762 Thread 0x000074cbc41adbf0 Unloading class 0x000074cb6a193c00 'java/lang/invoke/LambdaForm$DMH+0x000074cb6a193c00'

Classes redefined (0 events):
No events

Internal exceptions (20 events):
Event: 2,128 Thread 0x000074cbc402a900 Exception <a 'java/lang/NoSuchMethodError'{0x00000000eb801920}: 'java.lang.Object java.lang.invoke.DirectMethodHandle$Holder.invokeStaticInit(java.lang.Object, long, java.lang.Object)'> (0x00000000eb801920) 
thrown [src/hotspot/share/interpreter/linkResolver.cpp, line 772]
Event: 2,128 Thread 0x000074cbc402a900 Exception <a 'java/lang/NoSuchMethodError'{0x00000000eb80f0e0}: 'java.lang.Object java.lang.invoke.DirectMethodHandle$Holder.newInvokeSpecial(java.lang.Object, long)'> (0x00000000eb80f0e0) 
thrown [src/hotspot/share/interpreter/linkResolver.cpp, line 772]
Event: 2,137 Thread 0x000074cad8000ff0 Exception <a 'java/lang/NoSuchMethodError'{0x00000000ebcb6a70}: 'java.lang.Object java.lang.invoke.DirectMethodHandle$Holder.invokeStaticInit(java.lang.Object, java.lang.Object, java.lang.Object, java.lang.Object, java.lang.Object, java.lang.Object, java.lang.Object)'> (0x00000000ebcb6a70) 
thrown [src/hotspot/share/interpreter/linkResolver.cpp, line 772]
Event: 2,137 Thread 0x000074cad8000ff0 Exception <a 'java/lang/NoSuchMethodError'{0x00000000ebcbb248}: 'java.lang.Object java.lang.invoke.Invokers$Holder.invoke_MT(java.lang.Object, java.lang.Object, java.lang.Object, java.lang.Object, java.lang.Object, java.lang.Object, java.lang.Object, java.lang.Object, java.lang.Object)'> (0x00000000ebcbb248) 
thrown [src/hotspot/share/interpreter/linkResolver.cpp, line 772]
Event: 2,139 Thread 0x000074cad8000ff0 Exception <a 'java/lang/NoSuchMethodError'{0x00000000ebd89500}: 'int java.lang.invoke.DirectMethodHandle$Holder.invokeVirtual(java.lang.Object, java.lang.Object, java.lang.Object)'> (0x00000000ebd89500) 
thrown [src/hotspot/share/interpreter/linkResolver.cpp, line 772]
Event: 2,140 Thread 0x000074cad8000ff0 Exception <a 'java/lang/NoSuchMethodError'{0x00000000ebdb8f50}: 'int java.lang.invoke.DirectMethodHandle$Holder.invokeStaticInit(java.lang.Object, int, int)'> (0x00000000ebdb8f50) 
thrown [src/hotspot/share/interpreter/linkResolver.cpp, line 772]
Event: 2,140 Thread 0x000074cad8000ff0 Exception <a 'java/lang/NoSuchMethodError'{0x00000000ebdc02b8}: 'int java.lang.invoke.DirectMethodHandle$Holder.invokeStaticInit(java.lang.Object, long, long)'> (0x00000000ebdc02b8) 
thrown [src/hotspot/share/interpreter/linkResolver.cpp, line 772]
Event: 2,140 Thread 0x000074cad8000ff0 Exception <a 'java/lang/NoSuchMethodError'{0x00000000ebde0fc0}: 'int java.lang.invoke.DirectMethodHandle$Holder.invokeStaticInit(java.lang.Object, float, float)'> (0x00000000ebde0fc0) 
thrown [src/hotspot/share/interpreter/linkResolver.cpp, line 772]
Event: 2,140 Thread 0x000074cad8000ff0 Exception <a 'java/lang/NoSuchMethodError'{0x00000000ebde7950}: 'int java.lang.invoke.DirectMethodHandle$Holder.invokeStaticInit(java.lang.Object, double, double)'> (0x00000000ebde7950) 
thrown [src/hotspot/share/interpreter/linkResolver.cpp, line 772]
Event: 2,141 Thread 0x000074cad8000ff0 Exception <a 'java/lang/NoSuchMethodError'{0x00000000ebdebd80}: 'int java.lang.invoke.DirectMethodHandle$Holder.invokeStatic(java.lang.Object, long)'> (0x00000000ebdebd80) 
thrown [src/hotspot/share/interpreter/linkResolver.cpp, line 772]
Event: 2,142 Thread 0x000074cad8000ff0 Exception <a 'java/lang/NoSuchMethodError'{0x00000000ebe44a10}: 'int java.lang.invoke.Invokers$Holder.linkToTargetMethod(java.lang.Object, java.lang.Object)'> (0x00000000ebe44a10) 
thrown [src/hotspot/share/interpreter/linkResolver.cpp, line 772]
Event: 2,161 Thread 0x000074cad8000ff0 Exception <a 'java/lang/NoSuchMethodError'{0x00000000ead23068}: 'java.lang.Object java.lang.invoke.DirectMethodHandle$Holder.invokeSpecialIFC(java.lang.Object, java.lang.Object, java.lang.Object, java.lang.Object)'> (0x00000000ead23068) 
thrown [src/hotspot/share/interpreter/linkResolver.cpp, line 772]
Event: 2,187 Thread 0x000074cbc402a900 Exception <a 'java/lang/NoSuchMethodError'{0x00000000eb53ca98}: 'void java.lang.invoke.DirectMethodHandle$Holder.invokeSpecial(java.lang.Object, java.lang.Object, java.lang.Object, java.lang.Object, java.lang.Object, java.lang.Object)'> (0x00000000eb53ca98) 
thrown [src/hotspot/share/interpreter/linkResolver.cpp, line 772]
Event: 2,187 Thread 0x000074cbc402a900 Exception <a 'java/lang/IncompatibleClassChangeError'{0x00000000eb544c18}: Found class java.lang.Object, but interface was expected> (0x00000000eb544c18) 
thrown [src/hotspot/share/interpreter/linkResolver.cpp, line 840]
Event: 2,188 Thread 0x000074cbc402a900 Exception <a 'java/lang/IncompatibleClassChangeError'{0x00000000eb5469d8}: Found class java.lang.Object, but interface was expected> (0x00000000eb5469d8) 
thrown [src/hotspot/share/interpreter/linkResolver.cpp, line 840]
Event: 2,213 Thread 0x000074cbc402a900 Exception <a 'java/lang/NoSuchMethodError'{0x00000000ebb29b38}: 'void java.lang.invoke.DelegatingMethodHandle$Holder.reinvoke_L(java.lang.Object, java.lang.Object, int)'> (0x00000000ebb29b38) 
thrown [src/hotspot/share/interpreter/linkResolver.cpp, line 772]
Event: 2,213 Thread 0x000074cbc402a900 Exception <a 'java/lang/NoSuchMethodError'{0x00000000ebba2f78}: 'int java.lang.invoke.Invokers$Holder.invokeExact_MT(java.lang.Object, java.lang.Object, java.lang.Object)'> (0x00000000ebba2f78) 
thrown [src/hotspot/share/interpreter/linkResolver.cpp, line 772]
Event: 2,224 Thread 0x000074cad8000ff0 Exception <a 'java/lang/NoSuchMethodError'{0x00000000ebe9c828}: 'int java.lang.invoke.DirectMethodHandle$Holder.invokeStatic(java.lang.Object, java.lang.Object, java.lang.Object, java.lang.Object, java.lang.Object)'> (0x00000000ebe9c828) 
thrown [src/hotspot/share/interpreter/linkResolver.cpp, line 772]
Event: 2,240 Thread 0x000074cbc45d1f50 Implicit null exception at 0x000074cbb9ab2ae9 to 0x000074cbb9ab2bfc
Event: 2,242 Thread 0x000074cbc45d1f50 Exception <a 'java/lang/NoSuchMethodError'{0x00000000eab863d0}: 'void java.lang.invoke.Invokers$Holder.invokeExact_MT(java.lang.Object, java.lang.Object, int, java.lang.Object)'> (0x00000000eab863d0) 
thrown [src/hotspot/share/interpreter/linkResolver.cpp, line 772]

ZGC Phase Switch (0 events):
No events

VM Operations (20 events):
Event: 1,777 Executing VM operation: CollectForMetadataAllocation (Metadata GC Threshold) done
Event: 1,874 Executing VM operation: ParallelGCFailedAllocation (Allocation Failure)
Event: 1,875 Executing VM operation: ParallelGCFailedAllocation (Allocation Failure) done
Event: 1,947 Executing VM operation: ParallelGCFailedAllocation (Allocation Failure)
Event: 1,949 Executing VM operation: ParallelGCFailedAllocation (Allocation Failure) done
Event: 1,972 Executing VM operation: HandshakeAllThreads (Deoptimize)
Event: 1,972 Executing VM operation: HandshakeAllThreads (Deoptimize) done
Event: 2,047 Executing VM operation: HandshakeAllThreads (Deoptimize)
Event: 2,047 Executing VM operation: HandshakeAllThreads (Deoptimize) done
Event: 2,096 Executing VM operation: ParallelGCFailedAllocation (Allocation Failure)
Event: 2,098 Executing VM operation: ParallelGCFailedAllocation (Allocation Failure) done
Event: 2,143 Executing VM operation: HandshakeAllThreads (Deoptimize)
Event: 2,144 Executing VM operation: HandshakeAllThreads (Deoptimize) done
Event: 2,149 Executing VM operation: ParallelGCFailedAllocation (Allocation Failure)
Event: 2,151 Executing VM operation: ParallelGCFailedAllocation (Allocation Failure) done
Event: 2,237 Executing VM operation: ParallelGCFailedAllocation (Allocation Failure)
Event: 2,237 Executing VM operation: ParallelGCFailedAllocation (Allocation Failure) done
Event: 2,237 Executing VM operation: ParallelGCSystemGC (GCLocker Initiated GC)
Event: 2,240 Executing VM operation: ParallelGCSystemGC (GCLocker Initiated GC) done
Event: 2,257 Executing VM operation: CollectForMetadataAllocation (Metadata GC Threshold)

Memory protections (20 events):
Event: 0,041 Protecting memory [0x000074cbb0379000,0x000074cbb037d000] with protection modes 0
Event: 0,134 Protecting memory [0x000074cbb0279000,0x000074cbb027d000] with protection modes 0
Event: 0,197 Protecting memory [0x000074cbb0179000,0x000074cbb017d000] with protection modes 0
Event: 0,577 Protecting memory [0x000074cb68cfe000,0x000074cb68d02000] with protection modes 0
Event: 0,654 Protecting memory [0x000074cb68bfe000,0x000074cb68c02000] with protection modes 0
Event: 0,672 Protecting memory [0x000074cb68afe000,0x000074cb68b02000] with protection modes 0
Event: 0,674 Protecting memory [0x000074cb689fe000,0x000074cb68a02000] with protection modes 0
Event: 0,875 Protecting memory [0x000074cb687fd000,0x000074cb68801000] with protection modes 0
Event: 0,985 Protecting memory [0x000074cb685fc000,0x000074cb68600000] with protection modes 0
Event: 1,037 Protecting memory [0x000074cb684fc000,0x000074cb68500000] with protection modes 0
Event: 1,324 Protecting memory [0x000074cb681fa000,0x000074cb681fe000] with protection modes 0
Event: 1,493 Protecting memory [0x000074caefdff000,0x000074caefe03000] with protection modes 0
Event: 1,502 Protecting memory [0x000074caefcff000,0x000074caefd03000] with protection modes 0
Event: 1,724 Protecting memory [0x000074caefbff000,0x000074caefc03000] with protection modes 0
Event: 2,001 Protecting memory [0x000074caefaff000,0x000074caefb03000] with protection modes 0
Event: 2,123 Protecting memory [0x000074caef9ff000,0x000074caefa03000] with protection modes 0
Event: 2,130 Protecting memory [0x000074caef8ff000,0x000074caef903000] with protection modes 0
Event: 2,132 Protecting memory [0x000074caef7ff000,0x000074caef803000] with protection modes 0
Event: 2,200 Protecting memory [0x000074caef6ff000,0x000074caef703000] with protection modes 0
Event: 2,201 Protecting memory [0x000074caef5ff000,0x000074caef603000] with protection modes 0

Nmethod flushes (20 events):
Event: 2,271 Thread 0x000074cbc41adbf0 flushing  nmethod 0x000074cbb241a490
Event: 2,271 Thread 0x000074cbc41adbf0 flushing  nmethod 0x000074cbb241ad90
Event: 2,271 Thread 0x000074cbc41adbf0 flushing  nmethod 0x000074cbb241bf90
Event: 2,271 Thread 0x000074cbc41adbf0 flushing  nmethod 0x000074cbb241c790
Event: 2,271 Thread 0x000074cbc41adbf0 flushing  nmethod 0x000074cbb241cf10
Event: 2,271 Thread 0x000074cbc41adbf0 flushing  nmethod 0x000074cbb241d890
Event: 2,271 Thread 0x000074cbc41adbf0 flushing  nmethod 0x000074cbb241dd90
Event: 2,271 Thread 0x000074cbc41adbf0 flushing  nmethod 0x000074cbb241f310
Event: 2,271 Thread 0x000074cbc41adbf0 flushing  nmethod 0x000074cbb2420010
Event: 2,271 Thread 0x000074cbc41adbf0 flushing  nmethod 0x000074cbb2420410
Event: 2,271 Thread 0x000074cbc41adbf0 flushing  nmethod 0x000074cbb2420c90
Event: 2,271 Thread 0x000074cbc41adbf0 flushing  nmethod 0x000074cbb2421490
Event: 2,271 Thread 0x000074cbc41adbf0 flushing  nmethod 0x000074cbb2423190
Event: 2,271 Thread 0x000074cbc41adbf0 flushing  nmethod 0x000074cbb2423490
Event: 2,271 Thread 0x000074cbc41adbf0 flushing  nmethod 0x000074cbb2443a90
Event: 2,271 Thread 0x000074cbc41adbf0 flushing  nmethod 0x000074cbb244d190
Event: 2,271 Thread 0x000074cbc41adbf0 flushing  nmethod 0x000074cbb244f810
Event: 2,271 Thread 0x000074cbc41adbf0 flushing  nmethod 0x000074cbb245a690
Event: 2,271 Thread 0x000074cbc41adbf0 flushing  nmethod 0x000074cbb2467e90
Event: 2,271 Thread 0x000074cbc41adbf0 flushing  nmethod 0x000074cbb24ad490

Events (20 events):
Event: 0,041 Thread 0x000074cbc41c9930 Thread added: 0x000074cb440b83b0
Event: 0,134 Thread 0x000074cbc402a900 Thread added: 0x000074cbc42805e0
Event: 0,197 Thread 0x000074cb440b83b0 Thread added: 0x000074cb3c01d600
Event: 0,577 Thread 0x000074cbc402a900 Thread added: 0x000074cbc4496dd0
Event: 0,654 Thread 0x000074cbc402a900 Thread added: 0x000074cbc44f3340
Event: 0,672 Thread 0x000074cbc44f3340 Thread added: 0x000074cb1801b110
Event: 0,674 Thread 0x000074cbc402a900 Thread added: 0x000074cbc44f64e0
Event: 0,875 Thread 0x000074cbc44f64e0 Thread added: 0x000074cb100cca70
Event: 0,985 Thread 0x000074cbc44f64e0 Thread added: 0x000074cb1047a300
Event: 1,037 Thread 0x000074cbc44f64e0 Thread added: 0x000074cb104c5100
Event: 1,324 Thread 0x000074cbc44f64e0 Thread added: 0x000074cb103b7870
Event: 1,493 Thread 0x000074cbc44f64e0 Thread added: 0x000074cb1024cd00
Event: 1,502 Thread 0x000074cbc44f64e0 Thread added: 0x000074cb1025bb00
Event: 1,723 Thread 0x000074cb1025bb00 Thread added: 0x000074cae4000ff0
Event: 2,001 Thread 0x000074cbc44f64e0 Thread added: 0x000074cb109bf620
Event: 2,123 Thread 0x000074cae4000ff0 Thread added: 0x000074cad8000ff0
Event: 2,130 Thread 0x000074cad8000ff0 Thread added: 0x000074cad0000ff0
Event: 2,132 Thread 0x000074cbc402a900 Thread added: 0x000074cbc456ead0
Event: 2,200 Thread 0x000074cbc402a900 Thread added: 0x000074cbc45d0de0
Event: 2,200 Thread 0x000074cbc402a900 Thread added: 0x000074cbc45d1f50


Dynamic libraries:
c0000000-c4300000 rw-p 00000000 00:00 0 
c4300000-eab00000 ---p 00000000 00:00 0 
eab00000-ec700000 rw-p 00000000 00:00 0 
ec700000-100000000 ---p 00000000 00:00 0 
649951029000-64995102a000 r-xp 00000000 103:04 2898797                   /home/viniciussaousa/.vscode/extensions/redhat.java-1.41.1-linux-x64/jre/21.0.6-linux-x86_64/bin/java
64995102b000-64995102c000 r--p 00001000 103:04 2898797                   /home/viniciussaousa/.vscode/extensions/redhat.java-1.41.1-linux-x64/jre/21.0.6-linux-x86_64/bin/java
64995102c000-64995102d000 rw-p 00002000 103:04 2898797                   /home/viniciussaousa/.vscode/extensions/redhat.java-1.41.1-linux-x64/jre/21.0.6-linux-x86_64/bin/java
64996c409000-64996c450000 rw-p 00000000 00:00 0                          [heap]
74cac0000000-74cac0132000 rw-p 00000000 00:00 0 
74cac0132000-74cac4000000 ---p 00000000 00:00 0 
74cac8000000-74cac8021000 rw-p 00000000 00:00 0 
74cac8021000-74cacc000000 ---p 00000000 00:00 0 
74cacc000000-74cacc021000 rw-p 00000000 00:00 0 
74cacc021000-74cad0000000 ---p 00000000 00:00 0 
74cad0000000-74cad01c4000 rw-p 00000000 00:00 0 
74cad01c4000-74cad4000000 ---p 00000000 00:00 0 
74cad4000000-74cad4021000 rw-p 00000000 00:00 0 
74cad4021000-74cad8000000 ---p 00000000 00:00 0 
74cad8000000-74cad8021000 rw-p 00000000 00:00 0 
74cad8021000-74cadc000000 ---p 00000000 00:00 0 
74cadc000000-74cadc021000 rw-p 00000000 00:00 0 
74cadc021000-74cae0000000 ---p 00000000 00:00 0 
74cae0000000-74cae0072000 rw-p 00000000 00:00 0 
74cae0072000-74cae4000000 ---p 00000000 00:00 0 
74cae4000000-74cae4066000 rw-p 00000000 00:00 0 
74cae4066000-74cae8000000 ---p 00000000 00:00 0 
74cae8000000-74cae8021000 rw-p 00000000 00:00 0 
74cae8021000-74caec000000 ---p 00000000 00:00 0 
74caef196000-74caef5ff000 rw-p 00000000 00:00 0 
74caef5ff000-74caef603000 ---p 00000000 00:00 0 
74caef603000-74caef6ff000 rw-p 00000000 00:00 0 
74caef6ff000-74caef703000 ---p 00000000 00:00 0 
74caef703000-74caef7ff000 rw-p 00000000 00:00 0 
74caef7ff000-74caef803000 ---p 00000000 00:00 0 
74caef803000-74caef8ff000 rw-p 00000000 00:00 0 
74caef8ff000-74caef903000 ---p 00000000 00:00 0 
74caef903000-74caef9ff000 rw-p 00000000 00:00 0 
74caef9ff000-74caefa03000 ---p 00000000 00:00 0 
74caefa03000-74caefaff000 rw-p 00000000 00:00 0 
74caefaff000-74caefb03000 ---p 00000000 00:00 0 
74caefb03000-74caefbff000 rw-p 00000000 00:00 0 
74caefbff000-74caefc03000 ---p 00000000 00:00 0 
74caefc03000-74caefcff000 rw-p 00000000 00:00 0 
74caefcff000-74caefd03000 ---p 00000000 00:00 0 
74caefd03000-74caefdff000 rw-p 00000000 00:00 0 
74caefdff000-74caefe03000 ---p 00000000 00:00 0 
74caefe03000-74caefeff000 rw-p 00000000 00:00 0 
74caefeff000-74caeff00000 ---p 00000000 00:00 0 
74caeff00000-74caf0000000 rw-p 00000000 00:00 0 
74caf0000000-74caf0021000 rw-p 00000000 00:00 0 
74caf0021000-74caf4000000 ---p 00000000 00:00 0 
74caf4000000-74caf4021000 rw-p 00000000 00:00 0 
74caf4021000-74caf8000000 ---p 00000000 00:00 0 
74caf8000000-74caf8021000 rw-p 00000000 00:00 0 
74caf8021000-74cafc000000 ---p 00000000 00:00 0 
74cafc000000-74cafc021000 rw-p 00000000 00:00 0 
74cafc021000-74cb00000000 ---p 00000000 00:00 0 
74cb00000000-74cb00021000 rw-p 00000000 00:00 0 
74cb00021000-74cb04000000 ---p 00000000 00:00 0 
74cb04000000-74cb04021000 rw-p 00000000 00:00 0 
74cb04021000-74cb08000000 ---p 00000000 00:00 0 
74cb08000000-74cb08021000 rw-p 00000000 00:00 0 
74cb08021000-74cb0c000000 ---p 00000000 00:00 0 
74cb0c000000-74cb0c021000 rw-p 00000000 00:00 0 
74cb0c021000-74cb10000000 ---p 00000000 00:00 0 
74cb10000000-74cb10ad2000 rw-p 00000000 00:00 0 
74cb10ad2000-74cb14000000 ---p 00000000 00:00 0 
74cb14000000-74cb14021000 rw-p 00000000 00:00 0 
74cb14021000-74cb18000000 ---p 00000000 00:00 0 
74cb18000000-74cb18022000 rw-p 00000000 00:00 0 
74cb18022000-74cb1c000000 ---p 00000000 00:00 0 
74cb1c000000-74cb1c021000 rw-p 00000000 00:00 0 
74cb1c021000-74cb20000000 ---p 00000000 00:00 0 
74cb20000000-74cb20021000 rw-p 00000000 00:00 0 
74cb20021000-74cb24000000 ---p 00000000 00:00 0 
74cb24000000-74cb24021000 rw-p 00000000 00:00 0 
74cb24021000-74cb28000000 ---p 00000000 00:00 0 
74cb28000000-74cb28021000 rw-p 00000000 00:00 0 
74cb28021000-74cb2c000000 ---p 00000000 00:00 0 
74cb2c000000-74cb2c021000 rw-p 00000000 00:00 0 
74cb2c021000-74cb30000000 ---p 00000000 00:00 0 
74cb30000000-74cb30021000 rw-p 00000000 00:00 0 
74cb30021000-74cb34000000 ---p 00000000 00:00 0 
74cb34000000-74cb34855000 rw-p 00000000 00:00 0 
74cb34855000-74cb38000000 ---p 00000000 00:00 0 
74cb38000000-74cb38021000 rw-p 00000000 00:00 0 
74cb38021000-74cb3c000000 ---p 00000000 00:00 0 
74cb3c000000-74cb3c83e000 rw-p 00000000 00:00 0 
74cb3c83e000-74cb40000000 ---p 00000000 00:00 0 
74cb40000000-74cb41299000 rw-p 00000000 00:00 0 
74cb41299000-74cb44000000 ---p 00000000 00:00 0 
74cb44000000-74cb447e7000 rw-p 00000000 00:00 0 
74cb447e7000-74cb48000000 ---p 00000000 00:00 0 
74cb48000000-74cb48021000 rw-p 00000000 00:00 0 
74cb48021000-74cb4c000000 ---p 00000000 00:00 0 
74cb4c000000-74cb4c021000 rw-p 00000000 00:00 0 
74cb4c021000-74cb50000000 ---p 00000000 00:00 0 
74cb50000000-74cb50021000 rw-p 00000000 00:00 0 
74cb50021000-74cb54000000 ---p 00000000 00:00 0 
74cb54000000-74cb54021000 rw-p 00000000 00:00 0 
74cb54021000-74cb58000000 ---p 00000000 00:00 0 
74cb58000000-74cb58030000 rw-p 00000000 00:00 0 
74cb58030000-74cb5c000000 ---p 00000000 00:00 0 
74cb5c000000-74cb5c021000 rw-p 00000000 00:00 0 
74cb5c021000-74cb60000000 ---p 00000000 00:00 0 
74cb60000000-74cb603f0000 rw-p 00000000 00:00 0 
74cb603f0000-74cb608f0000 rw-p 00000000 00:00 0 
74cb608f0000-74cb60af0000 rw-p 00000000 00:00 0 
74cb60af0000-74cb60bf0000 rw-p 00000000 00:00 0 
74cb60bf0000-74cb61170000 rw-p 00000000 00:00 0 
74cb61170000-74cb611f0000 rw-p 00000000 00:00 0 
74cb611f0000-74cb617b0000 rw-p 00000000 00:00 0 
74cb617b0000-74cb618f0000 rw-p 00000000 00:00 0 
74cb618f0000-74cb619f0000 rw-p 00000000 00:00 0 
74cb619f0000-74cb61cf0000 rw-p 00000000 00:00 0 
74cb61cf0000-74cb61d60000 rw-p 00000000 00:00 0 
74cb61d60000-74cb61e00000 ---p 00000000 00:00 0 
74cb61e00000-74cb61fe0000 rw-p 00000000 00:00 0 
74cb61fe0000-74cb64000000 ---p 00000000 00:00 0 
74cb64000000-74cb64021000 rw-p 00000000 00:00 0 
74cb64021000-74cb68000000 ---p 00000000 00:00 0 
74cb680f9000-74cb680fa000 ---p 00000000 00:00 0 
74cb680fa000-74cb681fa000 rw-p 00000000 00:00 0 
74cb681fa000-74cb681fe000 ---p 00000000 00:00 0 
74cb681fe000-74cb682fa000 rw-p 00000000 00:00 0 
74cb682fa000-74cb682fb000 ---p 00000000 00:00 0 
74cb682fb000-74cb683fb000 rw-p 00000000 00:00 0 
74cb683fb000-74cb683fc000 ---p 00000000 00:00 0 
74cb683fc000-74cb684fc000 rw-p 00000000 00:00 0 
74cb684fc000-74cb68500000 ---p 00000000 00:00 0 
74cb68500000-74cb685fc000 rw-p 00000000 00:00 0 
74cb685fc000-74cb68600000 ---p 00000000 00:00 0 
74cb68600000-74cb686fc000 rw-p 00000000 00:00 0 
74cb686fc000-74cb686fd000 ---p 00000000 00:00 0 
74cb686fd000-74cb687fd000 rw-p 00000000 00:00 0 
74cb687fd000-74cb68801000 ---p 00000000 00:00 0 
74cb68801000-74cb688fd000 rw-p 00000000 00:00 0 
74cb688fd000-74cb688fe000 ---p 00000000 00:00 0 
74cb688fe000-74cb689fe000 rw-p 00000000 00:00 0 
74cb689fe000-74cb68a02000 ---p 00000000 00:00 0 
74cb68a02000-74cb68afe000 rw-p 00000000 00:00 0 
74cb68afe000-74cb68b02000 ---p 00000000 00:00 0 
74cb68b02000-74cb68bfe000 rw-p 00000000 00:00 0 
74cb68bfe000-74cb68c02000 ---p 00000000 00:00 0 
74cb68c02000-74cb68cfe000 rw-p 00000000 00:00 0 
74cb68cfe000-74cb68d02000 ---p 00000000 00:00 0 
74cb68d02000-74cb68dfe000 rw-p 00000000 00:00 0 
74cb68dfe000-74cb68dff000 ---p 00000000 00:00 0 
74cb68dff000-74cb68eff000 rw-p 00000000 00:00 0 
74cb68eff000-74cb68f00000 ---p 00000000 00:00 0 
74cb68f00000-74cb69000000 rw-p 00000000 00:00 0 
74cb69000000-74cb69bb6000 rw-p 00001000 103:04 2901333                   /home/viniciussaousa/.vscode/extensions/redhat.java-1.41.1-linux-x64/jre/21.0.6-linux-x86_64/lib/server/classes.jsa
74cb69bb6000-74cb6a000000 ---p 00000000 00:00 0 
74cb6a000000-74cb6a030000 rw-p 00000000 00:00 0 
74cb6a030000-74cb6a0f0000 rw-p 00000000 00:00 0 
74cb6a0f0000-74cb6a230000 rw-p 00000000 00:00 0 
74cb6a230000-74cb6a270000 rw-p 00000000 00:00 0 
74cb6a270000-74cb6a3c0000 rw-p 00000000 00:00 0 
74cb6a3c0000-74cbaa000000 ---p 00000000 00:00 0 
74cbaa000000-74cbac021000 rw-p 00000000 00:00 0 
74cbac021000-74cbb0000000 ---p 00000000 00:00 0 
74cbb0078000-74cbb0079000 ---p 00000000 00:00 0 
74cbb0079000-74cbb0179000 rw-p 00000000 00:00 0 
74cbb0179000-74cbb017d000 ---p 00000000 00:00 0 
74cbb017d000-74cbb0279000 rw-p 00000000 00:00 0 
74cbb0279000-74cbb027d000 ---p 00000000 00:00 0 
74cbb027d000-74cbb0379000 rw-p 00000000 00:00 0 
74cbb0379000-74cbb037d000 ---p 00000000 00:00 0 
74cbb037d000-74cbb0479000 rw-p 00000000 00:00 0 
74cbb0479000-74cbb047d000 ---p 00000000 00:00 0 
74cbb047d000-74cbb0579000 rw-p 00000000 00:00 0 
74cbb0579000-74cbb057d000 ---p 00000000 00:00 0 
74cbb057d000-74cbb0679000 rw-p 00000000 00:00 0 
74cbb0679000-74cbb067d000 ---p 00000000 00:00 0 
74cbb067d000-74cbb0779000 rw-p 00000000 00:00 0 
74cbb0779000-74cbb077d000 ---p 00000000 00:00 0 
74cbb077d000-74cbb0879000 rw-p 00000000 00:00 0 
74cbb0879000-74cbb087d000 ---p 00000000 00:00 0 
74cbb087d000-74cbb0979000 rw-p 00000000 00:00 0 
74cbb0979000-74cbb097d000 ---p 00000000 00:00 0 
74cbb097d000-74cbb0a79000 rw-p 00000000 00:00 0 
74cbb0a79000-74cbb0a7d000 ---p 00000000 00:00 0 
74cbb0a7d000-74cbb0b79000 rw-p 00000000 00:00 0 
74cbb0b79000-74cbb0b7d000 ---p 00000000 00:00 0 
74cbb0b7d000-74cbb0c79000 rw-p 00000000 00:00 0 
74cbb0c79000-74cbb0ef1000 r--p 00000000 07:05 188                        /snap/code/190/usr/lib/locale/aa_DJ.utf8/LC_COLLATE
74cbb0ef1000-74cbb0ef2000 ---p 00000000 00:00 0 
74cbb0ef2000-74cbb0ff2000 rw-p 00000000 00:00 0 
74cbb0ff2000-74cbb1e00000 rw-p 00000000 00:00 0 
74cbb1e00000-74cbb26e0000 rwxp 00000000 00:00 0 
74cbb26e0000-74cbb9337000 ---p 00000000 00:00 0 
74cbb9337000-74cbb95a7000 rwxp 00000000 00:00 0 
74cbb95a7000-74cbb98c9000 ---p 00000000 00:00 0 
74cbb98c9000-74cbb9b39000 rwxp 00000000 00:00 0 
74cbb9b39000-74cbc0e00000 ---p 00000000 00:00 0 
74cbc0e00000-74cbc3fc7000 r--s 00000000 103:04 2900652                   /home/viniciussaousa/.vscode/extensions/redhat.java-1.41.1-linux-x64/jre/21.0.6-linux-x86_64/lib/modules
74cbc4000000-74cbc45de000 rw-p 00000000 00:00 0 
74cbc45de000-74cbc8000000 ---p 00000000 00:00 0 
74cbc8036000-74cbc803a000 r--p 00000000 103:04 3675471                   /home/viniciussaousa/.config/Code/User/globalStorage/redhat.java/1.41.1/config_linux/org.eclipse.equinox.launcher/org.eclipse.equinox.launcher.gtk.linux.x86_64_1.2.1400.v20250331-1702/eclipse_11911.so
74cbc803a000-74cbc8044000 r-xp 00004000 103:04 3675471                   /home/viniciussaousa/.config/Code/User/globalStorage/redhat.java/1.41.1/config_linux/org.eclipse.equinox.launcher/org.eclipse.equinox.launcher.gtk.linux.x86_64_1.2.1400.v20250331-1702/eclipse_11911.so
74cbc8044000-74cbc8047000 r--p 0000e000 103:04 3675471                   /home/viniciussaousa/.config/Code/User/globalStorage/redhat.java/1.41.1/config_linux/org.eclipse.equinox.launcher/org.eclipse.equinox.launcher.gtk.linux.x86_64_1.2.1400.v20250331-1702/eclipse_11911.so
74cbc8047000-74cbc8048000 r--p 00010000 103:04 3675471                   /home/viniciussaousa/.config/Code/User/globalStorage/redhat.java/1.41.1/config_linux/org.eclipse.equinox.launcher/org.eclipse.equinox.launcher.gtk.linux.x86_64_1.2.1400.v20250331-1702/eclipse_11911.so
74cbc8048000-74cbc8049000 rw-p 00011000 103:04 3675471                   /home/viniciussaousa/.config/Code/User/globalStorage/redhat.java/1.41.1/config_linux/org.eclipse.equinox.launcher/org.eclipse.equinox.launcher.gtk.linux.x86_64_1.2.1400.v20250331-1702/eclipse_11911.so
74cbc8049000-74cbc804a000 rw-p 00000000 00:00 0 
74cbc804a000-74cbc806e000 r--p 00000000 103:04 14422340                  /usr/share/locale-langpack/pt_BR/LC_MESSAGES/libc.mo
74cbc806e000-74cbc907e000 rw-p 00000000 00:00 0 
74cbc907e000-74cbc907f000 ---p 00000000 00:00 0 
74cbc907f000-74cbc917f000 rw-p 00000000 00:00 0 
74cbc917f000-74cbc9400000 rw-p 00000000 00:00 0 
74cbc9405000-74cbc9412000 r-xp 00000000 103:04 2900650                   /home/viniciussaousa/.vscode/extensions/redhat.java-1.41.1-linux-x64/jre/21.0.6-linux-x86_64/lib/libverify.so
74cbc9412000-74cbc9414000 r--p 0000c000 103:04 2900650                   /home/viniciussaousa/.vscode/extensions/redhat.java-1.41.1-linux-x64/jre/21.0.6-linux-x86_64/lib/libverify.so
74cbc9414000-74cbc9415000 rw-p 0000e000 103:04 2900650                   /home/viniciussaousa/.vscode/extensions/redhat.java-1.41.1-linux-x64/jre/21.0.6-linux-x86_64/lib/libverify.so
74cbc9415000-74cbc9421000 r-xp 00000000 103:04 2900640                   /home/viniciussaousa/.vscode/extensions/redhat.java-1.41.1-linux-x64/jre/21.0.6-linux-x86_64/lib/libnet.so
74cbc9421000-74cbc9422000 r--p 0000b000 103:04 2900640                   /home/viniciussaousa/.vscode/extensions/redhat.java-1.41.1-linux-x64/jre/21.0.6-linux-x86_64/lib/libnet.so
74cbc9422000-74cbc9423000 rw-p 0000c000 103:04 2900640                   /home/viniciussaousa/.vscode/extensions/redhat.java-1.41.1-linux-x64/jre/21.0.6-linux-x86_64/lib/libnet.so
74cbc9423000-74cbc9477000 r--p 00000000 07:05 189                        /snap/code/190/usr/lib/locale/aa_DJ.utf8/LC_CTYPE
74cbc9477000-74cbc94f4000 rw-p 00000000 00:00 0 
74cbc94f4000-74cbc9628000 ---p 00000000 00:00 0 
74cbc9628000-74cbc9629000 ---p 00000000 00:00 0 
74cbc9629000-74cbc9729000 rw-p 00000000 00:00 0 
74cbc9729000-74cbc974b000 rw-p 00000000 00:00 0 
74cbc974b000-74cbc987e000 ---p 00000000 00:00 0 
74cbc987e000-74cbc988d000 rw-p 00000000 00:00 0 
74cbc988d000-74cbc992a000 ---p 00000000 00:00 0 
74cbc992a000-74cbc992f000 rw-p 00000000 00:00 0 
74cbc992f000-74cbc9a15000 ---p 00000000 00:00 0 
74cbc9a15000-74cbc9a27000 rw-p 00000000 00:00 0 
74cbc9a27000-74cbc9b00000 ---p 00000000 00:00 0 
74cbc9b00000-74cbc9b04000 ---p 00000000 00:00 0 
74cbc9b04000-74cbc9c00000 rw-p 00000000 00:00 0 
74cbc9c00000-74cbcb00f000 r-xp 00000000 103:04 2901537                   /home/viniciussaousa/.vscode/extensions/redhat.java-1.41.1-linux-x64/jre/21.0.6-linux-x86_64/lib/server/libjvm.so
74cbcb00f000-74cbcb0e3000 r--p 0140e000 103:04 2901537                   /home/viniciussaousa/.vscode/extensions/redhat.java-1.41.1-linux-x64/jre/21.0.6-linux-x86_64/lib/server/libjvm.so
74cbcb0e3000-74cbcb113000 rw-p 014e2000 103:04 2901537                   /home/viniciussaousa/.vscode/extensions/redhat.java-1.41.1-linux-x64/jre/21.0.6-linux-x86_64/lib/server/libjvm.so
74cbcb113000-74cbcb179000 rw-p 00000000 00:00 0 
74cbcb182000-74cbcb196000 r-xp 00000000 103:04 2900642                   /home/viniciussaousa/.vscode/extensions/redhat.java-1.41.1-linux-x64/jre/21.0.6-linux-x86_64/lib/libnio.so
74cbcb196000-74cbcb197000 r--p 00013000 103:04 2900642                   /home/viniciussaousa/.vscode/extensions/redhat.java-1.41.1-linux-x64/jre/21.0.6-linux-x86_64/lib/libnio.so
74cbcb197000-74cbcb198000 rw-p 00014000 103:04 2900642                   /home/viniciussaousa/.vscode/extensions/redhat.java-1.41.1-linux-x64/jre/21.0.6-linux-x86_64/lib/libnio.so
74cbcb198000-74cbcb1b3000 r-xp 00000000 103:04 2900651                   /home/viniciussaousa/.vscode/extensions/redhat.java-1.41.1-linux-x64/jre/21.0.6-linux-x86_64/lib/libzip.so
74cbcb1b3000-74cbcb1b4000 r--p 0001a000 103:04 2900651                   /home/viniciussaousa/.vscode/extensions/redhat.java-1.41.1-linux-x64/jre/21.0.6-linux-x86_64/lib/libzip.so
74cbcb1b4000-74cbcb1b5000 rw-p 0001b000 103:04 2900651                   /home/viniciussaousa/.vscode/extensions/redhat.java-1.41.1-linux-x64/jre/21.0.6-linux-x86_64/lib/libzip.so
74cbcb1b5000-74cbcb1b6000 r--p 00000000 07:05 280                        /snap/code/190/usr/lib/locale/agr_PE/LC_NUMERIC
74cbcb1b6000-74cbcb1b7000 r--p 00000000 07:05 5477                       /snap/code/190/usr/lib/locale/pt_BR.utf8/LC_TIME
74cbcb1b7000-74cbcb1b8000 r--p 00000000 07:05 5472                       /snap/code/190/usr/lib/locale/pt_BR.utf8/LC_MONETARY
74cbcb1b8000-74cbcb1bf000 r--s 00000000 103:04 12984852                  /usr/lib/x86_64-linux-gnu/gconv/gconv-modules.cache
74cbcb1bf000-74cbcb200000 rw-p 00000000 00:00 0 
74cbcb200000-74cbcb228000 r--p 00000000 103:04 12321666                  /usr/lib/x86_64-linux-gnu/libc.so.6
74cbcb228000-74cbcb3b0000 r-xp 00028000 103:04 12321666                  /usr/lib/x86_64-linux-gnu/libc.so.6
74cbcb3b0000-74cbcb3ff000 r--p 001b0000 103:04 12321666                  /usr/lib/x86_64-linux-gnu/libc.so.6
74cbcb3ff000-74cbcb403000 r--p 001fe000 103:04 12321666                  /usr/lib/x86_64-linux-gnu/libc.so.6
74cbcb403000-74cbcb405000 rw-p 00202000 103:04 12321666                  /usr/lib/x86_64-linux-gnu/libc.so.6
74cbcb405000-74cbcb412000 rw-p 00000000 00:00 0 
74cbcb412000-74cbcb413000 r--p 00000000 07:05 5471                       /snap/code/190/usr/lib/locale/pt_BR.utf8/LC_MESSAGES/SYS_LC_MESSAGES
74cbcb413000-74cbcb414000 r--p 00000000 07:05 197                        /snap/code/190/usr/lib/locale/aa_DJ.utf8/LC_PAPER
74cbcb414000-74cbcb415000 r--p 00000000 07:05 279                        /snap/code/190/usr/lib/locale/agr_PE/LC_NAME
74cbcb415000-74cbcb416000 r--p 00000000 07:05 5465                       /snap/code/190/usr/lib/locale/pt_BR.utf8/LC_ADDRESS
74cbcb416000-74cbcb417000 r--p 00000000 07:05 5476                       /snap/code/190/usr/lib/locale/pt_BR.utf8/LC_TELEPHONE
74cbcb417000-74cbcb430000 rw-p 00000000 00:00 0 
74cbcb430000-74cbcb437000 ---p 00000000 00:00 0 
74cbcb437000-74cbcb457000 r-xp 00000000 103:04 2900624                   /home/viniciussaousa/.vscode/extensions/redhat.java-1.41.1-linux-x64/jre/21.0.6-linux-x86_64/lib/libjava.so
74cbcb457000-74cbcb458000 ---p 00020000 103:04 2900624                   /home/viniciussaousa/.vscode/extensions/redhat.java-1.41.1-linux-x64/jre/21.0.6-linux-x86_64/lib/libjava.so
74cbcb458000-74cbcb459000 r--p 00020000 103:04 2900624                   /home/viniciussaousa/.vscode/extensions/redhat.java-1.41.1-linux-x64/jre/21.0.6-linux-x86_64/lib/libjava.so
74cbcb459000-74cbcb45a000 rw-p 00021000 103:04 2900624                   /home/viniciussaousa/.vscode/extensions/redhat.java-1.41.1-linux-x64/jre/21.0.6-linux-x86_64/lib/libjava.so
74cbcb45a000-74cbcb45b000 rw-p 00000000 00:00 0 
74cbcb45b000-74cbcb476000 r-xp 00000000 103:04 2900628                   /home/viniciussaousa/.vscode/extensions/redhat.java-1.41.1-linux-x64/jre/21.0.6-linux-x86_64/lib/libjimage.so
74cbcb476000-74cbcb477000 ---p 0001b000 103:04 2900628                   /home/viniciussaousa/.vscode/extensions/redhat.java-1.41.1-linux-x64/jre/21.0.6-linux-x86_64/lib/libjimage.so
74cbcb477000-74cbcb479000 r--p 0001b000 103:04 2900628                   /home/viniciussaousa/.vscode/extensions/redhat.java-1.41.1-linux-x64/jre/21.0.6-linux-x86_64/lib/libjimage.so
74cbcb479000-74cbcb47a000 rw-p 0001d000 103:04 2900628                   /home/viniciussaousa/.vscode/extensions/redhat.java-1.41.1-linux-x64/jre/21.0.6-linux-x86_64/lib/libjimage.so
74cbcb47a000-74cbcb48a000 r--p 00000000 103:04 12330714                  /usr/lib/x86_64-linux-gnu/libm.so.6
74cbcb48a000-74cbcb509000 r-xp 00010000 103:04 12330714                  /usr/lib/x86_64-linux-gnu/libm.so.6
74cbcb509000-74cbcb561000 r--p 0008f000 103:04 12330714                  /usr/lib/x86_64-linux-gnu/libm.so.6
74cbcb561000-74cbcb562000 r--p 000e7000 103:04 12330714                  /usr/lib/x86_64-linux-gnu/libm.so.6
74cbcb562000-74cbcb563000 rw-p 000e8000 103:04 12330714                  /usr/lib/x86_64-linux-gnu/libm.so.6
74cbcb563000-74cbcb564000 r--p 00000000 103:04 12330725                  /usr/lib/x86_64-linux-gnu/librt.so.1
74cbcb564000-74cbcb565000 r-xp 00001000 103:04 12330725                  /usr/lib/x86_64-linux-gnu/librt.so.1
74cbcb565000-74cbcb566000 r--p 00002000 103:04 12330725                  /usr/lib/x86_64-linux-gnu/librt.so.1
74cbcb566000-74cbcb567000 r--p 00002000 103:04 12330725                  /usr/lib/x86_64-linux-gnu/librt.so.1
74cbcb567000-74cbcb568000 rw-p 00003000 103:04 12330725                  /usr/lib/x86_64-linux-gnu/librt.so.1
74cbcb568000-74cbcb56a000 rw-p 00000000 00:00 0 
74cbcb56a000-74cbcb56b000 r--p 00000000 103:04 12322952                  /usr/lib/x86_64-linux-gnu/libdl.so.2
74cbcb56b000-74cbcb56c000 r-xp 00001000 103:04 12322952                  /usr/lib/x86_64-linux-gnu/libdl.so.2
74cbcb56c000-74cbcb56d000 r--p 00002000 103:04 12322952                  /usr/lib/x86_64-linux-gnu/libdl.so.2
74cbcb56d000-74cbcb56e000 r--p 00002000 103:04 12322952                  /usr/lib/x86_64-linux-gnu/libdl.so.2
74cbcb56e000-74cbcb56f000 rw-p 00003000 103:04 12322952                  /usr/lib/x86_64-linux-gnu/libdl.so.2
74cbcb56f000-74cbcb570000 r--p 00000000 103:04 12330723                  /usr/lib/x86_64-linux-gnu/libpthread.so.0
74cbcb570000-74cbcb571000 r-xp 00001000 103:04 12330723                  /usr/lib/x86_64-linux-gnu/libpthread.so.0
74cbcb571000-74cbcb572000 r--p 00002000 103:04 12330723                  /usr/lib/x86_64-linux-gnu/libpthread.so.0
74cbcb572000-74cbcb573000 r--p 00002000 103:04 12330723                  /usr/lib/x86_64-linux-gnu/libpthread.so.0
74cbcb573000-74cbcb574000 rw-p 00003000 103:04 12330723                  /usr/lib/x86_64-linux-gnu/libpthread.so.0
74cbcb574000-74cbcb575000 r--p 00000000 07:05 191                        /snap/code/190/usr/lib/locale/aa_DJ.utf8/LC_MEASUREMENT
74cbcb575000-74cbcb576000 r--p 00000000 07:05 5468                       /snap/code/190/usr/lib/locale/pt_BR.utf8/LC_IDENTIFICATION
74cbcb576000-74cbcb57e000 rw-s 00000000 103:04 4850281                   /tmp/hsperfdata_viniciussaousa/7559
74cbcb57e000-74cbcb588000 r-xp 00000000 103:04 2900619                   /home/viniciussaousa/.vscode/extensions/redhat.java-1.41.1-linux-x64/jre/21.0.6-linux-x86_64/lib/libinstrument.so
74cbcb588000-74cbcb589000 ---p 0000a000 103:04 2900619                   /home/viniciussaousa/.vscode/extensions/redhat.java-1.41.1-linux-x64/jre/21.0.6-linux-x86_64/lib/libinstrument.so
74cbcb589000-74cbcb58a000 r--p 0000a000 103:04 2900619                   /home/viniciussaousa/.vscode/extensions/redhat.java-1.41.1-linux-x64/jre/21.0.6-linux-x86_64/lib/libinstrument.so
74cbcb58a000-74cbcb58b000 rw-p 0000b000 103:04 2900619                   /home/viniciussaousa/.vscode/extensions/redhat.java-1.41.1-linux-x64/jre/21.0.6-linux-x86_64/lib/libinstrument.so
74cbcb58b000-74cbcb58c000 ---p 00000000 00:00 0 
74cbcb58c000-74cbcb58d000 r--p 00000000 00:00 0 
74cbcb58d000-74cbcb58e000 ---p 00000000 00:00 0 
74cbcb58e000-74cbcb5a7000 r-xp 00000000 103:04 2900629                   /home/viniciussaousa/.vscode/extensions/redhat.java-1.41.1-linux-x64/jre/21.0.6-linux-x86_64/lib/libjli.so
74cbcb5a7000-74cbcb5a8000 r--p 00018000 103:04 2900629                   /home/viniciussaousa/.vscode/extensions/redhat.java-1.41.1-linux-x64/jre/21.0.6-linux-x86_64/lib/libjli.so
74cbcb5a8000-74cbcb5a9000 rw-p 00019000 103:04 2900629                   /home/viniciussaousa/.vscode/extensions/redhat.java-1.41.1-linux-x64/jre/21.0.6-linux-x86_64/lib/libjli.so
74cbcb5a9000-74cbcb5ab000 rw-p 00000000 00:00 0 
74cbcb5ab000-74cbcb5ac000 r--p 00000000 103:04 12321537                  /usr/lib/x86_64-linux-gnu/ld-linux-x86-64.so.2
74cbcb5ac000-74cbcb5d7000 r-xp 00001000 103:04 12321537                  /usr/lib/x86_64-linux-gnu/ld-linux-x86-64.so.2
74cbcb5d7000-74cbcb5e1000 r--p 0002c000 103:04 12321537                  /usr/lib/x86_64-linux-gnu/ld-linux-x86-64.so.2
74cbcb5e1000-74cbcb5e3000 r--p 00036000 103:04 12321537                  /usr/lib/x86_64-linux-gnu/ld-linux-x86-64.so.2
74cbcb5e3000-74cbcb5e5000 rw-p 00038000 103:04 12321537                  /usr/lib/x86_64-linux-gnu/ld-linux-x86-64.so.2
7ffe23ae4000-7ffe23b07000 rw-p 00000000 00:00 0                          [stack]
7ffe23b82000-7ffe23b86000 r--p 00000000 00:00 0                          [vvar]
7ffe23b86000-7ffe23b88000 r-xp 00000000 00:00 0                          [vdso]
ffffffffff600000-ffffffffff601000 --xp 00000000 00:00 0                  [vsyscall]
Total number of mappings: 311


VM Arguments:
jvm_args: --add-modules=ALL-SYSTEM --add-opens=java.base/java.util=ALL-UNNAMED --add-opens=java.base/java.lang=ALL-UNNAMED --add-opens=java.base/sun.nio.fs=ALL-UNNAMED -Declipse.application=org.eclipse.jdt.ls.core.id1 -Dosgi.bundles.defaultStartLevel=4 -Declipse.product=org.eclipse.jdt.ls.core.product -Djava.import.generatesMetadataFilesAtProjectRoot=false -DDetectVMInstallationsJob.disabled=true -Dfile.encoding=utf8 -XX:+UseParallelGC -XX:GCTimeRatio=4 -XX:AdaptiveSizePolicyWeight=90 -Dsun.zip.disableMemoryMapping=true -Xmx1G -Xms100m -Xlog:disable -javaagent:/home/viniciussaousa/.vscode/extensions/redhat.java-1.41.1-linux-x64/lombok/lombok-1.18.36.jar -XX:+HeapDumpOnOutOfMemoryError -XX:HeapDumpPath=/home/viniciussaousa/.config/Code/User/workspaceStorage/6b335816540215a403441bc9cf588808/redhat.java -Daether.dependencyCollector.impl=bf 
java_command: /home/viniciussaousa/.vscode/extensions/redhat.java-1.41.1-linux-x64/server/plugins/org.eclipse.equinox.launcher_1.7.0.v20250331-1702.jar -configuration /home/viniciussaousa/.config/Code/User/globalStorage/redhat.java/1.41.1/config_linux -data /home/viniciussaousa/.config/Code/User/workspaceStorage/6b335816540215a403441bc9cf588808/redhat.java/jdt_ws --pipe=/run/user/1000/lsp-42bb30e985df9d3bce7266267dfe6afb.sock
java_class_path (initial): /home/viniciussaousa/.vscode/extensions/redhat.java-1.41.1-linux-x64/server/plugins/org.eclipse.equinox.launcher_1.7.0.v20250331-1702.jar
Launcher Type: SUN_STANDARD

[Global flags]
    uintx AdaptiveSizePolicyWeight                 = 90                                        {product} {command line}
     intx CICompilerCount                          = 4                                         {product} {ergonomic}
    uintx GCTimeRatio                              = 4                                         {product} {command line}
     bool HeapDumpOnOutOfMemoryError               = true                                   {manageable} {command line}
    ccstr HeapDumpPath                             = /home/viniciussaousa/.config/Code/User/workspaceStorage/6b335816540215a403441bc9cf588808/redhat.java         {manageable} {command line}
   size_t InitialHeapSize                          = 104857600                                 {product} {command line}
   size_t MaxHeapSize                              = 1073741824                                {product} {command line}
   size_t MaxNewSize                               = 357564416                                 {product} {ergonomic}
   size_t MinHeapDeltaBytes                        = 524288                                    {product} {ergonomic}
   size_t MinHeapSize                              = 104857600                                 {product} {command line}
   size_t NewSize                                  = 34603008                                  {product} {ergonomic}
    uintx NonNMethodCodeHeapSize                   = 5839372                                {pd product} {ergonomic}
    uintx NonProfiledCodeHeapSize                  = 122909434                              {pd product} {ergonomic}
   size_t OldSize                                  = 70254592                                  {product} {ergonomic}
    uintx ProfiledCodeHeapSize                     = 122909434                              {pd product} {ergonomic}
    uintx ReservedCodeCacheSize                    = 251658240                              {pd product} {ergonomic}
     bool SegmentedCodeCache                       = true                                      {product} {ergonomic}
   size_t SoftMaxHeapSize                          = 1073741824                             {manageable} {ergonomic}
     bool UseCompressedOops                        = true                           {product lp64_product} {ergonomic}
     bool UseParallelGC                            = true                                      {product} {command line}

Logging:
Log output configuration:
 #0: stdout all=off uptime,level,tags foldmultilines=false
 #1: stderr all=off uptime,level,tags foldmultilines=false

Environment Variables:
PATH=/home/viniciussaousa/anaconda3/bin:/home/viniciussaousa/.nvm/versions/node/v20.16.0/bin:/home/viniciussaousa/.pyenv/plugins/pyenv-virtualenv/shims:/home/viniciussaousa/.pyenv/shims:/home/viniciussaousa/.pyenv/bin:/home/viniciussaousa/anaconda3/condabin:/home/viniciussaousa/.local/bin:/usr/local/sbin:/usr/local/bin:/usr/sbin:/usr/bin:/sbin:/bin:/usr/games:/usr/local/games:/snap/bin
SHELL=/bin/bash
DISPLAY=:0
LANG=pt_BR.UTF-8
LC_NUMERIC=pt_BR.UTF-8
LC_TIME=pt_BR.UTF-8
TERM=xterm-256color

Active Locale:
LC_ALL=pt_BR.UTF-8
LC_COLLATE=pt_BR.UTF-8
LC_CTYPE=pt_BR.UTF-8
LC_MESSAGES=pt_BR.UTF-8
LC_MONETARY=pt_BR.UTF-8
LC_NUMERIC=pt_BR.UTF-8
LC_TIME=pt_BR.UTF-8

Signal Handlers:
   SIGSEGV: crash_handler in libjvm.so, mask=11100100010111111101111111111110, flags=SA_RESTART|SA_SIGINFO, unblocked
    SIGBUS: crash_handler in libjvm.so, mask=11100100010111111101111111111110, flags=SA_RESTART|SA_SIGINFO, unblocked
    SIGFPE: crash_handler in libjvm.so, mask=11100100010111111101111111111110, flags=SA_RESTART|SA_SIGINFO, unblocked
   SIGPIPE: javaSignalHandler in libjvm.so, mask=11100100010111111101111111111110, flags=SA_RESTART|SA_SIGINFO, blocked
   SIGXFSZ: javaSignalHandler in libjvm.so, mask=11100100010111111101111111111110, flags=SA_RESTART|SA_SIGINFO, blocked
    SIGILL: crash_handler in libjvm.so, mask=11100100010111111101111111111110, flags=SA_RESTART|SA_SIGINFO, unblocked
   SIGUSR2: SR_handler in libjvm.so, mask=00000000000000000000000000000000, flags=SA_RESTART|SA_SIGINFO, blocked
    SIGHUP: UserHandler in libjvm.so, mask=11100100010111111101111111111110, flags=SA_RESTART|SA_SIGINFO, blocked
    SIGINT: UserHandler in libjvm.so, mask=11100100010111111101111111111110, flags=SA_RESTART|SA_SIGINFO, blocked
   SIGTERM: UserHandler in libjvm.so, mask=11100100010111111101111111111110, flags=SA_RESTART|SA_SIGINFO, blocked
   SIGQUIT: UserHandler in libjvm.so, mask=11100100010111111101111111111110, flags=SA_RESTART|SA_SIGINFO, blocked
   SIGTRAP: crash_handler in libjvm.so, mask=11100100010111111101111111111110, flags=SA_RESTART|SA_SIGINFO, unblocked


Periodic native trim disabled

---------------  S Y S T E M  ---------------

OS:
DISTRIB_ID=Ubuntu
DISTRIB_RELEASE=24.04
DISTRIB_CODENAME=noble
DISTRIB_DESCRIPTION="Ubuntu 24.04.2 LTS"
uname: Linux 6.8.0-58-generic #60-Ubuntu SMP PREEMPT_DYNAMIC Fri Mar 14 18:29:48 UTC 2025 x86_64
OS uptime: 0 days 0:35 hours
libc: glibc 2.39 NPTL 2.39 
rlimit (soft/hard): STACK 8192k/infinity , CORE 0k/infinity , NPROC 62780/62780 , NOFILE 1048576/1048576 , AS infinity/infinity , CPU infinity/infinity , DATA infinity/infinity , FSIZE infinity/infinity , MEMLOCK 2018332k/2018332k
load average: 1,81 0,76 0,54

/proc/meminfo:
MemTotal:       16146672 kB
MemFree:         8081136 kB
MemAvailable:   10765896 kB
Buffers:          187800 kB
Cached:          3315188 kB
SwapCached:            0 kB
Active:          5297136 kB
Inactive:        1372976 kB
Active(anon):    3802828 kB
Inactive(anon):        0 kB
Active(file):    1494308 kB
Inactive(file):  1372976 kB
Unevictable:      428496 kB
Mlocked:              80 kB
SwapTotal:       2097148 kB
SwapFree:        2097148 kB
Zswap:                 0 kB
Zswapped:              0 kB
Dirty:             60364 kB
Writeback:             0 kB
AnonPages:       3596096 kB
Mapped:           855680 kB
Shmem:            635696 kB
KReclaimable:     151388 kB
Slab:             465820 kB
SReclaimable:     151388 kB
SUnreclaim:       314432 kB
KernelStack:       28704 kB
PageTables:        74184 kB
SecPageTables:         0 kB
NFS_Unstable:          0 kB
Bounce:                0 kB
WritebackTmp:          0 kB
CommitLimit:    10170484 kB
Committed_AS:   22218016 kB
VmallocTotal:   34359738367 kB
VmallocUsed:      137908 kB
VmallocChunk:          0 kB
Percpu:            12912 kB
HardwareCorrupted:     0 kB
AnonHugePages:         0 kB
ShmemHugePages:        0 kB
ShmemPmdMapped:        0 kB
FileHugePages:         0 kB
FilePmdMapped:         0 kB
Unaccepted:            0 kB
HugePages_Total:       0
HugePages_Free:        0
HugePages_Rsvd:        0
HugePages_Surp:        0
Hugepagesize:       2048 kB
Hugetlb:               0 kB
DirectMap4k:      565392 kB
DirectMap2M:     8642560 kB
DirectMap1G:     8388608 kB

/sys/kernel/mm/transparent_hugepage/enabled: always [madvise] never
/sys/kernel/mm/transparent_hugepage/hpage_pmd_size: 2097152
/sys/kernel/mm/transparent_hugepage/defrag (defrag/compaction efforts parameter): always defer defer+madvise [madvise] never

Process Memory:
Virtual Size: 5311312K (peak: 5372332K)
Resident Set Size: 210780K (peak: 210780K) (anon: 177968K, file: 32812K, shmem: 0K)
Swapped out: 0K
C-Heap outstanding allocations: 97626K, retained: 6505K
glibc malloc tunables: (default)

/proc/sys/kernel/threads-max (system-wide limit on the number of threads): 125561
/proc/sys/vm/max_map_count (maximum number of memory map areas a process may have): 1048576
/proc/sys/vm/swappiness (control to define how aggressively the kernel swaps out anonymous memory): 60
/proc/sys/kernel/pid_max (system-wide limit on number of process identifiers): 4194304

container (cgroup) information:
container_type: cgroupv2
cpu_cpuset_cpus: not supported
cpu_memory_nodes: not supported
active_processor_count: 12
cpu_quota: not supported
cpu_period: not supported
cpu_shares: not supported
memory_limit_in_bytes: unlimited
memory_and_swap_limit_in_bytes: unlimited
memory_soft_limit_in_bytes: unlimited
memory_usage_in_bytes: 1947944 k
memory_max_usage_in_bytes: not supported
memory_swap_current_in_bytes: unlimited
memory_swap_max_limit_in_bytes: unlimited
maximum number of tasks: 18834
current number of tasks: 282

Steal ticks since vm start: 0
Steal ticks percentage since vm start:  0,000

CPU: total 12 (initial active 12) (6 cores per cpu, 2 threads per core) family 6 model 165 stepping 2 microcode 0x100, cx8, cmov, fxsr, ht, mmx, 3dnowpref, sse, sse2, sse3, ssse3, sse4.1, sse4.2, popcnt, lzcnt, tsc, tscinvbit, avx, avx2, aes, erms, clmul, bmi1, bmi2, adx, fma, vzeroupper, clflush, clflushopt, rdtscp, f16c, pku, ospke
CPU Model and flags from /proc/cpuinfo:
model name	: Intel(R) Core(TM) i5-10500H CPU @ 2.50GHz
flags		: fpu vme de pse tsc msr pae mce cx8 apic sep mtrr pge mca cmov pat pse36 clflush dts acpi mmx fxsr sse sse2 ss ht tm pbe syscall nx pdpe1gb rdtscp lm constant_tsc art arch_perfmon pebs bts rep_good nopl xtopology nonstop_tsc cpuid aperfmperf pni pclmulqdq dtes64 monitor ds_cpl vmx est tm2 ssse3 sdbg fma cx16 xtpr pdcm pcid sse4_1 sse4_2 x2apic movbe popcnt tsc_deadline_timer aes xsave avx f16c rdrand lahf_lm abm 3dnowprefetch cpuid_fault epb ssbd ibrs ibpb stibp ibrs_enhanced tpr_shadow flexpriority ept vpid ept_ad fsgsbase tsc_adjust bmi1 avx2 smep bmi2 erms invpcid mpx rdseed adx smap clflushopt intel_pt xsaveopt xsavec xgetbv1 xsaves dtherm ida arat pln pts hwp hwp_notify hwp_act_window hwp_epp vnmi pku ospke md_clear flush_l1d arch_capabilities

Online cpus: 0-11
Offline cpus: 
BIOS frequency limitation: <Not Available>
Frequency switch latency (ns): 0
Available cpu frequencies: <Not Available>
Current governor: powersave
Core performance/turbo boost: <Not Available>

Memory: 4k page, physical 16146672k(10765896k free), swap 2097148k(2097148k free)
Page Sizes: 4k

vm_info: OpenJDK 64-Bit Server VM (21.0.6+7-LTS) for linux-amd64 JRE (21.0.6+7-LTS), built on 2025-01-21T00:00:00Z by "admin" with gcc 11.3.0

END.
