#
# A fatal error has been detected by the Java Runtime Environment:
#
#  SIGSEGV (0xb) at pc=0x00007f0dc37813dd, pid=15092, tid=15094
#
# JRE version: OpenJDK Runtime Environment Temurin-21.0.6+7 (21.0.6+7) (build 21.0.6+7-LTS)
# Java VM: OpenJDK 64-Bit Server VM Temurin-21.0.6+7 (21.0.6+7-LTS, mixed mode, sharing, tiered, compressed oops, compressed class ptrs, parallel gc, linux-amd64)
# Problematic frame:
# V  [libjvm.so+0xd813dd]  oopDesc* PSPromotionManager::copy_unmarked_to_survivor_space<false>(oopDesc*, markWord)+0x60d
#
# Core dump will be written. Default location: Core dumps may be processed with "/usr/share/apport/apport -p%p -s%s -c%c -d%d -P%P -u%u -g%g -- %E" (or dumping to /home/viniciussaousa/Documentos/projeto_programa/lab6/core.15092)
#
# If you would like to submit a bug report, please visit:
#   https://github.com/adoptium/adoptium-support/issues
#

---------------  S U M M A R Y ------------

Command Line: --add-modules=ALL-SYSTEM --add-opens=java.base/java.util=ALL-UNNAMED --add-opens=java.base/java.lang=ALL-UNNAMED --add-opens=java.base/sun.nio.fs=ALL-UNNAMED -Declipse.application=org.eclipse.jdt.ls.core.id1 -Dosgi.bundles.defaultStartLevel=4 -Declipse.product=org.eclipse.jdt.ls.core.product -Djava.import.generatesMetadataFilesAtProjectRoot=false -DDetectVMInstallationsJob.disabled=true -Dfile.encoding=utf8 -XX:+UseParallelGC -XX:GCTimeRatio=4 -XX:AdaptiveSizePolicyWeight=90 -Dsun.zip.disableMemoryMapping=true -Xmx1G -Xms100m -Xlog:disable -javaagent:/home/viniciussaousa/.vscode/extensions/redhat.java-1.41.1-linux-x64/lombok/lombok-1.18.36.jar -XX:+HeapDumpOnOutOfMemoryError -XX:HeapDumpPath=/home/viniciussaousa/.config/Code/User/workspaceStorage/2976abad126861622e53ec898ffa0717/redhat.java -Daether.dependencyCollector.impl=bf /home/viniciussaousa/.vscode/extensions/redhat.java-1.41.1-linux-x64/server/plugins/org.eclipse.equinox.launcher_1.7.0.v20250331-1702.jar -configuration /home/viniciussaousa/.config/Code/User/globalStorage/redhat.java/1.41.1/config_linux -data /home/viniciussaousa/.config/Code/User/workspaceStorage/2976abad126861622e53ec898ffa0717/redhat.java/jdt_ws --pipe=/run/user/1000/lsp-072058d8d47ab001b1d67119fba68c3e.sock

Host: Intel(R) Core(TM) i5-10500H CPU @ 2.50GHz, 12 cores, 15G, Ubuntu 24.04.2 LTS
Time: Sat May  3 22:37:40 2025 -04 elapsed time: 0.622650 seconds (0d 0h 0m 0s)

---------------  T H R E A D  ---------------

Current thread (0x00007f0dbc043280):  WorkerThread "GC Thread#0"    [id=15094, stack(0x00007f0dc2429000,0x00007f0dc2529000) (1024K)]

Stack: [0x00007f0dc2429000,0x00007f0dc2529000],  sp=0x00007f0dc2527b30,  free space=1018k
Native frames: (J=compiled Java code, j=interpreted, Vv=VM code, C=native code)
V  [libjvm.so+0xd813dd]  oopDesc* PSPromotionManager::copy_unmarked_to_survivor_space<false>(oopDesc*, markWord)+0x60d
V  [libjvm.so+0xd80bac]  PSPromotionManager::drain_stacks_depth(bool)+0x22c
V  [libjvm.so+0xd84037]  PSThreadRootsTaskClosure::do_thread(Thread*)+0x77
V  [libjvm.so+0xf83a79]  Threads::possibly_parallel_threads_do(bool, ThreadClosure*)+0xe9
V  [libjvm.so+0xd85136]  ScavengeRootsTask::work(unsigned int)+0x196
V  [libjvm.so+0x1034eb0]  WorkerThread::run()+0x80
V  [libjvm.so+0xf78778]  Thread::call_run()+0xa8
V  [libjvm.so+0xd042ba]  thread_native_entry(Thread*)+0xda
C  [libc.so.6+0x9caa4]

siginfo: si_signo: 11 (SIGSEGV), si_code: 1 (SEGV_MAPERR), si_addr: 0x0000000000000100

Registers:
RAX=0x0000000000000000, RBX=0x00007f0dbc1a9080, RCX=0x0000000000000000, RDX=0x00007f0dc2ce6ba0
RSP=0x00007f0dc2527b30, RBP=0x00007f0dc2527bb0, RSI=0x00000000eb0506a0, RDI=0x00007f0d63000000
R8 =0x00007f0dc3ee7e90, R9 =0x0000000000000000, R10=0x00000000ecbfa7b8, R11=0x00000000ecbfa7b8
R12=0x00007f0dbc1a9080, R13=0x0000000000000000, R14=0x00000000eb0506a0, R15=0x00000000ecbfa674
RIP=0x00007f0dc37813dd, EFLAGS=0x0000000000010246, CSGSFS=0x002b000000000033, ERR=0x0000000000000004
  TRAPNO=0x000000000000000e

XMM[0]=0x0000000f00001240 0x0000000000000001
XMM[1]=0xeb796240eb796220 0xeb796200eb7961e0
XMM[2]=0xeb7962c0eb7962a0 0xeb796280eb796260
XMM[3]=0xeb7961c0eb7960d0 0xeb7960b0eb796090
XMM[4]=0xeb7ba208eb7ba1e8 0xeb7ba1c8eb7ba1a8
XMM[5]=0xeb7ba108eb7ba0e8 0xeb7ba0c8eb7ba0a8
XMM[6]=0xeb7ba008eb7b9fe8 0xeb7b9fc8eb7b9fa8
XMM[7]=0xeb7b9f08eb7b9ee8 0xeb7b9ec8eb7b9ea8
XMM[8]=0xeb6ff4c0eb6ff4a0 0xeb6ff480eb6ff460
XMM[9]=0x0020202020202020 0x2000202020202020
XMM[10]=0x3f3f3f3f3f3f3f3f 0x3f3f3f3f3f3f3f3f
XMM[11]=0x9999999999999999 0x9999999999999999
XMM[12]=0x2020202020202020 0x2020202020202020
XMM[13]=0x0000000000000000 0x0000000000000000
XMM[14]=0x0000000000000000 0x0000000000000000
XMM[15]=0xcafebabecafebabe 0xcafebabecafebabe
  MXCSR=0x00001fa0


Register to memory mapping:

RAX=0x0 is null
RBX=0x00007f0dbc1a9080 points into unknown readable memory: 0x00007f0dc3edcc90 | 90 cc ed c3 0d 7f 00 00
RCX=0x0 is null
RDX=0x00007f0dc2ce6ba0: <offset 0x00000000002e6ba0> in /home/viniciussaousa/.vscode/extensions/redhat.java-1.41.1-linux-x64/jre/21.0.6-linux-x86_64/lib/server/libjvm.so at 0x00007f0dc2a00000
RSP=0x00007f0dc2527b30 points into unknown readable memory: 0x0000000000000000 | 00 00 00 00 00 00 00 00
RBP=0x00007f0dc2527bb0 points into unknown readable memory: 0x00007f0dc2527c00 | 00 7c 52 c2 0d 7f 00 00
RSI=0x00000000eb0506a0 points into unknown readable memory: 0x0000000035356339 | 39 63 35 35 00 00 00 00
RDI=0x00007f0d63000000 is pointing into metadata
R8 =0x00007f0dc3ee7e90: <offset 0x00000000014e7e90> in /home/viniciussaousa/.vscode/extensions/redhat.java-1.41.1-linux-x64/jre/21.0.6-linux-x86_64/lib/server/libjvm.so at 0x00007f0dc2a00000
R9 =0x0 is null
R10=0x00000000ecbfa7b8 is an oop: java.util.ArrayList$SubList 
{0x00000000ecbfa7b8} - klass: 'java/util/ArrayList$SubList'
 - ---- fields (total size 4 words):
 - protected transient 'modCount' 'I' @12  4 (0x00000004)
 - private final 'offset' 'I' @16  2 (0x00000002)
 - private 'size' 'I' @20  1 (0x00000001)
 - private final 'root' 'Ljava/util/ArrayList;' @24  a 'java/util/ArrayList'{0x00000000ecbfa578} (0xecbfa578)
 - private final 'parent' 'Ljava/util/ArrayList$SubList;' @28  null (0x00000000)
R11=0x00000000ecbfa7b8 is an oop: java.util.ArrayList$SubList 
{0x00000000ecbfa7b8} - klass: 'java/util/ArrayList$SubList'
 - ---- fields (total size 4 words):
 - protected transient 'modCount' 'I' @12  4 (0x00000004)
 - private final 'offset' 'I' @16  2 (0x00000002)
 - private 'size' 'I' @20  1 (0x00000001)
 - private final 'root' 'Ljava/util/ArrayList;' @24  a 'java/util/ArrayList'{0x00000000ecbfa578} (0xecbfa578)
 - private final 'parent' 'Ljava/util/ArrayList$SubList;' @28  null (0x00000000)
R12=0x00007f0dbc1a9080 points into unknown readable memory: 0x00007f0dc3edcc90 | 90 cc ed c3 0d 7f 00 00
R13=0x0 is null
R14=0x00000000eb0506a0 points into unknown readable memory: 0x0000000035356339 | 39 63 35 35 00 00 00 00
R15=0x00000000ecbfa674 points into unknown readable memory: a0 06 05 eb

Top of Stack: (sp=0x00007f0dc2527b30)
0x00007f0dc2527b30:   0000000000000000 0000000000000000
0x00007f0dc2527b40:   00007f0dc3f4b300 00000000ecbf57e0
0x00007f0dc2527b50:   00000000ecbfa7b8 0000000035356339
0x00007f0dc2527b60:   00007f0dc3e23638 00007f0dbc061f00
0x00007f0dc2527b70:   00007f0dbc1a9080 00007f0dbc413fc0
0x00007f0dc2527b80:   0000000000000000 00007f0dbc1a9080
0x00007f0dc2527b90:   0000000000000040 00007f0dbc1a91e0
0x00007f0dc2527ba0:   00000000ecbfa675 00000000ecbfa674
0x00007f0dc2527bb0:   00007f0dc2527c00 00007f0dc3780bac
0x00007f0dc2527bc0:   00007f0dc2527c30 00007f0dc3ee7e90
0x00007f0dc2527bd0:   00007f0dc2527c00 00007f0dbc4ad330
0x00007f0dc2527be0:   00007f0dbc1a9080 00007f0dbc413fc0
0x00007f0dc2527bf0:   00007f0dc2527c20 00007f0dc2527d70
0x00007f0dc2527c00:   00007f0dc2527c70 00007f0dc3784037
0x00007f0dc2527c10:   00007f0dc3e1c9d0 00007f0dc2527c20
0x00007f0dc2527c20:   00007f0dc3e23b08 00007f0dbc1a9080
0x00007f0dc2527c30:   00007f0dc3e1c9d0 00007f0dc2527c20
0x00007f0dc2527c40:   00007f0dbc1a0001 00007f0da9e05c90
0x00007f0dc2527c50:   00007f0dc2527c80 00007f0dbc4ad340
0x00007f0dc2527c60:   0000000000000003 00007f0dc3ee8af8
0x00007f0dc2527c70:   00007f0dc2527cd0 00007f0dc3983a79
0x00007f0dc2527c80:   00007f0dc2527cd0 00007f0dbc413fc0
0x00007f0dc2527c90:   00007f0dc2527c01 00007f0dc3ee7e90
0x00007f0dc2527ca0:   00007f0dbc1a9080 0000000000000001
0x00007f0dc2527cb0:   00007f0dc2527d70 00007f0d62cfb658
0x00007f0dc2527cc0:   00007f0dbc1a9080 0000000000000001
0x00007f0dc2527cd0:   00007f0dc2527de0 00007f0dc3785136
0x00007f0dc2527ce0:   00007f0dbc03cbf0 00007f0dbc03cc00
0x00007f0dc2527cf0:   0000000000000000 00007f0dbc03cbf0
0x00007f0dc2527d00:   00007f0dbc03cc00 00000000000003d8
0x00007f0dc2527d10:   00007f0dbc03cfd8 00007f0dbc043620
0x00007f0dc2527d20:   00007f0d62cfb520 0000000000000000 

Instructions: (pc=0x00007f0dc37813dd)
0x00007f0dc37812dd:   4a 0c 48 8d 05 fa 9a 7c 00 ff 14 c8 4c 8b 55 a0
0x00007f0dc37812ed:   48 8d 05 0c bf 7c 00 80 38 00 0f 84 3b fe ff ff
0x00007f0dc37812fd:   48 8d 05 e4 83 76 00 80 38 00 0f 84 4b 03 00 00
0x00007f0dc378130d:   48 8d 15 6c 6b 76 00 41 8b 42 08 8b 4a 08 48 d3
0x00007f0dc378131d:   e0 48 03 02 48 8d 15 b8 ab 7e 00 48 39 42 08 0f
0x00007f0dc378132d:   85 06 fe ff ff 48 8d 05 4f 7c 76 00 49 8b 12 8b
0x00007f0dc378133d:   00 83 e2 03 84 db 0f 84 f7 04 00 00 83 f8 02 0f
0x00007f0dc378134d:   84 72 05 00 00 83 e2 01 0f 84 73 05 00 00 49 8b
0x00007f0dc378135d:   02 48 c1 e8 03 83 e0 0f 48 8d 15 74 bc 7c 00 39
0x00007f0dc378136d:   02 0f 86 c4 fd ff ff 49 8d bc 24 70 03 00 00 4c
0x00007f0dc378137d:   89 f6 4c 89 55 a0 e8 a8 e0 10 00 4c 8b 55 a0 e9
0x00007f0dc378138d:   a7 fd ff ff 0f 1f 80 00 00 00 00 48 8b 7e 08 e9
0x00007f0dc378139d:   6f fa ff ff 0f 1f 80 00 00 00 00 49 8b 42 08 e9
0x00007f0dc37813ad:   04 fe ff ff 0f 1f 80 00 00 00 00 4c 89 d6 4c 89
0x00007f0dc37813bd:   ea 4c 89 e7 e8 aa e1 ff ff 4d 89 fa e9 6a fd ff
0x00007f0dc37813cd:   ff 66 90 48 8b 07 48 8d 15 c6 57 56 ff 45 31 ed
0x00007f0dc37813dd:   48 8b 80 00 01 00 00 48 39 d0 0f 84 3d fa ff ff
0x00007f0dc37813ed:   e9 f0 fb ff ff 66 0f 1f 44 00 00 49 8b 42 08 8b
0x00007f0dc37813fd:   48 0c 48 89 c2 83 f9 06 0f 85 a3 fe ff ff 48 8d
0x00007f0dc378140d:   15 2e 7a 76 00 80 3a 00 0f 85 5d 02 00 00 8b 48
0x00007f0dc378141d:   0c 48 89 c2 e9 88 fe ff ff 66 2e 0f 1f 84 00 00
0x00007f0dc378142d:   00 00 00 4c 89 d7 4c 89 55 a0 e8 84 8c 0f 00 4c
0x00007f0dc378143d:   8b 55 a0 e9 8e fd ff ff 0f 1f 00 84 d2 0f 84 80
0x00007f0dc378144d:   03 00 00 48 8d 05 29 6a 76 00 41 8b 72 08 8b 48
0x00007f0dc378145d:   08 48 d3 e6 48 03 30 8b 4e 0c 48 89 f2 e9 3f fe
0x00007f0dc378146d:   ff ff 90 49 8b 02 48 8d 35 0e 7b 76 00 83 e0 03
0x00007f0dc378147d:   83 3e 02 0f 84 5a 03 00 00 a8 01 0f 84 5c 03 00
0x00007f0dc378148d:   00 49 8b 02 48 89 c2 48 c1 ea 03 83 e2 0f 48 83
0x00007f0dc378149d:   fa 0f 74 0f 48 8d 14 d5 08 00 00 00 48 83 e0 87
0x00007f0dc37814ad:   48 09 d0 49 89 02 e9 b0 fd ff ff 0f 1f 84 00 00
0x00007f0dc37814bd:   00 00 00 49 8d 44 24 28 48 89 c7 48 89 45 98 e8
0x00007f0dc37814cd:   ef df ff ff 48 8d 05 88 75 76 00 4c 8b 3d d9 9d 


Stack slot to memory mapping:

stack at sp + 0 slots: 0x0 is null
stack at sp + 1 slots: 0x0 is null
stack at sp + 2 slots: 0x00007f0dc3f4b300: <offset 0x000000000154b300> in /home/viniciussaousa/.vscode/extensions/redhat.java-1.41.1-linux-x64/jre/21.0.6-linux-x86_64/lib/server/libjvm.so at 0x00007f0dc2a00000
stack at sp + 3 slots: 0x00000000ecbf57e0 is an oop: java.util.Collections$UnmodifiableRandomAccessList 
{0x00000000ecbf57e0} - klass: 'java/util/Collections$UnmodifiableRandomAccessList'
 - ---- fields (total size 3 words):
 - final 'c' 'Ljava/util/Collection;' @12  a 'java/util/ArrayList$SubList'{0x00000000ecbf57f8} (0xecbf57f8)
 - final 'list' 'Ljava/util/List;' @16  a 'java/util/ArrayList$SubList'{0x00000000ecbf57f8} (0xecbf57f8)
stack at sp + 4 slots: 0x00000000ecbfa7b8 is an oop: java.util.ArrayList$SubList 
{0x00000000ecbfa7b8} - klass: 'java/util/ArrayList$SubList'
 - ---- fields (total size 4 words):
 - protected transient 'modCount' 'I' @12  4 (0x00000004)
 - private final 'offset' 'I' @16  2 (0x00000002)
 - private 'size' 'I' @20  1 (0x00000001)
 - private final 'root' 'Ljava/util/ArrayList;' @24  a 'java/util/ArrayList'{0x00000000ecbfa578} (0xecbfa578)
 - private final 'parent' 'Ljava/util/ArrayList$SubList;' @28  null (0x00000000)
stack at sp + 5 slots: 0x0000000035356339 is an unknown value
stack at sp + 6 slots: 0x00007f0dc3e23638: <offset 0x0000000001423638> in /home/viniciussaousa/.vscode/extensions/redhat.java-1.41.1-linux-x64/jre/21.0.6-linux-x86_64/lib/server/libjvm.so at 0x00007f0dc2a00000
stack at sp + 7 slots: 0x00007f0dbc061f00 points into unknown readable memory: 0x00007f0dc3e23c70 | 70 3c e2 c3 0d 7f 00 00


---------------  P R O C E S S  ---------------

Threads class SMR info:
_java_thread_list=0x00007f0dbc4ad2a0, length=14, elements={
0x00007f0dbc02a900, 0x00007f0dbc1c0fd0, 0x00007f0dbc1c2500, 0x00007f0dbc1c3c50,
0x00007f0dbc1c5250, 0x00007f0dbc1c67b0, 0x00007f0dbc1c82b0, 0x00007f0dbc1c9930,
0x00007f0dbc1d9be0, 0x00007f0d3c097d50, 0x00007f0dbc26e6d0, 0x00007f0d3c1e3110,
0x00007f0dbc413fc0, 0x00007f0dbc4abfa0
}

Java Threads: ( => current thread )
  0x00007f0dbc02a900 JavaThread "main"                              [_thread_blocked, id=15093, stack(0x00007f0dc2900000,0x00007f0dc2a00000) (1024K)]
  0x00007f0dbc1c0fd0 JavaThread "Reference Handler"          daemon [_thread_blocked, id=15097, stack(0x00007f0d62884000,0x00007f0d62984000) (1024K)]
  0x00007f0dbc1c2500 JavaThread "Finalizer"                  daemon [_thread_blocked, id=15098, stack(0x00007f0d62784000,0x00007f0d62884000) (1024K)]
  0x00007f0dbc1c3c50 JavaThread "Signal Dispatcher"          daemon [_thread_blocked, id=15099, stack(0x00007f0d62684000,0x00007f0d62784000) (1024K)]
  0x00007f0dbc1c5250 JavaThread "Service Thread"             daemon [_thread_blocked, id=15100, stack(0x00007f0d62584000,0x00007f0d62684000) (1024K)]
  0x00007f0dbc1c67b0 JavaThread "Monitor Deflation Thread"   daemon [_thread_blocked, id=15101, stack(0x00007f0d62484000,0x00007f0d62584000) (1024K)]
  0x00007f0dbc1c82b0 JavaThread "C2 CompilerThread0"         daemon [_thread_blocked, id=15102, stack(0x00007f0d62384000,0x00007f0d62484000) (1024K)]
  0x00007f0dbc1c9930 JavaThread "C1 CompilerThread0"         daemon [_thread_blocked, id=15103, stack(0x00007f0d62284000,0x00007f0d62384000) (1024K)]
  0x00007f0dbc1d9be0 JavaThread "Common-Cleaner"             daemon [_thread_blocked, id=15104, stack(0x00007f0d62184000,0x00007f0d62284000) (1024K)]
  0x00007f0d3c097d50 JavaThread "C2 CompilerThread1"         daemon [_thread_blocked, id=15105, stack(0x00007f0d62084000,0x00007f0d62184000) (1024K)]
  0x00007f0dbc26e6d0 JavaThread "Notification Thread"        daemon [_thread_blocked, id=15110, stack(0x00007f0d61f84000,0x00007f0d62084000) (1024K)]
  0x00007f0d3c1e3110 JavaThread "C2 CompilerThread2"         daemon [_thread_blocked, id=15112, stack(0x00007f0d61e84000,0x00007f0d61f84000) (1024K)]
  0x00007f0dbc413fc0 JavaThread "Active Thread: Equinox Container: 746cf545-850d-44b4-a773-38b8cc0fd2d6"        [_thread_blocked, id=15123, stack(0x00007f0d61a81000,0x00007f0d61b81000) (1024K)]
  0x00007f0dbc4abfa0 JavaThread "Refresh Thread: Equinox Container: 746cf545-850d-44b4-a773-38b8cc0fd2d6" daemon [_thread_blocked, id=15125, stack(0x00007f0d61981000,0x00007f0d61a81000) (1024K)]
Total: 14

Other Threads:
  0x00007f0dbc1adbf0 VMThread "VM Thread"                           [id=15096, stack(0x00007f0d62bfd000,0x00007f0d62cfd000) (1024K)]
  0x00007f0dbc052210 WatcherThread "VM Periodic Task Thread"        [id=15095, stack(0x00007f0dc007f000,0x00007f0dc017f000) (1024K)]
=>0x00007f0dbc043280 WorkerThread "GC Thread#0"                     [id=15094, stack(0x00007f0dc2429000,0x00007f0dc2529000) (1024K)]
  0x00007f0d500017b0 WorkerThread "GC Thread#1"                     [id=15117, stack(0x00007f0d61d84000,0x00007f0d61e84000) (1024K)]
  0x00007f0d50003900 WorkerThread "GC Thread#2"                     [id=15118, stack(0x00007f0d61c83000,0x00007f0d61d83000) (1024K)]
  0x00007f0d500043e0 WorkerThread "GC Thread#3"                     [id=15119, stack(0x00007f0d61b82000,0x00007f0d61c82000) (1024K)]
Total: 6

Threads with active compile tasks:
Total: 0

VM state: at safepoint (normal execution)

VM Mutex/Monitor currently owned by a thread:  ([mutex/lock_event])
[0x00007f0dc3f44cd8] Threads_lock - owner thread: 0x00007f0dbc1adbf0
[0x00007f0dc3f44bd8] Heap_lock - owner thread: 0x00007f0dbc4abfa0

Heap address: 0x00000000c0000000, size: 1024 MB, Compressed Oops mode: 32-bit

CDS archive(s) mapped at: [0x00007f0d63000000-0x00007f0d63bb6000-0x00007f0d63bb6000), size 12279808, SharedBaseAddress: 0x00007f0d63000000, ArchiveRelocationMode: 1.
Compressed class space mapped at: 0x00007f0d64000000-0x00007f0da4000000, reserved size: 1073741824
Narrow klass base: 0x00007f0d63000000, Narrow klass shift: 0, Narrow klass range: 0x100000000

GC Precious Log:
 CardTable entry size: 512
 CPUs: 12 total, 12 available
 Memory: 15768M
 Large Page Support: Disabled
 NUMA Support: Disabled
 Compressed Oops: Enabled (32-bit)
 Alignments: Space 512K, Generation 512K, Heap 2M
 Heap Min Capacity: 100M
 Heap Initial Capacity: 100M
 Heap Max Capacity: 1G
 Pre-touch: Disabled
 Parallel Workers: 10

Heap:
 PSYoungGen      total 29696K, used 28453K [0x00000000eab00000, 0x00000000ecc00000, 0x0000000100000000)
  eden space 25600K, 100% used [0x00000000eab00000,0x00000000ec400000,0x00000000ec400000)
  from space 4096K, 69% used [0x00000000ec400000,0x00000000ec6c97f0,0x00000000ec800000)
  to   space 4096K, 99% used [0x00000000ec800000,0x00000000ecbfd7e0,0x00000000ecc00000)
 ParOldGen       total 68608K, used 2341K [0x00000000c0000000, 0x00000000c4300000, 0x00000000eab00000)
  object space 68608K, 3% used [0x00000000c0000000,0x00000000c02495a8,0x00000000c4300000)
 Metaspace       used 8064K, committed 8384K, reserved 1114112K
  class space    used 793K, committed 960K, reserved 1048576K

Card table byte_map: [0x00007f0dc2529000,0x00007f0dc272a000] _byte_map_base: 0x00007f0dc1f29000

Marking Bits: (ParMarkBitMap*) 0x00007f0dc3f4af20
 Begin Bits: [0x00007f0dc0200000, 0x00007f0dc1200000)
 End Bits:   [0x00007f0dc1200000, 0x00007f0dc2200000)

Polling page: 0x00007f0dc4337000

Metaspace:

Usage:
  Non-class:      7,10 MB used.
      Class:    793,85 KB used.
       Both:      7,88 MB used.

Virtual space:
  Non-class space:       64,00 MB reserved,       7,25 MB ( 11%) committed,  1 nodes.
      Class space:        1,00 GB reserved,     960,00 KB ( <1%) committed,  1 nodes.
             Both:        1,06 GB reserved,       8,19 MB ( <1%) committed. 

Chunk freelists:
   Non-Class:  8,66 MB
       Class:  14,92 MB
        Both:  23,58 MB

MaxMetaspaceSize: unlimited
CompressedClassSpaceSize: 1,00 GB
Initial GC threshold: 21,00 MB
Current GC threshold: 21,00 MB
CDS: on
 - commit_granule_bytes: 65536.
 - commit_granule_words: 8192.
 - virtual_space_node_default_size: 8388608.
 - enlarge_chunks_in_place: 1.
 - use_allocation_guard: 0.


Internal statistics:

num_allocs_failed_limit: 0.
num_arena_births: 230.
num_arena_deaths: 0.
num_vsnodes_births: 2.
num_vsnodes_deaths: 0.
num_space_committed: 131.
num_space_uncommitted: 0.
num_chunks_returned_to_freelist: 0.
num_chunks_taken_from_freelist: 420.
num_chunk_merges: 0.
num_chunk_splits: 281.
num_chunks_enlarged: 188.
num_inconsistent_stats: 0.

CodeHeap 'non-profiled nmethods': size=120028Kb used=727Kb max_used=727Kb free=119301Kb
 bounds [0x00007f0db18c9000, 0x00007f0db1b39000, 0x00007f0db8e00000]
CodeHeap 'profiled nmethods': size=120028Kb used=3075Kb max_used=3075Kb free=116952Kb
 bounds [0x00007f0da9e00000, 0x00007f0daa110000, 0x00007f0db1337000]
CodeHeap 'non-nmethods': size=5704Kb used=1204Kb max_used=1241Kb free=4499Kb
 bounds [0x00007f0db1337000, 0x00007f0db15a7000, 0x00007f0db18c9000]
 total_blobs=2209 nmethods=1729 adapters=388
 compilation: enabled
              stopped_count=0, restarted_count=0
 full_count=0

Compilation events (20 events):
Event: 0,608 Thread 0x00007f0dbc1c9930 nmethod 1722 0x00007f0daa0f9390 code [0x00007f0daa0f9540, 0x00007f0daa0f97d8]
Event: 0,608 Thread 0x00007f0dbc1c9930 1723       3       java.util.zip.ZipFile$InflaterCleanupAction::run (12 bytes)
Event: 0,608 Thread 0x00007f0dbc1c9930 nmethod 1723 0x00007f0daa0f9910 code [0x00007f0daa0f9ac0, 0x00007f0daa0f9c08]
Event: 0,608 Thread 0x00007f0dbc1c9930 1724   !   3       java.util.zip.ZipFile$CleanableResource::releaseInflater (53 bytes)
Event: 0,609 Thread 0x00007f0dbc1c9930 nmethod 1724 0x00007f0daa0f9d10 code [0x00007f0daa0f9f00, 0x00007f0daa0fa330]
Event: 0,609 Thread 0x00007f0dbc1c9930 1725   !   3       java.util.zip.Inflater::reset (64 bytes)
Event: 0,609 Thread 0x00007f0dbc1c9930 nmethod 1725 0x00007f0daa0fa510 code [0x00007f0daa0fa6e0, 0x00007f0daa0fa9e0]
Event: 0,609 Thread 0x00007f0d3c097d50 nmethod 1718 0x00007f0db197ba90 code [0x00007f0db197bc40, 0x00007f0db197bf50]
Event: 0,613 Thread 0x00007f0dbc1c9930 1726       3       java.lang.invoke.MethodHandles$Lookup::checkSecurityManager (97 bytes)
Event: 0,613 Thread 0x00007f0dbc1c9930 nmethod 1726 0x00007f0daa0fab90 code [0x00007f0daa0fad80, 0x00007f0daa0fb270]
Event: 0,613 Thread 0x00007f0dbc1c9930 1727       3       java.util.jar.JarFile::verifiableEntry (55 bytes)
Event: 0,613 Thread 0x00007f0dbc1c9930 nmethod 1727 0x00007f0daa0fb410 code [0x00007f0daa0fb640, 0x00007f0daa0fc028]
Event: 0,613 Thread 0x00007f0dbc1c9930 1728       3       java.util.jar.JarVerifier$VerifierStream::<init> (80 bytes)
Event: 0,614 Thread 0x00007f0dbc1c9930 nmethod 1728 0x00007f0daa0fc210 code [0x00007f0daa0fc420, 0x00007f0daa0fc9e8]
Event: 0,614 Thread 0x00007f0dbc1c9930 1729       3       java.net.URLClassLoader::isSealed (72 bytes)
Event: 0,615 Thread 0x00007f0dbc1c9930 nmethod 1729 0x00007f0daa0fcc90 code [0x00007f0daa0fd0e0, 0x00007f0daa0fed18]
Event: 0,615 Thread 0x00007f0d3c1e3110 nmethod 1710 0x00007f0db197c210 code [0x00007f0db197c400, 0x00007f0db197d000]
Event: 0,615 Thread 0x00007f0dbc1c82b0 nmethod 1712 0x00007f0db197d890 code [0x00007f0db197daa0, 0x00007f0db197e568]
Event: 0,616 Thread 0x00007f0dbc1c9930 1730       3       sun.net.www.protocol.jar.Handler::canonicalizeString (72 bytes)
Event: 0,616 Thread 0x00007f0dbc1c9930 nmethod 1730 0x00007f0daa0ff890 code [0x00007f0daa0ffb80, 0x00007f0daa100900]

GC Heap History (3 events):
Event: 0,373 GC heap before
{Heap before GC invocations=1 (full 0):
 PSYoungGen      total 29696K, used 25600K [0x00000000eab00000, 0x00000000ecc00000, 0x0000000100000000)
  eden space 25600K, 100% used [0x00000000eab00000,0x00000000ec400000,0x00000000ec400000)
  from space 4096K, 0% used [0x00000000ec800000,0x00000000ec800000,0x00000000ecc00000)
  to   space 4096K, 0% used [0x00000000ec400000,0x00000000ec400000,0x00000000ec800000)
 ParOldGen       total 68608K, used 1066K [0x00000000c0000000, 0x00000000c4300000, 0x00000000eab00000)
  object space 68608K, 1% used [0x00000000c0000000,0x00000000c010aa80,0x00000000c4300000)
 Metaspace       used 4446K, committed 4608K, reserved 1114112K
  class space    used 451K, committed 512K, reserved 1048576K
}
Event: 0,377 GC heap after
{Heap after GC invocations=1 (full 0):
 PSYoungGen      total 29696K, used 2853K [0x00000000eab00000, 0x00000000ecc00000, 0x0000000100000000)
  eden space 25600K, 0% used [0x00000000eab00000,0x00000000eab00000,0x00000000ec400000)
  from space 4096K, 69% used [0x00000000ec400000,0x00000000ec6c97f0,0x00000000ec800000)
  to   space 4096K, 0% used [0x00000000ec800000,0x00000000ec800000,0x00000000ecc00000)
 ParOldGen       total 68608K, used 1074K [0x00000000c0000000, 0x00000000c4300000, 0x00000000eab00000)
  object space 68608K, 1% used [0x00000000c0000000,0x00000000c010ca80,0x00000000c4300000)
 Metaspace       used 4446K, committed 4608K, reserved 1114112K
  class space    used 451K, committed 512K, reserved 1048576K
}
Event: 0,617 GC heap before
{Heap before GC invocations=2 (full 0):
 PSYoungGen      total 29696K, used 28453K [0x00000000eab00000, 0x00000000ecc00000, 0x0000000100000000)
  eden space 25600K, 100% used [0x00000000eab00000,0x00000000ec400000,0x00000000ec400000)
  from space 4096K, 69% used [0x00000000ec400000,0x00000000ec6c97f0,0x00000000ec800000)
  to   space 4096K, 0% used [0x00000000ec800000,0x00000000ec800000,0x00000000ecc00000)
 ParOldGen       total 68608K, used 1074K [0x00000000c0000000, 0x00000000c4300000, 0x00000000eab00000)
  object space 68608K, 1% used [0x00000000c0000000,0x00000000c010ca80,0x00000000c4300000)
 Metaspace       used 8064K, committed 8384K, reserved 1114112K
  class space    used 793K, committed 960K, reserved 1048576K
}

Dll operation events (9 events):
Event: 0,001 Loaded shared library /home/viniciussaousa/.vscode/extensions/redhat.java-1.41.1-linux-x64/jre/21.0.6-linux-x86_64/lib/libjava.so
Event: 0,034 Loaded shared library /home/viniciussaousa/.vscode/extensions/redhat.java-1.41.1-linux-x64/jre/21.0.6-linux-x86_64/lib/libzip.so
Event: 0,049 Loaded shared library /home/viniciussaousa/.vscode/extensions/redhat.java-1.41.1-linux-x64/jre/21.0.6-linux-x86_64/lib/libinstrument.so
Event: 0,050 Loaded shared library /home/viniciussaousa/.vscode/extensions/redhat.java-1.41.1-linux-x64/jre/21.0.6-linux-x86_64/lib/libnio.so
Event: 0,051 Loaded shared library /home/viniciussaousa/.vscode/extensions/redhat.java-1.41.1-linux-x64/jre/21.0.6-linux-x86_64/lib/libzip.so
Event: 0,063 Loaded shared library /home/viniciussaousa/.vscode/extensions/redhat.java-1.41.1-linux-x64/jre/21.0.6-linux-x86_64/lib/libjimage.so
Event: 0,101 Loaded shared library /home/viniciussaousa/.vscode/extensions/redhat.java-1.41.1-linux-x64/jre/21.0.6-linux-x86_64/lib/libverify.so
Event: 0,406 Loaded shared library /home/viniciussaousa/.vscode/extensions/redhat.java-1.41.1-linux-x64/jre/21.0.6-linux-x86_64/lib/libnet.so
Event: 0,599 Loaded shared library /home/viniciussaousa/.config/Code/User/globalStorage/redhat.java/1.41.1/config_linux/org.eclipse.equinox.launcher/org.eclipse.equinox.launcher.gtk.linux.x86_64_1.2.1400.v20250331-1702/eclipse_11911.so

Deoptimization events (20 events):
Event: 0,567 Thread 0x00007f0dbc02a900 DEOPT PACKING pc=0x00007f0da9f50312 sp=0x00007f0dc29fbc00
Event: 0,567 Thread 0x00007f0dbc02a900 DEOPT UNPACKING pc=0x00007f0db138ab2f sp=0x00007f0dc29fb0a0 mode 0
Event: 0,567 Thread 0x00007f0dbc02a900 DEOPT PACKING pc=0x00007f0da9ee8306 sp=0x00007f0dc29fbac0
Event: 0,567 Thread 0x00007f0dbc02a900 DEOPT UNPACKING pc=0x00007f0db138ab2f sp=0x00007f0dc29faf60 mode 0
Event: 0,567 Thread 0x00007f0dbc02a900 DEOPT PACKING pc=0x00007f0da9f50312 sp=0x00007f0dc29fbf10
Event: 0,567 Thread 0x00007f0dbc02a900 DEOPT UNPACKING pc=0x00007f0db138ab2f sp=0x00007f0dc29fb3b0 mode 0
Event: 0,568 Thread 0x00007f0dbc02a900 DEOPT PACKING pc=0x00007f0da9ee8306 sp=0x00007f0dc29fbd10
Event: 0,568 Thread 0x00007f0dbc02a900 DEOPT UNPACKING pc=0x00007f0db138ab2f sp=0x00007f0dc29fb1b0 mode 0
Event: 0,568 Thread 0x00007f0dbc02a900 DEOPT PACKING pc=0x00007f0da9f50312 sp=0x00007f0dc29fbe60
Event: 0,568 Thread 0x00007f0dbc02a900 DEOPT UNPACKING pc=0x00007f0db138ab2f sp=0x00007f0dc29fb300 mode 0
Event: 0,568 Thread 0x00007f0dbc02a900 DEOPT PACKING pc=0x00007f0da9f50312 sp=0x00007f0dc29fc160
Event: 0,568 Thread 0x00007f0dbc02a900 DEOPT UNPACKING pc=0x00007f0db138ab2f sp=0x00007f0dc29fb600 mode 0
Event: 0,604 Thread 0x00007f0dbc4abfa0 Uncommon trap: trap_request=0xffffff45 fr.pc=0x00007f0db1955d04 relative=0x0000000000000504
Event: 0,604 Thread 0x00007f0dbc4abfa0 Uncommon trap: reason=unstable_if action=reinterpret pc=0x00007f0db1955d04 method=java.util.HashMap$HashIterator.<init>(Ljava/util/HashMap;)V @ 45 c2
Event: 0,604 Thread 0x00007f0dbc4abfa0 DEOPT PACKING pc=0x00007f0db1955d04 sp=0x00007f0d61a7f420
Event: 0,604 Thread 0x00007f0dbc4abfa0 DEOPT UNPACKING pc=0x00007f0db138a399 sp=0x00007f0d61a7f2b0 mode 2
Event: 0,607 Thread 0x00007f0dbc4abfa0 Uncommon trap: trap_request=0xffffff45 fr.pc=0x00007f0db18f9a70 relative=0x00000000000002d0
Event: 0,607 Thread 0x00007f0dbc4abfa0 Uncommon trap: reason=unstable_if action=reinterpret pc=0x00007f0db18f9a70 method=java.util.HashMap$HashIterator.<init>(Ljava/util/HashMap;)V @ 45 c2
Event: 0,607 Thread 0x00007f0dbc4abfa0 DEOPT PACKING pc=0x00007f0db18f9a70 sp=0x00007f0d61a7f2c0
Event: 0,607 Thread 0x00007f0dbc4abfa0 DEOPT UNPACKING pc=0x00007f0db138a399 sp=0x00007f0d61a7f278 mode 2

Classes loaded (20 events):
Event: 0,576 Loading class java/lang/Thread$Builder
Event: 0,576 Loading class java/lang/Thread$Builder done
Event: 0,576 Loading class java/lang/Thread$Builder$OfPlatform done
Event: 0,576 Loading class java/lang/Thread$Builder$OfVirtual
Event: 0,576 Loading class java/lang/Thread$Builder$OfVirtual done
Event: 0,599 Loading class java/util/concurrent/locks/AbstractQueuedSynchronizer$SharedNode
Event: 0,599 Loading class java/util/concurrent/locks/AbstractQueuedSynchronizer$SharedNode done
Event: 0,602 Loading class java/util/concurrent/RejectedExecutionException
Event: 0,602 Loading class java/util/concurrent/RejectedExecutionException done
Event: 0,605 Loading class java/util/Collections$ReverseComparator
Event: 0,605 Loading class java/util/Collections$ReverseComparator done
Event: 0,605 Loading class java/util/Comparators$NaturalOrderComparator
Event: 0,606 Loading class java/util/Comparators$NaturalOrderComparator done
Event: 0,606 Loading class java/util/Collections$ReverseComparator2
Event: 0,606 Loading class java/util/Collections$ReverseComparator2 done
Event: 0,608 Loading class java/util/concurrent/CancellationException
Event: 0,608 Loading class java/util/concurrent/CancellationException done
Event: 0,611 Loading class java/lang/CloneNotSupportedException
Event: 0,612 Loading class java/lang/CloneNotSupportedException done
Event: 0,617 Loading class java/util/concurrent/ExecutionException

Classes unloaded (0 events):
No events

Classes redefined (0 events):
No events

Internal exceptions (20 events):
Event: 0,367 Thread 0x00007f0dbc02a900 Implicit null exception at 0x00007f0db1913a29 to 0x00007f0db19143d8
Event: 0,367 Thread 0x00007f0dbc02a900 Implicit null exception at 0x00007f0db1921220 to 0x00007f0db1921434
Event: 0,367 Thread 0x00007f0dbc02a900 Exception <a 'java/lang/NoSuchMethodError'{0x00000000ec396068}: 'void java.lang.invoke.DirectMethodHandle$Holder.invokeStatic(java.lang.Object, java.lang.Object, java.lang.Object, java.lang.Object)'> (0x00000000ec396068) 
thrown [src/hotspot/share/interpreter/linkResolver.cpp, line 772]
Event: 0,368 Thread 0x00007f0dbc02a900 Implicit null exception at 0x00007f0db1916940 to 0x00007f0db1916c08
Event: 0,368 Thread 0x00007f0dbc02a900 Implicit null exception at 0x00007f0db19135c0 to 0x00007f0db1913645
Event: 0,395 Thread 0x00007f0dbc02a900 Exception <a 'java/lang/NoSuchMethodError'{0x00000000eacd3220}: 'long java.lang.invoke.DirectMethodHandle$Holder.invokeStatic(java.lang.Object, java.lang.Object, int)'> (0x00000000eacd3220) 
thrown [src/hotspot/share/interpreter/linkResolver.cpp, line 772]
Event: 0,395 Thread 0x00007f0dbc02a900 Exception <a 'java/lang/NoSuchMethodError'{0x00000000eacdad28}: 'java.lang.Object java.lang.invoke.DirectMethodHandle$Holder.invokeSpecial(java.lang.Object, java.lang.Object, java.lang.Object, java.lang.Object, long)'> (0x00000000eacdad28) 
thrown [src/hotspot/share/interpreter/linkResolver.cpp, line 772]
Event: 0,396 Thread 0x00007f0dbc02a900 Exception <a 'java/lang/NoSuchMethodError'{0x00000000eace8678}: 'java.lang.Object java.lang.invoke.DirectMethodHandle$Holder.invokeSpecial(java.lang.Object, java.lang.Object, java.lang.Object, int, java.lang.Object)'> (0x00000000eace8678) 
thrown [src/hotspot/share/interpreter/linkResolver.cpp, line 772]
Event: 0,397 Thread 0x00007f0dbc02a900 Exception <a 'java/lang/NoSuchMethodError'{0x00000000eacffd50}: 'java.lang.Object java.lang.invoke.Invokers$Holder.invokeExact_MT(java.lang.Object, java.lang.Object, java.lang.Object, java.lang.Object, java.lang.Object, java.lang.Object)'> (0x00000000eacffd50) 
thrown [src/hotspot/share/interpreter/linkResolver.cpp, line 772]
Event: 0,399 Thread 0x00007f0dbc02a900 Exception <a 'java/lang/NoSuchMethodError'{0x00000000ead19610}: 'int java.lang.invoke.DirectMethodHandle$Holder.invokeStaticInit(java.lang.Object, java.lang.Object, java.lang.Object, java.lang.Object)'> (0x00000000ead19610) 
thrown [src/hotspot/share/interpreter/linkResolver.cpp, line 772]
Event: 0,399 Thread 0x00007f0dbc02a900 Exception <a 'java/lang/NoSuchMethodError'{0x00000000ead21dc8}: 'java.lang.Object java.lang.invoke.DirectMethodHandle$Holder.invokeInterface(java.lang.Object, java.lang.Object)'> (0x00000000ead21dc8) 
thrown [src/hotspot/share/interpreter/linkResolver.cpp, line 772]
Event: 0,400 Thread 0x00007f0dbc02a900 Exception <a 'java/lang/IncompatibleClassChangeError'{0x00000000ead25300}: Found class java.lang.Object, but interface was expected> (0x00000000ead25300) 
thrown [src/hotspot/share/interpreter/linkResolver.cpp, line 840]
Event: 0,400 Thread 0x00007f0dbc02a900 Exception <a 'java/lang/NoSuchMethodError'{0x00000000ead29448}: 'void java.lang.invoke.DirectMethodHandle$Holder.invokeStatic(java.lang.Object, java.lang.Object)'> (0x00000000ead29448) 
thrown [src/hotspot/share/interpreter/linkResolver.cpp, line 772]
Event: 0,400 Thread 0x00007f0dbc02a900 Exception <a 'java/lang/NoSuchMethodError'{0x00000000ead2c7f0}: 'void java.lang.invoke.DirectMethodHandle$Holder.invokeStaticInit(java.lang.Object, java.lang.Object)'> (0x00000000ead2c7f0) 
thrown [src/hotspot/share/interpreter/linkResolver.cpp, line 772]
Event: 0,400 Thread 0x00007f0dbc02a900 Exception <a 'java/lang/NoSuchMethodError'{0x00000000ead337c0}: 'int java.lang.invoke.DirectMethodHandle$Holder.invokeStaticInit(java.lang.Object, java.lang.Object)'> (0x00000000ead337c0) 
thrown [src/hotspot/share/interpreter/linkResolver.cpp, line 772]
Event: 0,417 Thread 0x00007f0dbc02a900 Exception <a 'java/lang/NoSuchMethodError'{0x00000000eae86160}: 'void java.lang.invoke.DirectMethodHandle$Holder.invokeSpecial(java.lang.Object, java.lang.Object, java.lang.Object)'> (0x00000000eae86160) 
thrown [src/hotspot/share/interpreter/linkResolver.cpp, line 772]
Event: 0,509 Thread 0x00007f0dbc02a900 Exception <a 'java/lang/NoSuchMethodError'{0x00000000eb879280}: 'int java.lang.invoke.DirectMethodHandle$Holder.invokeVirtual(java.lang.Object, java.lang.Object)'> (0x00000000eb879280) 
thrown [src/hotspot/share/interpreter/linkResolver.cpp, line 772]
Event: 0,540 Thread 0x00007f0dbc02a900 Exception <a 'java/lang/NoSuchMethodError'{0x00000000ebbdabb0}: 'java.lang.Object java.lang.invoke.DirectMethodHandle$Holder.newInvokeSpecial(java.lang.Object, int, java.lang.Object)'> (0x00000000ebbdabb0) 
thrown [src/hotspot/share/interpreter/linkResolver.cpp, line 772]
Event: 0,553 Thread 0x00007f0dbc02a900 Exception <a 'java/lang/NoSuchMethodError'{0x00000000ebd89a28}: 'java.lang.Object java.lang.invoke.DirectMethodHandle$Holder.newInvokeSpecial(java.lang.Object, java.lang.Object, java.lang.Object, java.lang.Object, int, java.lang.Object)'> (0x00000000ebd89a28) 
thrown [src/hotspot/share/interpreter/linkResolver.cpp, line 772]
Event: 0,599 Thread 0x00007f0dbc02a900 Exception <a 'java/lang/UnsatisfiedLinkError'{0x00000000ec1e8b88}: 'void org.eclipse.equinox.launcher.JNIBridge._update_splash()'> (0x00000000ec1e8b88) 
thrown [src/hotspot/share/prims/nativeLookup.cpp, line 415]

ZGC Phase Switch (0 events):
No events

VM Operations (17 events):
Event: 0,033 Executing VM operation: HandshakeAllThreads (Deoptimize)
Event: 0,033 Executing VM operation: HandshakeAllThreads (Deoptimize) done
Event: 0,071 Executing VM operation: HandshakeAllThreads (Deoptimize)
Event: 0,071 Executing VM operation: HandshakeAllThreads (Deoptimize) done
Event: 0,221 Executing VM operation: HandshakeAllThreads (Deoptimize)
Event: 0,221 Executing VM operation: HandshakeAllThreads (Deoptimize) done
Event: 0,234 Executing VM operation: HandshakeAllThreads (Deoptimize)
Event: 0,234 Executing VM operation: HandshakeAllThreads (Deoptimize) done
Event: 0,341 Executing VM operation: ICBufferFull
Event: 0,341 Executing VM operation: ICBufferFull done
Event: 0,373 Executing VM operation: ParallelGCFailedAllocation (Allocation Failure)
Event: 0,377 Executing VM operation: ParallelGCFailedAllocation (Allocation Failure) done
Event: 0,532 Executing VM operation: HandshakeAllThreads (Deoptimize)
Event: 0,532 Executing VM operation: HandshakeAllThreads (Deoptimize) done
Event: 0,536 Executing VM operation: HandshakeAllThreads (Deoptimize)
Event: 0,536 Executing VM operation: HandshakeAllThreads (Deoptimize) done
Event: 0,617 Executing VM operation: ParallelGCFailedAllocation (Allocation Failure)

Memory protections (14 events):
Event: 0,001 Protecting memory [0x00007f0dc2900000,0x00007f0dc2904000] with protection modes 0
Event: 0,013 Protecting memory [0x00007f0d62884000,0x00007f0d62888000] with protection modes 0
Event: 0,013 Protecting memory [0x00007f0d62784000,0x00007f0d62788000] with protection modes 0
Event: 0,014 Protecting memory [0x00007f0d62684000,0x00007f0d62688000] with protection modes 0
Event: 0,014 Protecting memory [0x00007f0d62584000,0x00007f0d62588000] with protection modes 0
Event: 0,014 Protecting memory [0x00007f0d62484000,0x00007f0d62488000] with protection modes 0
Event: 0,014 Protecting memory [0x00007f0d62384000,0x00007f0d62388000] with protection modes 0
Event: 0,014 Protecting memory [0x00007f0d62284000,0x00007f0d62288000] with protection modes 0
Event: 0,025 Protecting memory [0x00007f0d62184000,0x00007f0d62188000] with protection modes 0
Event: 0,043 Protecting memory [0x00007f0d62084000,0x00007f0d62088000] with protection modes 0
Event: 0,133 Protecting memory [0x00007f0d61f84000,0x00007f0d61f88000] with protection modes 0
Event: 0,220 Protecting memory [0x00007f0d61e84000,0x00007f0d61e88000] with protection modes 0
Event: 0,527 Protecting memory [0x00007f0d61a81000,0x00007f0d61a85000] with protection modes 0
Event: 0,597 Protecting memory [0x00007f0d61981000,0x00007f0d61985000] with protection modes 0

Nmethod flushes (0 events):
No events

Events (14 events):
Event: 0,009 Thread 0x00007f0dbc02a900 Thread added: 0x00007f0dbc02a900
Event: 0,013 Thread 0x00007f0dbc02a900 Thread added: 0x00007f0dbc1c0fd0
Event: 0,013 Thread 0x00007f0dbc02a900 Thread added: 0x00007f0dbc1c2500
Event: 0,014 Thread 0x00007f0dbc02a900 Thread added: 0x00007f0dbc1c3c50
Event: 0,014 Thread 0x00007f0dbc02a900 Thread added: 0x00007f0dbc1c5250
Event: 0,014 Thread 0x00007f0dbc02a900 Thread added: 0x00007f0dbc1c67b0
Event: 0,014 Thread 0x00007f0dbc02a900 Thread added: 0x00007f0dbc1c82b0
Event: 0,014 Thread 0x00007f0dbc02a900 Thread added: 0x00007f0dbc1c9930
Event: 0,025 Thread 0x00007f0dbc02a900 Thread added: 0x00007f0dbc1d9be0
Event: 0,043 Thread 0x00007f0dbc1c9930 Thread added: 0x00007f0d3c097d50
Event: 0,133 Thread 0x00007f0dbc02a900 Thread added: 0x00007f0dbc26e6d0
Event: 0,219 Thread 0x00007f0dbc1c9930 Thread added: 0x00007f0d3c1e3110
Event: 0,527 Thread 0x00007f0dbc02a900 Thread added: 0x00007f0dbc413fc0
Event: 0,597 Thread 0x00007f0dbc02a900 Thread added: 0x00007f0dbc4abfa0


Dynamic libraries:
c0000000-c4300000 rw-p 00000000 00:00 0 
c4300000-eab00000 ---p 00000000 00:00 0 
eab00000-ecc00000 rw-p 00000000 00:00 0 
ecc00000-100000000 ---p 00000000 00:00 0 
64ae089b9000-64ae089ba000 r-xp 00000000 103:04 2898797                   /home/viniciussaousa/.vscode/extensions/redhat.java-1.41.1-linux-x64/jre/21.0.6-linux-x86_64/bin/java
64ae089bb000-64ae089bc000 r--p 00001000 103:04 2898797                   /home/viniciussaousa/.vscode/extensions/redhat.java-1.41.1-linux-x64/jre/21.0.6-linux-x86_64/bin/java
64ae089bc000-64ae089bd000 rw-p 00002000 103:04 2898797                   /home/viniciussaousa/.vscode/extensions/redhat.java-1.41.1-linux-x64/jre/21.0.6-linux-x86_64/bin/java
64ae3d3ad000-64ae3d3f4000 rw-p 00000000 00:00 0                          [heap]
7f0d10000000-7f0d10021000 rw-p 00000000 00:00 0 
7f0d10021000-7f0d14000000 ---p 00000000 00:00 0 
7f0d18000000-7f0d18021000 rw-p 00000000 00:00 0 
7f0d18021000-7f0d1c000000 ---p 00000000 00:00 0 
7f0d1c000000-7f0d1c021000 rw-p 00000000 00:00 0 
7f0d1c021000-7f0d20000000 ---p 00000000 00:00 0 
7f0d20000000-7f0d20021000 rw-p 00000000 00:00 0 
7f0d20021000-7f0d24000000 ---p 00000000 00:00 0 
7f0d24000000-7f0d24021000 rw-p 00000000 00:00 0 
7f0d24021000-7f0d28000000 ---p 00000000 00:00 0 
7f0d28000000-7f0d28021000 rw-p 00000000 00:00 0 
7f0d28021000-7f0d2c000000 ---p 00000000 00:00 0 
7f0d2c000000-7f0d2c3b4000 rw-p 00000000 00:00 0 
7f0d2c3b4000-7f0d30000000 ---p 00000000 00:00 0 
7f0d30000000-7f0d30021000 rw-p 00000000 00:00 0 
7f0d30021000-7f0d34000000 ---p 00000000 00:00 0 
7f0d34000000-7f0d34461000 rw-p 00000000 00:00 0 
7f0d34461000-7f0d38000000 ---p 00000000 00:00 0 
7f0d38000000-7f0d38541000 rw-p 00000000 00:00 0 
7f0d38541000-7f0d3c000000 ---p 00000000 00:00 0 
7f0d3c000000-7f0d3c308000 rw-p 00000000 00:00 0 
7f0d3c308000-7f0d40000000 ---p 00000000 00:00 0 
7f0d40000000-7f0d40021000 rw-p 00000000 00:00 0 
7f0d40021000-7f0d44000000 ---p 00000000 00:00 0 
7f0d44000000-7f0d44021000 rw-p 00000000 00:00 0 
7f0d44021000-7f0d48000000 ---p 00000000 00:00 0 
7f0d48000000-7f0d48021000 rw-p 00000000 00:00 0 
7f0d48021000-7f0d4c000000 ---p 00000000 00:00 0 
7f0d4c000000-7f0d4c021000 rw-p 00000000 00:00 0 
7f0d4c021000-7f0d50000000 ---p 00000000 00:00 0 
7f0d50000000-7f0d50021000 rw-p 00000000 00:00 0 
7f0d50021000-7f0d54000000 ---p 00000000 00:00 0 
7f0d54000000-7f0d54021000 rw-p 00000000 00:00 0 
7f0d54021000-7f0d58000000 ---p 00000000 00:00 0 
7f0d58000000-7f0d583e0000 rw-p 00000000 00:00 0 
7f0d583e0000-7f0d58400000 ---p 00000000 00:00 0 
7f0d58400000-7f0d58760000 rw-p 00000000 00:00 0 
7f0d58760000-7f0d5c000000 ---p 00000000 00:00 0 
7f0d5c000000-7f0d5c021000 rw-p 00000000 00:00 0 
7f0d5c021000-7f0d60000000 ---p 00000000 00:00 0 
7f0d61518000-7f0d61981000 rw-p 00000000 00:00 0 
7f0d61981000-7f0d61985000 ---p 00000000 00:00 0 
7f0d61985000-7f0d61a81000 rw-p 00000000 00:00 0 
7f0d61a81000-7f0d61a85000 ---p 00000000 00:00 0 
7f0d61a85000-7f0d61b81000 rw-p 00000000 00:00 0 
7f0d61b81000-7f0d61b82000 ---p 00000000 00:00 0 
7f0d61b82000-7f0d61c82000 rw-p 00000000 00:00 0 
7f0d61c82000-7f0d61c83000 ---p 00000000 00:00 0 
7f0d61c83000-7f0d61d83000 rw-p 00000000 00:00 0 
7f0d61d83000-7f0d61d84000 ---p 00000000 00:00 0 
7f0d61d84000-7f0d61e84000 rw-p 00000000 00:00 0 
7f0d61e84000-7f0d61e88000 ---p 00000000 00:00 0 
7f0d61e88000-7f0d61f84000 rw-p 00000000 00:00 0 
7f0d61f84000-7f0d61f88000 ---p 00000000 00:00 0 
7f0d61f88000-7f0d62084000 rw-p 00000000 00:00 0 
7f0d62084000-7f0d62088000 ---p 00000000 00:00 0 
7f0d62088000-7f0d62184000 rw-p 00000000 00:00 0 
7f0d62184000-7f0d62188000 ---p 00000000 00:00 0 
7f0d62188000-7f0d62284000 rw-p 00000000 00:00 0 
7f0d62284000-7f0d62288000 ---p 00000000 00:00 0 
7f0d62288000-7f0d62384000 rw-p 00000000 00:00 0 
7f0d62384000-7f0d62388000 ---p 00000000 00:00 0 
7f0d62388000-7f0d62484000 rw-p 00000000 00:00 0 
7f0d62484000-7f0d62488000 ---p 00000000 00:00 0 
7f0d62488000-7f0d62584000 rw-p 00000000 00:00 0 
7f0d62584000-7f0d62588000 ---p 00000000 00:00 0 
7f0d62588000-7f0d62684000 rw-p 00000000 00:00 0 
7f0d62684000-7f0d62688000 ---p 00000000 00:00 0 
7f0d62688000-7f0d62784000 rw-p 00000000 00:00 0 
7f0d62784000-7f0d62788000 ---p 00000000 00:00 0 
7f0d62788000-7f0d62884000 rw-p 00000000 00:00 0 
7f0d62884000-7f0d62888000 ---p 00000000 00:00 0 
7f0d62888000-7f0d62984000 rw-p 00000000 00:00 0 
7f0d62984000-7f0d62bfc000 r--p 00000000 07:05 188                        /snap/code/190/usr/lib/locale/aa_DJ.utf8/LC_COLLATE
7f0d62bfc000-7f0d62bfd000 ---p 00000000 00:00 0 
7f0d62bfd000-7f0d62cfd000 rw-p 00000000 00:00 0 
7f0d62cfd000-7f0d63000000 rw-p 00000000 00:00 0 
7f0d63000000-7f0d63bb6000 rw-p 00001000 103:04 2901333                   /home/viniciussaousa/.vscode/extensions/redhat.java-1.41.1-linux-x64/jre/21.0.6-linux-x86_64/lib/server/classes.jsa
7f0d63bb6000-7f0d64000000 ---p 00000000 00:00 0 
7f0d64000000-7f0d64030000 rw-p 00000000 00:00 0 
7f0d64030000-7f0d640d0000 rw-p 00000000 00:00 0 
7f0d640d0000-7f0d64100000 ---p 00000000 00:00 0 
7f0d64100000-7f0d64120000 rw-p 00000000 00:00 0 
7f0d64120000-7f0da4000000 ---p 00000000 00:00 0 
7f0da4000000-7f0da4028000 rw-p 00000000 00:00 0 
7f0da4028000-7f0da8000000 ---p 00000000 00:00 0 
7f0da80e5000-7f0da9e00000 rw-p 00000000 00:00 0 
7f0da9e00000-7f0daa110000 rwxp 00000000 00:00 0 
7f0daa110000-7f0db1337000 ---p 00000000 00:00 0 
7f0db1337000-7f0db15a7000 rwxp 00000000 00:00 0 
7f0db15a7000-7f0db18c9000 ---p 00000000 00:00 0 
7f0db18c9000-7f0db1b39000 rwxp 00000000 00:00 0 
7f0db1b39000-7f0db8e00000 ---p 00000000 00:00 0 
7f0db8e00000-7f0dbbfc7000 r--s 00000000 103:04 2900652                   /home/viniciussaousa/.vscode/extensions/redhat.java-1.41.1-linux-x64/jre/21.0.6-linux-x86_64/lib/modules
7f0dbbfec000-7f0dbbff0000 r--p 00000000 103:04 3675471                   /home/viniciussaousa/.config/Code/User/globalStorage/redhat.java/1.41.1/config_linux/org.eclipse.equinox.launcher/org.eclipse.equinox.launcher.gtk.linux.x86_64_1.2.1400.v20250331-1702/eclipse_11911.so
7f0dbbff0000-7f0dbbffa000 r-xp 00004000 103:04 3675471                   /home/viniciussaousa/.config/Code/User/globalStorage/redhat.java/1.41.1/config_linux/org.eclipse.equinox.launcher/org.eclipse.equinox.launcher.gtk.linux.x86_64_1.2.1400.v20250331-1702/eclipse_11911.so
7f0dbbffa000-7f0dbbffd000 r--p 0000e000 103:04 3675471                   /home/viniciussaousa/.config/Code/User/globalStorage/redhat.java/1.41.1/config_linux/org.eclipse.equinox.launcher/org.eclipse.equinox.launcher.gtk.linux.x86_64_1.2.1400.v20250331-1702/eclipse_11911.so
7f0dbbffd000-7f0dbbffe000 r--p 00010000 103:04 3675471                   /home/viniciussaousa/.config/Code/User/globalStorage/redhat.java/1.41.1/config_linux/org.eclipse.equinox.launcher/org.eclipse.equinox.launcher.gtk.linux.x86_64_1.2.1400.v20250331-1702/eclipse_11911.so
7f0dbbffe000-7f0dbbfff000 rw-p 00011000 103:04 3675471                   /home/viniciussaousa/.config/Code/User/globalStorage/redhat.java/1.41.1/config_linux/org.eclipse.equinox.launcher/org.eclipse.equinox.launcher.gtk.linux.x86_64_1.2.1400.v20250331-1702/eclipse_11911.so
7f0dbbfff000-7f0dbc4b4000 rw-p 00000000 00:00 0 
7f0dbc4b4000-7f0dc0000000 ---p 00000000 00:00 0 
7f0dc0006000-7f0dc002a000 r--p 00000000 103:04 14422340                  /usr/share/locale-langpack/pt_BR/LC_MESSAGES/libc.mo
7f0dc002a000-7f0dc007e000 r--p 00000000 07:05 189                        /snap/code/190/usr/lib/locale/aa_DJ.utf8/LC_CTYPE
7f0dc007e000-7f0dc007f000 ---p 00000000 00:00 0 
7f0dc007f000-7f0dc017f000 rw-p 00000000 00:00 0 
7f0dc017f000-7f0dc2200000 rw-p 00000000 00:00 0 
7f0dc2202000-7f0dc220f000 r-xp 00000000 103:04 2900650                   /home/viniciussaousa/.vscode/extensions/redhat.java-1.41.1-linux-x64/jre/21.0.6-linux-x86_64/lib/libverify.so
7f0dc220f000-7f0dc2211000 r--p 0000c000 103:04 2900650                   /home/viniciussaousa/.vscode/extensions/redhat.java-1.41.1-linux-x64/jre/21.0.6-linux-x86_64/lib/libverify.so
7f0dc2211000-7f0dc2212000 rw-p 0000e000 103:04 2900650                   /home/viniciussaousa/.vscode/extensions/redhat.java-1.41.1-linux-x64/jre/21.0.6-linux-x86_64/lib/libverify.so
7f0dc2212000-7f0dc221e000 r-xp 00000000 103:04 2900640                   /home/viniciussaousa/.vscode/extensions/redhat.java-1.41.1-linux-x64/jre/21.0.6-linux-x86_64/lib/libnet.so
7f0dc221e000-7f0dc221f000 r--p 0000b000 103:04 2900640                   /home/viniciussaousa/.vscode/extensions/redhat.java-1.41.1-linux-x64/jre/21.0.6-linux-x86_64/lib/libnet.so
7f0dc221f000-7f0dc2220000 rw-p 0000c000 103:04 2900640                   /home/viniciussaousa/.vscode/extensions/redhat.java-1.41.1-linux-x64/jre/21.0.6-linux-x86_64/lib/libnet.so
7f0dc2220000-7f0dc2234000 r-xp 00000000 103:04 2900642                   /home/viniciussaousa/.vscode/extensions/redhat.java-1.41.1-linux-x64/jre/21.0.6-linux-x86_64/lib/libnio.so
7f0dc2234000-7f0dc2235000 r--p 00013000 103:04 2900642                   /home/viniciussaousa/.vscode/extensions/redhat.java-1.41.1-linux-x64/jre/21.0.6-linux-x86_64/lib/libnio.so
7f0dc2235000-7f0dc2236000 rw-p 00014000 103:04 2900642                   /home/viniciussaousa/.vscode/extensions/redhat.java-1.41.1-linux-x64/jre/21.0.6-linux-x86_64/lib/libnio.so
7f0dc2236000-7f0dc22f4000 rw-p 00000000 00:00 0 
7f0dc22f4000-7f0dc2428000 ---p 00000000 00:00 0 
7f0dc2428000-7f0dc2429000 ---p 00000000 00:00 0 
7f0dc2429000-7f0dc2529000 rw-p 00000000 00:00 0 
7f0dc2529000-7f0dc254b000 rw-p 00000000 00:00 0 
7f0dc254b000-7f0dc267e000 ---p 00000000 00:00 0 
7f0dc267e000-7f0dc268f000 rw-p 00000000 00:00 0 
7f0dc268f000-7f0dc272a000 ---p 00000000 00:00 0 
7f0dc272a000-7f0dc272f000 rw-p 00000000 00:00 0 
7f0dc272f000-7f0dc2815000 ---p 00000000 00:00 0 
7f0dc2815000-7f0dc281c000 rw-p 00000000 00:00 0 
7f0dc281c000-7f0dc2900000 ---p 00000000 00:00 0 
7f0dc2900000-7f0dc2904000 ---p 00000000 00:00 0 
7f0dc2904000-7f0dc2a00000 rw-p 00000000 00:00 0 
7f0dc2a00000-7f0dc3e0f000 r-xp 00000000 103:04 2901537                   /home/viniciussaousa/.vscode/extensions/redhat.java-1.41.1-linux-x64/jre/21.0.6-linux-x86_64/lib/server/libjvm.so
7f0dc3e0f000-7f0dc3ee3000 r--p 0140e000 103:04 2901537                   /home/viniciussaousa/.vscode/extensions/redhat.java-1.41.1-linux-x64/jre/21.0.6-linux-x86_64/lib/server/libjvm.so
7f0dc3ee3000-7f0dc3f13000 rw-p 014e2000 103:04 2901537                   /home/viniciussaousa/.vscode/extensions/redhat.java-1.41.1-linux-x64/jre/21.0.6-linux-x86_64/lib/server/libjvm.so
7f0dc3f13000-7f0dc3f79000 rw-p 00000000 00:00 0 
7f0dc3f85000-7f0dc3fa0000 r-xp 00000000 103:04 2900651                   /home/viniciussaousa/.vscode/extensions/redhat.java-1.41.1-linux-x64/jre/21.0.6-linux-x86_64/lib/libzip.so
7f0dc3fa0000-7f0dc3fa1000 r--p 0001a000 103:04 2900651                   /home/viniciussaousa/.vscode/extensions/redhat.java-1.41.1-linux-x64/jre/21.0.6-linux-x86_64/lib/libzip.so
7f0dc3fa1000-7f0dc3fa2000 rw-p 0001b000 103:04 2900651                   /home/viniciussaousa/.vscode/extensions/redhat.java-1.41.1-linux-x64/jre/21.0.6-linux-x86_64/lib/libzip.so
7f0dc3fa2000-7f0dc3fa3000 r--p 00000000 07:05 280                        /snap/code/190/usr/lib/locale/agr_PE/LC_NUMERIC
7f0dc3fa3000-7f0dc3fa4000 r--p 00000000 07:05 5477                       /snap/code/190/usr/lib/locale/pt_BR.utf8/LC_TIME
7f0dc3fa4000-7f0dc3fa5000 r--p 00000000 07:05 5472                       /snap/code/190/usr/lib/locale/pt_BR.utf8/LC_MONETARY
7f0dc3fa5000-7f0dc3fa6000 r--p 00000000 07:05 5471                       /snap/code/190/usr/lib/locale/pt_BR.utf8/LC_MESSAGES/SYS_LC_MESSAGES
7f0dc3fa6000-7f0dc3fa7000 r--p 00000000 07:05 197                        /snap/code/190/usr/lib/locale/aa_DJ.utf8/LC_PAPER
7f0dc3fa7000-7f0dc3fa8000 r--p 00000000 07:05 279                        /snap/code/190/usr/lib/locale/agr_PE/LC_NAME
7f0dc3fa8000-7f0dc3fa9000 r--p 00000000 07:05 5465                       /snap/code/190/usr/lib/locale/pt_BR.utf8/LC_ADDRESS
7f0dc3fa9000-7f0dc3fbd000 rw-p 00000000 00:00 0 
7f0dc3fbd000-7f0dc3fdd000 r-xp 00000000 103:04 2900624                   /home/viniciussaousa/.vscode/extensions/redhat.java-1.41.1-linux-x64/jre/21.0.6-linux-x86_64/lib/libjava.so
7f0dc3fdd000-7f0dc3fde000 ---p 00020000 103:04 2900624                   /home/viniciussaousa/.vscode/extensions/redhat.java-1.41.1-linux-x64/jre/21.0.6-linux-x86_64/lib/libjava.so
7f0dc3fde000-7f0dc3fdf000 r--p 00020000 103:04 2900624                   /home/viniciussaousa/.vscode/extensions/redhat.java-1.41.1-linux-x64/jre/21.0.6-linux-x86_64/lib/libjava.so
7f0dc3fdf000-7f0dc3fe0000 rw-p 00021000 103:04 2900624                   /home/viniciussaousa/.vscode/extensions/redhat.java-1.41.1-linux-x64/jre/21.0.6-linux-x86_64/lib/libjava.so
7f0dc3fe0000-7f0dc3fe1000 rw-p 00000000 00:00 0 
7f0dc3fe1000-7f0dc3ffc000 r-xp 00000000 103:04 2900628                   /home/viniciussaousa/.vscode/extensions/redhat.java-1.41.1-linux-x64/jre/21.0.6-linux-x86_64/lib/libjimage.so
7f0dc3ffc000-7f0dc3ffd000 ---p 0001b000 103:04 2900628                   /home/viniciussaousa/.vscode/extensions/redhat.java-1.41.1-linux-x64/jre/21.0.6-linux-x86_64/lib/libjimage.so
7f0dc3ffd000-7f0dc3fff000 r--p 0001b000 103:04 2900628                   /home/viniciussaousa/.vscode/extensions/redhat.java-1.41.1-linux-x64/jre/21.0.6-linux-x86_64/lib/libjimage.so
7f0dc3fff000-7f0dc4000000 rw-p 0001d000 103:04 2900628                   /home/viniciussaousa/.vscode/extensions/redhat.java-1.41.1-linux-x64/jre/21.0.6-linux-x86_64/lib/libjimage.so
7f0dc4000000-7f0dc4028000 r--p 00000000 103:04 12321666                  /usr/lib/x86_64-linux-gnu/libc.so.6
7f0dc4028000-7f0dc41b0000 r-xp 00028000 103:04 12321666                  /usr/lib/x86_64-linux-gnu/libc.so.6
7f0dc41b0000-7f0dc41ff000 r--p 001b0000 103:04 12321666                  /usr/lib/x86_64-linux-gnu/libc.so.6
7f0dc41ff000-7f0dc4203000 r--p 001fe000 103:04 12321666                  /usr/lib/x86_64-linux-gnu/libc.so.6
7f0dc4203000-7f0dc4205000 rw-p 00202000 103:04 12321666                  /usr/lib/x86_64-linux-gnu/libc.so.6
7f0dc4205000-7f0dc4212000 rw-p 00000000 00:00 0 
7f0dc4212000-7f0dc4213000 r--p 00000000 07:05 5476                       /snap/code/190/usr/lib/locale/pt_BR.utf8/LC_TELEPHONE
7f0dc4213000-7f0dc421a000 r--s 00000000 103:04 12984852                  /usr/lib/x86_64-linux-gnu/gconv/gconv-modules.cache
7f0dc421a000-7f0dc421f000 rw-p 00000000 00:00 0 
7f0dc421f000-7f0dc4226000 ---p 00000000 00:00 0 
7f0dc4226000-7f0dc4236000 r--p 00000000 103:04 12330714                  /usr/lib/x86_64-linux-gnu/libm.so.6
7f0dc4236000-7f0dc42b5000 r-xp 00010000 103:04 12330714                  /usr/lib/x86_64-linux-gnu/libm.so.6
7f0dc42b5000-7f0dc430d000 r--p 0008f000 103:04 12330714                  /usr/lib/x86_64-linux-gnu/libm.so.6
7f0dc430d000-7f0dc430e000 r--p 000e7000 103:04 12330714                  /usr/lib/x86_64-linux-gnu/libm.so.6
7f0dc430e000-7f0dc430f000 rw-p 000e8000 103:04 12330714                  /usr/lib/x86_64-linux-gnu/libm.so.6
7f0dc430f000-7f0dc4310000 r--p 00000000 103:04 12330725                  /usr/lib/x86_64-linux-gnu/librt.so.1
7f0dc4310000-7f0dc4311000 r-xp 00001000 103:04 12330725                  /usr/lib/x86_64-linux-gnu/librt.so.1
7f0dc4311000-7f0dc4312000 r--p 00002000 103:04 12330725                  /usr/lib/x86_64-linux-gnu/librt.so.1
7f0dc4312000-7f0dc4313000 r--p 00002000 103:04 12330725                  /usr/lib/x86_64-linux-gnu/librt.so.1
7f0dc4313000-7f0dc4314000 rw-p 00003000 103:04 12330725                  /usr/lib/x86_64-linux-gnu/librt.so.1
7f0dc4314000-7f0dc4316000 rw-p 00000000 00:00 0 
7f0dc4316000-7f0dc4317000 r--p 00000000 103:04 12322952                  /usr/lib/x86_64-linux-gnu/libdl.so.2
7f0dc4317000-7f0dc4318000 r-xp 00001000 103:04 12322952                  /usr/lib/x86_64-linux-gnu/libdl.so.2
7f0dc4318000-7f0dc4319000 r--p 00002000 103:04 12322952                  /usr/lib/x86_64-linux-gnu/libdl.so.2
7f0dc4319000-7f0dc431a000 r--p 00002000 103:04 12322952                  /usr/lib/x86_64-linux-gnu/libdl.so.2
7f0dc431a000-7f0dc431b000 rw-p 00003000 103:04 12322952                  /usr/lib/x86_64-linux-gnu/libdl.so.2
7f0dc431b000-7f0dc431c000 r--p 00000000 103:04 12330723                  /usr/lib/x86_64-linux-gnu/libpthread.so.0
7f0dc431c000-7f0dc431d000 r-xp 00001000 103:04 12330723                  /usr/lib/x86_64-linux-gnu/libpthread.so.0
7f0dc431d000-7f0dc431e000 r--p 00002000 103:04 12330723                  /usr/lib/x86_64-linux-gnu/libpthread.so.0
7f0dc431e000-7f0dc431f000 r--p 00002000 103:04 12330723                  /usr/lib/x86_64-linux-gnu/libpthread.so.0
7f0dc431f000-7f0dc4320000 rw-p 00003000 103:04 12330723                  /usr/lib/x86_64-linux-gnu/libpthread.so.0
7f0dc4320000-7f0dc4321000 r--p 00000000 07:05 191                        /snap/code/190/usr/lib/locale/aa_DJ.utf8/LC_MEASUREMENT
7f0dc4321000-7f0dc4322000 r--p 00000000 07:05 5468                       /snap/code/190/usr/lib/locale/pt_BR.utf8/LC_IDENTIFICATION
7f0dc4322000-7f0dc432a000 rw-s 00000000 103:04 4850033                   /tmp/hsperfdata_viniciussaousa/15092
7f0dc432a000-7f0dc4334000 r-xp 00000000 103:04 2900619                   /home/viniciussaousa/.vscode/extensions/redhat.java-1.41.1-linux-x64/jre/21.0.6-linux-x86_64/lib/libinstrument.so
7f0dc4334000-7f0dc4335000 ---p 0000a000 103:04 2900619                   /home/viniciussaousa/.vscode/extensions/redhat.java-1.41.1-linux-x64/jre/21.0.6-linux-x86_64/lib/libinstrument.so
7f0dc4335000-7f0dc4336000 r--p 0000a000 103:04 2900619                   /home/viniciussaousa/.vscode/extensions/redhat.java-1.41.1-linux-x64/jre/21.0.6-linux-x86_64/lib/libinstrument.so
7f0dc4336000-7f0dc4337000 rw-p 0000b000 103:04 2900619                   /home/viniciussaousa/.vscode/extensions/redhat.java-1.41.1-linux-x64/jre/21.0.6-linux-x86_64/lib/libinstrument.so
7f0dc4337000-7f0dc4338000 ---p 00000000 00:00 0 
7f0dc4338000-7f0dc4339000 r--p 00000000 00:00 0 
7f0dc4339000-7f0dc433a000 ---p 00000000 00:00 0 
7f0dc433a000-7f0dc4353000 r-xp 00000000 103:04 2900629                   /home/viniciussaousa/.vscode/extensions/redhat.java-1.41.1-linux-x64/jre/21.0.6-linux-x86_64/lib/libjli.so
7f0dc4353000-7f0dc4354000 r--p 00018000 103:04 2900629                   /home/viniciussaousa/.vscode/extensions/redhat.java-1.41.1-linux-x64/jre/21.0.6-linux-x86_64/lib/libjli.so
7f0dc4354000-7f0dc4355000 rw-p 00019000 103:04 2900629                   /home/viniciussaousa/.vscode/extensions/redhat.java-1.41.1-linux-x64/jre/21.0.6-linux-x86_64/lib/libjli.so
7f0dc4355000-7f0dc4357000 rw-p 00000000 00:00 0 
7f0dc4357000-7f0dc4358000 r--p 00000000 103:04 12321537                  /usr/lib/x86_64-linux-gnu/ld-linux-x86-64.so.2
7f0dc4358000-7f0dc4383000 r-xp 00001000 103:04 12321537                  /usr/lib/x86_64-linux-gnu/ld-linux-x86-64.so.2
7f0dc4383000-7f0dc438d000 r--p 0002c000 103:04 12321537                  /usr/lib/x86_64-linux-gnu/ld-linux-x86-64.so.2
7f0dc438d000-7f0dc438f000 r--p 00036000 103:04 12321537                  /usr/lib/x86_64-linux-gnu/ld-linux-x86-64.so.2
7f0dc438f000-7f0dc4391000 rw-p 00038000 103:04 12321537                  /usr/lib/x86_64-linux-gnu/ld-linux-x86-64.so.2
7ffc7401c000-7ffc7403f000 rw-p 00000000 00:00 0                          [stack]
7ffc74072000-7ffc74076000 r--p 00000000 00:00 0                          [vvar]
7ffc74076000-7ffc74078000 r-xp 00000000 00:00 0                          [vdso]
ffffffffff600000-ffffffffff601000 --xp 00000000 00:00 0                  [vsyscall]
Total number of mappings: 215


VM Arguments:
jvm_args: --add-modules=ALL-SYSTEM --add-opens=java.base/java.util=ALL-UNNAMED --add-opens=java.base/java.lang=ALL-UNNAMED --add-opens=java.base/sun.nio.fs=ALL-UNNAMED -Declipse.application=org.eclipse.jdt.ls.core.id1 -Dosgi.bundles.defaultStartLevel=4 -Declipse.product=org.eclipse.jdt.ls.core.product -Djava.import.generatesMetadataFilesAtProjectRoot=false -DDetectVMInstallationsJob.disabled=true -Dfile.encoding=utf8 -XX:+UseParallelGC -XX:GCTimeRatio=4 -XX:AdaptiveSizePolicyWeight=90 -Dsun.zip.disableMemoryMapping=true -Xmx1G -Xms100m -Xlog:disable -javaagent:/home/viniciussaousa/.vscode/extensions/redhat.java-1.41.1-linux-x64/lombok/lombok-1.18.36.jar -XX:+HeapDumpOnOutOfMemoryError -XX:HeapDumpPath=/home/viniciussaousa/.config/Code/User/workspaceStorage/2976abad126861622e53ec898ffa0717/redhat.java -Daether.dependencyCollector.impl=bf 
java_command: /home/viniciussaousa/.vscode/extensions/redhat.java-1.41.1-linux-x64/server/plugins/org.eclipse.equinox.launcher_1.7.0.v20250331-1702.jar -configuration /home/viniciussaousa/.config/Code/User/globalStorage/redhat.java/1.41.1/config_linux -data /home/viniciussaousa/.config/Code/User/workspaceStorage/2976abad126861622e53ec898ffa0717/redhat.java/jdt_ws --pipe=/run/user/1000/lsp-072058d8d47ab001b1d67119fba68c3e.sock
java_class_path (initial): /home/viniciussaousa/.vscode/extensions/redhat.java-1.41.1-linux-x64/server/plugins/org.eclipse.equinox.launcher_1.7.0.v20250331-1702.jar
Launcher Type: SUN_STANDARD

[Global flags]
    uintx AdaptiveSizePolicyWeight                 = 90                                        {product} {command line}
     intx CICompilerCount                          = 4                                         {product} {ergonomic}
    uintx GCTimeRatio                              = 4                                         {product} {command line}
     bool HeapDumpOnOutOfMemoryError               = true                                   {manageable} {command line}
    ccstr HeapDumpPath                             = /home/viniciussaousa/.config/Code/User/workspaceStorage/2976abad126861622e53ec898ffa0717/redhat.java         {manageable} {command line}
   size_t InitialHeapSize                          = 104857600                                 {product} {command line}
   size_t MaxHeapSize                              = 1073741824                                {product} {command line}
   size_t MaxNewSize                               = 357564416                                 {product} {ergonomic}
   size_t MinHeapDeltaBytes                        = 524288                                    {product} {ergonomic}
   size_t MinHeapSize                              = 104857600                                 {product} {command line}
   size_t NewSize                                  = 34603008                                  {product} {ergonomic}
    uintx NonNMethodCodeHeapSize                   = 5839372                                {pd product} {ergonomic}
    uintx NonProfiledCodeHeapSize                  = 122909434                              {pd product} {ergonomic}
   size_t OldSize                                  = 70254592                                  {product} {ergonomic}
    uintx ProfiledCodeHeapSize                     = 122909434                              {pd product} {ergonomic}
    uintx ReservedCodeCacheSize                    = 251658240                              {pd product} {ergonomic}
     bool SegmentedCodeCache                       = true                                      {product} {ergonomic}
   size_t SoftMaxHeapSize                          = 1073741824                             {manageable} {ergonomic}
     bool UseCompressedOops                        = true                           {product lp64_product} {ergonomic}
     bool UseParallelGC                            = true                                      {product} {command line}

Logging:
Log output configuration:
 #0: stdout all=off uptime,level,tags foldmultilines=false
 #1: stderr all=off uptime,level,tags foldmultilines=false

Environment Variables:
PATH=/home/viniciussaousa/.nvm/versions/node/v20.16.0/bin:/home/viniciussaousa/.pyenv/plugins/pyenv-virtualenv/shims:/home/viniciussaousa/.pyenv/shims:/home/viniciussaousa/.pyenv/bin:/home/viniciussaousa/anaconda3/condabin:/home/viniciussaousa/.local/bin:/usr/local/sbin:/usr/local/bin:/usr/sbin:/usr/bin:/sbin:/bin:/usr/games:/usr/local/games:/snap/bin
SHELL=/bin/bash
DISPLAY=:0
LANG=pt_BR.UTF-8
LC_NUMERIC=pt_BR.UTF-8
LC_TIME=pt_BR.UTF-8
TERM=xterm-256color

Active Locale:
LC_ALL=pt_BR.UTF-8
LC_COLLATE=pt_BR.UTF-8
LC_CTYPE=pt_BR.UTF-8
LC_MESSAGES=pt_BR.UTF-8
LC_MONETARY=pt_BR.UTF-8
LC_NUMERIC=pt_BR.UTF-8
LC_TIME=pt_BR.UTF-8

Signal Handlers:
   SIGSEGV: crash_handler in libjvm.so, mask=11100100010111111101111111111110, flags=SA_RESTART|SA_SIGINFO, unblocked
    SIGBUS: crash_handler in libjvm.so, mask=11100100010111111101111111111110, flags=SA_RESTART|SA_SIGINFO, unblocked
    SIGFPE: crash_handler in libjvm.so, mask=11100100010111111101111111111110, flags=SA_RESTART|SA_SIGINFO, unblocked
   SIGPIPE: javaSignalHandler in libjvm.so, mask=11100100010111111101111111111110, flags=SA_RESTART|SA_SIGINFO, blocked
   SIGXFSZ: javaSignalHandler in libjvm.so, mask=11100100010111111101111111111110, flags=SA_RESTART|SA_SIGINFO, blocked
    SIGILL: crash_handler in libjvm.so, mask=11100100010111111101111111111110, flags=SA_RESTART|SA_SIGINFO, unblocked
   SIGUSR2: SR_handler in libjvm.so, mask=00000000000000000000000000000000, flags=SA_RESTART|SA_SIGINFO, blocked
    SIGHUP: UserHandler in libjvm.so, mask=11100100010111111101111111111110, flags=SA_RESTART|SA_SIGINFO, blocked
    SIGINT: UserHandler in libjvm.so, mask=11100100010111111101111111111110, flags=SA_RESTART|SA_SIGINFO, blocked
   SIGTERM: UserHandler in libjvm.so, mask=11100100010111111101111111111110, flags=SA_RESTART|SA_SIGINFO, blocked
   SIGQUIT: UserHandler in libjvm.so, mask=11100100010111111101111111111110, flags=SA_RESTART|SA_SIGINFO, blocked
   SIGTRAP: crash_handler in libjvm.so, mask=11100100010111111101111111111110, flags=SA_RESTART|SA_SIGINFO, unblocked


Periodic native trim disabled

---------------  S Y S T E M  ---------------

OS:
DISTRIB_ID=Ubuntu
DISTRIB_RELEASE=24.04
DISTRIB_CODENAME=noble
DISTRIB_DESCRIPTION="Ubuntu 24.04.2 LTS"
uname: Linux 6.8.0-58-generic #60-Ubuntu SMP PREEMPT_DYNAMIC Fri Mar 14 18:29:48 UTC 2025 x86_64
OS uptime: 0 days 0:35 hours
libc: glibc 2.39 NPTL 2.39 
rlimit (soft/hard): STACK 8192k/infinity , CORE 0k/infinity , NPROC 62780/62780 , NOFILE 1048576/1048576 , AS infinity/infinity , CPU infinity/infinity , DATA infinity/infinity , FSIZE infinity/infinity , MEMLOCK 2018332k/2018332k
load average: 2,09 0,94 0,73

/proc/meminfo:
MemTotal:       16146676 kB
MemFree:         9169604 kB
MemAvailable:   11831296 kB
Buffers:          188220 kB
Cached:          3171776 kB
SwapCached:            0 kB
Active:          4161800 kB
Inactive:        1355420 kB
Active(anon):    2681380 kB
Inactive(anon):        0 kB
Active(file):    1480420 kB
Inactive(file):  1355420 kB
Unevictable:      415260 kB
Mlocked:              80 kB
SwapTotal:       2097148 kB
SwapFree:        2097148 kB
Zswap:                 0 kB
Zswapped:              0 kB
Dirty:            133924 kB
Writeback:             0 kB
AnonPages:       2572556 kB
Mapped:           842304 kB
Shmem:            524152 kB
KReclaimable:     168140 kB
Slab:             466252 kB
SReclaimable:     168140 kB
SUnreclaim:       298112 kB
KernelStack:       20272 kB
PageTables:        49352 kB
SecPageTables:         0 kB
NFS_Unstable:          0 kB
Bounce:                0 kB
WritebackTmp:          0 kB
CommitLimit:    10170484 kB
Committed_AS:   16906816 kB
VmallocTotal:   34359738367 kB
VmallocUsed:      129284 kB
VmallocChunk:          0 kB
Percpu:            12816 kB
HardwareCorrupted:     0 kB
AnonHugePages:         0 kB
ShmemHugePages:        0 kB
ShmemPmdMapped:        0 kB
FileHugePages:         0 kB
FilePmdMapped:         0 kB
Unaccepted:            0 kB
HugePages_Total:       0
HugePages_Free:        0
HugePages_Rsvd:        0
HugePages_Surp:        0
Hugepagesize:       2048 kB
Hugetlb:               0 kB
DirectMap4k:      637072 kB
DirectMap2M:     8570880 kB
DirectMap1G:     8388608 kB

/sys/kernel/mm/transparent_hugepage/enabled: always [madvise] never
/sys/kernel/mm/transparent_hugepage/hpage_pmd_size: 2097152
/sys/kernel/mm/transparent_hugepage/defrag (defrag/compaction efforts parameter): always defer defer+madvise [madvise] never

Process Memory:
Virtual Size: 3913528K (peak: 3974468K)
Resident Set Size: 113572K (peak: 113572K) (anon: 84016K, file: 29556K, shmem: 0K)
Swapped out: 0K
C-Heap outstanding allocations: 51813K, retained: 6926K
glibc malloc tunables: (default)

/proc/sys/kernel/threads-max (system-wide limit on the number of threads): 125561
/proc/sys/vm/max_map_count (maximum number of memory map areas a process may have): 1048576
/proc/sys/vm/swappiness (control to define how aggressively the kernel swaps out anonymous memory): 60
/proc/sys/kernel/pid_max (system-wide limit on number of process identifiers): 4194304

container (cgroup) information:
container_type: cgroupv2
cpu_cpuset_cpus: not supported
cpu_memory_nodes: not supported
active_processor_count: 12
cpu_quota: not supported
cpu_period: not supported
cpu_shares: not supported
memory_limit_in_bytes: unlimited
memory_and_swap_limit_in_bytes: unlimited
memory_soft_limit_in_bytes: unlimited
memory_usage_in_bytes: 1917764 k
memory_max_usage_in_bytes: not supported
memory_swap_current_in_bytes: unlimited
memory_swap_max_limit_in_bytes: unlimited
maximum number of tasks: 18834
current number of tasks: 264

Steal ticks since vm start: 0
Steal ticks percentage since vm start:  0,000

CPU: total 12 (initial active 12) (6 cores per cpu, 2 threads per core) family 6 model 165 stepping 2 microcode 0x100, cx8, cmov, fxsr, ht, mmx, 3dnowpref, sse, sse2, sse3, ssse3, sse4.1, sse4.2, popcnt, lzcnt, tsc, tscinvbit, avx, avx2, aes, erms, clmul, bmi1, bmi2, adx, fma, vzeroupper, clflush, clflushopt, rdtscp, f16c, pku, ospke
CPU Model and flags from /proc/cpuinfo:
model name	: Intel(R) Core(TM) i5-10500H CPU @ 2.50GHz
flags		: fpu vme de pse tsc msr pae mce cx8 apic sep mtrr pge mca cmov pat pse36 clflush dts acpi mmx fxsr sse sse2 ss ht tm pbe syscall nx pdpe1gb rdtscp lm constant_tsc art arch_perfmon pebs bts rep_good nopl xtopology nonstop_tsc cpuid aperfmperf pni pclmulqdq dtes64 monitor ds_cpl vmx est tm2 ssse3 sdbg fma cx16 xtpr pdcm pcid sse4_1 sse4_2 x2apic movbe popcnt tsc_deadline_timer aes xsave avx f16c rdrand lahf_lm abm 3dnowprefetch cpuid_fault epb ssbd ibrs ibpb stibp ibrs_enhanced tpr_shadow flexpriority ept vpid ept_ad fsgsbase tsc_adjust bmi1 avx2 smep bmi2 erms invpcid mpx rdseed adx smap clflushopt intel_pt xsaveopt xsavec xgetbv1 xsaves dtherm ida arat pln pts hwp hwp_notify hwp_act_window hwp_epp vnmi pku ospke md_clear flush_l1d arch_capabilities

Online cpus: 0-11
Offline cpus: 
BIOS frequency limitation: <Not Available>
Frequency switch latency (ns): 0
Available cpu frequencies: <Not Available>
Current governor: powersave
Core performance/turbo boost: <Not Available>

Memory: 4k page, physical 16146676k(11831296k free), swap 2097148k(2097148k free)
Page Sizes: 4k

vm_info: OpenJDK 64-Bit Server VM (21.0.6+7-LTS) for linux-amd64 JRE (21.0.6+7-LTS), built on 2025-01-21T00:00:00Z by "admin" with gcc 11.3.0

END.
