#
# A fatal error has been detected by the Java Runtime Environment:
#
#  SIGSEGV (0xb) at pc=0x00007c56bd0397e5, pid=7652, tid=7665
#
# JRE version: OpenJDK Runtime Environment Temurin-21.0.6+7 (21.0.6+7) (build 21.0.6+7-LTS)
# Java VM: OpenJDK 64-Bit Server VM Temurin-21.0.6+7 (21.0.6+7-LTS, mixed mode, sharing, tiered, compressed oops, compressed class ptrs, parallel gc, linux-amd64)
# Problematic frame:
# V  [libjvm.so+0x6397e5]  PhaseAggressiveCoalesce::insert_copies(Matcher&)+0x375
#
# Core dump will be written. Default location: Core dumps may be processed with "/usr/share/apport/apport -p%p -s%s -c%c -d%d -P%P -u%u -g%g -- %E" (or dumping to /home/viniciussaousa/Documentos/projeto_programa/lab6/core.7652)
#
# If you would like to submit a bug report, please visit:
#   https://github.com/adoptium/adoptium-support/issues
#

---------------  S U M M A R Y ------------

Command Line: --add-modules=ALL-SYSTEM --add-opens=java.base/java.util=ALL-UNNAMED --add-opens=java.base/java.lang=ALL-UNNAMED --add-opens=java.base/sun.nio.fs=ALL-UNNAMED -Declipse.application=org.eclipse.jdt.ls.core.id1 -Dosgi.bundles.defaultStartLevel=4 -Declipse.product=org.eclipse.jdt.ls.core.product -Djava.import.generatesMetadataFilesAtProjectRoot=false -DDetectVMInstallationsJob.disabled=true -Dfile.encoding=utf8 -XX:+UseParallelGC -XX:GCTimeRatio=4 -XX:AdaptiveSizePolicyWeight=90 -Dsun.zip.disableMemoryMapping=true -Xmx1G -Xms100m -Xlog:disable -javaagent:/home/viniciussaousa/.vscode/extensions/redhat.java-1.41.1-linux-x64/lombok/lombok-1.18.36.jar -XX:+HeapDumpOnOutOfMemoryError -XX:HeapDumpPath=/home/viniciussaousa/.config/Code/User/workspaceStorage/2976abad126861622e53ec898ffa0717/redhat.java -Daether.dependencyCollector.impl=bf /home/viniciussaousa/.vscode/extensions/redhat.java-1.41.1-linux-x64/server/plugins/org.eclipse.equinox.launcher_1.7.0.v20250331-1702.jar -configuration /home/viniciussaousa/.config/Code/User/globalStorage/redhat.java/1.41.1/config_linux -data /home/viniciussaousa/.config/Code/User/workspaceStorage/2976abad126861622e53ec898ffa0717/redhat.java/jdt_ws --pipe=/run/user/1000/lsp-8323397e87e5c37dfc3cfdcc92671329.sock

Host: Intel(R) Core(TM) i5-10500H CPU @ 2.50GHz, 12 cores, 15G, Ubuntu 24.04.2 LTS
Time: Sat May  3 22:12:27 2025 -04 elapsed time: 1.541740 seconds (0d 0h 0m 1s)

---------------  T H R E A D  ---------------

Current thread (0x00007c56380a7740):  JavaThread "C2 CompilerThread1" daemon [_thread_in_native, id=7665, stack(0x00007c565c084000,0x00007c565c184000) (1024K)]


Current CompileTask:
C2:1541 3376       4       java.lang.invoke.MethodType::makeImpl (109 bytes)

Stack: [0x00007c565c084000,0x00007c565c184000],  sp=0x00007c565c180100,  free space=1008k
Native frames: (J=compiled Java code, j=interpreted, Vv=VM code, C=native code)
V  [libjvm.so+0x6397e5]  PhaseAggressiveCoalesce::insert_copies(Matcher&)+0x375
V  [libjvm.so+0x5c5b79]  PhaseChaitin::Register_Allocate()+0x269
V  [libjvm.so+0x66da86]  Compile::Code_Gen()+0x326
V  [libjvm.so+0x671bfd]  Compile::Compile(ciEnv*, ciMethod*, int, Options, DirectiveSet*)+0x151d
V  [libjvm.so+0x59859b]  C2Compiler::compile_method(ciEnv*, ciMethod*, int, bool, DirectiveSet*)+0x18b
V  [libjvm.so+0x677a9e]  CompileBroker::invoke_compiler_on_method(CompileTask*)+0xc9e
V  [libjvm.so+0x67ac88]  CompileBroker::compiler_thread_loop()+0x6a8
V  [libjvm.so+0x928c08]  JavaThread::thread_main_inner()+0x1d8
V  [libjvm.so+0xf78778]  Thread::call_run()+0xa8
V  [libjvm.so+0xd042ba]  thread_native_entry(Thread*)+0xda
C  [libc.so.6+0x9caa4]

siginfo: si_signo: 11 (SIGSEGV), si_code: 128 (SI_KERNEL), si_addr: 0x0000000000000000

Registers:
RAX=0x00007c561c1f4a48, RBX=0x00000000000001a8, RCX=0x00000000000001b8, RDX=0x00007c565c1802d0
RSP=0x00007c565c180100, RBP=0x00007c565c1801a0, RSI=0x0000000000000002, RDI=0x00007c561c1f4d18
R8 =0x0000000000000095, R9 =0x00007c561c1f56b8, R10=0x0000000000000095, R11=0x00007c563842bc38
R12=0x00007c565c1802d0, R13=0x00807c56344a08a0, R14=0x00007c561c1f4980, R15=0x00007c563444d4d0
RIP=0x00007c56bd0397e5, EFLAGS=0x0000000000010287, CSGSFS=0x002b000000000033, ERR=0x0000000000000000
  TRAPNO=0x000000000000000d

XMM[0]=0x0000000000000000 0x0000000000000000
XMM[1]=0x0000000000000000 0x3ff8000000000000
XMM[2]=0x00007c56343e5278 0x00007c56385758e0
XMM[3]=0x00007c56343e5ba0 0x00007c56343e52c0
XMM[4]=0x00007c56301679d8 0x00007c5630165b00
XMM[5]=0x00007c56340475f0 0x00007c56340462a0
XMM[6]=0x00007c5634043a08 0x00007c563844b4c0
XMM[7]=0x00007c563814c038 0x00007c563814c858
XMM[8]=0x00007c561c1481c8 0x00007c561c147bb0
XMM[9]=0x00007c563049a110 0x00007c563049a0b0
XMM[10]=0x00007c5630499ab0 0x00007c5630499b70
XMM[11]=0x00007c5630499b10 0x00007c5630499bd0
XMM[12]=0x00007c5630499a50 0x00007c56304999f0
XMM[13]=0x0000000000000000 0x00007c5630499ed0
XMM[14]=0x0000000000000000 0x00007c5630499f90
XMM[15]=0x0000000000000000 0x00007c563049a050
  MXCSR=0x00001fa0


Register to memory mapping:

RAX=0x00007c561c1f4a48 points into unknown readable memory: 0x00007c5634620cc0 | c0 0c 62 34 56 7c 00 00
RBX=0x00000000000001a8 is an unknown value
RCX=0x00000000000001b8 is an unknown value
RDX=0x00007c565c1802d0 is pointing into the stack for thread: 0x00007c56380a7740
RSP=0x00007c565c180100 is pointing into the stack for thread: 0x00007c56380a7740
RBP=0x00007c565c1801a0 is pointing into the stack for thread: 0x00007c56380a7740
RSI=0x0000000000000002 is an unknown value
RDI=0x00007c561c1f4d18 points into unknown readable memory: 0x00007c56bdebfd08 | 08 fd eb bd 56 7c 00 00
R8 =0x0000000000000095 is an unknown value
R9 =0x00007c561c1f56b8 points into unknown readable memory: 0x00007c56bdebfd08 | 08 fd eb bd 56 7c 00 00
R10=0x0000000000000095 is an unknown value
R11=0x00007c563842bc38 points into unknown readable memory: 0x00007c563432ba68 | 68 ba 32 34 56 7c 00 00
R12=0x00007c565c1802d0 is pointing into the stack for thread: 0x00007c56380a7740
R13=0x00807c56344a08a0 is an unknown value
R14=0x00007c561c1f4980 points into unknown readable memory: 0x00007c56bde72cb0 | b0 2c e7 bd 56 7c 00 00
R15=0x00007c563444d4d0 points into unknown readable memory: 0x00007c56bde73a28 | 28 3a e7 bd 56 7c 00 00

Top of Stack: (sp=0x00007c565c180100)
0x00007c565c180100:   00007c565c1805a0 000000020000000e
0x00007c565c180110:   0000000000000010 00007c5634620d40
0x00007c565c180120:   00000000000003a4 00007c561c203c70
0x00007c565c180130:   00007c565c1802d0 00007c5600000095
0x00007c565c180140:   0000000000000004 00007c5634620d30
0x00007c565c180150:   0000000000000018 00007c565c1802d0
0x00007c565c180160:   00007c565c1802d0 00000c1b5c180390
0x00007c565c180170:   00007c563000e8f0 00007c565c1805a0
0x00007c565c180180:   00007c565c180260 00007c565c180390
0x00007c565c180190:   00007c563000e8f0 00007c565c180330
0x00007c565c1801a0:   00007c565c180480 00007c56bcfc5b79
0x00007c565c1801b0:   0000000000000000 0000000000000000
0x00007c565c1801c0:   00000000000003d8 00007c563000ecd8
0x00007c565c1801d0:   00007c565c180230 00007c565c180290
0x00007c565c1801e0:   00007c565c1802d0 00007c563000e900
0x00007c565c1801f0:   00007c563000e8f0 00007c563000e900
0x00007c565c180200:   00007c565c180260 00007c563000e8f0
0x00007c565c180210:   00007c563000e900 00007c563000ecd8
0x00007c565c180220:   00000000000003d8 c4334bb0eaa02900
0x00007c565c180230:   0000000000000007 00007c5630002450
0x00007c565c180240:   00007c5630002450 00007c5630002460
0x00007c565c180250:   00007c5630002838 00000000000003d8
0x00007c565c180260:   00007c565c180207 00007c563000e8f0
0x00007c565c180270:   00007c561c3717e0 00007c561c378450
0x00007c565c180280:   00007c561c3797c8 0000000000167c18
0x00007c565c180290:   000000000000000c 00007c565c181ad0
0x00007c565c1802a0:   00007c56307b0e50 00007c56bd6f8301
0x00007c565c1802b0:   00007c5630816770 0000000000000a28
0x00007c565c1802c0:   00007c565c180260 00007c563000e900
0x00007c565c1802d0:   00007c56bde16f38 00007c560000000d
0x00007c565c1802e0:   00007c565c181ad0 00007c565c1805a0
0x00007c565c1802f0:   00007c560000264e 0000000000000002 

Instructions: (pc=0x00007c56bd0397e5)
0x00007c56bd0396e5:   a4 07 ae 00 e8 d2 27 f9 ff 4c 89 e7 48 8d 35 95
0x00007c56bd0396f5:   07 ae 00 e8 43 07 03 00 48 8b 45 b8 4c 8b 60 10
0x00007c56bd039705:   49 8b 84 24 68 01 00 00 48 83 78 58 00 0f 85 7e
0x00007c56bd039715:   ff ff ff 49 83 bc 24 80 01 00 00 00 0f 85 6f ff
0x00007c56bd039725:   ff ff 4c 8b 65 b8 49 8b 44 24 18 48 8b 50 48 8b
0x00007c56bd039735:   45 80 48 8b 4a 30 48 8b 3c c1 8b 47 18 48 89 7d
0x00007c56bd039745:   a8 85 c0 0f 84 18 a5 c6 ff 48 8b 4f 20 83 7f 28
0x00007c56bd039755:   01 48 8b 09 8b 71 18 48 89 f9 89 b5 6c ff ff ff
0x00007c56bd039765:   0f 86 c5 10 00 00 8d 56 fe 48 83 c1 10 c7 45 a0
0x00007c56bd039775:   01 00 00 00 48 8d 3c d5 10 00 00 00 48 89 8d 78
0x00007c56bd039785:   ff ff ff 48 89 bd 70 ff ff ff 90 8b 4d a0 39 c1
0x00007c56bd039795:   0f 83 cb a4 c6 ff 89 c8 48 8b 4d a8 bb 08 00 00
0x00007c56bd0397a5:   00 48 8b 51 20 4c 8b 34 c2 4c 89 e2 41 8b 4e 18
0x00007c56bd0397b5:   48 89 c8 48 c1 e1 03 83 f8 01 77 1c e9 65 01 00
0x00007c56bd0397c5:   00 66 2e 0f 1f 84 00 00 00 00 00 48 83 c3 08 48
0x00007c56bd0397d5:   39 cb 0f 84 4b 01 00 00 49 8b 46 08 4c 8b 2c 18
0x00007c56bd0397e5:   41 f6 45 30 01 74 e4 4c 8b 7a 18 49 8b 45 08 49
0x00007c56bd0397f5:   8b b7 08 01 00 00 4c 8b 40 08 49 8d bf e0 00 00
0x00007c56bd039805:   00 49 63 45 28 4c 63 14 86 49 8b 87 f0 00 00 00
0x00007c56bd039815:   46 8b 24 90 45 39 e2 74 4b 44 89 d6 48 89 55 90
0x00007c56bd039825:   48 89 4d 98 4c 89 45 b0 e8 1e 7a f8 ff 49 63 75
0x00007c56bd039835:   28 48 8b 55 90 41 89 c4 49 8b 87 08 01 00 00 48
0x00007c56bd039845:   8b 4d 98 4c 8b 45 b0 44 89 24 b0 4c 8b 7a 18 49
0x00007c56bd039855:   8b b7 08 01 00 00 49 8b 87 f0 00 00 00 49 8d bf
0x00007c56bd039865:   e0 00 00 00 4d 63 48 28 4e 63 0c 8e 42 8b 04 88
0x00007c56bd039875:   4c 89 ce 41 39 c1 74 2b 48 89 55 90 48 89 4d 98
0x00007c56bd039885:   4c 89 45 b0 e8 c2 79 f8 ff 4c 8b 45 b0 49 8b b7
0x00007c56bd039895:   08 01 00 00 48 8b 55 90 48 8b 4d 98 49 63 78 28
0x00007c56bd0398a5:   89 04 be 44 39 e0 0f 85 1f ff ff ff 4d 8b 56 08
0x00007c56bd0398b5:   49 01 da 49 8b 3a 48 85 ff 74 2e 4c 8b 4f 10 4d
0x00007c56bd0398c5:   85 c9 74 25 8b 47 20 48 89 c6 49 8d 04 c1 0f 1f
0x00007c56bd0398d5:   44 00 00 48 83 e8 08 4c 3b 30 75 f7 83 ee 01 89 


Stack slot to memory mapping:

stack at sp + 0 slots: 0x00007c565c1805a0 is pointing into the stack for thread: 0x00007c56380a7740
stack at sp + 1 slots: 0x000000020000000e is an unknown value
stack at sp + 2 slots: 0x0000000000000010 is an unknown value
stack at sp + 3 slots: 0x00007c5634620d40 points into unknown readable memory: 0x00007c565c181d50 | 50 1d 18 5c 56 7c 00 00
stack at sp + 4 slots: 0x00000000000003a4 is an unknown value
stack at sp + 5 slots: 0x00007c561c203c70 points into unknown readable memory: 0x00007c56bdeb95a0 | a0 95 eb bd 56 7c 00 00
stack at sp + 6 slots: 0x00007c565c1802d0 is pointing into the stack for thread: 0x00007c56380a7740
stack at sp + 7 slots: 0x00007c5600000095 points into unknown readable memory: 7c 00 00


---------------  P R O C E S S  ---------------

Threads class SMR info:
_java_thread_list=0x00007c55dc003420, length=23, elements={
0x00007c56b802a900, 0x00007c56b81c0fd0, 0x00007c56b81c2500, 0x00007c56b81c3c50,
0x00007c56b81c5250, 0x00007c56b81c67b0, 0x00007c56b81c82b0, 0x00007c56b81c9930,
0x00007c56b81d9c70, 0x00007c56380a7740, 0x00007c56b82a0b40, 0x00007c563826abb0,
0x00007c56b84a4680, 0x00007c56b84e3680, 0x00007c561001b110, 0x00007c56b85100f0,
0x00007c560823ff90, 0x00007c560845abc0, 0x00007c56084c52d0, 0x00007c5608333180,
0x00007c560827b570, 0x00007c56083fb3f0, 0x00007c55dc0022e0
}

Java Threads: ( => current thread )
  0x00007c56b802a900 JavaThread "main"                              [_thread_blocked, id=7653, stack(0x00007c56bc817000,0x00007c56bc917000) (1024K)]
  0x00007c56b81c0fd0 JavaThread "Reference Handler"          daemon [_thread_blocked, id=7657, stack(0x00007c565c884000,0x00007c565c984000) (1024K)]
  0x00007c56b81c2500 JavaThread "Finalizer"                  daemon [_thread_blocked, id=7658, stack(0x00007c565c784000,0x00007c565c884000) (1024K)]
  0x00007c56b81c3c50 JavaThread "Signal Dispatcher"          daemon [_thread_blocked, id=7659, stack(0x00007c565c684000,0x00007c565c784000) (1024K)]
  0x00007c56b81c5250 JavaThread "Service Thread"             daemon [_thread_blocked, id=7660, stack(0x00007c565c584000,0x00007c565c684000) (1024K)]
  0x00007c56b81c67b0 JavaThread "Monitor Deflation Thread"   daemon [_thread_blocked, id=7661, stack(0x00007c565c484000,0x00007c565c584000) (1024K)]
  0x00007c56b81c82b0 JavaThread "C2 CompilerThread0"         daemon [_thread_blocked, id=7662, stack(0x00007c565c384000,0x00007c565c484000) (1024K)]
  0x00007c56b81c9930 JavaThread "C1 CompilerThread0"         daemon [_thread_in_vm, id=7663, stack(0x00007c565c284000,0x00007c565c384000) (1024K)]
  0x00007c56b81d9c70 JavaThread "Common-Cleaner"             daemon [_thread_blocked, id=7664, stack(0x00007c565c184000,0x00007c565c284000) (1024K)]
=>0x00007c56380a7740 JavaThread "C2 CompilerThread1"         daemon [_thread_in_native, id=7665, stack(0x00007c565c084000,0x00007c565c184000) (1024K)]
  0x00007c56b82a0b40 JavaThread "Notification Thread"        daemon [_thread_blocked, id=7667, stack(0x00007c562bf00000,0x00007c562c000000) (1024K)]
  0x00007c563826abb0 JavaThread "C2 CompilerThread2"         daemon [_thread_blocked, id=7738, stack(0x00007c562be00000,0x00007c562bf00000) (1024K)]
  0x00007c56b84a4680 JavaThread "Active Thread: Equinox Container: 0947e103-037c-4c03-a2dd-6393353c7fb3"        [_thread_blocked, id=7752, stack(0x00007c562b9fd000,0x00007c562bafd000) (1024K)]
  0x00007c56b84e3680 JavaThread "Refresh Thread: Equinox Container: 0947e103-037c-4c03-a2dd-6393353c7fb3" daemon [_thread_blocked, id=7754, stack(0x00007c562b8fd000,0x00007c562b9fd000) (1024K)]
  0x00007c561001b110 JavaThread "Framework Event Dispatcher: Equinox Container: 0947e103-037c-4c03-a2dd-6393353c7fb3" daemon [_thread_blocked, id=7755, stack(0x00007c562b7fd000,0x00007c562b8fd000) (1024K)]
  0x00007c56b85100f0 JavaThread "Start Level: Equinox Container: 0947e103-037c-4c03-a2dd-6393353c7fb3" daemon [_thread_in_vm, id=7756, stack(0x00007c562b6fd000,0x00007c562b7fd000) (1024K)]
  0x00007c560823ff90 JavaThread "Bundle File Closer"         daemon [_thread_blocked, id=7759, stack(0x00007c562b4fc000,0x00007c562b5fc000) (1024K)]
  0x00007c560845abc0 JavaThread "SCR Component Actor"        daemon [_thread_blocked, id=7764, stack(0x00007c562b2fb000,0x00007c562b3fb000) (1024K)]
  0x00007c56084c52d0 JavaThread "SCR Component Registry"     daemon [_thread_blocked, id=7767, stack(0x00007c562b1fb000,0x00007c562b2fb000) (1024K)]
  0x00007c5608333180 JavaThread "Worker-JM"                         [_thread_blocked, id=7773, stack(0x00007c562aef9000,0x00007c562aff9000) (1024K)]
  0x00007c560827b570 JavaThread "Worker-0: Checking project encoding"        [_thread_blocked, id=7775, stack(0x00007c562adf9000,0x00007c562aef9000) (1024K)]
  0x00007c56083fb3f0 JavaThread "Worker-1"                          [_thread_blocked, id=7776, stack(0x00007c562acf9000,0x00007c562adf9000) (1024K)]
  0x00007c55dc0022e0 JavaThread "Worker-2"                          [_thread_blocked, id=7777, stack(0x00007c562abf9000,0x00007c562acf9000) (1024K)]
Total: 23

Other Threads:
  0x00007c56b81adbf0 VMThread "VM Thread"                           [id=7656, stack(0x00007c565cbfd000,0x00007c565ccfd000) (1024K)]
  0x00007c56b8052210 WatcherThread "VM Periodic Task Thread"        [id=7655, stack(0x00007c56bc068000,0x00007c56bc168000) (1024K)]
  0x00007c56b8043280 WorkerThread "GC Thread#0"                     [id=7654, stack(0x00007c56bc340000,0x00007c56bc440000) (1024K)]
  0x00007c564c0017b0 WorkerThread "GC Thread#1"                     [id=7744, stack(0x00007c562bd00000,0x00007c562be00000) (1024K)]
  0x00007c564c0038d0 WorkerThread "GC Thread#2"                     [id=7745, stack(0x00007c562bbff000,0x00007c562bcff000) (1024K)]
  0x00007c564c0043b0 WorkerThread "GC Thread#3"                     [id=7746, stack(0x00007c562bafe000,0x00007c562bbfe000) (1024K)]
  0x00007c564c004fd0 WorkerThread "GC Thread#4"                     [id=7757, stack(0x00007c562b5fd000,0x00007c562b6fd000) (1024K)]
  0x00007c564c005f10 WorkerThread "GC Thread#5"                     [id=7763, stack(0x00007c562b3fc000,0x00007c562b4fc000) (1024K)]
  0x00007c564c007160 WorkerThread "GC Thread#6"                     [id=7771, stack(0x00007c562b0fb000,0x00007c562b1fb000) (1024K)]
  0x00007c564c007b80 WorkerThread "GC Thread#7"                     [id=7772, stack(0x00007c562affa000,0x00007c562b0fa000) (1024K)]
  0x00007c564c006a90 WorkerThread "GC Thread#8"                     [id=7778, stack(0x00007c562aaf9000,0x00007c562abf9000) (1024K)]
  0x00007c564c003190 WorkerThread "GC Thread#9"                     [id=7779, stack(0x00007c562a9f8000,0x00007c562aaf8000) (1024K)]
Total: 12

Threads with active compile tasks:
C2 CompilerThread1  1545 3376       4       java.lang.invoke.MethodType::makeImpl (109 bytes)
Total: 1

VM state: not at safepoint (normal execution)

VM Mutex/Monitor currently owned by a thread: None

Heap address: 0x00000000c0000000, size: 1024 MB, Compressed Oops mode: 32-bit

CDS archive(s) mapped at: [0x00007c565d000000-0x00007c565dbb6000-0x00007c565dbb6000), size 12279808, SharedBaseAddress: 0x00007c565d000000, ArchiveRelocationMode: 1.
Compressed class space mapped at: 0x00007c565e000000-0x00007c569e000000, reserved size: 1073741824
Narrow klass base: 0x00007c565d000000, Narrow klass shift: 0, Narrow klass range: 0x100000000

GC Precious Log:
 CardTable entry size: 512
 CPUs: 12 total, 12 available
 Memory: 15768M
 Large Page Support: Disabled
 NUMA Support: Disabled
 Compressed Oops: Enabled (32-bit)
 Alignments: Space 512K, Generation 512K, Heap 2M
 Heap Min Capacity: 100M
 Heap Initial Capacity: 100M
 Heap Max Capacity: 1G
 Pre-touch: Disabled
 Parallel Workers: 10

Heap:
 PSYoungGen      total 29696K, used 11580K [0x00000000eab00000, 0x00000000ece00000, 0x0000000100000000)
  eden space 24576K, 27% used [0x00000000eab00000,0x00000000eb1a3d68,0x00000000ec300000)
  from space 5120K, 93% used [0x00000000ec900000,0x00000000ecdab2d0,0x00000000ece00000)
  to   space 5120K, 0% used [0x00000000ec400000,0x00000000ec400000,0x00000000ec900000)
 ParOldGen       total 68608K, used 8695K [0x00000000c0000000, 0x00000000c4300000, 0x00000000eab00000)
  object space 68608K, 12% used [0x00000000c0000000,0x00000000c087dfa0,0x00000000c4300000)
 Metaspace       used 19584K, committed 20352K, reserved 1114112K
  class space    used 1964K, committed 2304K, reserved 1048576K

Card table byte_map: [0x00007c56bc440000,0x00007c56bc641000] _byte_map_base: 0x00007c56bbe40000

Marking Bits: (ParMarkBitMap*) 0x00007c56bdf4af20
 Begin Bits: [0x00007c569e000000, 0x00007c569f000000)
 End Bits:   [0x00007c569f000000, 0x00007c56a0000000)

Polling page: 0x00007c56be30c000

Metaspace:

Usage:
  Non-class:     17,21 MB used.
      Class:      1,92 MB used.
       Both:     19,13 MB used.

Virtual space:
  Non-class space:       64,00 MB reserved,      17,62 MB ( 28%) committed,  1 nodes.
      Class space:        1,00 GB reserved,       2,25 MB ( <1%) committed,  1 nodes.
             Both:        1,06 GB reserved,      19,88 MB (  2%) committed. 

Chunk freelists:
   Non-Class:  14,12 MB
       Class:  13,59 MB
        Both:  27,71 MB

MaxMetaspaceSize: unlimited
CompressedClassSpaceSize: 1,00 GB
Initial GC threshold: 21,00 MB
Current GC threshold: 21,00 MB
CDS: on
 - commit_granule_bytes: 65536.
 - commit_granule_words: 8192.
 - virtual_space_node_default_size: 8388608.
 - enlarge_chunks_in_place: 1.
 - use_allocation_guard: 0.


Internal statistics:

num_allocs_failed_limit: 0.
num_arena_births: 564.
num_arena_deaths: 0.
num_vsnodes_births: 2.
num_vsnodes_deaths: 0.
num_space_committed: 318.
num_space_uncommitted: 0.
num_chunks_returned_to_freelist: 0.
num_chunks_taken_from_freelist: 1305.
num_chunk_merges: 0.
num_chunk_splits: 849.
num_chunks_enlarged: 546.
num_inconsistent_stats: 0.

CodeHeap 'non-profiled nmethods': size=120028Kb used=1514Kb max_used=1514Kb free=118513Kb
 bounds [0x00007c56ad8c9000, 0x00007c56adb39000, 0x00007c56b4e00000]
CodeHeap 'profiled nmethods': size=120028Kb used=7146Kb max_used=7146Kb free=112881Kb
 bounds [0x00007c56a5e00000, 0x00007c56a6500000, 0x00007c56ad337000]
CodeHeap 'non-nmethods': size=5704Kb used=1269Kb max_used=1318Kb free=4434Kb
 bounds [0x00007c56ad337000, 0x00007c56ad5a7000, 0x00007c56ad8c9000]
 total_blobs=4145 nmethods=3594 adapters=458
 compilation: enabled
              stopped_count=0, restarted_count=0
 full_count=0

Compilation events (20 events):
Event: 1,533 Thread 0x00007c56b81c9930 3574       3       jdk.internal.org.objectweb.asm.FieldVisitor::<init> (78 bytes)
Event: 1,533 Thread 0x00007c56b81c9930 nmethod 3574 0x00007c56a64ef090 code [0x00007c56a64ef2c0, 0x00007c56a64efa00]
Event: 1,534 Thread 0x00007c56b81c9930 3576       3       jdk.internal.reflect.ByteVectorImpl::add (38 bytes)
Event: 1,534 Thread 0x00007c56b81c9930 nmethod 3576 0x00007c56a64efc90 code [0x00007c56a64efe40, 0x00007c56a64f0010]
Event: 1,534 Thread 0x00007c56b81c9930 3575       3       jdk.internal.reflect.ClassFileAssembler::emitByte (11 bytes)
Event: 1,534 Thread 0x00007c56b81c9930 nmethod 3575 0x00007c56a64f0110 code [0x00007c56a64f02c0, 0x00007c56a64f0440]
Event: 1,535 Thread 0x00007c56b81c9930 3577       3       jdk.internal.reflect.ClassFileAssembler::emitShort (24 bytes)
Event: 1,536 Thread 0x00007c56b81c9930 nmethod 3577 0x00007c56a64f0510 code [0x00007c56a64f06e0, 0x00007c56a64f09c8]
Event: 1,536 Thread 0x00007c56b81c9930 3578       3       jdk.internal.reflect.ClassFileAssembler::cpi (22 bytes)
Event: 1,536 Thread 0x00007c56b81c9930 nmethod 3578 0x00007c56a64f0b90 code [0x00007c56a64f0d40, 0x00007c56a64f0f50]
Event: 1,536 Thread 0x00007c56b81c9930 3580       3       jdk.internal.reflect.ClassFileAssembler::emitConstantPoolUTF8 (50 bytes)
Event: 1,537 Thread 0x00007c56b81c9930 nmethod 3580 0x00007c56a64f1010 code [0x00007c56a64f1240, 0x00007c56a64f18b0]
Event: 1,537 Thread 0x00007c56b81c9930 3579       3       jdk.internal.reflect.UTF8::utf8Length (81 bytes)
Event: 1,537 Thread 0x00007c56b81c9930 nmethod 3579 0x00007c56a64f1c90 code [0x00007c56a64f1ec0, 0x00007c56a64f2700]
Event: 1,537 Thread 0x00007c56b81c9930 3581       3       jdk.internal.reflect.ByteVectorImpl::getLength (7 bytes)
Event: 1,537 Thread 0x00007c56b81c9930 nmethod 3581 0x00007c56a64f2a90 code [0x00007c56a64f2c20, 0x00007c56a64f2d28]
Event: 1,538 Thread 0x00007c56b81c9930 3583       3       java.util.Collections::singleton (9 bytes)
Event: 1,538 Thread 0x00007c56b81c9930 nmethod 3583 0x00007c56a64f2d90 code [0x00007c56a64f2f40, 0x00007c56a64f3210]
Event: 1,538 Thread 0x00007c56b81c9930 3582       1       org.apache.felix.scr.impl.metadata.ReferenceMetadata::isStatic (5 bytes)
Event: 1,538 Thread 0x00007c56b81c9930 nmethod 3582 0x00007c56ada42490 code [0x00007c56ada42620, 0x00007c56ada426e8]

GC Heap History (12 events):
Event: 0,361 GC heap before
{Heap before GC invocations=1 (full 0):
 PSYoungGen      total 29696K, used 25600K [0x00000000eab00000, 0x00000000ecc00000, 0x0000000100000000)
  eden space 25600K, 100% used [0x00000000eab00000,0x00000000ec400000,0x00000000ec400000)
  from space 4096K, 0% used [0x00000000ec800000,0x00000000ec800000,0x00000000ecc00000)
  to   space 4096K, 0% used [0x00000000ec400000,0x00000000ec400000,0x00000000ec800000)
 ParOldGen       total 68608K, used 1066K [0x00000000c0000000, 0x00000000c4300000, 0x00000000eab00000)
  object space 68608K, 1% used [0x00000000c0000000,0x00000000c010aa80,0x00000000c4300000)
 Metaspace       used 4430K, committed 4608K, reserved 1114112K
  class space    used 449K, committed 512K, reserved 1048576K
}
Event: 0,364 GC heap after
{Heap after GC invocations=1 (full 0):
 PSYoungGen      total 29696K, used 2853K [0x00000000eab00000, 0x00000000ecc00000, 0x0000000100000000)
  eden space 25600K, 0% used [0x00000000eab00000,0x00000000eab00000,0x00000000ec400000)
  from space 4096K, 69% used [0x00000000ec400000,0x00000000ec6c97f0,0x00000000ec800000)
  to   space 4096K, 0% used [0x00000000ec800000,0x00000000ec800000,0x00000000ecc00000)
 ParOldGen       total 68608K, used 1074K [0x00000000c0000000, 0x00000000c4300000, 0x00000000eab00000)
  object space 68608K, 1% used [0x00000000c0000000,0x00000000c010ca80,0x00000000c4300000)
 Metaspace       used 4430K, committed 4608K, reserved 1114112K
  class space    used 449K, committed 512K, reserved 1048576K
}
Event: 0,619 GC heap before
{Heap before GC invocations=2 (full 0):
 PSYoungGen      total 29696K, used 28453K [0x00000000eab00000, 0x00000000ecc00000, 0x0000000100000000)
  eden space 25600K, 100% used [0x00000000eab00000,0x00000000ec400000,0x00000000ec400000)
  from space 4096K, 69% used [0x00000000ec400000,0x00000000ec6c97f0,0x00000000ec800000)
  to   space 4096K, 0% used [0x00000000ec800000,0x00000000ec800000,0x00000000ecc00000)
 ParOldGen       total 68608K, used 1074K [0x00000000c0000000, 0x00000000c4300000, 0x00000000eab00000)
  object space 68608K, 1% used [0x00000000c0000000,0x00000000c010ca80,0x00000000c4300000)
 Metaspace       used 8079K, committed 8384K, reserved 1114112K
  class space    used 800K, committed 960K, reserved 1048576K
}
Event: 0,623 GC heap after
{Heap after GC invocations=2 (full 0):
 PSYoungGen      total 29696K, used 4085K [0x00000000eab00000, 0x00000000ecc00000, 0x0000000100000000)
  eden space 25600K, 0% used [0x00000000eab00000,0x00000000eab00000,0x00000000ec400000)
  from space 4096K, 99% used [0x00000000ec800000,0x00000000ecbfd7e0,0x00000000ecc00000)
  to   space 4096K, 0% used [0x00000000ec400000,0x00000000ec400000,0x00000000ec800000)
 ParOldGen       total 68608K, used 2250K [0x00000000c0000000, 0x00000000c4300000, 0x00000000eab00000)
  object space 68608K, 3% used [0x00000000c0000000,0x00000000c0232aa0,0x00000000c4300000)
 Metaspace       used 8079K, committed 8384K, reserved 1114112K
  class space    used 800K, committed 960K, reserved 1048576K
}
Event: 0,785 GC heap before
{Heap before GC invocations=3 (full 0):
 PSYoungGen      total 29696K, used 29685K [0x00000000eab00000, 0x00000000ecc00000, 0x0000000100000000)
  eden space 25600K, 100% used [0x00000000eab00000,0x00000000ec400000,0x00000000ec400000)
  from space 4096K, 99% used [0x00000000ec800000,0x00000000ecbfd7e0,0x00000000ecc00000)
  to   space 4096K, 0% used [0x00000000ec400000,0x00000000ec400000,0x00000000ec800000)
 ParOldGen       total 68608K, used 2250K [0x00000000c0000000, 0x00000000c4300000, 0x00000000eab00000)
  object space 68608K, 3% used [0x00000000c0000000,0x00000000c0232aa0,0x00000000c4300000)
 Metaspace       used 9196K, committed 9536K, reserved 1114112K
  class space    used 917K, committed 1088K, reserved 1048576K
}
Event: 0,789 GC heap after
{Heap after GC invocations=3 (full 0):
 PSYoungGen      total 29696K, used 4095K [0x00000000eab00000, 0x00000000ecc00000, 0x0000000100000000)
  eden space 25600K, 0% used [0x00000000eab00000,0x00000000eab00000,0x00000000ec400000)
  from space 4096K, 99% used [0x00000000ec400000,0x00000000ec7ffd78,0x00000000ec800000)
  to   space 4096K, 0% used [0x00000000ec800000,0x00000000ec800000,0x00000000ecc00000)
 ParOldGen       total 68608K, used 6271K [0x00000000c0000000, 0x00000000c4300000, 0x00000000eab00000)
  object space 68608K, 9% used [0x00000000c0000000,0x00000000c061fcf8,0x00000000c4300000)
 Metaspace       used 9196K, committed 9536K, reserved 1114112K
  class space    used 917K, committed 1088K, reserved 1048576K
}
Event: 1,019 GC heap before
{Heap before GC invocations=4 (full 0):
 PSYoungGen      total 29696K, used 29695K [0x00000000eab00000, 0x00000000ecc00000, 0x0000000100000000)
  eden space 25600K, 100% used [0x00000000eab00000,0x00000000ec400000,0x00000000ec400000)
  from space 4096K, 99% used [0x00000000ec400000,0x00000000ec7ffd78,0x00000000ec800000)
  to   space 4096K, 0% used [0x00000000ec800000,0x00000000ec800000,0x00000000ecc00000)
 ParOldGen       total 68608K, used 6271K [0x00000000c0000000, 0x00000000c4300000, 0x00000000eab00000)
  object space 68608K, 9% used [0x00000000c0000000,0x00000000c061fcf8,0x00000000c4300000)
 Metaspace       used 12482K, committed 12928K, reserved 1114112K
  class space    used 1242K, committed 1408K, reserved 1048576K
}
Event: 1,023 GC heap after
{Heap after GC invocations=4 (full 0):
 PSYoungGen      total 29696K, used 4078K [0x00000000eab00000, 0x00000000ecc00000, 0x0000000100000000)
  eden space 25600K, 0% used [0x00000000eab00000,0x00000000eab00000,0x00000000ec400000)
  from space 4096K, 99% used [0x00000000ec800000,0x00000000ecbfbb80,0x00000000ecc00000)
  to   space 4096K, 0% used [0x00000000ec400000,0x00000000ec400000,0x00000000ec800000)
 ParOldGen       total 68608K, used 7431K [0x00000000c0000000, 0x00000000c4300000, 0x00000000eab00000)
  object space 68608K, 10% used [0x00000000c0000000,0x00000000c0741f70,0x00000000c4300000)
 Metaspace       used 12482K, committed 12928K, reserved 1114112K
  class space    used 1242K, committed 1408K, reserved 1048576K
}
Event: 1,244 GC heap before
{Heap before GC invocations=5 (full 0):
 PSYoungGen      total 29696K, used 29678K [0x00000000eab00000, 0x00000000ecc00000, 0x0000000100000000)
  eden space 25600K, 100% used [0x00000000eab00000,0x00000000ec400000,0x00000000ec400000)
  from space 4096K, 99% used [0x00000000ec800000,0x00000000ecbfbb80,0x00000000ecc00000)
  to   space 4096K, 0% used [0x00000000ec400000,0x00000000ec400000,0x00000000ec800000)
 ParOldGen       total 68608K, used 7431K [0x00000000c0000000, 0x00000000c4300000, 0x00000000eab00000)
  object space 68608K, 10% used [0x00000000c0000000,0x00000000c0741f70,0x00000000c4300000)
 Metaspace       used 16310K, committed 16960K, reserved 1114112K
  class space    used 1608K, committed 1856K, reserved 1048576K
}
Event: 1,247 GC heap after
{Heap after GC invocations=5 (full 0):
 PSYoungGen      total 29184K, used 4080K [0x00000000eab00000, 0x00000000ece80000, 0x0000000100000000)
  eden space 25088K, 0% used [0x00000000eab00000,0x00000000eab00000,0x00000000ec380000)
  from space 4096K, 99% used [0x00000000ec400000,0x00000000ec7fc0c0,0x00000000ec800000)
  to   space 5632K, 0% used [0x00000000ec900000,0x00000000ec900000,0x00000000ece80000)
 ParOldGen       total 68608K, used 8687K [0x00000000c0000000, 0x00000000c4300000, 0x00000000eab00000)
  object space 68608K, 12% used [0x00000000c0000000,0x00000000c087bfa0,0x00000000c4300000)
 Metaspace       used 16310K, committed 16960K, reserved 1114112K
  class space    used 1608K, committed 1856K, reserved 1048576K
}
Event: 1,484 GC heap before
{Heap before GC invocations=6 (full 0):
 PSYoungGen      total 29184K, used 29168K [0x00000000eab00000, 0x00000000ece80000, 0x0000000100000000)
  eden space 25088K, 100% used [0x00000000eab00000,0x00000000ec380000,0x00000000ec380000)
  from space 4096K, 99% used [0x00000000ec400000,0x00000000ec7fc0c0,0x00000000ec800000)
  to   space 5632K, 0% used [0x00000000ec900000,0x00000000ec900000,0x00000000ece80000)
 ParOldGen       total 68608K, used 8687K [0x00000000c0000000, 0x00000000c4300000, 0x00000000eab00000)
  object space 68608K, 12% used [0x00000000c0000000,0x00000000c087bfa0,0x00000000c4300000)
 Metaspace       used 18558K, committed 19200K, reserved 1114112K
  class space    used 1848K, committed 2112K, reserved 1048576K
}
Event: 1,496 GC heap after
{Heap after GC invocations=6 (full 0):
 PSYoungGen      total 29696K, used 4780K [0x00000000eab00000, 0x00000000ece00000, 0x0000000100000000)
  eden space 24576K, 0% used [0x00000000eab00000,0x00000000eab00000,0x00000000ec300000)
  from space 5120K, 93% used [0x00000000ec900000,0x00000000ecdab2d0,0x00000000ece00000)
  to   space 5120K, 0% used [0x00000000ec400000,0x00000000ec400000,0x00000000ec900000)
 ParOldGen       total 68608K, used 8695K [0x00000000c0000000, 0x00000000c4300000, 0x00000000eab00000)
  object space 68608K, 12% used [0x00000000c0000000,0x00000000c087dfa0,0x00000000c4300000)
 Metaspace       used 18558K, committed 19200K, reserved 1114112K
  class space    used 1848K, committed 2112K, reserved 1048576K
}

Dll operation events (9 events):
Event: 0,001 Loaded shared library /home/viniciussaousa/.vscode/extensions/redhat.java-1.41.1-linux-x64/jre/21.0.6-linux-x86_64/lib/libjava.so
Event: 0,028 Loaded shared library /home/viniciussaousa/.vscode/extensions/redhat.java-1.41.1-linux-x64/jre/21.0.6-linux-x86_64/lib/libzip.so
Event: 0,038 Loaded shared library /home/viniciussaousa/.vscode/extensions/redhat.java-1.41.1-linux-x64/jre/21.0.6-linux-x86_64/lib/libinstrument.so
Event: 0,039 Loaded shared library /home/viniciussaousa/.vscode/extensions/redhat.java-1.41.1-linux-x64/jre/21.0.6-linux-x86_64/lib/libnio.so
Event: 0,040 Loaded shared library /home/viniciussaousa/.vscode/extensions/redhat.java-1.41.1-linux-x64/jre/21.0.6-linux-x86_64/lib/libzip.so
Event: 0,048 Loaded shared library /home/viniciussaousa/.vscode/extensions/redhat.java-1.41.1-linux-x64/jre/21.0.6-linux-x86_64/lib/libjimage.so
Event: 0,085 Loaded shared library /home/viniciussaousa/.vscode/extensions/redhat.java-1.41.1-linux-x64/jre/21.0.6-linux-x86_64/lib/libverify.so
Event: 0,398 Loaded shared library /home/viniciussaousa/.vscode/extensions/redhat.java-1.41.1-linux-x64/jre/21.0.6-linux-x86_64/lib/libnet.so
Event: 0,597 Loaded shared library /home/viniciussaousa/.config/Code/User/globalStorage/redhat.java/1.41.1/config_linux/org.eclipse.equinox.launcher/org.eclipse.equinox.launcher.gtk.linux.x86_64_1.2.1400.v20250331-1702/eclipse_11911.so

Deoptimization events (20 events):
Event: 1,412 Thread 0x00007c56b85100f0 DEOPT PACKING pc=0x00007c56a5ee2786 sp=0x00007c562b7e8d70
Event: 1,412 Thread 0x00007c56b85100f0 DEOPT UNPACKING pc=0x00007c56ad38ab2f sp=0x00007c562b7e8210 mode 0
Event: 1,416 Thread 0x00007c56b85100f0 DEOPT PACKING pc=0x00007c56a616e0c0 sp=0x00007c562b7e9a70
Event: 1,416 Thread 0x00007c56b85100f0 DEOPT UNPACKING pc=0x00007c56ad38ab2f sp=0x00007c562b7e8f90 mode 0
Event: 1,470 Thread 0x00007c56b85100f0 DEOPT PACKING pc=0x00007c56a616e39e sp=0x00007c562b7e9f80
Event: 1,470 Thread 0x00007c56b85100f0 DEOPT UNPACKING pc=0x00007c56ad38ab2f sp=0x00007c562b7e94b0 mode 0
Event: 1,476 Thread 0x00007c56b85100f0 DEOPT PACKING pc=0x00007c56a616e39e sp=0x00007c562b7e9f40
Event: 1,476 Thread 0x00007c56b85100f0 DEOPT UNPACKING pc=0x00007c56ad38ab2f sp=0x00007c562b7e9470 mode 0
Event: 1,482 Thread 0x00007c56b85100f0 Uncommon trap: trap_request=0xffffff45 fr.pc=0x00007c56ad90ab44 relative=0x0000000000000404
Event: 1,482 Thread 0x00007c56b85100f0 Uncommon trap: reason=unstable_if action=reinterpret pc=0x00007c56ad90ab44 method=java.lang.StringLatin1.canEncode(I)Z @ 4 c2
Event: 1,482 Thread 0x00007c56b85100f0 DEOPT PACKING pc=0x00007c56ad90ab44 sp=0x00007c562b7ead80
Event: 1,482 Thread 0x00007c56b85100f0 DEOPT UNPACKING pc=0x00007c56ad38a399 sp=0x00007c562b7eacb8 mode 2
Event: 1,482 Thread 0x00007c56b85100f0 Uncommon trap: trap_request=0xffffff45 fr.pc=0x00007c56ad90d028 relative=0x00000000000003e8
Event: 1,482 Thread 0x00007c56b85100f0 Uncommon trap: reason=unstable_if action=reinterpret pc=0x00007c56ad90d028 method=java.lang.AbstractStringBuilder.isLatin1()Z @ 10 c2
Event: 1,482 Thread 0x00007c56b85100f0 DEOPT PACKING pc=0x00007c56ad90d028 sp=0x00007c562b7ead90
Event: 1,482 Thread 0x00007c56b85100f0 DEOPT UNPACKING pc=0x00007c56ad38a399 sp=0x00007c562b7ead20 mode 2
Event: 1,482 Thread 0x00007c56b85100f0 Uncommon trap: trap_request=0xffffff45 fr.pc=0x00007c56ad8f63c8 relative=0x0000000000000048
Event: 1,482 Thread 0x00007c56b85100f0 Uncommon trap: reason=unstable_if action=reinterpret pc=0x00007c56ad8f63c8 method=java.lang.StringLatin1.canEncode(I)Z @ 4 c2
Event: 1,482 Thread 0x00007c56b85100f0 DEOPT PACKING pc=0x00007c56ad8f63c8 sp=0x00007c562b7ead00
Event: 1,482 Thread 0x00007c56b85100f0 DEOPT UNPACKING pc=0x00007c56ad38a399 sp=0x00007c562b7eacb0 mode 2

Classes loaded (20 events):
Event: 1,534 Loading class jdk/internal/reflect/ClassDefiner$1
Event: 1,534 Loading class jdk/internal/reflect/ClassDefiner$1 done
Event: 1,534 Loading class jdk/internal/reflect/SerializationConstructorAccessorImpl
Event: 1,534 Loading class jdk/internal/reflect/SerializationConstructorAccessorImpl done
Event: 1,535 Loading class java/io/ClassCache$CacheRef
Event: 1,535 Loading class java/io/ClassCache$CacheRef done
Event: 1,535 Loading class java/io/ObjectStreamClass$FieldReflectorKey
Event: 1,535 Loading class java/io/ObjectStreamClass$FieldReflectorKey done
Event: 1,535 Loading class java/io/ObjectStreamClass$FieldReflector
Event: 1,535 Loading class java/io/ObjectStreamClass$FieldReflector done
Event: 1,536 Loading class java/io/ObjectStreamClass$ClassDataSlot
Event: 1,536 Loading class java/io/ObjectStreamClass$ClassDataSlot done
Event: 1,536 Loading class java/io/ObjectInputStream$FieldValues
Event: 1,536 Loading class java/io/ObjectInputStream$GetField
Event: 1,536 Loading class java/io/ObjectInputStream$GetField done
Event: 1,536 Loading class java/io/ObjectInputStream$FieldValues done
Event: 1,537 Loading class java/io/SerialCallbackContext
Event: 1,537 Loading class java/io/SerialCallbackContext done
Event: 1,537 Loading class java/util/HashMap$UnsafeHolder
Event: 1,537 Loading class java/util/HashMap$UnsafeHolder done

Classes unloaded (0 events):
No events

Classes redefined (0 events):
No events

Internal exceptions (20 events):
Event: 1,203 Thread 0x00007c56b85100f0 Exception <a 'java/lang/NoSuchMethodError'{0x00000000ebed62a0}: 'java.lang.Object java.lang.invoke.DirectMethodHandle$Holder.newInvokeSpecial(java.lang.Object, java.lang.Object, java.lang.Object, java.lang.Object, java.lang.Object)'> (0x00000000ebed62a0) 
thrown [src/hotspot/share/interpreter/linkResolver.cpp, line 772]
Event: 1,214 Thread 0x00007c56b85100f0 Exception <a 'java/lang/NoSuchMethodError'{0x00000000ec0376d8}: 'java.lang.Object java.lang.invoke.DirectMethodHandle$Holder.invokeStaticInit(java.lang.Object, int)'> (0x00000000ec0376d8) 
thrown [src/hotspot/share/interpreter/linkResolver.cpp, line 772]
Event: 1,231 Thread 0x00007c56b85100f0 Exception <a 'java/lang/NoSuchMethodError'{0x00000000ec295070}: 'java.lang.Object java.lang.invoke.DirectMethodHandle$Holder.invokeSpecial(java.lang.Object, java.lang.Object, java.lang.Object, long, java.lang.Object)'> (0x00000000ec295070) 
thrown [src/hotspot/share/interpreter/linkResolver.cpp, line 772]
Event: 1,231 Thread 0x00007c56b85100f0 Exception <a 'java/lang/NoSuchMethodError'{0x00000000ec29c800}: 'java.lang.Object java.lang.invoke.DirectMethodHandle$Holder.newInvokeSpecial(java.lang.Object, java.lang.Object, java.lang.Object, long)'> (0x00000000ec29c800) 
thrown [src/hotspot/share/interpreter/linkResolver.cpp, line 772]
Event: 1,231 Thread 0x00007c56b85100f0 Exception <a 'java/lang/NoSuchMethodError'{0x00000000ec2a0660}: 'java.lang.Object java.lang.invoke.Invokers$Holder.linkToTargetMethod(java.lang.Object, java.lang.Object, long, java.lang.Object)'> (0x00000000ec2a0660) 
thrown [src/hotspot/share/interpreter/linkResolver.cpp, line 772]
Event: 1,235 Thread 0x00007c56b85100f0 Exception <a 'java/lang/NoSuchMethodError'{0x00000000ec31e1d0}: 'int java.lang.invoke.DirectMethodHandle$Holder.invokeStaticInit(java.lang.Object, java.lang.Object, java.lang.Object)'> (0x00000000ec31e1d0) 
thrown [src/hotspot/share/interpreter/linkResolver.cpp, line 772]
Event: 1,241 Thread 0x00007c56b85100f0 Exception <a 'java/lang/IncompatibleClassChangeError'{0x00000000ec3bbaa0}: Found class java.lang.Object, but interface was expected> (0x00000000ec3bbaa0) 
thrown [src/hotspot/share/interpreter/linkResolver.cpp, line 840]
Event: 1,242 Thread 0x00007c56b85100f0 Exception <a 'java/lang/NoSuchMethodError'{0x00000000ec3cdf08}: 'java.lang.Object java.lang.invoke.DirectMethodHandle$Holder.invokeSpecial(java.lang.Object, java.lang.Object, java.lang.Object, int, java.lang.Object, java.lang.Object)'> (0x00000000ec3cdf08) 
thrown [src/hotspot/share/interpreter/linkResolver.cpp, line 772]
Event: 1,243 Thread 0x00007c56b85100f0 Exception <a 'java/lang/NoSuchMethodError'{0x00000000ec3d57a0}: 'java.lang.Object java.lang.invoke.DirectMethodHandle$Holder.newInvokeSpecial(java.lang.Object, java.lang.Object, java.lang.Object, int, java.lang.Object)'> (0x00000000ec3d57a0) 
thrown [src/hotspot/share/interpreter/linkResolver.cpp, line 772]
Event: 1,243 Thread 0x00007c56b85100f0 Exception <a 'java/lang/NoSuchMethodError'{0x00000000ec3d9290}: 'java.lang.Object java.lang.invoke.Invokers$Holder.linkToTargetMethod(java.lang.Object, java.lang.Object, int, java.lang.Object, java.lang.Object)'> (0x00000000ec3d9290) 
thrown [src/hotspot/share/interpreter/linkResolver.cpp, line 772]
Event: 1,243 Thread 0x00007c560827b570 Exception <a 'java/lang/NoSuchMethodError'{0x00000000ec2ecf28}: 'java.lang.Object java.lang.invoke.DirectMethodHandle$Holder.invokeSpecial(java.lang.Object, java.lang.Object, int, java.lang.Object, java.lang.Object)'> (0x00000000ec2ecf28) 
thrown [src/hotspot/share/interpreter/linkResolver.cpp, line 772]
Event: 1,247 Thread 0x00007c560827b570 Implicit null exception at 0x00007c56ada0e68b to 0x00007c56ada0e750
Event: 1,255 Thread 0x00007c56b85100f0 Exception <a 'java/lang/NoSuchMethodError'{0x00000000eac46e88}: 'void java.lang.invoke.DirectMethodHandle$Holder.invokeSpecial(java.lang.Object, java.lang.Object, java.lang.Object, java.lang.Object, java.lang.Object)'> (0x00000000eac46e88) 
thrown [src/hotspot/share/interpreter/linkResolver.cpp, line 772]
Event: 1,322 Thread 0x00007c56b85100f0 Exception <a 'java/lang/NoSuchMethodError'{0x00000000eb41d068}: 'java.lang.Object java.lang.invoke.DirectMethodHandle$Holder.invokeInterface(java.lang.Object, java.lang.Object, java.lang.Object)'> (0x00000000eb41d068) 
thrown [src/hotspot/share/interpreter/linkResolver.cpp, line 772]
Event: 1,366 Thread 0x00007c56b85100f0 Exception <a 'java/lang/NoSuchMethodError'{0x00000000eb88d760}: 'java.lang.Object java.lang.invoke.Invokers$Holder.linkToTargetMethod(java.lang.Object, long, java.lang.Object, java.lang.Object)'> (0x00000000eb88d760) 
thrown [src/hotspot/share/interpreter/linkResolver.cpp, line 772]
Event: 1,424 Thread 0x00007c56b85100f0 Exception <a 'java/io/FileNotFoundException'{0x00000000ebfedef8}> (0x00000000ebfedef8) 
thrown [src/hotspot/share/prims/jni.cpp, line 520]
Event: 1,425 Thread 0x00007c56b85100f0 Exception <a 'java/lang/NoSuchMethodError'{0x00000000ebff6690}: 'java.lang.Object java.lang.invoke.DirectMethodHandle$Holder.newInvokeSpecial(java.lang.Object, int, java.lang.Object, java.lang.Object)'> (0x00000000ebff6690) 
thrown [src/hotspot/share/interpreter/linkResolver.cpp, line 772]
Event: 1,528 Thread 0x00007c56b85100f0 Exception <a 'java/lang/NoSuchMethodError'{0x00000000eafb4e98}: 'void java.lang.invoke.DirectMethodHandle$Holder.invokeSpecial(java.lang.Object, java.lang.Object, java.lang.Object, int)'> (0x00000000eafb4e98) 
thrown [src/hotspot/share/interpreter/linkResolver.cpp, line 772]
Event: 1,532 Thread 0x00007c56b85100f0 Exception <a 'java/lang/NoSuchMethodError'{0x00000000eb01a630}: 'long java.lang.invoke.DirectMethodHandle$Holder.invokeSpecial(java.lang.Object, java.lang.Object)'> (0x00000000eb01a630) 
thrown [src/hotspot/share/interpreter/linkResolver.cpp, line 772]
Event: 1,532 Thread 0x00007c56b85100f0 Exception <a 'java/lang/NoSuchMethodError'{0x00000000eb01ea88}: 'long java.lang.invoke.Invokers$Holder.invokeExact_MT(java.lang.Object, java.lang.Object)'> (0x00000000eb01ea88) 
thrown [src/hotspot/share/interpreter/linkResolver.cpp, line 772]

ZGC Phase Switch (0 events):
No events

VM Operations (20 events):
Event: 0,875 Executing VM operation: HandshakeAllThreads (Deoptimize)
Event: 0,875 Executing VM operation: HandshakeAllThreads (Deoptimize) done
Event: 1,019 Executing VM operation: ParallelGCFailedAllocation (Allocation Failure)
Event: 1,023 Executing VM operation: ParallelGCFailedAllocation (Allocation Failure) done
Event: 1,190 Executing VM operation: HandshakeAllThreads (Deoptimize)
Event: 1,190 Executing VM operation: HandshakeAllThreads (Deoptimize) done
Event: 1,218 Executing VM operation: HandshakeAllThreads (Deoptimize)
Event: 1,218 Executing VM operation: HandshakeAllThreads (Deoptimize) done
Event: 1,244 Executing VM operation: ParallelGCFailedAllocation (Allocation Failure)
Event: 1,247 Executing VM operation: ParallelGCFailedAllocation (Allocation Failure) done
Event: 1,283 Executing VM operation: HandshakeAllThreads (Deoptimize)
Event: 1,283 Executing VM operation: HandshakeAllThreads (Deoptimize) done
Event: 1,302 Executing VM operation: HandshakeAllThreads (Deoptimize)
Event: 1,302 Executing VM operation: HandshakeAllThreads (Deoptimize) done
Event: 1,306 Executing VM operation: HandshakeAllThreads (Deoptimize)
Event: 1,306 Executing VM operation: HandshakeAllThreads (Deoptimize) done
Event: 1,401 Executing VM operation: ICBufferFull
Event: 1,401 Executing VM operation: ICBufferFull done
Event: 1,484 Executing VM operation: ParallelGCFailedAllocation (Allocation Failure)
Event: 1,496 Executing VM operation: ParallelGCFailedAllocation (Allocation Failure) done

Memory protections (20 events):
Event: 0,012 Protecting memory [0x00007c565c684000,0x00007c565c688000] with protection modes 0
Event: 0,012 Protecting memory [0x00007c565c584000,0x00007c565c588000] with protection modes 0
Event: 0,013 Protecting memory [0x00007c565c484000,0x00007c565c488000] with protection modes 0
Event: 0,013 Protecting memory [0x00007c565c384000,0x00007c565c388000] with protection modes 0
Event: 0,013 Protecting memory [0x00007c565c284000,0x00007c565c288000] with protection modes 0
Event: 0,022 Protecting memory [0x00007c565c184000,0x00007c565c188000] with protection modes 0
Event: 0,034 Protecting memory [0x00007c565c084000,0x00007c565c088000] with protection modes 0
Event: 0,109 Protecting memory [0x00007c562bf00000,0x00007c562bf04000] with protection modes 0
Event: 0,211 Protecting memory [0x00007c562be00000,0x00007c562be04000] with protection modes 0
Event: 0,528 Protecting memory [0x00007c562b9fd000,0x00007c562ba01000] with protection modes 0
Event: 0,595 Protecting memory [0x00007c562b8fd000,0x00007c562b901000] with protection modes 0
Event: 0,617 Protecting memory [0x00007c562b7fd000,0x00007c562b801000] with protection modes 0
Event: 0,619 Protecting memory [0x00007c562b6fd000,0x00007c562b701000] with protection modes 0
Event: 0,747 Protecting memory [0x00007c562b4fc000,0x00007c562b500000] with protection modes 0
Event: 0,820 Protecting memory [0x00007c562b2fb000,0x00007c562b2ff000] with protection modes 0
Event: 0,869 Protecting memory [0x00007c562b1fb000,0x00007c562b1ff000] with protection modes 0
Event: 1,120 Protecting memory [0x00007c562aef9000,0x00007c562aefd000] with protection modes 0
Event: 1,233 Protecting memory [0x00007c562adf9000,0x00007c562adfd000] with protection modes 0
Event: 1,244 Protecting memory [0x00007c562acf9000,0x00007c562acfd000] with protection modes 0
Event: 1,244 Protecting memory [0x00007c562abf9000,0x00007c562abfd000] with protection modes 0

Nmethod flushes (0 events):
No events

Events (20 events):
Event: 0,012 Thread 0x00007c56b802a900 Thread added: 0x00007c56b81c3c50
Event: 0,012 Thread 0x00007c56b802a900 Thread added: 0x00007c56b81c5250
Event: 0,013 Thread 0x00007c56b802a900 Thread added: 0x00007c56b81c67b0
Event: 0,013 Thread 0x00007c56b802a900 Thread added: 0x00007c56b81c82b0
Event: 0,013 Thread 0x00007c56b802a900 Thread added: 0x00007c56b81c9930
Event: 0,022 Thread 0x00007c56b802a900 Thread added: 0x00007c56b81d9c70
Event: 0,034 Thread 0x00007c56b81c9930 Thread added: 0x00007c56380a7740
Event: 0,109 Thread 0x00007c56b802a900 Thread added: 0x00007c56b82a0b40
Event: 0,211 Thread 0x00007c56b81c9930 Thread added: 0x00007c563826abb0
Event: 0,528 Thread 0x00007c56b802a900 Thread added: 0x00007c56b84a4680
Event: 0,595 Thread 0x00007c56b802a900 Thread added: 0x00007c56b84e3680
Event: 0,617 Thread 0x00007c56b84e3680 Thread added: 0x00007c561001b110
Event: 0,619 Thread 0x00007c56b802a900 Thread added: 0x00007c56b85100f0
Event: 0,747 Thread 0x00007c56b85100f0 Thread added: 0x00007c560823ff90
Event: 0,820 Thread 0x00007c56b85100f0 Thread added: 0x00007c560845abc0
Event: 0,869 Thread 0x00007c56b85100f0 Thread added: 0x00007c56084c52d0
Event: 1,120 Thread 0x00007c56b85100f0 Thread added: 0x00007c5608333180
Event: 1,233 Thread 0x00007c56b85100f0 Thread added: 0x00007c560827b570
Event: 1,244 Thread 0x00007c56b85100f0 Thread added: 0x00007c56083fb3f0
Event: 1,244 Thread 0x00007c560827b570 Thread added: 0x00007c55dc0022e0


Dynamic libraries:
c0000000-c4300000 rw-p 00000000 00:00 0 
c4300000-eab00000 ---p 00000000 00:00 0 
eab00000-ece00000 rw-p 00000000 00:00 0 
ece00000-100000000 ---p 00000000 00:00 0 
63db783f1000-63db783f2000 r-xp 00000000 103:04 2898797                   /home/viniciussaousa/.vscode/extensions/redhat.java-1.41.1-linux-x64/jre/21.0.6-linux-x86_64/bin/java
63db783f3000-63db783f4000 r--p 00001000 103:04 2898797                   /home/viniciussaousa/.vscode/extensions/redhat.java-1.41.1-linux-x64/jre/21.0.6-linux-x86_64/bin/java
63db783f4000-63db783f5000 rw-p 00002000 103:04 2898797                   /home/viniciussaousa/.vscode/extensions/redhat.java-1.41.1-linux-x64/jre/21.0.6-linux-x86_64/bin/java
63dba9df5000-63dba9e3c000 rw-p 00000000 00:00 0                          [heap]
7c55cc000000-7c55cc021000 rw-p 00000000 00:00 0 
7c55cc021000-7c55d0000000 ---p 00000000 00:00 0 
7c55d4000000-7c55d4021000 rw-p 00000000 00:00 0 
7c55d4021000-7c55d8000000 ---p 00000000 00:00 0 
7c55d8000000-7c55d8021000 rw-p 00000000 00:00 0 
7c55d8021000-7c55dc000000 ---p 00000000 00:00 0 
7c55dc000000-7c55dc021000 rw-p 00000000 00:00 0 
7c55dc021000-7c55e0000000 ---p 00000000 00:00 0 
7c55e0000000-7c55e0021000 rw-p 00000000 00:00 0 
7c55e0021000-7c55e4000000 ---p 00000000 00:00 0 
7c55e4000000-7c55e4021000 rw-p 00000000 00:00 0 
7c55e4021000-7c55e8000000 ---p 00000000 00:00 0 
7c55e8000000-7c55e8021000 rw-p 00000000 00:00 0 
7c55e8021000-7c55ec000000 ---p 00000000 00:00 0 
7c55ec000000-7c55ec021000 rw-p 00000000 00:00 0 
7c55ec021000-7c55f0000000 ---p 00000000 00:00 0 
7c55f0000000-7c55f0021000 rw-p 00000000 00:00 0 
7c55f0021000-7c55f4000000 ---p 00000000 00:00 0 
7c55f4000000-7c55f4021000 rw-p 00000000 00:00 0 
7c55f4021000-7c55f8000000 ---p 00000000 00:00 0 
7c55f8000000-7c55f8021000 rw-p 00000000 00:00 0 
7c55f8021000-7c55fc000000 ---p 00000000 00:00 0 
7c55fc000000-7c55fc021000 rw-p 00000000 00:00 0 
7c55fc021000-7c5600000000 ---p 00000000 00:00 0 
7c5600000000-7c5600021000 rw-p 00000000 00:00 0 
7c5600021000-7c5604000000 ---p 00000000 00:00 0 
7c5604000000-7c5604021000 rw-p 00000000 00:00 0 
7c5604021000-7c5608000000 ---p 00000000 00:00 0 
7c5608000000-7c5608676000 rw-p 00000000 00:00 0 
7c5608676000-7c560c000000 ---p 00000000 00:00 0 
7c560c000000-7c560c021000 rw-p 00000000 00:00 0 
7c560c021000-7c5610000000 ---p 00000000 00:00 0 
7c5610000000-7c5610022000 rw-p 00000000 00:00 0 
7c5610022000-7c5614000000 ---p 00000000 00:00 0 
7c5614000000-7c5614021000 rw-p 00000000 00:00 0 
7c5614021000-7c5618000000 ---p 00000000 00:00 0 
7c5618000000-7c5618021000 rw-p 00000000 00:00 0 
7c5618021000-7c561c000000 ---p 00000000 00:00 0 
7c561c000000-7c561c680000 rw-p 00000000 00:00 0 
7c561c680000-7c5620000000 ---p 00000000 00:00 0 
7c5620000000-7c5620021000 rw-p 00000000 00:00 0 
7c5620021000-7c5624000000 ---p 00000000 00:00 0 
7c5624000000-7c5624021000 rw-p 00000000 00:00 0 
7c5624021000-7c5628000000 ---p 00000000 00:00 0 
7c562a712000-7c562a9f7000 rw-p 00000000 00:00 0 
7c562a9f7000-7c562a9f8000 ---p 00000000 00:00 0 
7c562a9f8000-7c562aaf8000 rw-p 00000000 00:00 0 
7c562aaf8000-7c562aaf9000 ---p 00000000 00:00 0 
7c562aaf9000-7c562abf9000 rw-p 00000000 00:00 0 
7c562abf9000-7c562abfd000 ---p 00000000 00:00 0 
7c562abfd000-7c562acf9000 rw-p 00000000 00:00 0 
7c562acf9000-7c562acfd000 ---p 00000000 00:00 0 
7c562acfd000-7c562adf9000 rw-p 00000000 00:00 0 
7c562adf9000-7c562adfd000 ---p 00000000 00:00 0 
7c562adfd000-7c562aef9000 rw-p 00000000 00:00 0 
7c562aef9000-7c562aefd000 ---p 00000000 00:00 0 
7c562aefd000-7c562aff9000 rw-p 00000000 00:00 0 
7c562aff9000-7c562affa000 ---p 00000000 00:00 0 
7c562affa000-7c562b0fa000 rw-p 00000000 00:00 0 
7c562b0fa000-7c562b0fb000 ---p 00000000 00:00 0 
7c562b0fb000-7c562b1fb000 rw-p 00000000 00:00 0 
7c562b1fb000-7c562b1ff000 ---p 00000000 00:00 0 
7c562b1ff000-7c562b2fb000 rw-p 00000000 00:00 0 
7c562b2fb000-7c562b2ff000 ---p 00000000 00:00 0 
7c562b2ff000-7c562b3fb000 rw-p 00000000 00:00 0 
7c562b3fb000-7c562b3fc000 ---p 00000000 00:00 0 
7c562b3fc000-7c562b4fc000 rw-p 00000000 00:00 0 
7c562b4fc000-7c562b500000 ---p 00000000 00:00 0 
7c562b500000-7c562b5fc000 rw-p 00000000 00:00 0 
7c562b5fc000-7c562b5fd000 ---p 00000000 00:00 0 
7c562b5fd000-7c562b6fd000 rw-p 00000000 00:00 0 
7c562b6fd000-7c562b701000 ---p 00000000 00:00 0 
7c562b701000-7c562b7fd000 rw-p 00000000 00:00 0 
7c562b7fd000-7c562b801000 ---p 00000000 00:00 0 
7c562b801000-7c562b8fd000 rw-p 00000000 00:00 0 
7c562b8fd000-7c562b901000 ---p 00000000 00:00 0 
7c562b901000-7c562b9fd000 rw-p 00000000 00:00 0 
7c562b9fd000-7c562ba01000 ---p 00000000 00:00 0 
7c562ba01000-7c562bafd000 rw-p 00000000 00:00 0 
7c562bafd000-7c562bafe000 ---p 00000000 00:00 0 
7c562bafe000-7c562bbfe000 rw-p 00000000 00:00 0 
7c562bbfe000-7c562bbff000 ---p 00000000 00:00 0 
7c562bbff000-7c562bcff000 rw-p 00000000 00:00 0 
7c562bcff000-7c562bd00000 ---p 00000000 00:00 0 
7c562bd00000-7c562be00000 rw-p 00000000 00:00 0 
7c562be00000-7c562be04000 ---p 00000000 00:00 0 
7c562be04000-7c562bf00000 rw-p 00000000 00:00 0 
7c562bf00000-7c562bf04000 ---p 00000000 00:00 0 
7c562bf04000-7c562c000000 rw-p 00000000 00:00 0 
7c562c000000-7c562c021000 rw-p 00000000 00:00 0 
7c562c021000-7c5630000000 ---p 00000000 00:00 0 
7c5630000000-7c5630a68000 rw-p 00000000 00:00 0 
7c5630a68000-7c5634000000 ---p 00000000 00:00 0 
7c5634000000-7c563468b000 rw-p 00000000 00:00 0 
7c563468b000-7c5638000000 ---p 00000000 00:00 0 
7c5638000000-7c56385ae000 rw-p 00000000 00:00 0 
7c56385ae000-7c563c000000 ---p 00000000 00:00 0 
7c563c000000-7c563c021000 rw-p 00000000 00:00 0 
7c563c021000-7c5640000000 ---p 00000000 00:00 0 
7c5640000000-7c5640021000 rw-p 00000000 00:00 0 
7c5640021000-7c5644000000 ---p 00000000 00:00 0 
7c5644000000-7c5644021000 rw-p 00000000 00:00 0 
7c5644021000-7c5648000000 ---p 00000000 00:00 0 
7c5648000000-7c5648021000 rw-p 00000000 00:00 0 
7c5648021000-7c564c000000 ---p 00000000 00:00 0 
7c564c000000-7c564c021000 rw-p 00000000 00:00 0 
7c564c021000-7c5650000000 ---p 00000000 00:00 0 
7c5650000000-7c5650021000 rw-p 00000000 00:00 0 
7c5650021000-7c5654000000 ---p 00000000 00:00 0 
7c5654000000-7c56543f0000 rw-p 00000000 00:00 0 
7c56543f0000-7c56547d0000 rw-p 00000000 00:00 0 
7c56547d0000-7c56548f0000 rw-p 00000000 00:00 0 
7c56548f0000-7c56549f0000 rw-p 00000000 00:00 0 
7c56549f0000-7c5654af0000 rw-p 00000000 00:00 0 
7c5654af0000-7c5654bf0000 rw-p 00000000 00:00 0 
7c5654bf0000-7c5655170000 rw-p 00000000 00:00 0 
7c5655170000-7c5655180000 ---p 00000000 00:00 0 
7c5655180000-7c56551c0000 rw-p 00000000 00:00 0 
7c56551c0000-7c5658000000 ---p 00000000 00:00 0 
7c5658000000-7c5658021000 rw-p 00000000 00:00 0 
7c5658021000-7c565c000000 ---p 00000000 00:00 0 
7c565c084000-7c565c088000 ---p 00000000 00:00 0 
7c565c088000-7c565c184000 rw-p 00000000 00:00 0 
7c565c184000-7c565c188000 ---p 00000000 00:00 0 
7c565c188000-7c565c284000 rw-p 00000000 00:00 0 
7c565c284000-7c565c288000 ---p 00000000 00:00 0 
7c565c288000-7c565c384000 rw-p 00000000 00:00 0 
7c565c384000-7c565c388000 ---p 00000000 00:00 0 
7c565c388000-7c565c484000 rw-p 00000000 00:00 0 
7c565c484000-7c565c488000 ---p 00000000 00:00 0 
7c565c488000-7c565c584000 rw-p 00000000 00:00 0 
7c565c584000-7c565c588000 ---p 00000000 00:00 0 
7c565c588000-7c565c684000 rw-p 00000000 00:00 0 
7c565c684000-7c565c688000 ---p 00000000 00:00 0 
7c565c688000-7c565c784000 rw-p 00000000 00:00 0 
7c565c784000-7c565c788000 ---p 00000000 00:00 0 
7c565c788000-7c565c884000 rw-p 00000000 00:00 0 
7c565c884000-7c565c888000 ---p 00000000 00:00 0 
7c565c888000-7c565c984000 rw-p 00000000 00:00 0 
7c565c984000-7c565cbfc000 r--p 00000000 07:05 188                        /snap/code/190/usr/lib/locale/aa_DJ.utf8/LC_COLLATE
7c565cbfc000-7c565cbfd000 ---p 00000000 00:00 0 
7c565cbfd000-7c565ccfd000 rw-p 00000000 00:00 0 
7c565ccfd000-7c565d000000 rw-p 00000000 00:00 0 
7c565d000000-7c565dbb6000 rw-p 00001000 103:04 2901333                   /home/viniciussaousa/.vscode/extensions/redhat.java-1.41.1-linux-x64/jre/21.0.6-linux-x86_64/lib/server/classes.jsa
7c565dbb6000-7c565e000000 ---p 00000000 00:00 0 
7c565e000000-7c565e030000 rw-p 00000000 00:00 0 
7c565e030000-7c565e0f0000 rw-p 00000000 00:00 0 
7c565e0f0000-7c565e230000 rw-p 00000000 00:00 0 
7c565e230000-7c565e240000 ---p 00000000 00:00 0 
7c565e240000-7c565e250000 rw-p 00000000 00:00 0 
7c565e250000-7c569e000000 ---p 00000000 00:00 0 
7c569e000000-7c56a0021000 rw-p 00000000 00:00 0 
7c56a0021000-7c56a4000000 ---p 00000000 00:00 0 
7c56a40e5000-7c56a5e00000 rw-p 00000000 00:00 0 
7c56a5e00000-7c56a6500000 rwxp 00000000 00:00 0 
7c56a6500000-7c56ad337000 ---p 00000000 00:00 0 
7c56ad337000-7c56ad5a7000 rwxp 00000000 00:00 0 
7c56ad5a7000-7c56ad8c9000 ---p 00000000 00:00 0 
7c56ad8c9000-7c56adb39000 rwxp 00000000 00:00 0 
7c56adb39000-7c56b4e00000 ---p 00000000 00:00 0 
7c56b4e00000-7c56b7fc7000 r--s 00000000 103:04 2900652                   /home/viniciussaousa/.vscode/extensions/redhat.java-1.41.1-linux-x64/jre/21.0.6-linux-x86_64/lib/modules
7c56b7fc8000-7c56b7fcc000 r--p 00000000 103:04 3675471                   /home/viniciussaousa/.config/Code/User/globalStorage/redhat.java/1.41.1/config_linux/org.eclipse.equinox.launcher/org.eclipse.equinox.launcher.gtk.linux.x86_64_1.2.1400.v20250331-1702/eclipse_11911.so
7c56b7fcc000-7c56b7fd6000 r-xp 00004000 103:04 3675471                   /home/viniciussaousa/.config/Code/User/globalStorage/redhat.java/1.41.1/config_linux/org.eclipse.equinox.launcher/org.eclipse.equinox.launcher.gtk.linux.x86_64_1.2.1400.v20250331-1702/eclipse_11911.so
7c56b7fd6000-7c56b7fd9000 r--p 0000e000 103:04 3675471                   /home/viniciussaousa/.config/Code/User/globalStorage/redhat.java/1.41.1/config_linux/org.eclipse.equinox.launcher/org.eclipse.equinox.launcher.gtk.linux.x86_64_1.2.1400.v20250331-1702/eclipse_11911.so
7c56b7fd9000-7c56b7fda000 r--p 00010000 103:04 3675471                   /home/viniciussaousa/.config/Code/User/globalStorage/redhat.java/1.41.1/config_linux/org.eclipse.equinox.launcher/org.eclipse.equinox.launcher.gtk.linux.x86_64_1.2.1400.v20250331-1702/eclipse_11911.so
7c56b7fda000-7c56b7fdb000 rw-p 00011000 103:04 3675471                   /home/viniciussaousa/.config/Code/User/globalStorage/redhat.java/1.41.1/config_linux/org.eclipse.equinox.launcher/org.eclipse.equinox.launcher.gtk.linux.x86_64_1.2.1400.v20250331-1702/eclipse_11911.so
7c56b7fdb000-7c56b7fdc000 rw-p 00000000 00:00 0 
7c56b7fdc000-7c56b8000000 r--p 00000000 103:04 14422340                  /usr/share/locale-langpack/pt_BR/LC_MESSAGES/libc.mo
7c56b8000000-7c56b8521000 rw-p 00000000 00:00 0 
7c56b8521000-7c56bc000000 ---p 00000000 00:00 0 
7c56bc003000-7c56bc010000 r-xp 00000000 103:04 2900650                   /home/viniciussaousa/.vscode/extensions/redhat.java-1.41.1-linux-x64/jre/21.0.6-linux-x86_64/lib/libverify.so
7c56bc010000-7c56bc012000 r--p 0000c000 103:04 2900650                   /home/viniciussaousa/.vscode/extensions/redhat.java-1.41.1-linux-x64/jre/21.0.6-linux-x86_64/lib/libverify.so
7c56bc012000-7c56bc013000 rw-p 0000e000 103:04 2900650                   /home/viniciussaousa/.vscode/extensions/redhat.java-1.41.1-linux-x64/jre/21.0.6-linux-x86_64/lib/libverify.so
7c56bc013000-7c56bc067000 r--p 00000000 07:05 189                        /snap/code/190/usr/lib/locale/aa_DJ.utf8/LC_CTYPE
7c56bc067000-7c56bc068000 ---p 00000000 00:00 0 
7c56bc068000-7c56bc168000 rw-p 00000000 00:00 0 
7c56bc168000-7c56bc20b000 rw-p 00000000 00:00 0 
7c56bc20b000-7c56bc33f000 ---p 00000000 00:00 0 
7c56bc33f000-7c56bc340000 ---p 00000000 00:00 0 
7c56bc340000-7c56bc440000 rw-p 00000000 00:00 0 
7c56bc440000-7c56bc462000 rw-p 00000000 00:00 0 
7c56bc462000-7c56bc595000 ---p 00000000 00:00 0 
7c56bc595000-7c56bc5a7000 rw-p 00000000 00:00 0 
7c56bc5a7000-7c56bc641000 ---p 00000000 00:00 0 
7c56bc641000-7c56bc646000 rw-p 00000000 00:00 0 
7c56bc646000-7c56bc72c000 ---p 00000000 00:00 0 
7c56bc72c000-7c56bc73a000 rw-p 00000000 00:00 0 
7c56bc73a000-7c56bc817000 ---p 00000000 00:00 0 
7c56bc817000-7c56bc81b000 ---p 00000000 00:00 0 
7c56bc81b000-7c56bc917000 rw-p 00000000 00:00 0 
7c56bc917000-7c56bc927000 r--p 00000000 103:04 12330714                  /usr/lib/x86_64-linux-gnu/libm.so.6
7c56bc927000-7c56bc9a6000 r-xp 00010000 103:04 12330714                  /usr/lib/x86_64-linux-gnu/libm.so.6
7c56bc9a6000-7c56bc9fe000 r--p 0008f000 103:04 12330714                  /usr/lib/x86_64-linux-gnu/libm.so.6
7c56bc9fe000-7c56bc9ff000 r--p 000e7000 103:04 12330714                  /usr/lib/x86_64-linux-gnu/libm.so.6
7c56bc9ff000-7c56bca00000 rw-p 000e8000 103:04 12330714                  /usr/lib/x86_64-linux-gnu/libm.so.6
7c56bca00000-7c56bde0f000 r-xp 00000000 103:04 2901537                   /home/viniciussaousa/.vscode/extensions/redhat.java-1.41.1-linux-x64/jre/21.0.6-linux-x86_64/lib/server/libjvm.so
7c56bde0f000-7c56bdee3000 r--p 0140e000 103:04 2901537                   /home/viniciussaousa/.vscode/extensions/redhat.java-1.41.1-linux-x64/jre/21.0.6-linux-x86_64/lib/server/libjvm.so
7c56bdee3000-7c56bdf13000 rw-p 014e2000 103:04 2901537                   /home/viniciussaousa/.vscode/extensions/redhat.java-1.41.1-linux-x64/jre/21.0.6-linux-x86_64/lib/server/libjvm.so
7c56bdf13000-7c56bdf79000 rw-p 00000000 00:00 0 
7c56bdf81000-7c56bdf8d000 r-xp 00000000 103:04 2900640                   /home/viniciussaousa/.vscode/extensions/redhat.java-1.41.1-linux-x64/jre/21.0.6-linux-x86_64/lib/libnet.so
7c56bdf8d000-7c56bdf8e000 r--p 0000b000 103:04 2900640                   /home/viniciussaousa/.vscode/extensions/redhat.java-1.41.1-linux-x64/jre/21.0.6-linux-x86_64/lib/libnet.so
7c56bdf8e000-7c56bdf8f000 rw-p 0000c000 103:04 2900640                   /home/viniciussaousa/.vscode/extensions/redhat.java-1.41.1-linux-x64/jre/21.0.6-linux-x86_64/lib/libnet.so
7c56bdf8f000-7c56bdfa3000 r-xp 00000000 103:04 2900642                   /home/viniciussaousa/.vscode/extensions/redhat.java-1.41.1-linux-x64/jre/21.0.6-linux-x86_64/lib/libnio.so
7c56bdfa3000-7c56bdfa4000 r--p 00013000 103:04 2900642                   /home/viniciussaousa/.vscode/extensions/redhat.java-1.41.1-linux-x64/jre/21.0.6-linux-x86_64/lib/libnio.so
7c56bdfa4000-7c56bdfa5000 rw-p 00014000 103:04 2900642                   /home/viniciussaousa/.vscode/extensions/redhat.java-1.41.1-linux-x64/jre/21.0.6-linux-x86_64/lib/libnio.so
7c56bdfa5000-7c56be000000 rw-p 00000000 00:00 0 
7c56be000000-7c56be028000 r--p 00000000 103:04 12321666                  /usr/lib/x86_64-linux-gnu/libc.so.6
7c56be028000-7c56be1b0000 r-xp 00028000 103:04 12321666                  /usr/lib/x86_64-linux-gnu/libc.so.6
7c56be1b0000-7c56be1ff000 r--p 001b0000 103:04 12321666                  /usr/lib/x86_64-linux-gnu/libc.so.6
7c56be1ff000-7c56be203000 r--p 001fe000 103:04 12321666                  /usr/lib/x86_64-linux-gnu/libc.so.6
7c56be203000-7c56be205000 rw-p 00202000 103:04 12321666                  /usr/lib/x86_64-linux-gnu/libc.so.6
7c56be205000-7c56be212000 rw-p 00000000 00:00 0 
7c56be214000-7c56be22f000 r-xp 00000000 103:04 2900651                   /home/viniciussaousa/.vscode/extensions/redhat.java-1.41.1-linux-x64/jre/21.0.6-linux-x86_64/lib/libzip.so
7c56be22f000-7c56be230000 r--p 0001a000 103:04 2900651                   /home/viniciussaousa/.vscode/extensions/redhat.java-1.41.1-linux-x64/jre/21.0.6-linux-x86_64/lib/libzip.so
7c56be230000-7c56be231000 rw-p 0001b000 103:04 2900651                   /home/viniciussaousa/.vscode/extensions/redhat.java-1.41.1-linux-x64/jre/21.0.6-linux-x86_64/lib/libzip.so
7c56be231000-7c56be232000 r--p 00000000 07:05 280                        /snap/code/190/usr/lib/locale/agr_PE/LC_NUMERIC
7c56be232000-7c56be233000 r--p 00000000 07:05 5477                       /snap/code/190/usr/lib/locale/pt_BR.utf8/LC_TIME
7c56be233000-7c56be234000 r--p 00000000 07:05 5472                       /snap/code/190/usr/lib/locale/pt_BR.utf8/LC_MONETARY
7c56be234000-7c56be235000 r--p 00000000 07:05 5471                       /snap/code/190/usr/lib/locale/pt_BR.utf8/LC_MESSAGES/SYS_LC_MESSAGES
7c56be235000-7c56be236000 r--p 00000000 07:05 197                        /snap/code/190/usr/lib/locale/aa_DJ.utf8/LC_PAPER
7c56be236000-7c56be237000 r--p 00000000 07:05 279                        /snap/code/190/usr/lib/locale/agr_PE/LC_NAME
7c56be237000-7c56be238000 r--p 00000000 07:05 5465                       /snap/code/190/usr/lib/locale/pt_BR.utf8/LC_ADDRESS
7c56be238000-7c56be239000 r--p 00000000 07:05 5476                       /snap/code/190/usr/lib/locale/pt_BR.utf8/LC_TELEPHONE
7c56be239000-7c56be240000 r--s 00000000 103:04 12984852                  /usr/lib/x86_64-linux-gnu/gconv/gconv-modules.cache
7c56be240000-7c56be29a000 rw-p 00000000 00:00 0 
7c56be29a000-7c56be2a1000 ---p 00000000 00:00 0 
7c56be2a1000-7c56be2c1000 r-xp 00000000 103:04 2900624                   /home/viniciussaousa/.vscode/extensions/redhat.java-1.41.1-linux-x64/jre/21.0.6-linux-x86_64/lib/libjava.so
7c56be2c1000-7c56be2c2000 ---p 00020000 103:04 2900624                   /home/viniciussaousa/.vscode/extensions/redhat.java-1.41.1-linux-x64/jre/21.0.6-linux-x86_64/lib/libjava.so
7c56be2c2000-7c56be2c3000 r--p 00020000 103:04 2900624                   /home/viniciussaousa/.vscode/extensions/redhat.java-1.41.1-linux-x64/jre/21.0.6-linux-x86_64/lib/libjava.so
7c56be2c3000-7c56be2c4000 rw-p 00021000 103:04 2900624                   /home/viniciussaousa/.vscode/extensions/redhat.java-1.41.1-linux-x64/jre/21.0.6-linux-x86_64/lib/libjava.so
7c56be2c4000-7c56be2c5000 rw-p 00000000 00:00 0 
7c56be2c5000-7c56be2e0000 r-xp 00000000 103:04 2900628                   /home/viniciussaousa/.vscode/extensions/redhat.java-1.41.1-linux-x64/jre/21.0.6-linux-x86_64/lib/libjimage.so
7c56be2e0000-7c56be2e1000 ---p 0001b000 103:04 2900628                   /home/viniciussaousa/.vscode/extensions/redhat.java-1.41.1-linux-x64/jre/21.0.6-linux-x86_64/lib/libjimage.so
7c56be2e1000-7c56be2e3000 r--p 0001b000 103:04 2900628                   /home/viniciussaousa/.vscode/extensions/redhat.java-1.41.1-linux-x64/jre/21.0.6-linux-x86_64/lib/libjimage.so
7c56be2e3000-7c56be2e4000 rw-p 0001d000 103:04 2900628                   /home/viniciussaousa/.vscode/extensions/redhat.java-1.41.1-linux-x64/jre/21.0.6-linux-x86_64/lib/libjimage.so
7c56be2e4000-7c56be2e5000 r--p 00000000 103:04 12330725                  /usr/lib/x86_64-linux-gnu/librt.so.1
7c56be2e5000-7c56be2e6000 r-xp 00001000 103:04 12330725                  /usr/lib/x86_64-linux-gnu/librt.so.1
7c56be2e6000-7c56be2e7000 r--p 00002000 103:04 12330725                  /usr/lib/x86_64-linux-gnu/librt.so.1
7c56be2e7000-7c56be2e8000 r--p 00002000 103:04 12330725                  /usr/lib/x86_64-linux-gnu/librt.so.1
7c56be2e8000-7c56be2e9000 rw-p 00003000 103:04 12330725                  /usr/lib/x86_64-linux-gnu/librt.so.1
7c56be2e9000-7c56be2eb000 rw-p 00000000 00:00 0 
7c56be2eb000-7c56be2ec000 r--p 00000000 103:04 12322952                  /usr/lib/x86_64-linux-gnu/libdl.so.2
7c56be2ec000-7c56be2ed000 r-xp 00001000 103:04 12322952                  /usr/lib/x86_64-linux-gnu/libdl.so.2
7c56be2ed000-7c56be2ee000 r--p 00002000 103:04 12322952                  /usr/lib/x86_64-linux-gnu/libdl.so.2
7c56be2ee000-7c56be2ef000 r--p 00002000 103:04 12322952                  /usr/lib/x86_64-linux-gnu/libdl.so.2
7c56be2ef000-7c56be2f0000 rw-p 00003000 103:04 12322952                  /usr/lib/x86_64-linux-gnu/libdl.so.2
7c56be2f0000-7c56be2f1000 r--p 00000000 103:04 12330723                  /usr/lib/x86_64-linux-gnu/libpthread.so.0
7c56be2f1000-7c56be2f2000 r-xp 00001000 103:04 12330723                  /usr/lib/x86_64-linux-gnu/libpthread.so.0
7c56be2f2000-7c56be2f3000 r--p 00002000 103:04 12330723                  /usr/lib/x86_64-linux-gnu/libpthread.so.0
7c56be2f3000-7c56be2f4000 r--p 00002000 103:04 12330723                  /usr/lib/x86_64-linux-gnu/libpthread.so.0
7c56be2f4000-7c56be2f5000 rw-p 00003000 103:04 12330723                  /usr/lib/x86_64-linux-gnu/libpthread.so.0
7c56be2f5000-7c56be2f6000 r--p 00000000 07:05 191                        /snap/code/190/usr/lib/locale/aa_DJ.utf8/LC_MEASUREMENT
7c56be2f6000-7c56be2f7000 r--p 00000000 07:05 5468                       /snap/code/190/usr/lib/locale/pt_BR.utf8/LC_IDENTIFICATION
7c56be2f7000-7c56be2ff000 rw-s 00000000 103:04 4850040                   /tmp/hsperfdata_viniciussaousa/7652
7c56be2ff000-7c56be309000 r-xp 00000000 103:04 2900619                   /home/viniciussaousa/.vscode/extensions/redhat.java-1.41.1-linux-x64/jre/21.0.6-linux-x86_64/lib/libinstrument.so
7c56be309000-7c56be30a000 ---p 0000a000 103:04 2900619                   /home/viniciussaousa/.vscode/extensions/redhat.java-1.41.1-linux-x64/jre/21.0.6-linux-x86_64/lib/libinstrument.so
7c56be30a000-7c56be30b000 r--p 0000a000 103:04 2900619                   /home/viniciussaousa/.vscode/extensions/redhat.java-1.41.1-linux-x64/jre/21.0.6-linux-x86_64/lib/libinstrument.so
7c56be30b000-7c56be30c000 rw-p 0000b000 103:04 2900619                   /home/viniciussaousa/.vscode/extensions/redhat.java-1.41.1-linux-x64/jre/21.0.6-linux-x86_64/lib/libinstrument.so
7c56be30c000-7c56be30d000 ---p 00000000 00:00 0 
7c56be30d000-7c56be30e000 r--p 00000000 00:00 0 
7c56be30e000-7c56be30f000 ---p 00000000 00:00 0 
7c56be30f000-7c56be328000 r-xp 00000000 103:04 2900629                   /home/viniciussaousa/.vscode/extensions/redhat.java-1.41.1-linux-x64/jre/21.0.6-linux-x86_64/lib/libjli.so
7c56be328000-7c56be329000 r--p 00018000 103:04 2900629                   /home/viniciussaousa/.vscode/extensions/redhat.java-1.41.1-linux-x64/jre/21.0.6-linux-x86_64/lib/libjli.so
7c56be329000-7c56be32a000 rw-p 00019000 103:04 2900629                   /home/viniciussaousa/.vscode/extensions/redhat.java-1.41.1-linux-x64/jre/21.0.6-linux-x86_64/lib/libjli.so
7c56be32a000-7c56be32c000 rw-p 00000000 00:00 0 
7c56be32c000-7c56be32d000 r--p 00000000 103:04 12321537                  /usr/lib/x86_64-linux-gnu/ld-linux-x86-64.so.2
7c56be32d000-7c56be358000 r-xp 00001000 103:04 12321537                  /usr/lib/x86_64-linux-gnu/ld-linux-x86-64.so.2
7c56be358000-7c56be362000 r--p 0002c000 103:04 12321537                  /usr/lib/x86_64-linux-gnu/ld-linux-x86-64.so.2
7c56be362000-7c56be364000 r--p 00036000 103:04 12321537                  /usr/lib/x86_64-linux-gnu/ld-linux-x86-64.so.2
7c56be364000-7c56be366000 rw-p 00038000 103:04 12321537                  /usr/lib/x86_64-linux-gnu/ld-linux-x86-64.so.2
7fff0699e000-7fff069c1000 rw-p 00000000 00:00 0                          [stack]
7fff069dc000-7fff069e0000 r--p 00000000 00:00 0                          [vvar]
7fff069e0000-7fff069e2000 r-xp 00000000 00:00 0                          [vdso]
ffffffffff600000-ffffffffff601000 --xp 00000000 00:00 0                  [vsyscall]
Total number of mappings: 282


VM Arguments:
jvm_args: --add-modules=ALL-SYSTEM --add-opens=java.base/java.util=ALL-UNNAMED --add-opens=java.base/java.lang=ALL-UNNAMED --add-opens=java.base/sun.nio.fs=ALL-UNNAMED -Declipse.application=org.eclipse.jdt.ls.core.id1 -Dosgi.bundles.defaultStartLevel=4 -Declipse.product=org.eclipse.jdt.ls.core.product -Djava.import.generatesMetadataFilesAtProjectRoot=false -DDetectVMInstallationsJob.disabled=true -Dfile.encoding=utf8 -XX:+UseParallelGC -XX:GCTimeRatio=4 -XX:AdaptiveSizePolicyWeight=90 -Dsun.zip.disableMemoryMapping=true -Xmx1G -Xms100m -Xlog:disable -javaagent:/home/viniciussaousa/.vscode/extensions/redhat.java-1.41.1-linux-x64/lombok/lombok-1.18.36.jar -XX:+HeapDumpOnOutOfMemoryError -XX:HeapDumpPath=/home/viniciussaousa/.config/Code/User/workspaceStorage/2976abad126861622e53ec898ffa0717/redhat.java -Daether.dependencyCollector.impl=bf 
java_command: /home/viniciussaousa/.vscode/extensions/redhat.java-1.41.1-linux-x64/server/plugins/org.eclipse.equinox.launcher_1.7.0.v20250331-1702.jar -configuration /home/viniciussaousa/.config/Code/User/globalStorage/redhat.java/1.41.1/config_linux -data /home/viniciussaousa/.config/Code/User/workspaceStorage/2976abad126861622e53ec898ffa0717/redhat.java/jdt_ws --pipe=/run/user/1000/lsp-8323397e87e5c37dfc3cfdcc92671329.sock
java_class_path (initial): /home/viniciussaousa/.vscode/extensions/redhat.java-1.41.1-linux-x64/server/plugins/org.eclipse.equinox.launcher_1.7.0.v20250331-1702.jar
Launcher Type: SUN_STANDARD

[Global flags]
    uintx AdaptiveSizePolicyWeight                 = 90                                        {product} {command line}
     intx CICompilerCount                          = 4                                         {product} {ergonomic}
    uintx GCTimeRatio                              = 4                                         {product} {command line}
     bool HeapDumpOnOutOfMemoryError               = true                                   {manageable} {command line}
    ccstr HeapDumpPath                             = /home/viniciussaousa/.config/Code/User/workspaceStorage/2976abad126861622e53ec898ffa0717/redhat.java         {manageable} {command line}
   size_t InitialHeapSize                          = 104857600                                 {product} {command line}
   size_t MaxHeapSize                              = 1073741824                                {product} {command line}
   size_t MaxNewSize                               = 357564416                                 {product} {ergonomic}
   size_t MinHeapDeltaBytes                        = 524288                                    {product} {ergonomic}
   size_t MinHeapSize                              = 104857600                                 {product} {command line}
   size_t NewSize                                  = 34603008                                  {product} {ergonomic}
    uintx NonNMethodCodeHeapSize                   = 5839372                                {pd product} {ergonomic}
    uintx NonProfiledCodeHeapSize                  = 122909434                              {pd product} {ergonomic}
   size_t OldSize                                  = 70254592                                  {product} {ergonomic}
    uintx ProfiledCodeHeapSize                     = 122909434                              {pd product} {ergonomic}
    uintx ReservedCodeCacheSize                    = 251658240                              {pd product} {ergonomic}
     bool SegmentedCodeCache                       = true                                      {product} {ergonomic}
   size_t SoftMaxHeapSize                          = 1073741824                             {manageable} {ergonomic}
     bool UseCompressedOops                        = true                           {product lp64_product} {ergonomic}
     bool UseParallelGC                            = true                                      {product} {command line}

Logging:
Log output configuration:
 #0: stdout all=off uptime,level,tags foldmultilines=false
 #1: stderr all=off uptime,level,tags foldmultilines=false

Environment Variables:
PATH=/home/viniciussaousa/.nvm/versions/node/v20.16.0/bin:/home/viniciussaousa/.pyenv/plugins/pyenv-virtualenv/shims:/home/viniciussaousa/.pyenv/shims:/home/viniciussaousa/.pyenv/bin:/home/viniciussaousa/anaconda3/condabin:/home/viniciussaousa/.local/bin:/usr/local/sbin:/usr/local/bin:/usr/sbin:/usr/bin:/sbin:/bin:/usr/games:/usr/local/games:/snap/bin
SHELL=/bin/bash
DISPLAY=:0
LANG=pt_BR.UTF-8
LC_NUMERIC=pt_BR.UTF-8
LC_TIME=pt_BR.UTF-8
TERM=xterm-256color

Active Locale:
LC_ALL=pt_BR.UTF-8
LC_COLLATE=pt_BR.UTF-8
LC_CTYPE=pt_BR.UTF-8
LC_MESSAGES=pt_BR.UTF-8
LC_MONETARY=pt_BR.UTF-8
LC_NUMERIC=pt_BR.UTF-8
LC_TIME=pt_BR.UTF-8

Signal Handlers:
   SIGSEGV: crash_handler in libjvm.so, mask=11100100010111111101111111111110, flags=SA_RESTART|SA_SIGINFO, unblocked
    SIGBUS: crash_handler in libjvm.so, mask=11100100010111111101111111111110, flags=SA_RESTART|SA_SIGINFO, unblocked
    SIGFPE: crash_handler in libjvm.so, mask=11100100010111111101111111111110, flags=SA_RESTART|SA_SIGINFO, unblocked
   SIGPIPE: javaSignalHandler in libjvm.so, mask=11100100010111111101111111111110, flags=SA_RESTART|SA_SIGINFO, blocked
   SIGXFSZ: javaSignalHandler in libjvm.so, mask=11100100010111111101111111111110, flags=SA_RESTART|SA_SIGINFO, blocked
    SIGILL: crash_handler in libjvm.so, mask=11100100010111111101111111111110, flags=SA_RESTART|SA_SIGINFO, unblocked
   SIGUSR2: SR_handler in libjvm.so, mask=00000000000000000000000000000000, flags=SA_RESTART|SA_SIGINFO, blocked
    SIGHUP: UserHandler in libjvm.so, mask=11100100010111111101111111111110, flags=SA_RESTART|SA_SIGINFO, blocked
    SIGINT: UserHandler in libjvm.so, mask=11100100010111111101111111111110, flags=SA_RESTART|SA_SIGINFO, blocked
   SIGTERM: UserHandler in libjvm.so, mask=11100100010111111101111111111110, flags=SA_RESTART|SA_SIGINFO, blocked
   SIGQUIT: UserHandler in libjvm.so, mask=11100100010111111101111111111110, flags=SA_RESTART|SA_SIGINFO, blocked
   SIGTRAP: crash_handler in libjvm.so, mask=11100100010111111101111111111110, flags=SA_RESTART|SA_SIGINFO, unblocked


Periodic native trim disabled

---------------  S Y S T E M  ---------------

OS:
DISTRIB_ID=Ubuntu
DISTRIB_RELEASE=24.04
DISTRIB_CODENAME=noble
DISTRIB_DESCRIPTION="Ubuntu 24.04.2 LTS"
uname: Linux 6.8.0-58-generic #60-Ubuntu SMP PREEMPT_DYNAMIC Fri Mar 14 18:29:48 UTC 2025 x86_64
OS uptime: 0 days 0:10 hours
libc: glibc 2.39 NPTL 2.39 
rlimit (soft/hard): STACK 8192k/infinity , CORE 0k/infinity , NPROC 62780/62780 , NOFILE 1048576/1048576 , AS infinity/infinity , CPU infinity/infinity , DATA infinity/infinity , FSIZE infinity/infinity , MEMLOCK 2018332k/2018332k
load average: 1,54 1,27 0,59

/proc/meminfo:
MemTotal:       16146676 kB
MemFree:         9596176 kB
MemAvailable:   12035236 kB
Buffers:          177404 kB
Cached:          2913040 kB
SwapCached:            0 kB
Active:          4078064 kB
Inactive:        1143824 kB
Active(anon):    2603700 kB
Inactive(anon):        0 kB
Active(file):    1474364 kB
Inactive(file):  1143824 kB
Unevictable:      362684 kB
Mlocked:              80 kB
SwapTotal:       2097148 kB
SwapFree:        2097148 kB
Zswap:                 0 kB
Zswapped:              0 kB
Dirty:               428 kB
Writeback:             0 kB
AnonPages:       2494332 kB
Mapped:           846488 kB
Shmem:            472236 kB
KReclaimable:     158184 kB
Slab:             450412 kB
SReclaimable:     158184 kB
SUnreclaim:       292228 kB
KernelStack:       19824 kB
PageTables:        47092 kB
SecPageTables:         0 kB
NFS_Unstable:          0 kB
Bounce:                0 kB
WritebackTmp:          0 kB
CommitLimit:    10170484 kB
Committed_AS:   15697304 kB
VmallocTotal:   34359738367 kB
VmallocUsed:      128788 kB
VmallocChunk:          0 kB
Percpu:            12672 kB
HardwareCorrupted:     0 kB
AnonHugePages:         0 kB
ShmemHugePages:        0 kB
ShmemPmdMapped:        0 kB
FileHugePages:         0 kB
FilePmdMapped:         0 kB
Unaccepted:            0 kB
HugePages_Total:       0
HugePages_Free:        0
HugePages_Rsvd:        0
HugePages_Surp:        0
Hugepagesize:       2048 kB
Hugetlb:               0 kB
DirectMap4k:      630928 kB
DirectMap2M:     8577024 kB
DirectMap1G:     8388608 kB

/sys/kernel/mm/transparent_hugepage/enabled: always [madvise] never
/sys/kernel/mm/transparent_hugepage/hpage_pmd_size: 2097152
/sys/kernel/mm/transparent_hugepage/defrag (defrag/compaction efforts parameter): always defer defer+madvise [madvise] never

Process Memory:
Virtual Size: 4910400K (peak: 4972972K)
Resident Set Size: 162512K (peak: 162512K) (anon: 131036K, file: 31476K, shmem: 0K)
Swapped out: 0K
C-Heap outstanding allocations: 71070K, retained: 9701K
glibc malloc tunables: (default)

/proc/sys/kernel/threads-max (system-wide limit on the number of threads): 125561
/proc/sys/vm/max_map_count (maximum number of memory map areas a process may have): 1048576
/proc/sys/vm/swappiness (control to define how aggressively the kernel swaps out anonymous memory): 60
/proc/sys/kernel/pid_max (system-wide limit on number of process identifiers): 4194304

container (cgroup) information:
container_type: cgroupv2
cpu_cpuset_cpus: not supported
cpu_memory_nodes: not supported
active_processor_count: 12
cpu_quota: not supported
cpu_period: not supported
cpu_shares: not supported
memory_limit_in_bytes: unlimited
memory_and_swap_limit_in_bytes: unlimited
memory_soft_limit_in_bytes: unlimited
memory_usage_in_bytes: 1867244 k
memory_max_usage_in_bytes: not supported
memory_swap_current_in_bytes: unlimited
memory_swap_max_limit_in_bytes: unlimited
maximum number of tasks: 18834
current number of tasks: 271

Steal ticks since vm start: 0
Steal ticks percentage since vm start:  0,000

CPU: total 12 (initial active 12) (6 cores per cpu, 2 threads per core) family 6 model 165 stepping 2 microcode 0x100, cx8, cmov, fxsr, ht, mmx, 3dnowpref, sse, sse2, sse3, ssse3, sse4.1, sse4.2, popcnt, lzcnt, tsc, tscinvbit, avx, avx2, aes, erms, clmul, bmi1, bmi2, adx, fma, vzeroupper, clflush, clflushopt, rdtscp, f16c, pku, ospke
CPU Model and flags from /proc/cpuinfo:
model name	: Intel(R) Core(TM) i5-10500H CPU @ 2.50GHz
flags		: fpu vme de pse tsc msr pae mce cx8 apic sep mtrr pge mca cmov pat pse36 clflush dts acpi mmx fxsr sse sse2 ss ht tm pbe syscall nx pdpe1gb rdtscp lm constant_tsc art arch_perfmon pebs bts rep_good nopl xtopology nonstop_tsc cpuid aperfmperf pni pclmulqdq dtes64 monitor ds_cpl vmx est tm2 ssse3 sdbg fma cx16 xtpr pdcm pcid sse4_1 sse4_2 x2apic movbe popcnt tsc_deadline_timer aes xsave avx f16c rdrand lahf_lm abm 3dnowprefetch cpuid_fault epb ssbd ibrs ibpb stibp ibrs_enhanced tpr_shadow flexpriority ept vpid ept_ad fsgsbase tsc_adjust bmi1 avx2 smep bmi2 erms invpcid mpx rdseed adx smap clflushopt intel_pt xsaveopt xsavec xgetbv1 xsaves dtherm ida arat pln pts hwp hwp_notify hwp_act_window hwp_epp vnmi pku ospke md_clear flush_l1d arch_capabilities

Online cpus: 0-11
Offline cpus: 
BIOS frequency limitation: <Not Available>
Frequency switch latency (ns): 0
Available cpu frequencies: <Not Available>
Current governor: powersave
Core performance/turbo boost: <Not Available>

Memory: 4k page, physical 16146676k(12035236k free), swap 2097148k(2097148k free)
Page Sizes: 4k

vm_info: OpenJDK 64-Bit Server VM (21.0.6+7-LTS) for linux-amd64 JRE (21.0.6+7-LTS), built on 2025-01-21T00:00:00Z by "admin" with gcc 11.3.0

END.
