#
# A fatal error has been detected by the Java Runtime Environment:
#
#  SIGSEGV (0xb) at pc=0x00007fcb38580e10, pid=6616, tid=6758
#
# JRE version: OpenJDK Runtime Environment Temurin-21.0.6+7 (21.0.6+7) (build 21.0.6+7-LTS)
# Java VM: OpenJDK 64-Bit Server VM Temurin-21.0.6+7 (21.0.6+7-LTS, mixed mode, sharing, tiered, compressed oops, compressed class ptrs, parallel gc, linux-amd64)
# Problematic frame:
# V  [libjvm.so+0xd80e10]  oopDesc* PSPromotionManager::copy_unmarked_to_survivor_space<false>(oopDesc*, markWord)+0x40
#
# Core dump will be written. Default location: Core dumps may be processed with "/usr/share/apport/apport -p%p -s%s -c%c -d%d -P%P -u%u -g%g -- %E" (or dumping to /home/viniciussaousa/Documentos/projeto_programa/lab6/core.6616)
#
# If you would like to submit a bug report, please visit:
#   https://github.com/adoptium/adoptium-support/issues
#

---------------  S U M M A R Y ------------

Command Line: --add-modules=ALL-SYSTEM --add-opens=java.base/java.util=ALL-UNNAMED --add-opens=java.base/java.lang=ALL-UNNAMED --add-opens=java.base/sun.nio.fs=ALL-UNNAMED -Declipse.application=org.eclipse.jdt.ls.core.id1 -Dosgi.bundles.defaultStartLevel=4 -Declipse.product=org.eclipse.jdt.ls.core.product -Djava.import.generatesMetadataFilesAtProjectRoot=false -DDetectVMInstallationsJob.disabled=true -Dfile.encoding=utf8 -XX:+UseParallelGC -XX:GCTimeRatio=4 -XX:AdaptiveSizePolicyWeight=90 -Dsun.zip.disableMemoryMapping=true -Xmx1G -Xms100m -Xlog:disable -javaagent:/home/viniciussaousa/.vscode/extensions/redhat.java-1.41.1-linux-x64/lombok/lombok-1.18.36.jar /home/viniciussaousa/.vscode/extensions/redhat.java-1.41.1-linux-x64/server/plugins/org.eclipse.equinox.launcher_1.7.0.v20250331-1702.jar -configuration /home/viniciussaousa/.config/Code/User/globalStorage/redhat.java/1.41.1/config_ss_linux -data /home/viniciussaousa/.config/Code/User/workspaceStorage/2976abad126861622e53ec898ffa0717/redhat.java/ss_ws --pipe=/run/user/1000/lsp-0f0a1b9ceb9b25cdabfc57424b182454.sock

Host: Intel(R) Core(TM) i5-10500H CPU @ 2.50GHz, 12 cores, 15G, Ubuntu 24.04.2 LTS
Time: Sat May  3 22:10:09 2025 -04 elapsed time: 2.584576 seconds (0d 0h 0m 2s)

---------------  T H R E A D  ---------------

Current thread (0x00007fcac80079e0):  WorkerThread "GC Thread#7"    [id=6758, stack(0x00007fcacdefa000,0x00007fcacdffa000) (1024K)]

Stack: [0x00007fcacdefa000,0x00007fcacdffa000],  sp=0x00007fcacdff8a30,  free space=1018k
Native frames: (J=compiled Java code, j=interpreted, Vv=VM code, C=native code)
V  [libjvm.so+0xd80e10]  oopDesc* PSPromotionManager::copy_unmarked_to_survivor_space<false>(oopDesc*, markWord)+0x40
V  [libjvm.so+0xd80bac]  PSPromotionManager::drain_stacks_depth(bool)+0x22c
V  [libjvm.so+0xd64e87]  PSCardTable::scavenge_contents_parallel(ObjectStartArray*, HeapWordImpl**, HeapWordImpl**, PSPromotionManager*, unsigned int, unsigned int)+0x7d7
V  [libjvm.so+0xd85374]  ScavengeRootsTask::work(unsigned int)+0x3d4
V  [libjvm.so+0x1034eb0]  WorkerThread::run()+0x80
V  [libjvm.so+0xf78778]  Thread::call_run()+0xa8
V  [libjvm.so+0xd042ba]  thread_native_entry(Thread*)+0xda
C  [libc.so.6+0x9caa4]

siginfo: si_signo: 11 (SIGSEGV), si_code: 1 (SEGV_MAPERR), si_addr: 0x00007fcb4275427a

Registers:
RAX=0x00007fcb38ce7e80, RBX=0x00007fcb301a9a00, RCX=0x0000000000000000, RDX=0x0000000000000001
RSP=0x00007fcacdff8a30, RBP=0x00007fcacdff8ab0, RSI=0x00000000eb097130, RDI=0x00007fcb42754272
R8 =0x00007fcb38ce7e90, R9 =0x0000000000000000, R10=0x00000000ec813640, R11=0x00000000ec813640
R12=0x00007fcb301a9a00, R13=0x00007fcb301a9b60, R14=0x00000000eb097130, R15=0x00000000ec813654
RIP=0x00007fcb38580e10, EFLAGS=0x0000000000010206, CSGSFS=0x002b000000000033, ERR=0x0000000000000004
  TRAPNO=0x000000000000000e

XMM[0]=0x0000000800002a08 0x0000000000000001
XMM[1]=0x0000000000011bc6 0x0000000000003e68
XMM[2]=0x0000000000d173db 0x0000000000000001
XMM[3]=0x0000000000000007 0x0000000000000000
XMM[4]=0xeae71958eae70e08 0xeae701f8eae6f5b0
XMM[5]=0x0000000000000000 0x0000000000000000
XMM[6]=0x00000000eae71f68 0xeae71958eae70e08
XMM[7]=0xeae6d250eae6c728 0xeae6bc40eae6b120
XMM[8]=0xeae67788eae66c98 0xeae66158eae65570
XMM[9]=0x0000000000000000 0x4049000000000000
XMM[10]=0x0000000000000000 0x000000003be7a1a0
XMM[11]=0x0000000000000000 0x0000000041c80000
XMM[12]=0x2020202020202020 0x2020202020202020
XMM[13]=0x0000000000000000 0x0000000000000000
XMM[14]=0x0000000000000000 0x0000000000000000
XMM[15]=0x0000000000000000 0x0000000000000000
  MXCSR=0x00001fa0


Register to memory mapping:

RAX=0x00007fcb38ce7e80: <offset 0x00000000014e7e80> in /home/viniciussaousa/.vscode/extensions/redhat.java-1.41.1-linux-x64/jre/21.0.6-linux-x86_64/lib/server/libjvm.so at 0x00007fcb37800000
RBX=0x00007fcb301a9a00 points into unknown readable memory: 0x00007fcb38cdcc90 | 90 cc cd 38 cb 7f 00 00
RCX=0x0 is null
RDX=0x0000000000000001 is an unknown value
RSP=0x00007fcacdff8a30 points into unknown readable memory: 0x00007fcacdff8b10 | 10 8b ff cd ca 7f 00 00
RBP=0x00007fcacdff8ab0 points into unknown readable memory: 0x00007fcacdff8b00 | 00 8b ff cd ca 7f 00 00
RSI=0x00000000eb097130 points into unknown readable memory: 0x657474616d726f46 | 46 6f 72 6d 61 74 74 65
RDI=0x00007fcb42754272 is an unknown value
R8 =0x00007fcb38ce7e90: <offset 0x00000000014e7e90> in /home/viniciussaousa/.vscode/extensions/redhat.java-1.41.1-linux-x64/jre/21.0.6-linux-x86_64/lib/server/libjvm.so at 0x00007fcb37800000
R9 =0x0 is null
R10=0x00000000ec813640 is an oop: java.util.HashMap$Node 
{0x00000000ec813640} - klass: 'java/util/HashMap$Node'
 - ---- fields (total size 4 words):
 - final 'hash' 'I' @12  -1084592845 (0xbf5a6d33)
 - final 'key' 'Ljava/lang/Object;' @16  "/modules/java.base/jdk/internal/classfile/constantpool/FloatEntry.class"{0x00000000ec7c0650} (0xec7c0650)
 - 'value' 'Ljava/lang/Object;' @20  
[error occurred during error reporting (printing register info), id 0xb, SIGSEGV (0xb) at pc=0x00007fcb384ea10d]
R11=0x00000000ec813640 is an oop: java.util.HashMap$Node 
{0x00000000ec813640} - klass: 'java/util/HashMap$Node'
 - ---- fields (total size 4 words):
 - final 'hash' 'I' @12  -1084592845 (0xbf5a6d33)
 - final 'key' 'Ljava/lang/Object;' @16  "/modules/java.base/jdk/internal/classfile/constantpool/FloatEntry.class"{0x00000000ec7c0650} (0xec7c0650)
 - 'value' 'Ljava/lang/Object;' @20  
[error occurred during error reporting (printing register info, attempt 2), id 0xb, SIGSEGV (0xb) at pc=0x00007fcb384ea10d]
R12=0x00007fcb301a9a00 points into unknown readable memory: 0x00007fcb38cdcc90 | 90 cc cd 38 cb 7f 00 00
R13=0x00007fcb301a9b60 points into unknown readable memory: 0x00000b000000094f | 4f 09 00 00 00 0b 00 00
R14=0x00000000eb097130 points into unknown readable memory: 0x657474616d726f46 | 46 6f 72 6d 61 74 74 65
R15=0x00000000ec813654 points into unknown readable memory: 30 71 09 eb

Top of Stack: (sp=0x00007fcacdff8a30)
0x00007fcacdff8a30:   00007fcacdff8b10 00007fcb38d4b300
0x00007fcacdff8a40:   00007fcb38d4b300 00000000ec810f28
0x00007fcacdff8a50:   00000000ec813640 657474616d726f46
0x00007fcacdff8a60:   00007fcb38c23638 00007fcb30061ce0
0x00007fcacdff8a70:   00007fcb301a9a00 00007fcad903e888
0x00007fcacdff8a80:   00007fcacdff8b00 00007fcb301a9a00
0x00007fcacdff8a90:   0000000000000040 00007fcb301a9b60
0x00007fcacdff8aa0:   00000000ec813655 00000000ec813654
0x00007fcacdff8ab0:   00007fcacdff8b00 00007fcb38580bac
0x00007fcacdff8ac0:   00000000c0a45388 00007fcb38ce7e90
0x00007fcacdff8ad0:   00007fcad3af97cc 0000000000000005
0x00007fcacdff8ae0:   00000000c0a453a0 00000000c0a45418
0x00007fcacdff8af0:   00000000c0a45418 00007fcacdff8c78
0x00007fcacdff8b00:   00007fcacdff8cc0 00007fcb38564e87
0x00007fcacdff8b10:   00007fcb38e9b4b0 00007fcacdff8bf8
0x00007fcacdff8b20:   0000000000010000 00007fcb30042ee0
0x00007fcacdff8b30:   00000000000a0000 00000000c0b821e8
0x00007fcacdff8b40:   00007fcb30003810 00000000c0a40000
0x00007fcacdff8b50:   00000000c0a40030 00007fcacdff8c78
0x00007fcacdff8b60:   0000000000000a80 0000000000002000
0x00007fcacdff8b70:   00000000c0a50000 00007fcb38ce96e8
0x00007fcacdff8b80:   00007fcacdff8ba0 00007fcb301a9a00
0x00007fcacdff8b90:   00000000c0a40000 00000000c0a40000
0x00007fcacdff8ba0:   00007fcb38c23638 00007fcb30061ce0
0x00007fcacdff8bb0:   00007fcb301a9a00 000000000978ebee
0x00007fcacdff8bc0:   0000000000000000 0000000000000000
0x00007fcacdff8bd0:   0000003200001000 0000004000001000
0x00007fcacdff8be0:   00007fca000003e8 00007fcb301a8e00
0x00007fcacdff8bf0:   0000020000000009 0202020202020202
0x00007fcacdff8c00:   0202020202020202 0202020202020202
0x00007fcacdff8c10:   0202020202020202 0202020202020202
0x00007fcacdff8c20:   0202020202ff0202 0202020202020202 

Instructions: (pc=0x00007fcb38580e10)
0x00007fcb38580d10:   02 e9 92 fc ff ff 66 2e 0f 1f 84 00 00 00 00 00
0x00007fcb38580d20:   49 8d 75 fe 48 89 df e8 44 f4 ff ff e9 77 fc ff
0x00007fcb38580d30:   ff 0f 1f 80 00 00 00 00 48 8b 83 e8 02 00 00 48
0x00007fcb38580d40:   8b b3 f8 02 00 00 48 8d 04 c7 4c 8b 30 48 39 b3
0x00007fcb38580d50:   10 03 00 00 73 72 48 8b 93 20 03 00 00 48 89 10
0x00007fcb38580d60:   48 83 83 10 03 00 00 01 48 89 bb 20 03 00 00 48
0x00007fcb38580d70:   8b 83 08 03 00 00 48 8b 93 e8 02 00 00 4c 89 b3
0x00007fcb38580d80:   18 03 00 00 48 89 c1 48 89 93 00 03 00 00 48 29
0x00007fcb38580d90:   d1 4d 85 f6 48 0f 45 c1 48 89 83 08 03 00 00 e9
0x00007fcb38580da0:   30 fc ff ff 0f 1f 40 00 48 83 e2 fc 48 89 d0 e9
0x00007fcb38580db0:   73 fc ff ff 0f 1f 40 00 48 83 e2 fc e9 11 ff ff
0x00007fcb38580dc0:   ff 0f 1f 80 00 00 00 00 e8 73 00 6b ff eb a0 90
0x00007fcb38580dd0:   55 48 89 e5 41 57 41 56 49 89 f6 41 55 41 54 49
0x00007fcb38580de0:   89 fc 53 48 83 ec 58 48 8d 05 fa 88 76 00 48 89
0x00007fcb38580df0:   55 a8 0f b6 10 84 d2 0f 84 9b 05 00 00 48 8d 05
0x00007fcb38580e00:   7c 70 76 00 8b 7e 08 8b 48 08 48 d3 e7 48 03 38
0x00007fcb38580e10:   8b 4f 08 85 c9 0f 8e fd 03 00 00 f6 c1 01 0f 85
0x00007fcb38580e20:   a4 01 00 00 c1 f9 03 4c 63 e9 4c 8b 7d a8 48 8d
0x00007fcb38580e30:   1d 53 81 76 00 4c 89 f8 83 e0 03 83 3b 02 0f 84
0x00007fcb38580e40:   9c 02 00 00 a8 01 0f 84 9e 02 00 00 49 c1 ef 03
0x00007fcb38580e50:   44 89 f8 83 e0 0f 89 45 a0 89 c3 48 8d 05 96 a5
0x00007fcb38580e60:   7c 00 3b 18 0f 83 e6 00 00 00 4d 8b 54 24 08 49
0x00007fcb38580e70:   8b 44 24 18 4c 29 d0 48 c1 e8 03 4c 39 e8 72 14
0x00007fcb38580e80:   4b 8d 04 ea 31 db 49 89 44 24 08 4d 85 d2 0f 85
0x00007fcb38580e90:   17 01 00 00 41 80 7c 24 58 00 0f 85 b0 00 00 00
0x00007fcb38580ea0:   48 8d 1d c1 7b 76 00 48 8b 03 48 d1 e8 4c 39 e8
0x00007fcb38580eb0:   0f 83 3a 08 00 00 48 8b 3d f3 a3 7c 00 4c 89 ee
0x00007fcb38580ec0:   48 8b 07 ff 90 a0 00 00 00 48 85 c0 48 89 45 98
0x00007fcb38580ed0:   74 7e 48 8d 3d 27 a4 7c 00 48 89 7d 90 e8 9e d6
0x00007fcb38580ee0:   ad ff 4c 8b 55 98 84 c0 89 c3 0f 84 bb 00 00 00
0x00007fcb38580ef0:   48 8d 05 f1 87 76 00 48 8b 7d 90 4a 8d 14 ed 00
0x00007fcb38580f00:   00 00 00 80 38 00 0f 84 64 09 00 00 48 8d 05 6d 


Stack slot to memory mapping:

stack at sp + 0 slots: 0x00007fcacdff8b10 points into unknown readable memory: 0x00007fcb38e9b4b0 | b0 b4 e9 38 cb 7f 00 00
stack at sp + 1 slots: 0x00007fcb38d4b300: <offset 0x000000000154b300> in /home/viniciussaousa/.vscode/extensions/redhat.java-1.41.1-linux-x64/jre/21.0.6-linux-x86_64/lib/server/libjvm.so at 0x00007fcb37800000
stack at sp + 2 slots: 0x00007fcb38d4b300: <offset 0x000000000154b300> in /home/viniciussaousa/.vscode/extensions/redhat.java-1.41.1-linux-x64/jre/21.0.6-linux-x86_64/lib/server/libjvm.so at 0x00007fcb37800000
stack at sp + 3 slots: 0x00000000ec810f28 is an oop: java.lang.String 
{0x00000000ec810f28} - klass: 'java/lang/String'
 - string: "/modules/java.base/java/util/jar/JarFile$JarFileEntry.class"
 - ---- fields (total size 3 words):
 - private 'hash' 'I' @12  1223157359 (0x48e7e66f)
 - private final 'coder' 'B' @16  0 (0x00)
 - private 'hashIsZero' 'Z' @17  false (0x00)
 - injected 'flags' 'B' @18  0 (0x00)
 - private final 'value' '[B' @20  [B{0x00000000ec810f40} (0xec810f40)
stack at sp + 4 slots: 0x00000000ec813640 is an oop: java.util.HashMap$Node 
{0x00000000ec813640} - klass: 'java/util/HashMap$Node'
 - ---- fields (total size 4 words):
 - final 'hash' 'I' @12  -1084592845 (0xbf5a6d33)
 - final 'key' 'Ljava/lang/Object;' @16  "/modules/java.base/jdk/internal/classfile/constantpool/FloatEntry.class"{0x00000000ec7c0650} (0xec7c0650)
 - 'value' 'Ljava/lang/Object;' @20  
[error occurred during error reporting (inspecting top of stack), id 0xb, SIGSEGV (0xb) at pc=0x00007fcb384ea10d]
stack at sp + 5 slots: 0x657474616d726f46 is an unknown value
stack at sp + 6 slots: 0x00007fcb38c23638: <offset 0x0000000001423638> in /home/viniciussaousa/.vscode/extensions/redhat.java-1.41.1-linux-x64/jre/21.0.6-linux-x86_64/lib/server/libjvm.so at 0x00007fcb37800000
stack at sp + 7 slots: 0x00007fcb30061ce0 points into unknown readable memory: 0x00007fcb38c23c70 | 70 3c c2 38 cb 7f 00 00


---------------  P R O C E S S  ---------------

Threads class SMR info:
_java_thread_list=0x00007fcaa8621220, length=25, elements={
0x00007fcb3002a6e0, 0x00007fcb301c0db0, 0x00007fcb301c22e0, 0x00007fcb301c3a30,
0x00007fcb301c5030, 0x00007fcb301c6590, 0x00007fcb301c8090, 0x00007fcb301c9710,
0x00007fcb301da0a0, 0x00007fcb3029ebc0, 0x00007fcb30496dc0, 0x00007fcb30470650,
0x00007fcb304f4f70, 0x00007fca80036aa0, 0x00007fca800a9e20, 0x00007fca8024f280,
0x00007fca8033d9f0, 0x00007fca8034a660, 0x00007fcb3051cbd0, 0x00007fcb306cc1d0,
0x00007fcb306cd2f0, 0x00007fca48074920, 0x00007fca48075b80, 0x00007fcaa8619850,
0x00007fcaa86200a0
}

Java Threads: ( => current thread )
  0x00007fcb3002a6e0 JavaThread "main"                              [_thread_blocked, id=6617, stack(0x00007fcb37700000,0x00007fcb37800000) (1024K)]
  0x00007fcb301c0db0 JavaThread "Reference Handler"          daemon [_thread_blocked, id=6621, stack(0x00007fcad3682000,0x00007fcad3782000) (1024K)]
  0x00007fcb301c22e0 JavaThread "Finalizer"                  daemon [_thread_blocked, id=6622, stack(0x00007fcad3582000,0x00007fcad3682000) (1024K)]
  0x00007fcb301c3a30 JavaThread "Signal Dispatcher"          daemon [_thread_blocked, id=6623, stack(0x00007fcad3482000,0x00007fcad3582000) (1024K)]
  0x00007fcb301c5030 JavaThread "Service Thread"             daemon [_thread_blocked, id=6624, stack(0x00007fcad3382000,0x00007fcad3482000) (1024K)]
  0x00007fcb301c6590 JavaThread "Monitor Deflation Thread"   daemon [_thread_blocked, id=6625, stack(0x00007fcad3282000,0x00007fcad3382000) (1024K)]
  0x00007fcb301c8090 JavaThread "C2 CompilerThread0"         daemon [_thread_blocked, id=6626, stack(0x00007fcad3182000,0x00007fcad3282000) (1024K)]
  0x00007fcb301c9710 JavaThread "C1 CompilerThread0"         daemon [_thread_blocked, id=6627, stack(0x00007fcad3082000,0x00007fcad3182000) (1024K)]
  0x00007fcb301da0a0 JavaThread "Common-Cleaner"             daemon [_thread_blocked, id=6628, stack(0x00007fcacef00000,0x00007fcacf000000) (1024K)]
  0x00007fcb3029ebc0 JavaThread "Notification Thread"        daemon [_thread_blocked, id=6713, stack(0x00007fcaced00000,0x00007fcacee00000) (1024K)]
  0x00007fcb30496dc0 JavaThread "Active Thread: Equinox Container: fa83c652-a3d9-4a23-9bec-41b12a5b0ebe"        [_thread_blocked, id=6741, stack(0x00007fcace7fd000,0x00007fcace8fd000) (1024K)]
  0x00007fcb30470650 JavaThread "Framework Event Dispatcher: Equinox Container: fa83c652-a3d9-4a23-9bec-41b12a5b0ebe" daemon [_thread_blocked, id=6745, stack(0x00007fcace6fd000,0x00007fcace7fd000) (1024K)]
  0x00007fcb304f4f70 JavaThread "Start Level: Equinox Container: fa83c652-a3d9-4a23-9bec-41b12a5b0ebe" daemon [_thread_blocked, id=6746, stack(0x00007fcace5fd000,0x00007fcace6fd000) (1024K)]
  0x00007fca80036aa0 JavaThread "SCR Component Actor"        daemon [_thread_blocked, id=6747, stack(0x00007fcace4fd000,0x00007fcace5fd000) (1024K)]
  0x00007fca800a9e20 JavaThread "SCR Component Registry"     daemon [_thread_blocked, id=6749, stack(0x00007fcace2fc000,0x00007fcace3fc000) (1024K)]
  0x00007fca8024f280 JavaThread "Worker-JM"                         [_thread_blocked, id=6755, stack(0x00007fcace1fc000,0x00007fcace2fc000) (1024K)]
  0x00007fca8033d9f0 JavaThread "Worker-0"                          [_thread_blocked, id=6763, stack(0x00007fcacddf9000,0x00007fcacdef9000) (1024K)]
  0x00007fca8034a660 JavaThread "Worker-1"                          [_thread_blocked, id=6764, stack(0x00007fcacdcf9000,0x00007fcacddf9000) (1024K)]
  0x00007fcb3051cbd0 JavaThread "pool-2-thread-1"                   [_thread_blocked, id=6779, stack(0x00007fcacd9f7000,0x00007fcacdaf7000) (1024K)]
  0x00007fcb306cc1d0 JavaThread "WorkspaceEventsHandler"            [_thread_blocked, id=6780, stack(0x00007fcacd8f7000,0x00007fcacd9f7000) (1024K)]
  0x00007fcb306cd2f0 JavaThread "pool-1-thread-1"                   [_thread_blocked, id=6781, stack(0x00007fcacd2e6000,0x00007fcacd3e6000) (1024K)]
  0x00007fca48074920 JavaThread "ForkJoinPool.commonPool-worker-1" daemon [_thread_blocked, id=6810, stack(0x00007fcacec00000,0x00007fcaced00000) (1024K)]
  0x00007fca48075b80 JavaThread "ForkJoinPool.commonPool-worker-2" daemon [_thread_blocked, id=6811, stack(0x00007fcacee00000,0x00007fcacef00000) (1024K)]
  0x00007fcaa8619850 JavaThread "C2 CompilerThread1"         daemon [_thread_in_native, id=6812, stack(0x00007fcacd7f7000,0x00007fcacd8f7000) (1024K)]
  0x00007fcaa86200a0 JavaThread "C2 CompilerThread2"         daemon [_thread_blocked, id=6815, stack(0x00007fcacd6f7000,0x00007fcacd7f7000) (1024K)]
Total: 25

Other Threads:
  0x00007fcb301ad9d0 VMThread "VM Thread"                           [id=6620, stack(0x00007fcad39fb000,0x00007fcad3afb000) (1024K)]
  0x00007fcb30051ff0 WatcherThread "VM Periodic Task Thread"        [id=6619, stack(0x00007fcb20a7f000,0x00007fcb20b7f000) (1024K)]
  0x00007fcb30043060 WorkerThread "GC Thread#0"                     [id=6618, stack(0x00007fcb34014000,0x00007fcb34114000) (1024K)]
  0x00007fcac8001590 WorkerThread "GC Thread#1"                     [id=6737, stack(0x00007fcaceb00000,0x00007fcacec00000) (1024K)]
  0x00007fcac8003820 WorkerThread "GC Thread#2"                     [id=6739, stack(0x00007fcace9ff000,0x00007fcaceaff000) (1024K)]
  0x00007fcac8004300 WorkerThread "GC Thread#3"                     [id=6740, stack(0x00007fcace8fe000,0x00007fcace9fe000) (1024K)]
  0x00007fcac8005090 WorkerThread "GC Thread#4"                     [id=6748, stack(0x00007fcace3fd000,0x00007fcace4fd000) (1024K)]
  0x00007fcac8002980 WorkerThread "GC Thread#5"                     [id=6756, stack(0x00007fcace0fc000,0x00007fcace1fc000) (1024K)]
  0x00007fcac8006f00 WorkerThread "GC Thread#6"                     [id=6757, stack(0x00007fcacdffb000,0x00007fcace0fb000) (1024K)]
=>0x00007fcac80079e0 WorkerThread "GC Thread#7"                     [id=6758, stack(0x00007fcacdefa000,0x00007fcacdffa000) (1024K)]
  0x00007fcac8005df0 WorkerThread "GC Thread#8"                     [id=6767, stack(0x00007fcacdbf9000,0x00007fcacdcf9000) (1024K)]
  0x00007fcac8006880 WorkerThread "GC Thread#9"                     [id=6768, stack(0x00007fcacdaf8000,0x00007fcacdbf8000) (1024K)]
Total: 12

Threads with active compile tasks:
C2 CompilerThread0  2592 3759       4       java.lang.invoke.MemberName::getMethodOrFieldType (72 bytes)
C1 CompilerThread0  2592 3844       3       org.eclipse.jdt.internal.core.util.Util::splitOn (134 bytes)
C2 CompilerThread1  2592 3472       4       java.lang.invoke.MethodType::makeImpl (109 bytes)
C2 CompilerThread2  2592 3837       4       org.eclipse.jdt.internal.compiler.util.Util::isClassFileName (82 bytes)
Total: 4

VM state: at safepoint (normal execution)

VM Mutex/Monitor currently owned by a thread:  ([mutex/lock_event])
[0x00007fcb38d44cd8] Threads_lock - owner thread: 0x00007fcb301ad9d0
[0x00007fcb38d44bd8] Heap_lock - owner thread: 0x00007fca48074920

Heap address: 0x00000000c0000000, size: 1024 MB, Compressed Oops mode: 32-bit

CDS archive(s) mapped at: [0x00007fcad9000000-0x00007fcad9bb6000-0x00007fcad9bb6000), size 12279808, SharedBaseAddress: 0x00007fcad9000000, ArchiveRelocationMode: 1.
Compressed class space mapped at: 0x00007fcada000000-0x00007fcb1a000000, reserved size: 1073741824
Narrow klass base: 0x00007fcad9000000, Narrow klass shift: 0, Narrow klass range: 0x100000000

GC Precious Log:
 CardTable entry size: 512
 CPUs: 12 total, 12 available
 Memory: 15768M
 Large Page Support: Disabled
 NUMA Support: Disabled
 Compressed Oops: Enabled (32-bit)
 Alignments: Space 512K, Generation 512K, Heap 2M
 Heap Min Capacity: 100M
 Heap Initial Capacity: 100M
 Heap Max Capacity: 1G
 Pre-touch: Disabled
 Parallel Workers: 10

Heap:
 PSYoungGen      total 25600K, used 25598K [0x00000000eab00000, 0x00000000ecb80000, 0x0000000100000000)
  eden space 22016K, 100% used [0x00000000eab00000,0x00000000ec080000,0x00000000ec080000)
  from space 3584K, 99% used [0x00000000ec200000,0x00000000ec57fb50,0x00000000ec580000)
  to   space 5632K, 60% used [0x00000000ec600000,0x00000000ec950f38,0x00000000ecb80000)
 ParOldGen       total 68608K, used 14087K [0x00000000c0000000, 0x00000000c4300000, 0x00000000eab00000)
  object space 68608K, 20% used [0x00000000c0000000,0x00000000c0dc1d48,0x00000000c4300000)
 Metaspace       used 30634K, committed 31424K, reserved 1114112K
  class space    used 2963K, committed 3328K, reserved 1048576K

Card table byte_map: [0x00007fcb34114000,0x00007fcb34315000] _byte_map_base: 0x00007fcb33b14000

Marking Bits: (ParMarkBitMap*) 0x00007fcb38d4af20
 Begin Bits: [0x00007fcb1a000000, 0x00007fcb1b000000)
 End Bits:   [0x00007fcb1b000000, 0x00007fcb1c000000)

Polling page: 0x00007fcb391b5000

Metaspace:

Usage:
  Non-class:     27,02 MB used.
      Class:      2,89 MB used.
       Both:     29,92 MB used.

Virtual space:
  Non-class space:       64,00 MB reserved,      27,44 MB ( 43%) committed,  1 nodes.
      Class space:        1,00 GB reserved,       3,25 MB ( <1%) committed,  1 nodes.
             Both:        1,06 GB reserved,      30,69 MB (  3%) committed. 

Chunk freelists:
   Non-Class:  4,38 MB
       Class:  12,79 MB
        Both:  17,16 MB

MaxMetaspaceSize: unlimited
CompressedClassSpaceSize: 1,00 GB
Initial GC threshold: 21,00 MB
Current GC threshold: 35,00 MB
CDS: on
 - commit_granule_bytes: 65536.
 - commit_granule_words: 8192.
 - virtual_space_node_default_size: 8388608.
 - enlarge_chunks_in_place: 1.
 - use_allocation_guard: 0.


Internal statistics:

num_allocs_failed_limit: 3.
num_arena_births: 652.
num_arena_deaths: 14.
num_vsnodes_births: 2.
num_vsnodes_deaths: 0.
num_space_committed: 491.
num_space_uncommitted: 0.
num_chunks_returned_to_freelist: 17.
num_chunks_taken_from_freelist: 1877.
num_chunk_merges: 9.
num_chunk_splits: 1222.
num_chunks_enlarged: 759.
num_inconsistent_stats: 0.

CodeHeap 'non-profiled nmethods': size=120028Kb used=1738Kb max_used=1738Kb free=118289Kb
 bounds [0x00007fcb28ac9000, 0x00007fcb28d39000, 0x00007fcb30000000]
CodeHeap 'profiled nmethods': size=120028Kb used=7396Kb max_used=7396Kb free=112632Kb
 bounds [0x00007fcb21000000, 0x00007fcb21740000, 0x00007fcb28537000]
CodeHeap 'non-nmethods': size=5704Kb used=1330Kb max_used=1388Kb free=4373Kb
 bounds [0x00007fcb28537000, 0x00007fcb287a7000, 0x00007fcb28ac9000]
 total_blobs=4458 nmethods=3827 adapters=538
 compilation: enabled
              stopped_count=0, restarted_count=0
 full_count=0

Compilation events (20 events):
Event: 2,557 Thread 0x00007fcb301c9710 nmethod 3833 0x00007fcb21733f90 code [0x00007fcb21734220, 0x00007fcb21734cf0]
Event: 2,557 Thread 0x00007fcaa86200a0 nmethod 3825 0x00007fcb28c76690 code [0x00007fcb28c768e0, 0x00007fcb28c77d50]
Event: 2,557 Thread 0x00007fcaa86200a0 3827  s    4       jdk.internal.jimage.ImageReader$SharedImageReader::findNode (36 bytes)
Event: 2,559 Thread 0x00007fcb301c9710 3834       3       org.eclipse.jdt.internal.compiler.util.JrtFileSystem$2::preVisitDirectory (10 bytes)
Event: 2,559 Thread 0x00007fcb301c9710 nmethod 3834 0x00007fcb21735010 code [0x00007fcb217351c0, 0x00007fcb21735418]
Event: 2,563 Thread 0x00007fcaa86200a0 nmethod 3827 0x00007fcb28c78990 code [0x00007fcb28c78b80, 0x00007fcb28c792f8]
Event: 2,563 Thread 0x00007fcaa86200a0 3828       4       jdk.internal.jimage.ImageLocation::decompress (116 bytes)
Event: 2,567 Thread 0x00007fcb301c9710 3838       1       org.eclipse.core.runtime.Status::getSeverity (5 bytes)
Event: 2,567 Thread 0x00007fcb301c9710 nmethod 3838 0x00007fcb28c79810 code [0x00007fcb28c799a0, 0x00007fcb28c79a60]
Event: 2,569 Thread 0x00007fcaa86200a0 nmethod 3828 0x00007fcb28c79b10 code [0x00007fcb28c79cc0, 0x00007fcb28c7a0f8]
Event: 2,569 Thread 0x00007fcaa86200a0 3835       4       java.util.ArrayList::hashCodeRange (68 bytes)
Event: 2,571 Thread 0x00007fcaa86200a0 nmethod 3835 0x00007fcb28c7a490 code [0x00007fcb28c7a640, 0x00007fcb28c7a8d0]
Event: 2,571 Thread 0x00007fcaa86200a0 3836       4       java.util.ArrayList::equalsRange (85 bytes)
Event: 2,576 Thread 0x00007fcb301c9710 3839 %     3       org.eclipse.jdt.internal.core.util.Util::splitOn @ 78 (134 bytes)
Event: 2,577 Thread 0x00007fcb301c9710 nmethod 3839% 0x00007fcb21735510 code [0x00007fcb21735800, 0x00007fcb21736b08]
Event: 2,577 Thread 0x00007fcb301c9710 3843 %     3       org.eclipse.jdt.internal.core.util.Util::splitOn @ 37 (134 bytes)
Event: 2,578 Thread 0x00007fcb301c9710 nmethod 3843% 0x00007fcb21737290 code [0x00007fcb21737560, 0x00007fcb21738870]
Event: 2,578 Thread 0x00007fcaa86200a0 nmethod 3836 0x00007fcb28c7aa90 code [0x00007fcb28c7ac80, 0x00007fcb28c7b308]
Event: 2,578 Thread 0x00007fcaa86200a0 3837       4       org.eclipse.jdt.internal.compiler.util.Util::isClassFileName (82 bytes)
Event: 2,578 Thread 0x00007fcb301c9710 3844       3       org.eclipse.jdt.internal.core.util.Util::splitOn (134 bytes)

GC Heap History (20 events):
Event: 0,461 GC heap after
{Heap after GC invocations=1 (full 0):
 PSYoungGen      total 29696K, used 2853K [0x00000000eab00000, 0x00000000ecc00000, 0x0000000100000000)
  eden space 25600K, 0% used [0x00000000eab00000,0x00000000eab00000,0x00000000ec400000)
  from space 4096K, 69% used [0x00000000ec400000,0x00000000ec6c97f0,0x00000000ec800000)
  to   space 4096K, 0% used [0x00000000ec800000,0x00000000ec800000,0x00000000ecc00000)
 ParOldGen       total 68608K, used 1074K [0x00000000c0000000, 0x00000000c4300000, 0x00000000eab00000)
  object space 68608K, 1% used [0x00000000c0000000,0x00000000c010ca80,0x00000000c4300000)
 Metaspace       used 4438K, committed 4608K, reserved 1114112K
  class space    used 450K, committed 512K, reserved 1048576K
}
Event: 0,740 GC heap before
{Heap before GC invocations=2 (full 0):
 PSYoungGen      total 29696K, used 28453K [0x00000000eab00000, 0x00000000ecc00000, 0x0000000100000000)
  eden space 25600K, 100% used [0x00000000eab00000,0x00000000ec400000,0x00000000ec400000)
  from space 4096K, 69% used [0x00000000ec400000,0x00000000ec6c97f0,0x00000000ec800000)
  to   space 4096K, 0% used [0x00000000ec800000,0x00000000ec800000,0x00000000ecc00000)
 ParOldGen       total 68608K, used 1074K [0x00000000c0000000, 0x00000000c4300000, 0x00000000eab00000)
  object space 68608K, 1% used [0x00000000c0000000,0x00000000c010ca80,0x00000000c4300000)
 Metaspace       used 8419K, committed 8768K, reserved 1114112K
  class space    used 842K, committed 1024K, reserved 1048576K
}
Event: 0,743 GC heap after
{Heap after GC invocations=2 (full 0):
 PSYoungGen      total 29696K, used 4069K [0x00000000eab00000, 0x00000000ecc00000, 0x0000000100000000)
  eden space 25600K, 0% used [0x00000000eab00000,0x00000000eab00000,0x00000000ec400000)
  from space 4096K, 99% used [0x00000000ec800000,0x00000000ecbf97f0,0x00000000ecc00000)
  to   space 4096K, 0% used [0x00000000ec400000,0x00000000ec400000,0x00000000ec800000)
 ParOldGen       total 68608K, used 1572K [0x00000000c0000000, 0x00000000c4300000, 0x00000000eab00000)
  object space 68608K, 2% used [0x00000000c0000000,0x00000000c01892f0,0x00000000c4300000)
 Metaspace       used 8419K, committed 8768K, reserved 1114112K
  class space    used 842K, committed 1024K, reserved 1048576K
}
Event: 0,992 GC heap before
{Heap before GC invocations=3 (full 0):
 PSYoungGen      total 29696K, used 29669K [0x00000000eab00000, 0x00000000ecc00000, 0x0000000100000000)
  eden space 25600K, 100% used [0x00000000eab00000,0x00000000ec400000,0x00000000ec400000)
  from space 4096K, 99% used [0x00000000ec800000,0x00000000ecbf97f0,0x00000000ecc00000)
  to   space 4096K, 0% used [0x00000000ec400000,0x00000000ec400000,0x00000000ec800000)
 ParOldGen       total 68608K, used 1572K [0x00000000c0000000, 0x00000000c4300000, 0x00000000eab00000)
  object space 68608K, 2% used [0x00000000c0000000,0x00000000c01892f0,0x00000000c4300000)
 Metaspace       used 13159K, committed 13632K, reserved 1114112K
  class space    used 1317K, committed 1536K, reserved 1048576K
}
Event: 1,000 GC heap after
{Heap after GC invocations=3 (full 0):
 PSYoungGen      total 29696K, used 4089K [0x00000000eab00000, 0x00000000ecc00000, 0x0000000100000000)
  eden space 25600K, 0% used [0x00000000eab00000,0x00000000eab00000,0x00000000ec400000)
  from space 4096K, 99% used [0x00000000ec400000,0x00000000ec7fe530,0x00000000ec800000)
  to   space 4096K, 0% used [0x00000000ec800000,0x00000000ec800000,0x00000000ecc00000)
 ParOldGen       total 68608K, used 3641K [0x00000000c0000000, 0x00000000c4300000, 0x00000000eab00000)
  object space 68608K, 5% used [0x00000000c0000000,0x00000000c038e738,0x00000000c4300000)
 Metaspace       used 13159K, committed 13632K, reserved 1114112K
  class space    used 1317K, committed 1536K, reserved 1048576K
}
Event: 1,224 GC heap before
{Heap before GC invocations=4 (full 0):
 PSYoungGen      total 29696K, used 29689K [0x00000000eab00000, 0x00000000ecc00000, 0x0000000100000000)
  eden space 25600K, 100% used [0x00000000eab00000,0x00000000ec400000,0x00000000ec400000)
  from space 4096K, 99% used [0x00000000ec400000,0x00000000ec7fe530,0x00000000ec800000)
  to   space 4096K, 0% used [0x00000000ec800000,0x00000000ec800000,0x00000000ecc00000)
 ParOldGen       total 68608K, used 3641K [0x00000000c0000000, 0x00000000c4300000, 0x00000000eab00000)
  object space 68608K, 5% used [0x00000000c0000000,0x00000000c038e738,0x00000000c4300000)
 Metaspace       used 16189K, committed 16832K, reserved 1114112K
  class space    used 1608K, committed 1920K, reserved 1048576K
}
Event: 1,227 GC heap after
{Heap after GC invocations=4 (full 0):
 PSYoungGen      total 29696K, used 4074K [0x00000000eab00000, 0x00000000ecc00000, 0x0000000100000000)
  eden space 25600K, 0% used [0x00000000eab00000,0x00000000eab00000,0x00000000ec400000)
  from space 4096K, 99% used [0x00000000ec800000,0x00000000ecbfab40,0x00000000ecc00000)
  to   space 4096K, 0% used [0x00000000ec400000,0x00000000ec400000,0x00000000ec800000)
 ParOldGen       total 68608K, used 5842K [0x00000000c0000000, 0x00000000c4300000, 0x00000000eab00000)
  object space 68608K, 8% used [0x00000000c0000000,0x00000000c05b4b48,0x00000000c4300000)
 Metaspace       used 16189K, committed 16832K, reserved 1114112K
  class space    used 1608K, committed 1920K, reserved 1048576K
}
Event: 1,351 GC heap before
{Heap before GC invocations=5 (full 0):
 PSYoungGen      total 29696K, used 29674K [0x00000000eab00000, 0x00000000ecc00000, 0x0000000100000000)
  eden space 25600K, 100% used [0x00000000eab00000,0x00000000ec400000,0x00000000ec400000)
  from space 4096K, 99% used [0x00000000ec800000,0x00000000ecbfab40,0x00000000ecc00000)
  to   space 4096K, 0% used [0x00000000ec400000,0x00000000ec400000,0x00000000ec800000)
 ParOldGen       total 68608K, used 5842K [0x00000000c0000000, 0x00000000c4300000, 0x00000000eab00000)
  object space 68608K, 8% used [0x00000000c0000000,0x00000000c05b4b48,0x00000000c4300000)
 Metaspace       used 20394K, committed 20992K, reserved 1114112K
  class space    used 1910K, committed 2176K, reserved 1048576K
}
Event: 1,354 GC heap after
{Heap after GC invocations=5 (full 0):
 PSYoungGen      total 29184K, used 4084K [0x00000000eab00000, 0x00000000ecd80000, 0x0000000100000000)
  eden space 25088K, 0% used [0x00000000eab00000,0x00000000eab00000,0x00000000ec380000)
  from space 4096K, 99% used [0x00000000ec400000,0x00000000ec7fd298,0x00000000ec800000)
  to   space 5120K, 0% used [0x00000000ec880000,0x00000000ec880000,0x00000000ecd80000)
 ParOldGen       total 68608K, used 6150K [0x00000000c0000000, 0x00000000c4300000, 0x00000000eab00000)
  object space 68608K, 8% used [0x00000000c0000000,0x00000000c06019c8,0x00000000c4300000)
 Metaspace       used 20394K, committed 20992K, reserved 1114112K
  class space    used 1910K, committed 2176K, reserved 1048576K
}
Event: 1,399 GC heap before
{Heap before GC invocations=6 (full 0):
 PSYoungGen      total 29184K, used 18284K [0x00000000eab00000, 0x00000000ecd80000, 0x0000000100000000)
  eden space 25088K, 56% used [0x00000000eab00000,0x00000000eb8ddf58,0x00000000ec380000)
  from space 4096K, 99% used [0x00000000ec400000,0x00000000ec7fd298,0x00000000ec800000)
  to   space 5120K, 0% used [0x00000000ec880000,0x00000000ec880000,0x00000000ecd80000)
 ParOldGen       total 68608K, used 6150K [0x00000000c0000000, 0x00000000c4300000, 0x00000000eab00000)
  object space 68608K, 8% used [0x00000000c0000000,0x00000000c06019c8,0x00000000c4300000)
 Metaspace       used 20943K, committed 21504K, reserved 1114112K
  class space    used 1932K, committed 2176K, reserved 1048576K
}
Event: 1,402 GC heap after
{Heap after GC invocations=6 (full 0):
 PSYoungGen      total 28672K, used 5100K [0x00000000eab00000, 0x00000000ed080000, 0x0000000100000000)
  eden space 23552K, 0% used [0x00000000eab00000,0x00000000eab00000,0x00000000ec200000)
  from space 5120K, 99% used [0x00000000ec880000,0x00000000ecd7b2f0,0x00000000ecd80000)
  to   space 6656K, 0% used [0x00000000ec200000,0x00000000ec200000,0x00000000ec880000)
 ParOldGen       total 68608K, used 6955K [0x00000000c0000000, 0x00000000c4300000, 0x00000000eab00000)
  object space 68608K, 10% used [0x00000000c0000000,0x00000000c06caed8,0x00000000c4300000)
 Metaspace       used 20943K, committed 21504K, reserved 1114112K
  class space    used 1932K, committed 2176K, reserved 1048576K
}
Event: 1,402 GC heap before
{Heap before GC invocations=7 (full 1):
 PSYoungGen      total 28672K, used 5100K [0x00000000eab00000, 0x00000000ed080000, 0x0000000100000000)
  eden space 23552K, 0% used [0x00000000eab00000,0x00000000eab00000,0x00000000ec200000)
  from space 5120K, 99% used [0x00000000ec880000,0x00000000ecd7b2f0,0x00000000ecd80000)
  to   space 6656K, 0% used [0x00000000ec200000,0x00000000ec200000,0x00000000ec880000)
 ParOldGen       total 68608K, used 6955K [0x00000000c0000000, 0x00000000c4300000, 0x00000000eab00000)
  object space 68608K, 10% used [0x00000000c0000000,0x00000000c06caed8,0x00000000c4300000)
 Metaspace       used 20943K, committed 21504K, reserved 1114112K
  class space    used 1932K, committed 2176K, reserved 1048576K
}
Event: 1,419 GC heap after
{Heap after GC invocations=7 (full 1):
 PSYoungGen      total 28672K, used 0K [0x00000000eab00000, 0x00000000ed080000, 0x0000000100000000)
  eden space 23552K, 0% used [0x00000000eab00000,0x00000000eab00000,0x00000000ec200000)
  from space 5120K, 0% used [0x00000000ec880000,0x00000000ec880000,0x00000000ecd80000)
  to   space 6656K, 0% used [0x00000000ec200000,0x00000000ec200000,0x00000000ec880000)
 ParOldGen       total 68608K, used 10127K [0x00000000c0000000, 0x00000000c4300000, 0x00000000eab00000)
  object space 68608K, 14% used [0x00000000c0000000,0x00000000c09e3f28,0x00000000c4300000)
 Metaspace       used 20931K, committed 21504K, reserved 1114112K
  class space    used 1928K, committed 2176K, reserved 1048576K
}
Event: 1,685 GC heap before
{Heap before GC invocations=8 (full 1):
 PSYoungGen      total 28672K, used 23542K [0x00000000eab00000, 0x00000000ed080000, 0x0000000100000000)
  eden space 23552K, 99% used [0x00000000eab00000,0x00000000ec1fd9f0,0x00000000ec200000)
  from space 5120K, 0% used [0x00000000ec880000,0x00000000ec880000,0x00000000ecd80000)
  to   space 6656K, 0% used [0x00000000ec200000,0x00000000ec200000,0x00000000ec880000)
 ParOldGen       total 68608K, used 10127K [0x00000000c0000000, 0x00000000c4300000, 0x00000000eab00000)
  object space 68608K, 14% used [0x00000000c0000000,0x00000000c09e3f28,0x00000000c4300000)
 Metaspace       used 24365K, committed 25088K, reserved 1114112K
  class space    used 2248K, committed 2496K, reserved 1048576K
}
Event: 1,686 GC heap after
{Heap after GC invocations=8 (full 1):
 PSYoungGen      total 25600K, used 2437K [0x00000000eab00000, 0x00000000ec980000, 0x0000000100000000)
  eden space 23040K, 0% used [0x00000000eab00000,0x00000000eab00000,0x00000000ec180000)
  from space 2560K, 95% used [0x00000000ec200000,0x00000000ec4614f0,0x00000000ec480000)
  to   space 4096K, 0% used [0x00000000ec580000,0x00000000ec580000,0x00000000ec980000)
 ParOldGen       total 68608K, used 10135K [0x00000000c0000000, 0x00000000c4300000, 0x00000000eab00000)
  object space 68608K, 14% used [0x00000000c0000000,0x00000000c09e5f28,0x00000000c4300000)
 Metaspace       used 24365K, committed 25088K, reserved 1114112K
  class space    used 2248K, committed 2496K, reserved 1048576K
}
Event: 1,995 GC heap before
{Heap before GC invocations=9 (full 1):
 PSYoungGen      total 25600K, used 25477K [0x00000000eab00000, 0x00000000ec980000, 0x0000000100000000)
  eden space 23040K, 100% used [0x00000000eab00000,0x00000000ec180000,0x00000000ec180000)
  from space 2560K, 95% used [0x00000000ec200000,0x00000000ec4614f0,0x00000000ec480000)
  to   space 4096K, 0% used [0x00000000ec580000,0x00000000ec580000,0x00000000ec980000)
 ParOldGen       total 68608K, used 10135K [0x00000000c0000000, 0x00000000c4300000, 0x00000000eab00000)
  object space 68608K, 14% used [0x00000000c0000000,0x00000000c09e5f28,0x00000000c4300000)
 Metaspace       used 28042K, committed 28800K, reserved 1114112K
  class space    used 2677K, committed 3008K, reserved 1048576K
}
Event: 2,003 GC heap after
{Heap after GC invocations=9 (full 1):
 PSYoungGen      total 26112K, used 3250K [0x00000000eab00000, 0x00000000ec900000, 0x0000000100000000)
  eden space 22528K, 0% used [0x00000000eab00000,0x00000000eab00000,0x00000000ec100000)
  from space 3584K, 90% used [0x00000000ec580000,0x00000000ec8ac930,0x00000000ec900000)
  to   space 3584K, 0% used [0x00000000ec200000,0x00000000ec200000,0x00000000ec580000)
 ParOldGen       total 68608K, used 10143K [0x00000000c0000000, 0x00000000c4300000, 0x00000000eab00000)
  object space 68608K, 14% used [0x00000000c0000000,0x00000000c09e7f28,0x00000000c4300000)
 Metaspace       used 28042K, committed 28800K, reserved 1114112K
  class space    used 2677K, committed 3008K, reserved 1048576K
}
Event: 2,521 GC heap before
{Heap before GC invocations=10 (full 1):
 PSYoungGen      total 26112K, used 25778K [0x00000000eab00000, 0x00000000ec900000, 0x0000000100000000)
  eden space 22528K, 100% used [0x00000000eab00000,0x00000000ec100000,0x00000000ec100000)
  from space 3584K, 90% used [0x00000000ec580000,0x00000000ec8ac930,0x00000000ec900000)
  to   space 3584K, 0% used [0x00000000ec200000,0x00000000ec200000,0x00000000ec580000)
 ParOldGen       total 68608K, used 10143K [0x00000000c0000000, 0x00000000c4300000, 0x00000000eab00000)
  object space 68608K, 14% used [0x00000000c0000000,0x00000000c09e7f28,0x00000000c4300000)
 Metaspace       used 30628K, committed 31424K, reserved 1114112K
  class space    used 2963K, committed 3328K, reserved 1048576K
}
Event: 2,525 GC heap after
{Heap after GC invocations=10 (full 1):
 PSYoungGen      total 25600K, used 3582K [0x00000000eab00000, 0x00000000ecb80000, 0x0000000100000000)
  eden space 22016K, 0% used [0x00000000eab00000,0x00000000eab00000,0x00000000ec080000)
  from space 3584K, 99% used [0x00000000ec200000,0x00000000ec57fb50,0x00000000ec580000)
  to   space 5632K, 0% used [0x00000000ec600000,0x00000000ec600000,0x00000000ecb80000)
 ParOldGen       total 68608K, used 11784K [0x00000000c0000000, 0x00000000c4300000, 0x00000000eab00000)
  object space 68608K, 17% used [0x00000000c0000000,0x00000000c0b821e8,0x00000000c4300000)
 Metaspace       used 30628K, committed 31424K, reserved 1114112K
  class space    used 2963K, committed 3328K, reserved 1048576K
}
Event: 2,579 GC heap before
{Heap before GC invocations=11 (full 1):
 PSYoungGen      total 25600K, used 25598K [0x00000000eab00000, 0x00000000ecb80000, 0x0000000100000000)
  eden space 22016K, 100% used [0x00000000eab00000,0x00000000ec080000,0x00000000ec080000)
  from space 3584K, 99% used [0x00000000ec200000,0x00000000ec57fb50,0x00000000ec580000)
  to   space 5632K, 0% used [0x00000000ec600000,0x00000000ec600000,0x00000000ecb80000)
 ParOldGen       total 68608K, used 11784K [0x00000000c0000000, 0x00000000c4300000, 0x00000000eab00000)
  object space 68608K, 17% used [0x00000000c0000000,0x00000000c0b821e8,0x00000000c4300000)
 Metaspace       used 30634K, committed 31424K, reserved 1114112K
  class space    used 2963K, committed 3328K, reserved 1048576K
}

Dll operation events (9 events):
Event: 0,002 Loaded shared library /home/viniciussaousa/.vscode/extensions/redhat.java-1.41.1-linux-x64/jre/21.0.6-linux-x86_64/lib/libjava.so
Event: 0,045 Loaded shared library /home/viniciussaousa/.vscode/extensions/redhat.java-1.41.1-linux-x64/jre/21.0.6-linux-x86_64/lib/libzip.so
Event: 0,059 Loaded shared library /home/viniciussaousa/.vscode/extensions/redhat.java-1.41.1-linux-x64/jre/21.0.6-linux-x86_64/lib/libinstrument.so
Event: 0,060 Loaded shared library /home/viniciussaousa/.vscode/extensions/redhat.java-1.41.1-linux-x64/jre/21.0.6-linux-x86_64/lib/libnio.so
Event: 0,062 Loaded shared library /home/viniciussaousa/.vscode/extensions/redhat.java-1.41.1-linux-x64/jre/21.0.6-linux-x86_64/lib/libzip.so
Event: 0,073 Loaded shared library /home/viniciussaousa/.vscode/extensions/redhat.java-1.41.1-linux-x64/jre/21.0.6-linux-x86_64/lib/libjimage.so
Event: 0,114 Loaded shared library /home/viniciussaousa/.vscode/extensions/redhat.java-1.41.1-linux-x64/jre/21.0.6-linux-x86_64/lib/libverify.so
Event: 0,493 Loaded shared library /home/viniciussaousa/.vscode/extensions/redhat.java-1.41.1-linux-x64/jre/21.0.6-linux-x86_64/lib/libnet.so
Event: 0,701 Loaded shared library /home/viniciussaousa/.config/Code/User/globalStorage/redhat.java/1.41.1/config_ss_linux/org.eclipse.equinox.launcher/org.eclipse.equinox.launcher.gtk.linux.x86_64_1.2.1400.v20250331-1702/eclipse_11911.so

Deoptimization events (20 events):
Event: 2,508 Thread 0x00007fca48074920 Uncommon trap: trap_request=0xffffffc6 fr.pc=0x00007fcb28c6e248 relative=0x0000000000000248
Event: 2,508 Thread 0x00007fca48074920 Uncommon trap: reason=bimorphic_or_optimized_type_check action=maybe_recompile pc=0x00007fcb28c6e248 method=jdk.internal.jimage.ImageReader$SharedImageReader.findNode(Ljava/lang/String;)Ljdk/internal/jimage/ImageReader$Node; @ 22 c2
Event: 2,508 Thread 0x00007fca48074920 DEOPT PACKING pc=0x00007fcb28c6e248 sp=0x00007fcacecfca10
Event: 2,508 Thread 0x00007fca48074920 DEOPT UNPACKING pc=0x00007fcb2858a399 sp=0x00007fcacecfc9d8 mode 2
Event: 2,510 Thread 0x00007fca48074920 Uncommon trap: trap_request=0xffffffc6 fr.pc=0x00007fcb28c6e248 relative=0x0000000000000248
Event: 2,510 Thread 0x00007fca48074920 Uncommon trap: reason=bimorphic_or_optimized_type_check action=maybe_recompile pc=0x00007fcb28c6e248 method=jdk.internal.jimage.ImageReader$SharedImageReader.findNode(Ljava/lang/String;)Ljdk/internal/jimage/ImageReader$Node; @ 22 c2
Event: 2,510 Thread 0x00007fca48074920 DEOPT PACKING pc=0x00007fcb28c6e248 sp=0x00007fcacecfca10
Event: 2,511 Thread 0x00007fca48074920 DEOPT UNPACKING pc=0x00007fcb2858a399 sp=0x00007fcacecfc9d8 mode 2
Event: 2,511 Thread 0x00007fca48074920 Uncommon trap: trap_request=0xffffffc6 fr.pc=0x00007fcb28c6e248 relative=0x0000000000000248
Event: 2,511 Thread 0x00007fca48074920 Uncommon trap: reason=bimorphic_or_optimized_type_check action=maybe_recompile pc=0x00007fcb28c6e248 method=jdk.internal.jimage.ImageReader$SharedImageReader.findNode(Ljava/lang/String;)Ljdk/internal/jimage/ImageReader$Node; @ 22 c2
Event: 2,511 Thread 0x00007fca48074920 DEOPT PACKING pc=0x00007fcb28c6e248 sp=0x00007fcacecfca10
Event: 2,511 Thread 0x00007fca48074920 DEOPT UNPACKING pc=0x00007fcb2858a399 sp=0x00007fcacecfc9d8 mode 2
Event: 2,511 Thread 0x00007fca48074920 Uncommon trap: trap_request=0xffffffc6 fr.pc=0x00007fcb28c6e248 relative=0x0000000000000248
Event: 2,511 Thread 0x00007fca48074920 Uncommon trap: reason=bimorphic_or_optimized_type_check action=maybe_recompile pc=0x00007fcb28c6e248 method=jdk.internal.jimage.ImageReader$SharedImageReader.findNode(Ljava/lang/String;)Ljdk/internal/jimage/ImageReader$Node; @ 22 c2
Event: 2,511 Thread 0x00007fca48074920 DEOPT PACKING pc=0x00007fcb28c6e248 sp=0x00007fcacecfca10
Event: 2,511 Thread 0x00007fca48074920 DEOPT UNPACKING pc=0x00007fcb2858a399 sp=0x00007fcacecfc9d8 mode 2
Event: 2,575 Thread 0x00007fca48074920 Uncommon trap: trap_request=0xffffff45 fr.pc=0x00007fcb28c77af8 relative=0x0000000000001218
Event: 2,575 Thread 0x00007fca48074920 Uncommon trap: reason=unstable_if action=reinterpret pc=0x00007fcb28c77af8 method=org.eclipse.jdt.internal.core.util.Util.splitOn(CLjava/lang/String;II)[Ljava/lang/String; @ 21 c2
Event: 2,575 Thread 0x00007fca48074920 DEOPT PACKING pc=0x00007fcb28c77af8 sp=0x00007fcacecfcc30
Event: 2,575 Thread 0x00007fca48074920 DEOPT UNPACKING pc=0x00007fcb2858a399 sp=0x00007fcacecfcbf8 mode 2

Classes loaded (20 events):
Event: 2,444 Loading class java/nio/file/FileTreeWalker$EventType
Event: 2,444 Loading class java/nio/file/FileTreeWalker$EventType done
Event: 2,444 Loading class java/nio/file/Files$3
Event: 2,444 Loading class java/nio/file/Files$3 done
Event: 2,444 Loading class java/nio/file/FileVisitResult
Event: 2,444 Loading class java/nio/file/FileVisitResult done
Event: 2,445 Loading class sun/nio/fs/BasicFileAttributesHolder
Event: 2,445 Loading class sun/nio/fs/BasicFileAttributesHolder done
Event: 2,484 Loading class java/lang/runtime/ObjectMethods
Event: 2,484 Loading class java/lang/runtime/ObjectMethods done
Event: 2,486 Loading class java/lang/invoke/MethodHandleImpl$Makers
Event: 2,486 Loading class java/lang/invoke/MethodHandleImpl$Makers done
Event: 2,486 Loading class java/lang/invoke/MethodHandleImpl$Makers$1
Event: 2,486 Loading class java/lang/invoke/MethodHandleImpl$Makers$1 done
Event: 2,486 Loading class java/lang/invoke/MethodHandleImpl$Makers$2
Event: 2,486 Loading class java/lang/invoke/MethodHandleImpl$Makers$2 done
Event: 2,486 Loading class java/lang/invoke/MethodHandleImpl$Makers$3
Event: 2,486 Loading class java/lang/invoke/MethodHandleImpl$Makers$3 done
Event: 2,489 Loading class java/lang/runtime/ObjectMethods$1
Event: 2,489 Loading class java/lang/runtime/ObjectMethods$1 done

Classes unloaded (7 events):
Event: 1,406 Thread 0x00007fcb301ad9d0 Unloading class 0x00007fcada183400 'java/lang/invoke/LambdaForm$MH+0x00007fcada183400'
Event: 1,406 Thread 0x00007fcb301ad9d0 Unloading class 0x00007fcada183000 'java/lang/invoke/LambdaForm$MH+0x00007fcada183000'
Event: 1,406 Thread 0x00007fcb301ad9d0 Unloading class 0x00007fcada182c00 'java/lang/invoke/LambdaForm$MH+0x00007fcada182c00'
Event: 1,406 Thread 0x00007fcb301ad9d0 Unloading class 0x00007fcada182800 'java/lang/invoke/LambdaForm$MH+0x00007fcada182800'
Event: 1,406 Thread 0x00007fcb301ad9d0 Unloading class 0x00007fcada182400 'java/lang/invoke/LambdaForm$BMH+0x00007fcada182400'
Event: 1,406 Thread 0x00007fcb301ad9d0 Unloading class 0x00007fcada182000 'java/lang/invoke/LambdaForm$DMH+0x00007fcada182000'
Event: 1,406 Thread 0x00007fcb301ad9d0 Unloading class 0x00007fcada180c00 'java/lang/invoke/LambdaForm$DMH+0x00007fcada180c00'

Classes redefined (0 events):
No events

Internal exceptions (20 events):
Event: 2,006 Thread 0x00007fcb306cd2f0 Exception <a 'java/lang/NoSuchMethodError'{0x00000000eab28268}: 'int java.lang.invoke.Invokers$Holder.invokeExact_MT(java.lang.Object, java.lang.Object, java.lang.Object)'> (0x00000000eab28268) 
thrown [src/hotspot/share/interpreter/linkResolver.cpp, line 772]
Event: 2,030 Thread 0x00007fcb306cd2f0 Exception <a 'java/lang/NoSuchMethodError'{0x00000000ead5fbd8}: 'void java.lang.invoke.Invokers$Holder.invokeExact_MT(java.lang.Object, java.lang.Object, int, java.lang.Object)'> (0x00000000ead5fbd8) 
thrown [src/hotspot/share/interpreter/linkResolver.cpp, line 772]
Event: 2,035 Thread 0x00007fcb306cd2f0 Exception <a 'java/lang/NoSuchMethodError'{0x00000000eadaf900}: 'java.lang.Object java.lang.invoke.DirectMethodHandle$Holder.invokeInterface(java.lang.Object, java.lang.Object, java.lang.Object)'> (0x00000000eadaf900) 
thrown [src/hotspot/share/interpreter/linkResolver.cpp, line 772]
Event: 2,041 Thread 0x00007fcb306cd2f0 Exception <a 'java/io/FileNotFoundException'{0x00000000eae3a010}> (0x00000000eae3a010) 
thrown [src/hotspot/share/prims/jni.cpp, line 520]
Event: 2,059 Thread 0x00007fcb306cd2f0 Exception <a 'sun/nio/fs/UnixException'{0x00000000eafad218}> (0x00000000eafad218) 
thrown [src/hotspot/share/prims/jni.cpp, line 520]
Event: 2,338 Thread 0x00007fcb306cd2f0 Exception <a 'java/lang/IncompatibleClassChangeError'{0x00000000eb2b0400}: Found class java.lang.Object, but interface was expected> (0x00000000eb2b0400) 
thrown [src/hotspot/share/interpreter/linkResolver.cpp, line 840]
Event: 2,362 Thread 0x00007fcb306cd2f0 Exception <a 'java/lang/IncompatibleClassChangeError'{0x00000000eb342538}: Found class java.lang.Object, but interface was expected> (0x00000000eb342538) 
thrown [src/hotspot/share/interpreter/linkResolver.cpp, line 840]
Event: 2,400 Thread 0x00007fcb306cd2f0 Implicit null exception at 0x00007fcb28c0ff97 to 0x00007fcb28c10218
Event: 2,400 Thread 0x00007fcb306cd2f0 Exception <a 'java/lang/NoSuchMethodError'{0x00000000eb720cf8}: 'java.lang.Object java.lang.invoke.DelegatingMethodHandle$Holder.reinvoke_L(java.lang.Object, int, long, java.lang.Object, java.lang.Object, int, java.lang.Object)'> (0x00000000eb720cf8) 
thrown [src/hotspot/share/interpreter/linkResolver.cpp, line 772]
Event: 2,484 Thread 0x00007fca48075b80 Exception <a 'java/lang/NoSuchMethodError'{0x00000000ebd65d40}: 'java.lang.Object java.lang.invoke.DirectMethodHandle$Holder.invokeStaticInit(java.lang.Object, java.lang.Object, java.lang.Object, java.lang.Object, java.lang.Object, java.lang.Object, java.lang.Object)'> (0x00000000ebd65d40) 
thrown [src/hotspot/share/interpreter/linkResolver.cpp, line 772]
Event: 2,484 Thread 0x00007fcb306cd2f0 Exception <a 'java/lang/NoSuchMethodError'{0x00000000ebd49af0}: 'java.lang.Object java.lang.invoke.DirectMethodHandle$Holder.invokeStaticInit(java.lang.Object, java.lang.Object, java.lang.Object, java.lang.Object, java.lang.Object, java.lang.Object, java.lang.Object)'> (0x00000000ebd49af0) 
thrown [src/hotspot/share/interpreter/linkResolver.cpp, line 772]
Event: 2,485 Thread 0x00007fca48075b80 Exception <a 'java/lang/NoSuchMethodError'{0x00000000ebd6a0b0}: 'java.lang.Object java.lang.invoke.Invokers$Holder.invoke_MT(java.lang.Object, java.lang.Object, java.lang.Object, java.lang.Object, java.lang.Object, java.lang.Object, java.lang.Object, java.lang.Object, java.lang.Object, java.lang.Object)'> (0x00000000ebd6a0b0) 
thrown [src/hotspot/share/interpreter/linkResolver.cpp, line 772]
Event: 2,485 Thread 0x00007fcb306cd2f0 Exception <a 'java/lang/NoSuchMethodError'{0x00000000ebd4e988}: 'java.lang.Object java.lang.invoke.Invokers$Holder.invoke_MT(java.lang.Object, java.lang.Object, java.lang.Object, java.lang.Object, java.lang.Object, java.lang.Object, java.lang.Object, java.lang.Object, java.lang.Object, java.lang.Object)'> (0x00000000ebd4e988) 
thrown [src/hotspot/share/interpreter/linkResolver.cpp, line 772]
Event: 2,489 Thread 0x00007fca48074920 Exception <a 'java/lang/NoSuchMethodError'{0x00000000ebdbcfb8}: 'int java.lang.invoke.DirectMethodHandle$Holder.invokeVirtual(java.lang.Object, java.lang.Object, java.lang.Object)'> (0x00000000ebdbcfb8) 
thrown [src/hotspot/share/interpreter/linkResolver.cpp, line 772]
Event: 2,490 Thread 0x00007fca48074920 Exception <a 'java/lang/NoSuchMethodError'{0x00000000ebdc1260}: 'int java.lang.invoke.DirectMethodHandle$Holder.invokeStaticInit(java.lang.Object, int, int)'> (0x00000000ebdc1260) 
thrown [src/hotspot/share/interpreter/linkResolver.cpp, line 772]
Event: 2,490 Thread 0x00007fca48074920 Exception <a 'java/lang/NoSuchMethodError'{0x00000000ebdc8db8}: 'int java.lang.invoke.DirectMethodHandle$Holder.invokeStaticInit(java.lang.Object, long, long)'> (0x00000000ebdc8db8) 
thrown [src/hotspot/share/interpreter/linkResolver.cpp, line 772]
Event: 2,490 Thread 0x00007fca48074920 Exception <a 'java/lang/NoSuchMethodError'{0x00000000ebdcfa60}: 'int java.lang.invoke.DirectMethodHandle$Holder.invokeStaticInit(java.lang.Object, float, float)'> (0x00000000ebdcfa60) 
thrown [src/hotspot/share/interpreter/linkResolver.cpp, line 772]
Event: 2,491 Thread 0x00007fca48074920 Exception <a 'java/lang/NoSuchMethodError'{0x00000000ebdd6960}: 'int java.lang.invoke.DirectMethodHandle$Holder.invokeStaticInit(java.lang.Object, double, double)'> (0x00000000ebdd6960) 
thrown [src/hotspot/share/interpreter/linkResolver.cpp, line 772]
Event: 2,491 Thread 0x00007fca48074920 Exception <a 'java/lang/NoSuchMethodError'{0x00000000ebddb0c0}: 'int java.lang.invoke.DirectMethodHandle$Holder.invokeStatic(java.lang.Object, long)'> (0x00000000ebddb0c0) 
thrown [src/hotspot/share/interpreter/linkResolver.cpp, line 772]
Event: 2,494 Thread 0x00007fca48074920 Exception <a 'java/lang/NoSuchMethodError'{0x00000000ebdf9f20}: 'int java.lang.invoke.Invokers$Holder.linkToTargetMethod(java.lang.Object, java.lang.Object)'> (0x00000000ebdf9f20) 
thrown [src/hotspot/share/interpreter/linkResolver.cpp, line 772]

ZGC Phase Switch (0 events):
No events

VM Operations (20 events):
Event: 1,566 Executing VM operation: HandshakeAllThreads (Deoptimize) done
Event: 1,566 Executing VM operation: HandshakeAllThreads (Deoptimize)
Event: 1,566 Executing VM operation: HandshakeAllThreads (Deoptimize) done
Event: 1,685 Executing VM operation: ParallelGCFailedAllocation (Allocation Failure)
Event: 1,686 Executing VM operation: ParallelGCFailedAllocation (Allocation Failure) done
Event: 1,995 Executing VM operation: ParallelGCFailedAllocation (Allocation Failure)
Event: 2,003 Executing VM operation: ParallelGCFailedAllocation (Allocation Failure) done
Event: 2,385 Executing VM operation: HandshakeAllThreads (Deoptimize)
Event: 2,385 Executing VM operation: HandshakeAllThreads (Deoptimize) done
Event: 2,388 Executing VM operation: HandshakeAllThreads (Deoptimize)
Event: 2,388 Executing VM operation: HandshakeAllThreads (Deoptimize) done
Event: 2,392 Executing VM operation: HandshakeAllThreads (Deoptimize)
Event: 2,392 Executing VM operation: HandshakeAllThreads (Deoptimize) done
Event: 2,410 Executing VM operation: HandshakeAllThreads (Deoptimize)
Event: 2,410 Executing VM operation: HandshakeAllThreads (Deoptimize) done
Event: 2,411 Executing VM operation: HandshakeAllThreads (Deoptimize)
Event: 2,411 Executing VM operation: HandshakeAllThreads (Deoptimize) done
Event: 2,521 Executing VM operation: ParallelGCFailedAllocation (Allocation Failure)
Event: 2,525 Executing VM operation: ParallelGCFailedAllocation (Allocation Failure) done
Event: 2,579 Executing VM operation: ParallelGCFailedAllocation (Allocation Failure)

Memory protections (20 events):
Event: 0,035 Protecting memory [0x00007fcacef00000,0x00007fcacef04000] with protection modes 0
Event: 0,053 Protecting memory [0x00007fcacee00000,0x00007fcacee04000] with protection modes 0
Event: 0,145 Protecting memory [0x00007fcaced00000,0x00007fcaced04000] with protection modes 0
Event: 0,197 Protecting memory [0x00007fcacec00000,0x00007fcacec04000] with protection modes 0
Event: 0,619 Protecting memory [0x00007fcace7fd000,0x00007fcace801000] with protection modes 0
Event: 0,697 Protecting memory [0x00007fcace6fd000,0x00007fcace701000] with protection modes 0
Event: 0,700 Protecting memory [0x00007fcace5fd000,0x00007fcace601000] with protection modes 0
Event: 0,718 Protecting memory [0x00007fcace4fd000,0x00007fcace501000] with protection modes 0
Event: 0,778 Protecting memory [0x00007fcace2fc000,0x00007fcace300000] with protection modes 0
Event: 0,906 Protecting memory [0x00007fcace1fc000,0x00007fcace200000] with protection modes 0
Event: 1,124 Protecting memory [0x00007fcacddf9000,0x00007fcacddfd000] with protection modes 0
Event: 1,138 Protecting memory [0x00007fcacdcf9000,0x00007fcacdcfd000] with protection modes 0
Event: 1,489 Protecting memory [0x00007fcacd9f7000,0x00007fcacd9fb000] with protection modes 0
Event: 1,702 Protecting memory [0x00007fcacd9f7000,0x00007fcacd9fb000] with protection modes 0
Event: 1,808 Protecting memory [0x00007fcacd8f7000,0x00007fcacd8fb000] with protection modes 0
Event: 1,808 Protecting memory [0x00007fcacd2e6000,0x00007fcacd2ea000] with protection modes 0
Event: 2,365 Protecting memory [0x00007fcacec00000,0x00007fcacec04000] with protection modes 0
Event: 2,367 Protecting memory [0x00007fcacee00000,0x00007fcacee04000] with protection modes 0
Event: 2,423 Protecting memory [0x00007fcacd7f7000,0x00007fcacd7fb000] with protection modes 0
Event: 2,447 Protecting memory [0x00007fcacd6f7000,0x00007fcacd6fb000] with protection modes 0

Nmethod flushes (0 events):
No events

Events (20 events):
Event: 0,197 Thread 0x00007fcb301c9710 Thread added: 0x00007fcaa817e0a0
Event: 0,619 Thread 0x00007fcb3002a6e0 Thread added: 0x00007fcb30496dc0
Event: 0,697 Thread 0x00007fcb3002a6e0 Thread added: 0x00007fcb30470650
Event: 0,700 Thread 0x00007fcb3002a6e0 Thread added: 0x00007fcb304f4f70
Event: 0,718 Thread 0x00007fcb304f4f70 Thread added: 0x00007fca80036aa0
Event: 0,778 Thread 0x00007fcb304f4f70 Thread added: 0x00007fca800a9e20
Event: 0,906 Thread 0x00007fcb304f4f70 Thread added: 0x00007fca8024f280
Event: 1,124 Thread 0x00007fcb304f4f70 Thread added: 0x00007fca8033d9f0
Event: 1,138 Thread 0x00007fcb304f4f70 Thread added: 0x00007fca8034a660
Event: 1,489 Thread 0x00007fcb304f4f70 Thread added: 0x00007fca806a8c70
Event: 1,551 Thread 0x00007fca806a8c70 Thread exited: 0x00007fca806a8c70
Event: 1,702 Thread 0x00007fcb3002a6e0 Thread added: 0x00007fcb3051cbd0
Event: 1,808 Thread 0x00007fcb3002a6e0 Thread added: 0x00007fcb306cc1d0
Event: 1,808 Thread 0x00007fcb3002a6e0 Thread added: 0x00007fcb306cd2f0
Event: 2,338 Thread 0x00007fcaa817e0a0 Thread exited: 0x00007fcaa817e0a0
Event: 2,338 Thread 0x00007fcab40c6af0 Thread exited: 0x00007fcab40c6af0
Event: 2,365 Thread 0x00007fcb306cd2f0 Thread added: 0x00007fca48074920
Event: 2,367 Thread 0x00007fcb306cd2f0 Thread added: 0x00007fca48075b80
Event: 2,423 Thread 0x00007fcb301c9710 Thread added: 0x00007fcaa8619850
Event: 2,447 Thread 0x00007fcb301c9710 Thread added: 0x00007fcaa86200a0


Dynamic libraries:
c0000000-c4300000 rw-p 00000000 00:00 0 
c4300000-eab00000 ---p 00000000 00:00 0 
eab00000-ecb80000 rw-p 00000000 00:00 0 
ecb80000-100000000 ---p 00000000 00:00 0 
5c10214bd000-5c10214be000 r-xp 00000000 103:04 2898797                   /home/viniciussaousa/.vscode/extensions/redhat.java-1.41.1-linux-x64/jre/21.0.6-linux-x86_64/bin/java
5c10214bf000-5c10214c0000 r--p 00001000 103:04 2898797                   /home/viniciussaousa/.vscode/extensions/redhat.java-1.41.1-linux-x64/jre/21.0.6-linux-x86_64/bin/java
5c10214c0000-5c10214c1000 rw-p 00002000 103:04 2898797                   /home/viniciussaousa/.vscode/extensions/redhat.java-1.41.1-linux-x64/jre/21.0.6-linux-x86_64/bin/java
5c10563ad000-5c10563f4000 rw-p 00000000 00:00 0                          [heap]
7fca38000000-7fca38108000 rw-p 00000000 00:00 0 
7fca38108000-7fca3c000000 ---p 00000000 00:00 0 
7fca3f800000-7fca47e0d000 r--s 00000000 103:04 12336555                  /usr/lib/jvm/java-21-openjdk-amd64/lib/modules
7fca48000000-7fca480b7000 rw-p 00000000 00:00 0 
7fca480b7000-7fca4c000000 ---p 00000000 00:00 0 
7fca4c000000-7fca4c74b000 rw-p 00000000 00:00 0 
7fca4c74b000-7fca50000000 ---p 00000000 00:00 0 
7fca50000000-7fca50021000 rw-p 00000000 00:00 0 
7fca50021000-7fca54000000 ---p 00000000 00:00 0 
7fca54000000-7fca54021000 rw-p 00000000 00:00 0 
7fca54021000-7fca58000000 ---p 00000000 00:00 0 
7fca58000000-7fca58021000 rw-p 00000000 00:00 0 
7fca58021000-7fca5c000000 ---p 00000000 00:00 0 
7fca5c000000-7fca5c021000 rw-p 00000000 00:00 0 
7fca5c021000-7fca60000000 ---p 00000000 00:00 0 
7fca60000000-7fca60021000 rw-p 00000000 00:00 0 
7fca60021000-7fca64000000 ---p 00000000 00:00 0 
7fca64000000-7fca640f8000 rw-p 00000000 00:00 0 
7fca640f8000-7fca68000000 ---p 00000000 00:00 0 
7fca68000000-7fca68021000 rw-p 00000000 00:00 0 
7fca68021000-7fca6c000000 ---p 00000000 00:00 0 
7fca6c000000-7fca6c1a9000 rw-p 00000000 00:00 0 
7fca6c1a9000-7fca70000000 ---p 00000000 00:00 0 
7fca70000000-7fca70021000 rw-p 00000000 00:00 0 
7fca70021000-7fca74000000 ---p 00000000 00:00 0 
7fca74000000-7fca74021000 rw-p 00000000 00:00 0 
7fca74021000-7fca78000000 ---p 00000000 00:00 0 
7fca78000000-7fca78021000 rw-p 00000000 00:00 0 
7fca78021000-7fca7c000000 ---p 00000000 00:00 0 
7fca7c000000-7fca7c021000 rw-p 00000000 00:00 0 
7fca7c021000-7fca80000000 ---p 00000000 00:00 0 
7fca80000000-7fca80885000 rw-p 00000000 00:00 0 
7fca80885000-7fca84000000 ---p 00000000 00:00 0 
7fca84000000-7fca84021000 rw-p 00000000 00:00 0 
7fca84021000-7fca88000000 ---p 00000000 00:00 0 
7fca88000000-7fca88021000 rw-p 00000000 00:00 0 
7fca88021000-7fca8c000000 ---p 00000000 00:00 0 
7fca8c000000-7fca8c021000 rw-p 00000000 00:00 0 
7fca8c021000-7fca90000000 ---p 00000000 00:00 0 
7fca90000000-7fca90021000 rw-p 00000000 00:00 0 
7fca90021000-7fca94000000 ---p 00000000 00:00 0 
7fca94000000-7fca94021000 rw-p 00000000 00:00 0 
7fca94021000-7fca98000000 ---p 00000000 00:00 0 
7fca98000000-7fca98d7f000 rw-p 00000000 00:00 0 
7fca98d7f000-7fca9c000000 ---p 00000000 00:00 0 
7fca9c000000-7fca9c021000 rw-p 00000000 00:00 0 
7fca9c021000-7fcaa0000000 ---p 00000000 00:00 0 
7fcaa0000000-7fcaa0c2f000 rw-p 00000000 00:00 0 
7fcaa0c2f000-7fcaa4000000 ---p 00000000 00:00 0 
7fcaa4000000-7fcaa4021000 rw-p 00000000 00:00 0 
7fcaa4021000-7fcaa8000000 ---p 00000000 00:00 0 
7fcaa8000000-7fcaa862f000 rw-p 00000000 00:00 0 
7fcaa862f000-7fcaac000000 ---p 00000000 00:00 0 
7fcaac000000-7fcaac021000 rw-p 00000000 00:00 0 
7fcaac021000-7fcab0000000 ---p 00000000 00:00 0 
7fcab0000000-7fcab0021000 rw-p 00000000 00:00 0 
7fcab0021000-7fcab4000000 ---p 00000000 00:00 0 
7fcab4000000-7fcab5149000 rw-p 00000000 00:00 0 
7fcab5149000-7fcab8000000 ---p 00000000 00:00 0 
7fcab8000000-7fcab8021000 rw-p 00000000 00:00 0 
7fcab8021000-7fcabc000000 ---p 00000000 00:00 0 
7fcabc000000-7fcabc021000 rw-p 00000000 00:00 0 
7fcabc021000-7fcac0000000 ---p 00000000 00:00 0 
7fcac0000000-7fcac0021000 rw-p 00000000 00:00 0 
7fcac0021000-7fcac4000000 ---p 00000000 00:00 0 
7fcac4000000-7fcac4021000 rw-p 00000000 00:00 0 
7fcac4021000-7fcac8000000 ---p 00000000 00:00 0 
7fcac8000000-7fcac8021000 rw-p 00000000 00:00 0 
7fcac8021000-7fcacc000000 ---p 00000000 00:00 0 
7fcacd2e6000-7fcacd2ea000 ---p 00000000 00:00 0 
7fcacd2ea000-7fcacd3e6000 rw-p 00000000 00:00 0 
7fcacd412000-7fcacd6f7000 rw-p 00000000 00:00 0 
7fcacd6f7000-7fcacd6fb000 ---p 00000000 00:00 0 
7fcacd6fb000-7fcacd7f7000 rw-p 00000000 00:00 0 
7fcacd7f7000-7fcacd7fb000 ---p 00000000 00:00 0 
7fcacd7fb000-7fcacd8f7000 rw-p 00000000 00:00 0 
7fcacd8f7000-7fcacd8fb000 ---p 00000000 00:00 0 
7fcacd8fb000-7fcacd9f7000 rw-p 00000000 00:00 0 
7fcacd9f7000-7fcacd9fb000 ---p 00000000 00:00 0 
7fcacd9fb000-7fcacdaf7000 rw-p 00000000 00:00 0 
7fcacdaf7000-7fcacdaf8000 ---p 00000000 00:00 0 
7fcacdaf8000-7fcacdbf8000 rw-p 00000000 00:00 0 
7fcacdbf8000-7fcacdbf9000 ---p 00000000 00:00 0 
7fcacdbf9000-7fcacdcf9000 rw-p 00000000 00:00 0 
7fcacdcf9000-7fcacdcfd000 ---p 00000000 00:00 0 
7fcacdcfd000-7fcacddf9000 rw-p 00000000 00:00 0 
7fcacddf9000-7fcacddfd000 ---p 00000000 00:00 0 
7fcacddfd000-7fcacdef9000 rw-p 00000000 00:00 0 
7fcacdef9000-7fcacdefa000 ---p 00000000 00:00 0 
7fcacdefa000-7fcacdffa000 rw-p 00000000 00:00 0 
7fcacdffa000-7fcacdffb000 ---p 00000000 00:00 0 
7fcacdffb000-7fcace0fb000 rw-p 00000000 00:00 0 
7fcace0fb000-7fcace0fc000 ---p 00000000 00:00 0 
7fcace0fc000-7fcace1fc000 rw-p 00000000 00:00 0 
7fcace1fc000-7fcace200000 ---p 00000000 00:00 0 
7fcace200000-7fcace2fc000 rw-p 00000000 00:00 0 
7fcace2fc000-7fcace300000 ---p 00000000 00:00 0 
7fcace300000-7fcace3fc000 rw-p 00000000 00:00 0 
7fcace3fc000-7fcace3fd000 ---p 00000000 00:00 0 
7fcace3fd000-7fcace4fd000 rw-p 00000000 00:00 0 
7fcace4fd000-7fcace501000 ---p 00000000 00:00 0 
7fcace501000-7fcace5fd000 rw-p 00000000 00:00 0 
7fcace5fd000-7fcace601000 ---p 00000000 00:00 0 
7fcace601000-7fcace6fd000 rw-p 00000000 00:00 0 
7fcace6fd000-7fcace701000 ---p 00000000 00:00 0 
7fcace701000-7fcace7fd000 rw-p 00000000 00:00 0 
7fcace7fd000-7fcace801000 ---p 00000000 00:00 0 
7fcace801000-7fcace8fd000 rw-p 00000000 00:00 0 
7fcace8fd000-7fcace8fe000 ---p 00000000 00:00 0 
7fcace8fe000-7fcace9fe000 rw-p 00000000 00:00 0 
7fcace9fe000-7fcace9ff000 ---p 00000000 00:00 0 
7fcace9ff000-7fcaceaff000 rw-p 00000000 00:00 0 
7fcaceaff000-7fcaceb00000 ---p 00000000 00:00 0 
7fcaceb00000-7fcacec00000 rw-p 00000000 00:00 0 
7fcacec00000-7fcacec04000 ---p 00000000 00:00 0 
7fcacec04000-7fcaced00000 rw-p 00000000 00:00 0 
7fcaced00000-7fcaced04000 ---p 00000000 00:00 0 
7fcaced04000-7fcacee00000 rw-p 00000000 00:00 0 
7fcacee00000-7fcacee04000 ---p 00000000 00:00 0 
7fcacee04000-7fcacef00000 rw-p 00000000 00:00 0 
7fcacef00000-7fcacef04000 ---p 00000000 00:00 0 
7fcacef04000-7fcacf000000 rw-p 00000000 00:00 0 
7fcacf000000-7fcacf3f0000 rw-p 00000000 00:00 0 
7fcacf3f0000-7fcacf7b0000 rw-p 00000000 00:00 0 
7fcacf7b0000-7fcacf8f0000 rw-p 00000000 00:00 0 
7fcacf8f0000-7fcacfd70000 rw-p 00000000 00:00 0 
7fcacfd70000-7fcacfdf0000 rw-p 00000000 00:00 0 
7fcacfdf0000-7fcad03b0000 rw-p 00000000 00:00 0 
7fcad03b0000-7fcad03f0000 rw-p 00000000 00:00 0 
7fcad03f0000-7fcad04f0000 rw-p 00000000 00:00 0 
7fcad04f0000-7fcad05f0000 rw-p 00000000 00:00 0 
7fcad05f0000-7fcad06f0000 rw-p 00000000 00:00 0 
7fcad06f0000-7fcad07d0000 rw-p 00000000 00:00 0 
7fcad07d0000-7fcad0800000 ---p 00000000 00:00 0 
7fcad0800000-7fcad0ba0000 rw-p 00000000 00:00 0 
7fcad0ba0000-7fcad3000000 ---p 00000000 00:00 0 
7fcad3082000-7fcad3086000 ---p 00000000 00:00 0 
7fcad3086000-7fcad3182000 rw-p 00000000 00:00 0 
7fcad3182000-7fcad3186000 ---p 00000000 00:00 0 
7fcad3186000-7fcad3282000 rw-p 00000000 00:00 0 
7fcad3282000-7fcad3286000 ---p 00000000 00:00 0 
7fcad3286000-7fcad3382000 rw-p 00000000 00:00 0 
7fcad3382000-7fcad3386000 ---p 00000000 00:00 0 
7fcad3386000-7fcad3482000 rw-p 00000000 00:00 0 
7fcad3482000-7fcad3486000 ---p 00000000 00:00 0 
7fcad3486000-7fcad3582000 rw-p 00000000 00:00 0 
7fcad3582000-7fcad3586000 ---p 00000000 00:00 0 
7fcad3586000-7fcad3682000 rw-p 00000000 00:00 0 
7fcad3682000-7fcad3686000 ---p 00000000 00:00 0 
7fcad3686000-7fcad3782000 rw-p 00000000 00:00 0 
7fcad3782000-7fcad39fa000 r--p 00000000 07:05 188                        /snap/code/190/usr/lib/locale/aa_DJ.utf8/LC_COLLATE
7fcad39fa000-7fcad39fb000 ---p 00000000 00:00 0 
7fcad39fb000-7fcad3afb000 rw-p 00000000 00:00 0 
7fcad3afb000-7fcad4021000 rw-p 00000000 00:00 0 
7fcad4021000-7fcad8000000 ---p 00000000 00:00 0 
7fcad80f1000-7fcad9000000 rw-p 00000000 00:00 0 
7fcad9000000-7fcad9bb6000 rw-p 00001000 103:04 2901333                   /home/viniciussaousa/.vscode/extensions/redhat.java-1.41.1-linux-x64/jre/21.0.6-linux-x86_64/lib/server/classes.jsa
7fcad9bb6000-7fcada000000 ---p 00000000 00:00 0 
7fcada000000-7fcada030000 rw-p 00000000 00:00 0 
7fcada030000-7fcada0f0000 rw-p 00000000 00:00 0 
7fcada0f0000-7fcada230000 rw-p 00000000 00:00 0 
7fcada230000-7fcada270000 rw-p 00000000 00:00 0 
7fcada270000-7fcada340000 rw-p 00000000 00:00 0 
7fcada340000-7fcb1a000000 ---p 00000000 00:00 0 
7fcb1a000000-7fcb1c021000 rw-p 00000000 00:00 0 
7fcb1c021000-7fcb20000000 ---p 00000000 00:00 0 
7fcb20020000-7fcb20074000 r--p 00000000 07:05 189                        /snap/code/190/usr/lib/locale/aa_DJ.utf8/LC_CTYPE
7fcb20074000-7fcb20a7e000 rw-p 00000000 00:00 0 
7fcb20a7e000-7fcb20a7f000 ---p 00000000 00:00 0 
7fcb20a7f000-7fcb20b7f000 rw-p 00000000 00:00 0 
7fcb20b7f000-7fcb20e00000 rw-p 00000000 00:00 0 
7fcb20e4f000-7fcb20ecc000 rw-p 00000000 00:00 0 
7fcb20ecc000-7fcb21000000 ---p 00000000 00:00 0 
7fcb21000000-7fcb21740000 rwxp 00000000 00:00 0 
7fcb21740000-7fcb28537000 ---p 00000000 00:00 0 
7fcb28537000-7fcb287a7000 rwxp 00000000 00:00 0 
7fcb287a7000-7fcb28ac9000 ---p 00000000 00:00 0 
7fcb28ac9000-7fcb28d39000 rwxp 00000000 00:00 0 
7fcb28d39000-7fcb30000000 ---p 00000000 00:00 0 
7fcb30000000-7fcb306d7000 rw-p 00000000 00:00 0 
7fcb306d7000-7fcb34000000 ---p 00000000 00:00 0 
7fcb34013000-7fcb34014000 ---p 00000000 00:00 0 
7fcb34014000-7fcb34114000 rw-p 00000000 00:00 0 
7fcb34114000-7fcb34136000 rw-p 00000000 00:00 0 
7fcb34136000-7fcb34269000 ---p 00000000 00:00 0 
7fcb34269000-7fcb3427a000 rw-p 00000000 00:00 0 
7fcb3427a000-7fcb34315000 ---p 00000000 00:00 0 
7fcb34315000-7fcb3431a000 rw-p 00000000 00:00 0 
7fcb3431a000-7fcb34400000 ---p 00000000 00:00 0 
7fcb34400000-7fcb375c7000 r--s 00000000 103:04 2900652                   /home/viniciussaousa/.vscode/extensions/redhat.java-1.41.1-linux-x64/jre/21.0.6-linux-x86_64/lib/modules
7fcb375dd000-7fcb375e1000 r--p 00000000 103:04 3675464                   /home/viniciussaousa/.config/Code/User/globalStorage/redhat.java/1.41.1/config_ss_linux/org.eclipse.equinox.launcher/org.eclipse.equinox.launcher.gtk.linux.x86_64_1.2.1400.v20250331-1702/eclipse_11911.so
7fcb375e1000-7fcb375eb000 r-xp 00004000 103:04 3675464                   /home/viniciussaousa/.config/Code/User/globalStorage/redhat.java/1.41.1/config_ss_linux/org.eclipse.equinox.launcher/org.eclipse.equinox.launcher.gtk.linux.x86_64_1.2.1400.v20250331-1702/eclipse_11911.so
7fcb375eb000-7fcb375ee000 r--p 0000e000 103:04 3675464                   /home/viniciussaousa/.config/Code/User/globalStorage/redhat.java/1.41.1/config_ss_linux/org.eclipse.equinox.launcher/org.eclipse.equinox.launcher.gtk.linux.x86_64_1.2.1400.v20250331-1702/eclipse_11911.so
7fcb375ee000-7fcb375ef000 r--p 00010000 103:04 3675464                   /home/viniciussaousa/.config/Code/User/globalStorage/redhat.java/1.41.1/config_ss_linux/org.eclipse.equinox.launcher/org.eclipse.equinox.launcher.gtk.linux.x86_64_1.2.1400.v20250331-1702/eclipse_11911.so
7fcb375ef000-7fcb375f0000 rw-p 00011000 103:04 3675464                   /home/viniciussaousa/.config/Code/User/globalStorage/redhat.java/1.41.1/config_ss_linux/org.eclipse.equinox.launcher/org.eclipse.equinox.launcher.gtk.linux.x86_64_1.2.1400.v20250331-1702/eclipse_11911.so
7fcb375f0000-7fcb375f1000 rw-p 00000000 00:00 0 
7fcb375f1000-7fcb37615000 r--p 00000000 103:04 14422340                  /usr/share/locale-langpack/pt_BR/LC_MESSAGES/libc.mo
7fcb37615000-7fcb37624000 rw-p 00000000 00:00 0 
7fcb37624000-7fcb37700000 ---p 00000000 00:00 0 
7fcb37700000-7fcb37704000 ---p 00000000 00:00 0 
7fcb37704000-7fcb37800000 rw-p 00000000 00:00 0 
7fcb37800000-7fcb38c0f000 r-xp 00000000 103:04 2901537                   /home/viniciussaousa/.vscode/extensions/redhat.java-1.41.1-linux-x64/jre/21.0.6-linux-x86_64/lib/server/libjvm.so
7fcb38c0f000-7fcb38ce3000 r--p 0140e000 103:04 2901537                   /home/viniciussaousa/.vscode/extensions/redhat.java-1.41.1-linux-x64/jre/21.0.6-linux-x86_64/lib/server/libjvm.so
7fcb38ce3000-7fcb38d13000 rw-p 014e2000 103:04 2901537                   /home/viniciussaousa/.vscode/extensions/redhat.java-1.41.1-linux-x64/jre/21.0.6-linux-x86_64/lib/server/libjvm.so
7fcb38d13000-7fcb38d79000 rw-p 00000000 00:00 0 
7fcb38d8b000-7fcb38d98000 r-xp 00000000 103:04 2900650                   /home/viniciussaousa/.vscode/extensions/redhat.java-1.41.1-linux-x64/jre/21.0.6-linux-x86_64/lib/libverify.so
7fcb38d98000-7fcb38d9a000 r--p 0000c000 103:04 2900650                   /home/viniciussaousa/.vscode/extensions/redhat.java-1.41.1-linux-x64/jre/21.0.6-linux-x86_64/lib/libverify.so
7fcb38d9a000-7fcb38d9b000 rw-p 0000e000 103:04 2900650                   /home/viniciussaousa/.vscode/extensions/redhat.java-1.41.1-linux-x64/jre/21.0.6-linux-x86_64/lib/libverify.so
7fcb38d9b000-7fcb38da7000 r-xp 00000000 103:04 2900640                   /home/viniciussaousa/.vscode/extensions/redhat.java-1.41.1-linux-x64/jre/21.0.6-linux-x86_64/lib/libnet.so
7fcb38da7000-7fcb38da8000 r--p 0000b000 103:04 2900640                   /home/viniciussaousa/.vscode/extensions/redhat.java-1.41.1-linux-x64/jre/21.0.6-linux-x86_64/lib/libnet.so
7fcb38da8000-7fcb38da9000 rw-p 0000c000 103:04 2900640                   /home/viniciussaousa/.vscode/extensions/redhat.java-1.41.1-linux-x64/jre/21.0.6-linux-x86_64/lib/libnet.so
7fcb38da9000-7fcb38dbd000 r-xp 00000000 103:04 2900642                   /home/viniciussaousa/.vscode/extensions/redhat.java-1.41.1-linux-x64/jre/21.0.6-linux-x86_64/lib/libnio.so
7fcb38dbd000-7fcb38dbe000 r--p 00013000 103:04 2900642                   /home/viniciussaousa/.vscode/extensions/redhat.java-1.41.1-linux-x64/jre/21.0.6-linux-x86_64/lib/libnio.so
7fcb38dbe000-7fcb38dbf000 rw-p 00014000 103:04 2900642                   /home/viniciussaousa/.vscode/extensions/redhat.java-1.41.1-linux-x64/jre/21.0.6-linux-x86_64/lib/libnio.so
7fcb38dbf000-7fcb38e00000 rw-p 00000000 00:00 0 
7fcb38e00000-7fcb38e28000 r--p 00000000 103:04 12321666                  /usr/lib/x86_64-linux-gnu/libc.so.6
7fcb38e28000-7fcb38fb0000 r-xp 00028000 103:04 12321666                  /usr/lib/x86_64-linux-gnu/libc.so.6
7fcb38fb0000-7fcb38fff000 r--p 001b0000 103:04 12321666                  /usr/lib/x86_64-linux-gnu/libc.so.6
7fcb38fff000-7fcb39003000 r--p 001fe000 103:04 12321666                  /usr/lib/x86_64-linux-gnu/libc.so.6
7fcb39003000-7fcb39005000 rw-p 00202000 103:04 12321666                  /usr/lib/x86_64-linux-gnu/libc.so.6
7fcb39005000-7fcb39012000 rw-p 00000000 00:00 0 
7fcb39015000-7fcb39030000 r-xp 00000000 103:04 2900651                   /home/viniciussaousa/.vscode/extensions/redhat.java-1.41.1-linux-x64/jre/21.0.6-linux-x86_64/lib/libzip.so
7fcb39030000-7fcb39031000 r--p 0001a000 103:04 2900651                   /home/viniciussaousa/.vscode/extensions/redhat.java-1.41.1-linux-x64/jre/21.0.6-linux-x86_64/lib/libzip.so
7fcb39031000-7fcb39032000 rw-p 0001b000 103:04 2900651                   /home/viniciussaousa/.vscode/extensions/redhat.java-1.41.1-linux-x64/jre/21.0.6-linux-x86_64/lib/libzip.so
7fcb39032000-7fcb39033000 r--p 00000000 07:05 280                        /snap/code/190/usr/lib/locale/agr_PE/LC_NUMERIC
7fcb39033000-7fcb39034000 r--p 00000000 07:05 5477                       /snap/code/190/usr/lib/locale/pt_BR.utf8/LC_TIME
7fcb39034000-7fcb39035000 r--p 00000000 07:05 5472                       /snap/code/190/usr/lib/locale/pt_BR.utf8/LC_MONETARY
7fcb39035000-7fcb39036000 r--p 00000000 07:05 5471                       /snap/code/190/usr/lib/locale/pt_BR.utf8/LC_MESSAGES/SYS_LC_MESSAGES
7fcb39036000-7fcb39037000 r--p 00000000 07:05 197                        /snap/code/190/usr/lib/locale/aa_DJ.utf8/LC_PAPER
7fcb39037000-7fcb39038000 r--p 00000000 07:05 279                        /snap/code/190/usr/lib/locale/agr_PE/LC_NAME
7fcb39038000-7fcb39039000 r--p 00000000 07:05 5465                       /snap/code/190/usr/lib/locale/pt_BR.utf8/LC_ADDRESS
7fcb39039000-7fcb3903a000 r--p 00000000 07:05 5476                       /snap/code/190/usr/lib/locale/pt_BR.utf8/LC_TELEPHONE
7fcb3903a000-7fcb39041000 r--s 00000000 103:04 12984852                  /usr/lib/x86_64-linux-gnu/gconv/gconv-modules.cache
7fcb39041000-7fcb3905a000 rw-p 00000000 00:00 0 
7fcb3905a000-7fcb39061000 ---p 00000000 00:00 0 
7fcb39061000-7fcb39081000 r-xp 00000000 103:04 2900624                   /home/viniciussaousa/.vscode/extensions/redhat.java-1.41.1-linux-x64/jre/21.0.6-linux-x86_64/lib/libjava.so
7fcb39081000-7fcb39082000 ---p 00020000 103:04 2900624                   /home/viniciussaousa/.vscode/extensions/redhat.java-1.41.1-linux-x64/jre/21.0.6-linux-x86_64/lib/libjava.so
7fcb39082000-7fcb39083000 r--p 00020000 103:04 2900624                   /home/viniciussaousa/.vscode/extensions/redhat.java-1.41.1-linux-x64/jre/21.0.6-linux-x86_64/lib/libjava.so
7fcb39083000-7fcb39084000 rw-p 00021000 103:04 2900624                   /home/viniciussaousa/.vscode/extensions/redhat.java-1.41.1-linux-x64/jre/21.0.6-linux-x86_64/lib/libjava.so
7fcb39084000-7fcb39085000 rw-p 00000000 00:00 0 
7fcb39085000-7fcb390a0000 r-xp 00000000 103:04 2900628                   /home/viniciussaousa/.vscode/extensions/redhat.java-1.41.1-linux-x64/jre/21.0.6-linux-x86_64/lib/libjimage.so
7fcb390a0000-7fcb390a1000 ---p 0001b000 103:04 2900628                   /home/viniciussaousa/.vscode/extensions/redhat.java-1.41.1-linux-x64/jre/21.0.6-linux-x86_64/lib/libjimage.so
7fcb390a1000-7fcb390a3000 r--p 0001b000 103:04 2900628                   /home/viniciussaousa/.vscode/extensions/redhat.java-1.41.1-linux-x64/jre/21.0.6-linux-x86_64/lib/libjimage.so
7fcb390a3000-7fcb390a4000 rw-p 0001d000 103:04 2900628                   /home/viniciussaousa/.vscode/extensions/redhat.java-1.41.1-linux-x64/jre/21.0.6-linux-x86_64/lib/libjimage.so
7fcb390a4000-7fcb390b4000 r--p 00000000 103:04 12330714                  /usr/lib/x86_64-linux-gnu/libm.so.6
7fcb390b4000-7fcb39133000 r-xp 00010000 103:04 12330714                  /usr/lib/x86_64-linux-gnu/libm.so.6
7fcb39133000-7fcb3918b000 r--p 0008f000 103:04 12330714                  /usr/lib/x86_64-linux-gnu/libm.so.6
7fcb3918b000-7fcb3918c000 r--p 000e7000 103:04 12330714                  /usr/lib/x86_64-linux-gnu/libm.so.6
7fcb3918c000-7fcb3918d000 rw-p 000e8000 103:04 12330714                  /usr/lib/x86_64-linux-gnu/libm.so.6
7fcb3918d000-7fcb3918e000 r--p 00000000 103:04 12330725                  /usr/lib/x86_64-linux-gnu/librt.so.1
7fcb3918e000-7fcb3918f000 r-xp 00001000 103:04 12330725                  /usr/lib/x86_64-linux-gnu/librt.so.1
7fcb3918f000-7fcb39190000 r--p 00002000 103:04 12330725                  /usr/lib/x86_64-linux-gnu/librt.so.1
7fcb39190000-7fcb39191000 r--p 00002000 103:04 12330725                  /usr/lib/x86_64-linux-gnu/librt.so.1
7fcb39191000-7fcb39192000 rw-p 00003000 103:04 12330725                  /usr/lib/x86_64-linux-gnu/librt.so.1
7fcb39192000-7fcb39194000 rw-p 00000000 00:00 0 
7fcb39194000-7fcb39195000 r--p 00000000 103:04 12322952                  /usr/lib/x86_64-linux-gnu/libdl.so.2
7fcb39195000-7fcb39196000 r-xp 00001000 103:04 12322952                  /usr/lib/x86_64-linux-gnu/libdl.so.2
7fcb39196000-7fcb39197000 r--p 00002000 103:04 12322952                  /usr/lib/x86_64-linux-gnu/libdl.so.2
7fcb39197000-7fcb39198000 r--p 00002000 103:04 12322952                  /usr/lib/x86_64-linux-gnu/libdl.so.2
7fcb39198000-7fcb39199000 rw-p 00003000 103:04 12322952                  /usr/lib/x86_64-linux-gnu/libdl.so.2
7fcb39199000-7fcb3919a000 r--p 00000000 103:04 12330723                  /usr/lib/x86_64-linux-gnu/libpthread.so.0
7fcb3919a000-7fcb3919b000 r-xp 00001000 103:04 12330723                  /usr/lib/x86_64-linux-gnu/libpthread.so.0
7fcb3919b000-7fcb3919c000 r--p 00002000 103:04 12330723                  /usr/lib/x86_64-linux-gnu/libpthread.so.0
7fcb3919c000-7fcb3919d000 r--p 00002000 103:04 12330723                  /usr/lib/x86_64-linux-gnu/libpthread.so.0
7fcb3919d000-7fcb3919e000 rw-p 00003000 103:04 12330723                  /usr/lib/x86_64-linux-gnu/libpthread.so.0
7fcb3919e000-7fcb3919f000 r--p 00000000 07:05 191                        /snap/code/190/usr/lib/locale/aa_DJ.utf8/LC_MEASUREMENT
7fcb3919f000-7fcb391a0000 r--p 00000000 07:05 5468                       /snap/code/190/usr/lib/locale/pt_BR.utf8/LC_IDENTIFICATION
7fcb391a0000-7fcb391a8000 rw-s 00000000 103:04 4850039                   /tmp/hsperfdata_viniciussaousa/6616
7fcb391a8000-7fcb391b2000 r-xp 00000000 103:04 2900619                   /home/viniciussaousa/.vscode/extensions/redhat.java-1.41.1-linux-x64/jre/21.0.6-linux-x86_64/lib/libinstrument.so
7fcb391b2000-7fcb391b3000 ---p 0000a000 103:04 2900619                   /home/viniciussaousa/.vscode/extensions/redhat.java-1.41.1-linux-x64/jre/21.0.6-linux-x86_64/lib/libinstrument.so
7fcb391b3000-7fcb391b4000 r--p 0000a000 103:04 2900619                   /home/viniciussaousa/.vscode/extensions/redhat.java-1.41.1-linux-x64/jre/21.0.6-linux-x86_64/lib/libinstrument.so
7fcb391b4000-7fcb391b5000 rw-p 0000b000 103:04 2900619                   /home/viniciussaousa/.vscode/extensions/redhat.java-1.41.1-linux-x64/jre/21.0.6-linux-x86_64/lib/libinstrument.so
7fcb391b5000-7fcb391b6000 ---p 00000000 00:00 0 
7fcb391b6000-7fcb391b7000 r--p 00000000 00:00 0 
7fcb391b7000-7fcb391b8000 ---p 00000000 00:00 0 
7fcb391b8000-7fcb391d1000 r-xp 00000000 103:04 2900629                   /home/viniciussaousa/.vscode/extensions/redhat.java-1.41.1-linux-x64/jre/21.0.6-linux-x86_64/lib/libjli.so
7fcb391d1000-7fcb391d2000 r--p 00018000 103:04 2900629                   /home/viniciussaousa/.vscode/extensions/redhat.java-1.41.1-linux-x64/jre/21.0.6-linux-x86_64/lib/libjli.so
7fcb391d2000-7fcb391d3000 rw-p 00019000 103:04 2900629                   /home/viniciussaousa/.vscode/extensions/redhat.java-1.41.1-linux-x64/jre/21.0.6-linux-x86_64/lib/libjli.so
7fcb391d3000-7fcb391d5000 rw-p 00000000 00:00 0 
7fcb391d5000-7fcb391d6000 r--p 00000000 103:04 12321537                  /usr/lib/x86_64-linux-gnu/ld-linux-x86-64.so.2
7fcb391d6000-7fcb39201000 r-xp 00001000 103:04 12321537                  /usr/lib/x86_64-linux-gnu/ld-linux-x86-64.so.2
7fcb39201000-7fcb3920b000 r--p 0002c000 103:04 12321537                  /usr/lib/x86_64-linux-gnu/ld-linux-x86-64.so.2
7fcb3920b000-7fcb3920d000 r--p 00036000 103:04 12321537                  /usr/lib/x86_64-linux-gnu/ld-linux-x86-64.so.2
7fcb3920d000-7fcb3920f000 rw-p 00038000 103:04 12321537                  /usr/lib/x86_64-linux-gnu/ld-linux-x86-64.so.2
7ffd9c480000-7ffd9c4a3000 rw-p 00000000 00:00 0                          [stack]
7ffd9c4f4000-7ffd9c4f8000 r--p 00000000 00:00 0                          [vvar]
7ffd9c4f8000-7ffd9c4fa000 r-xp 00000000 00:00 0                          [vdso]
ffffffffff600000-ffffffffff601000 --xp 00000000 00:00 0                  [vsyscall]
Total number of mappings: 296


VM Arguments:
jvm_args: --add-modules=ALL-SYSTEM --add-opens=java.base/java.util=ALL-UNNAMED --add-opens=java.base/java.lang=ALL-UNNAMED --add-opens=java.base/sun.nio.fs=ALL-UNNAMED -Declipse.application=org.eclipse.jdt.ls.core.id1 -Dosgi.bundles.defaultStartLevel=4 -Declipse.product=org.eclipse.jdt.ls.core.product -Djava.import.generatesMetadataFilesAtProjectRoot=false -DDetectVMInstallationsJob.disabled=true -Dfile.encoding=utf8 -XX:+UseParallelGC -XX:GCTimeRatio=4 -XX:AdaptiveSizePolicyWeight=90 -Dsun.zip.disableMemoryMapping=true -Xmx1G -Xms100m -Xlog:disable -javaagent:/home/viniciussaousa/.vscode/extensions/redhat.java-1.41.1-linux-x64/lombok/lombok-1.18.36.jar 
java_command: /home/viniciussaousa/.vscode/extensions/redhat.java-1.41.1-linux-x64/server/plugins/org.eclipse.equinox.launcher_1.7.0.v20250331-1702.jar -configuration /home/viniciussaousa/.config/Code/User/globalStorage/redhat.java/1.41.1/config_ss_linux -data /home/viniciussaousa/.config/Code/User/workspaceStorage/2976abad126861622e53ec898ffa0717/redhat.java/ss_ws --pipe=/run/user/1000/lsp-0f0a1b9ceb9b25cdabfc57424b182454.sock
java_class_path (initial): /home/viniciussaousa/.vscode/extensions/redhat.java-1.41.1-linux-x64/server/plugins/org.eclipse.equinox.launcher_1.7.0.v20250331-1702.jar
Launcher Type: SUN_STANDARD

[Global flags]
    uintx AdaptiveSizePolicyWeight                 = 90                                        {product} {command line}
     intx CICompilerCount                          = 4                                         {product} {ergonomic}
    uintx GCTimeRatio                              = 4                                         {product} {command line}
   size_t InitialHeapSize                          = 104857600                                 {product} {command line}
   size_t MaxHeapSize                              = 1073741824                                {product} {command line}
   size_t MaxNewSize                               = 357564416                                 {product} {ergonomic}
   size_t MinHeapDeltaBytes                        = 524288                                    {product} {ergonomic}
   size_t MinHeapSize                              = 104857600                                 {product} {command line}
   size_t NewSize                                  = 34603008                                  {product} {ergonomic}
    uintx NonNMethodCodeHeapSize                   = 5839372                                {pd product} {ergonomic}
    uintx NonProfiledCodeHeapSize                  = 122909434                              {pd product} {ergonomic}
   size_t OldSize                                  = 70254592                                  {product} {ergonomic}
    uintx ProfiledCodeHeapSize                     = 122909434                              {pd product} {ergonomic}
    uintx ReservedCodeCacheSize                    = 251658240                              {pd product} {ergonomic}
     bool SegmentedCodeCache                       = true                                      {product} {ergonomic}
   size_t SoftMaxHeapSize                          = 1073741824                             {manageable} {ergonomic}
     bool UseCompressedOops                        = true                           {product lp64_product} {ergonomic}
     bool UseParallelGC                            = true                                      {product} {command line}

Logging:
Log output configuration:
 #0: stdout all=off uptime,level,tags foldmultilines=false
 #1: stderr all=off uptime,level,tags foldmultilines=false

Environment Variables:
PATH=/home/viniciussaousa/.nvm/versions/node/v20.16.0/bin:/home/viniciussaousa/.pyenv/plugins/pyenv-virtualenv/shims:/home/viniciussaousa/.pyenv/shims:/home/viniciussaousa/.pyenv/bin:/home/viniciussaousa/anaconda3/condabin:/home/viniciussaousa/.local/bin:/usr/local/sbin:/usr/local/bin:/usr/sbin:/usr/bin:/sbin:/bin:/usr/games:/usr/local/games:/snap/bin
SHELL=/bin/bash
DISPLAY=:0
LANG=pt_BR.UTF-8
LC_NUMERIC=pt_BR.UTF-8
LC_TIME=pt_BR.UTF-8
TERM=xterm-256color

Active Locale:
LC_ALL=pt_BR.UTF-8
LC_COLLATE=pt_BR.UTF-8
LC_CTYPE=pt_BR.UTF-8
LC_MESSAGES=pt_BR.UTF-8
LC_MONETARY=pt_BR.UTF-8
LC_NUMERIC=pt_BR.UTF-8
LC_TIME=pt_BR.UTF-8

Signal Handlers:
   SIGSEGV: crash_handler in libjvm.so, mask=11100100010111111101111111111110, flags=SA_RESTART|SA_SIGINFO, unblocked
    SIGBUS: crash_handler in libjvm.so, mask=11100100010111111101111111111110, flags=SA_RESTART|SA_SIGINFO, unblocked
    SIGFPE: crash_handler in libjvm.so, mask=11100100010111111101111111111110, flags=SA_RESTART|SA_SIGINFO, unblocked
   SIGPIPE: javaSignalHandler in libjvm.so, mask=11100100010111111101111111111110, flags=SA_RESTART|SA_SIGINFO, blocked
   SIGXFSZ: javaSignalHandler in libjvm.so, mask=11100100010111111101111111111110, flags=SA_RESTART|SA_SIGINFO, blocked
    SIGILL: crash_handler in libjvm.so, mask=11100100010111111101111111111110, flags=SA_RESTART|SA_SIGINFO, unblocked
   SIGUSR2: SR_handler in libjvm.so, mask=00000000000000000000000000000000, flags=SA_RESTART|SA_SIGINFO, blocked
    SIGHUP: UserHandler in libjvm.so, mask=11100100010111111101111111111110, flags=SA_RESTART|SA_SIGINFO, blocked
    SIGINT: UserHandler in libjvm.so, mask=11100100010111111101111111111110, flags=SA_RESTART|SA_SIGINFO, blocked
   SIGTERM: UserHandler in libjvm.so, mask=11100100010111111101111111111110, flags=SA_RESTART|SA_SIGINFO, blocked
   SIGQUIT: UserHandler in libjvm.so, mask=11100100010111111101111111111110, flags=SA_RESTART|SA_SIGINFO, blocked
   SIGTRAP: crash_handler in libjvm.so, mask=11100100010111111101111111111110, flags=SA_RESTART|SA_SIGINFO, unblocked


Periodic native trim disabled

---------------  S Y S T E M  ---------------

OS:
DISTRIB_ID=Ubuntu
DISTRIB_RELEASE=24.04
DISTRIB_CODENAME=noble
DISTRIB_DESCRIPTION="Ubuntu 24.04.2 LTS"
uname: Linux 6.8.0-58-generic #60-Ubuntu SMP PREEMPT_DYNAMIC Fri Mar 14 18:29:48 UTC 2025 x86_64
OS uptime: 0 days 0:07 hours
libc: glibc 2.39 NPTL 2.39 
rlimit (soft/hard): STACK 8192k/infinity , CORE 0k/infinity , NPROC 62780/62780 , NOFILE 1048576/1048576 , AS infinity/infinity , CPU infinity/infinity , DATA infinity/infinity , FSIZE infinity/infinity , MEMLOCK 2018332k/2018332k
load average: 2,22 0,90 0,36

/proc/meminfo:
MemTotal:       16146676 kB
MemFree:         8774056 kB
MemAvailable:   11209936 kB
Buffers:          176008 kB
Cached:          2893744 kB
SwapCached:            0 kB
Active:          4871224 kB
Inactive:        1140700 kB
Active(anon):    3396860 kB
Inactive(anon):        0 kB
Active(file):    1474364 kB
Inactive(file):  1140700 kB
Unevictable:      331888 kB
Mlocked:              80 kB
SwapTotal:       2097148 kB
SwapFree:        2097148 kB
Zswap:                 0 kB
Zswapped:              0 kB
Dirty:               660 kB
Writeback:             0 kB
AnonPages:       3274372 kB
Mapped:           984772 kB
Shmem:            454684 kB
KReclaimable:     158068 kB
Slab:             450740 kB
SReclaimable:     158068 kB
SUnreclaim:       292672 kB
KernelStack:       20880 kB
PageTables:        49900 kB
SecPageTables:         0 kB
NFS_Unstable:          0 kB
Bounce:                0 kB
WritebackTmp:          0 kB
CommitLimit:    10170484 kB
Committed_AS:   17042148 kB
VmallocTotal:   34359738367 kB
VmallocUsed:      129924 kB
VmallocChunk:          0 kB
Percpu:            12672 kB
HardwareCorrupted:     0 kB
AnonHugePages:         0 kB
ShmemHugePages:        0 kB
ShmemPmdMapped:        0 kB
FileHugePages:         0 kB
FilePmdMapped:         0 kB
Unaccepted:            0 kB
HugePages_Total:       0
HugePages_Free:        0
HugePages_Rsvd:        0
HugePages_Surp:        0
Hugepagesize:       2048 kB
Hugetlb:               0 kB
DirectMap4k:      630928 kB
DirectMap2M:     8577024 kB
DirectMap1G:     8388608 kB

/sys/kernel/mm/transparent_hugepage/enabled: always [madvise] never
/sys/kernel/mm/transparent_hugepage/hpage_pmd_size: 2097152
/sys/kernel/mm/transparent_hugepage/defrag (defrag/compaction efforts parameter): always defer defer+madvise [madvise] never

Process Memory:
Virtual Size: 5180788K (peak: 5243360K)
Resident Set Size: 216148K (peak: 216148K) (anon: 181088K, file: 35060K, shmem: 0K)
Swapped out: 0K
C-Heap outstanding allocations: 94240K, retained: 22443K
glibc malloc tunables: (default)

/proc/sys/kernel/threads-max (system-wide limit on the number of threads): 125561
/proc/sys/vm/max_map_count (maximum number of memory map areas a process may have): 1048576
/proc/sys/vm/swappiness (control to define how aggressively the kernel swaps out anonymous memory): 60
/proc/sys/kernel/pid_max (system-wide limit on number of process identifiers): 4194304

container (cgroup) information:
container_type: cgroupv2
cpu_cpuset_cpus: not supported
cpu_memory_nodes: not supported
active_processor_count: 12
cpu_quota: not supported
cpu_period: not supported
cpu_shares: not supported
memory_limit_in_bytes: unlimited
memory_and_swap_limit_in_bytes: unlimited
memory_soft_limit_in_bytes: unlimited
memory_usage_in_bytes: 2657960 k
memory_max_usage_in_bytes: not supported
memory_swap_current_in_bytes: unlimited
memory_swap_max_limit_in_bytes: unlimited
maximum number of tasks: 18834
current number of tasks: 341

Steal ticks since vm start: 0
Steal ticks percentage since vm start:  0,000

CPU: total 12 (initial active 12) (6 cores per cpu, 2 threads per core) family 6 model 165 stepping 2 microcode 0x100, cx8, cmov, fxsr, ht, mmx, 3dnowpref, sse, sse2, sse3, ssse3, sse4.1, sse4.2, popcnt, lzcnt, tsc, tscinvbit, avx, avx2, aes, erms, clmul, bmi1, bmi2, adx, fma, vzeroupper, clflush, clflushopt, rdtscp, f16c, pku, ospke
CPU Model and flags from /proc/cpuinfo:
model name	: Intel(R) Core(TM) i5-10500H CPU @ 2.50GHz
flags		: fpu vme de pse tsc msr pae mce cx8 apic sep mtrr pge mca cmov pat pse36 clflush dts acpi mmx fxsr sse sse2 ss ht tm pbe syscall nx pdpe1gb rdtscp lm constant_tsc art arch_perfmon pebs bts rep_good nopl xtopology nonstop_tsc cpuid aperfmperf pni pclmulqdq dtes64 monitor ds_cpl vmx est tm2 ssse3 sdbg fma cx16 xtpr pdcm pcid sse4_1 sse4_2 x2apic movbe popcnt tsc_deadline_timer aes xsave avx f16c rdrand lahf_lm abm 3dnowprefetch cpuid_fault epb ssbd ibrs ibpb stibp ibrs_enhanced tpr_shadow flexpriority ept vpid ept_ad fsgsbase tsc_adjust bmi1 avx2 smep bmi2 erms invpcid mpx rdseed adx smap clflushopt intel_pt xsaveopt xsavec xgetbv1 xsaves dtherm ida arat pln pts hwp hwp_notify hwp_act_window hwp_epp vnmi pku ospke md_clear flush_l1d arch_capabilities

Online cpus: 0-11
Offline cpus: 
BIOS frequency limitation: <Not Available>
Frequency switch latency (ns): 0
Available cpu frequencies: <Not Available>
Current governor: powersave
Core performance/turbo boost: <Not Available>

Memory: 4k page, physical 16146676k(11209936k free), swap 2097148k(2097148k free)
Page Sizes: 4k

vm_info: OpenJDK 64-Bit Server VM (21.0.6+7-LTS) for linux-amd64 JRE (21.0.6+7-LTS), built on 2025-01-21T00:00:00Z by "admin" with gcc 11.3.0

END.
