#
# A fatal error has been detected by the Java Runtime Environment:
#
#  SIGSEGV (0xb) at pc=0x00007a1ab5ce51fd, pid=15295, tid=15305
#
# JRE version: OpenJDK Runtime Environment Temurin-21.0.6+7 (21.0.6+7) (build 21.0.6+7-LTS)
# Java VM: OpenJDK 64-Bit Server VM Temurin-21.0.6+7 (21.0.6+7-LTS, mixed mode, sharing, tiered, compressed oops, compressed class ptrs, parallel gc, linux-amd64)
# Problematic frame:
# V  [libjvm.so+0x6e51fd]  DependencyContext::add_dependent_nmethod(nmethod*)+0xfd
#
# Core dump will be written. Default location: Core dumps may be processed with "/usr/share/apport/apport -p%p -s%s -c%c -d%d -P%P -u%u -g%g -- %E" (or dumping to /home/viniciussaousa/Documentos/projeto_programa/lab6/core.15295)
#
# If you would like to submit a bug report, please visit:
#   https://github.com/adoptium/adoptium-support/issues
#

---------------  S U M M A R Y ------------

Command Line: --add-modules=ALL-SYSTEM --add-opens=java.base/java.util=ALL-UNNAMED --add-opens=java.base/java.lang=ALL-UNNAMED --add-opens=java.base/sun.nio.fs=ALL-UNNAMED -Declipse.application=org.eclipse.jdt.ls.core.id1 -Dosgi.bundles.defaultStartLevel=4 -Declipse.product=org.eclipse.jdt.ls.core.product -Djava.import.generatesMetadataFilesAtProjectRoot=false -DDetectVMInstallationsJob.disabled=true -Dfile.encoding=utf8 -XX:+UseParallelGC -XX:GCTimeRatio=4 -XX:AdaptiveSizePolicyWeight=90 -Dsun.zip.disableMemoryMapping=true -Xmx1G -Xms100m -Xlog:disable -javaagent:/home/viniciussaousa/.vscode/extensions/redhat.java-1.41.1-linux-x64/lombok/lombok-1.18.36.jar -XX:+HeapDumpOnOutOfMemoryError -XX:HeapDumpPath=/home/viniciussaousa/.config/Code/User/workspaceStorage/2976abad126861622e53ec898ffa0717/redhat.java -Daether.dependencyCollector.impl=bf /home/viniciussaousa/.vscode/extensions/redhat.java-1.41.1-linux-x64/server/plugins/org.eclipse.equinox.launcher_1.7.0.v20250331-1702.jar -configuration /home/viniciussaousa/.config/Code/User/globalStorage/redhat.java/1.41.1/config_linux -data /home/viniciussaousa/.config/Code/User/workspaceStorage/2976abad126861622e53ec898ffa0717/redhat.java/jdt_ws --pipe=/run/user/1000/lsp-2c8a11c1a96c8da84d6ba840f6573466.sock

Host: Intel(R) Core(TM) i5-10500H CPU @ 2.50GHz, 12 cores, 15G, Ubuntu 24.04.2 LTS
Time: Sat May  3 22:37:54 2025 -04 elapsed time: 4.752551 seconds (0d 0h 0m 4s)

---------------  T H R E A D  ---------------

Current thread (0x00007a1ab01c82b0):  JavaThread "C2 CompilerThread0" daemon [_thread_in_vm, id=15305, stack(0x00007a1a9c073000,0x00007a1a9c173000) (1024K)]


Current CompileTask:
C2:4752 7629   !   4       java.nio.ByteBuffer::getArray (121 bytes)

Stack: [0x00007a1a9c073000,0x00007a1a9c173000],  sp=0x00007a1a9c16f130,  free space=1008k
Native frames: (J=compiled Java code, j=interpreted, Vv=VM code, C=native code)
V  [libjvm.so+0x6e51fd]  DependencyContext::add_dependent_nmethod(nmethod*)+0xfd
V  [libjvm.so+0x8e0a51]  InstanceKlass::add_dependent_nmethod(nmethod*)+0x31
V  [libjvm.so+0xcc47aa]  nmethod::new_nmethod(methodHandle const&, int, int, CodeOffsets*, int, DebugInformationRecorder*, Dependencies*, CodeBuffer*, int, OopMapSet*, ExceptionHandlerTable*, ImplicitExceptionTable*, AbstractCompiler*, CompLevel, char*, int, JVMCINMethodData*)+0x21a
V  [libjvm.so+0x5ceb4e]  ciEnv::register_method(ciMethod*, int, CodeOffsets*, int, CodeBuffer*, int, OopMapSet*, ExceptionHandlerTable*, ImplicitExceptionTable*, AbstractCompiler*, bool, bool, bool, int, RTMState)+0x33e
V  [libjvm.so+0xd19841]  PhaseOutput::install_code(ciMethod*, int, AbstractCompiler*, bool, bool, RTMState)+0x101
V  [libjvm.so+0xd19912]  PhaseOutput::install()+0x82
V  [libjvm.so+0x66dd47]  Compile::Code_Gen()+0x5e7
V  [libjvm.so+0x671bfd]  Compile::Compile(ciEnv*, ciMethod*, int, Options, DirectiveSet*)+0x151d
V  [libjvm.so+0x59859b]  C2Compiler::compile_method(ciEnv*, ciMethod*, int, bool, DirectiveSet*)+0x18b
V  [libjvm.so+0x677a9e]  CompileBroker::invoke_compiler_on_method(CompileTask*)+0xc9e
V  [libjvm.so+0x67ac88]  CompileBroker::compiler_thread_loop()+0x6a8
V  [libjvm.so+0x928c08]  JavaThread::thread_main_inner()+0x1d8
V  [libjvm.so+0xf78778]  Thread::call_run()+0xa8
V  [libjvm.so+0xd042ba]  thread_native_entry(Thread*)+0xda
C  [libc.so.6+0x9caa4]

siginfo: si_signo: 11 (SIGSEGV), si_code: 128 (SI_KERNEL), si_addr: 0x0000000000000000

Registers:
RAX=0x00007a1aa5d10490, RBX=0x00007a1a286701b8, RCX=0x00007a1ab5b71da0, RDX=0x00007a1a5507e228
RSP=0x00007a1a9c16f130, RBP=0x00007a1a9c16f170, RSI=0x00007a1aa5d10490, RDI=0x00007a1aa5bbc190
R8 =0x0000000000000000, R9 =0x00007a1aa5d10cab, R10=0x000000000000002c, R11=0x00007a1a9c16f1d0
R12=0x00807a1a28868ed0, R13=0x00007a1ab6b1f140, R14=0x00007a1a9c16f180, R15=0x00007a1a286701b0
RIP=0x00007a1ab5ce51fd, EFLAGS=0x0000000000010202, CSGSFS=0x002b000000000033, ERR=0x0000000000000000
  TRAPNO=0x000000000000000d

XMM[0]=0x00007a1a5507e230 0x00007a1a5507e228
XMM[1]=0x0000000000000000 0x00007a1a5507e230
XMM[2]=0x0000000100000000 0x000001bb00000318
XMM[3]=0x0000000100000000 0x00000185000002d8
XMM[4]=0x0101010101010101 0x0101010101010101
XMM[5]=0x0101010101010101 0x010101010101010d
XMM[6]=0x0101010101010101 0x0101010301030101
XMM[7]=0x0201c501010203c3 0x0145010102010302
XMM[8]=0x01010101010101a2 0x0101c20103d40101
XMM[9]=0x0000000000000000 0x4008000000000000
XMM[10]=0x0000000000000000 0x46293e5939a08cea
XMM[11]=0x0000000000000000 0x4376345785d8a000
XMM[12]=0x00007a1a2cbe5590 0x00007a1a2cbe5530
XMM[13]=0x0000000000000000 0x00007a1a2cbe5a10
XMM[14]=0x0000000000000000 0x00007a1a2cbe5ad0
XMM[15]=0x0000000000000000 0x00007a1a2cbe5b90
  MXCSR=0x00001fa0


Register to memory mapping:

RAX=0x00007a1aa5d10490 is at entry_point+-400 in (nmethod*)0x00007a1aa5d10490
Compiled method (c2) 4753 7629   !   4       java.nio.ByteBuffer::getArray (121 bytes)
 total in heap  [0x00007a1aa5d10490,0x00007a1aa5d10cc8] = 2104
 relocation     [0x00007a1aa5d105e8,0x00007a1aa5d10620] = 56
 main code      [0x00007a1aa5d10620,0x00007a1aa5d10960] = 832
 stub code      [0x00007a1aa5d10960,0x00007a1aa5d10978] = 24
 oops           [0x00007a1aa5d10978,0x00007a1aa5d10988] = 16
 metadata       [0x00007a1aa5d10988,0x00007a1aa5d10a38] = 176
 scopes data    [0x00007a1aa5d10a38,0x00007a1aa5d10c00] = 456
 scopes pcs     [0x00007a1aa5d10c00,0x00007a1aa5d10c80] = 128
 dependencies   [0x00007a1aa5d10c80,0x00007a1aa5d10cb8] = 56
 nul chk table  [0x00007a1aa5d10cb8,0x00007a1aa5d10cc8] = 16
RBX=0x00007a1a286701b8 points into unknown readable memory: 0x00807a1a28868ed0 | d0 8e 86 28 1a 7a 80 00
RCX=0x00007a1ab5b71da0: <offset 0x0000000000571da0> in /home/viniciussaousa/.vscode/extensions/redhat.java-1.41.1-linux-x64/jre/21.0.6-linux-x86_64/lib/server/libjvm.so at 0x00007a1ab5600000
RDX=0x00007a1a5507e228 is pointing into metadata
RSP=0x00007a1a9c16f130 is pointing into the stack for thread: 0x00007a1ab01c82b0
RBP=0x00007a1a9c16f170 is pointing into the stack for thread: 0x00007a1ab01c82b0
RSI=0x00007a1aa5d10490 is at entry_point+-400 in (nmethod*)0x00007a1aa5d10490
Compiled method (c2) 4754 7629   !   4       java.nio.ByteBuffer::getArray (121 bytes)
 total in heap  [0x00007a1aa5d10490,0x00007a1aa5d10cc8] = 2104
 relocation     [0x00007a1aa5d105e8,0x00007a1aa5d10620] = 56
 main code      [0x00007a1aa5d10620,0x00007a1aa5d10960] = 832
 stub code      [0x00007a1aa5d10960,0x00007a1aa5d10978] = 24
 oops           [0x00007a1aa5d10978,0x00007a1aa5d10988] = 16
 metadata       [0x00007a1aa5d10988,0x00007a1aa5d10a38] = 176
 scopes data    [0x00007a1aa5d10a38,0x00007a1aa5d10c00] = 456
 scopes pcs     [0x00007a1aa5d10c00,0x00007a1aa5d10c80] = 128
 dependencies   [0x00007a1aa5d10c80,0x00007a1aa5d10cb8] = 56
 nul chk table  [0x00007a1aa5d10cb8,0x00007a1aa5d10cc8] = 16
RDI=0x00007a1aa5bbc190 is at entry_point+-464 in (nmethod*)0x00007a1aa5bbc190
Compiled method (c2) 4754 6594       4       jdk.internal.jimage.ImageStringsReader::stringFromByteBufferMatches (138 bytes)
 total in heap  [0x00007a1aa5bbc190,0x00007a1aa5bbcc48] = 2744
 relocation     [0x00007a1aa5bbc2e8,0x00007a1aa5bbc348] = 96
 main code      [0x00007a1aa5bbc360,0x00007a1aa5bbc7c8] = 1128
 stub code      [0x00007a1aa5bbc7c8,0x00007a1aa5bbc7f0] = 40
 oops           [0x00007a1aa5bbc7f0,0x00007a1aa5bbc810] = 32
 metadata       [0x00007a1aa5bbc810,0x00007a1aa5bbc898] = 136
 scopes data    [0x00007a1aa5bbc898,0x00007a1aa5bbcac0] = 552
 scopes pcs     [0x00007a1aa5bbcac0,0x00007a1aa5bbcbe0] = 288
 dependencies   [0x00007a1aa5bbcbe0,0x00007a1aa5bbcc08] = 40
 handler table  [0x00007a1aa5bbcc08,0x00007a1aa5bbcc20] = 24
 nul chk table  [0x00007a1aa5bbcc20,0x00007a1aa5bbcc48] = 40
R8 =0x0 is null
R9 =0x00007a1aa5d10cab is at entry_point+1675 in (nmethod*)0x00007a1aa5d10490
Compiled method (c2) 4754 7629   !   4       java.nio.ByteBuffer::getArray (121 bytes)
 total in heap  [0x00007a1aa5d10490,0x00007a1aa5d10cc8] = 2104
 relocation     [0x00007a1aa5d105e8,0x00007a1aa5d10620] = 56
 main code      [0x00007a1aa5d10620,0x00007a1aa5d10960] = 832
 stub code      [0x00007a1aa5d10960,0x00007a1aa5d10978] = 24
 oops           [0x00007a1aa5d10978,0x00007a1aa5d10988] = 16
 metadata       [0x00007a1aa5d10988,0x00007a1aa5d10a38] = 176
 scopes data    [0x00007a1aa5d10a38,0x00007a1aa5d10c00] = 456
 scopes pcs     [0x00007a1aa5d10c00,0x00007a1aa5d10c80] = 128
 dependencies   [0x00007a1aa5d10c80,0x00007a1aa5d10cb8] = 56
 nul chk table  [0x00007a1aa5d10cb8,0x00007a1aa5d10cc8] = 16
R10=0x000000000000002c is an unknown value
R11=0x00007a1a9c16f1d0 is pointing into the stack for thread: 0x00007a1ab01c82b0
R12=0x00807a1a28868ed0 is an unknown value
R13=0x00007a1ab6b1f140: <offset 0x000000000151f140> in /home/viniciussaousa/.vscode/extensions/redhat.java-1.41.1-linux-x64/jre/21.0.6-linux-x86_64/lib/server/libjvm.so at 0x00007a1ab5600000
R14=0x00007a1a9c16f180 is pointing into the stack for thread: 0x00007a1ab01c82b0
R15=0x00007a1a286701b0 points into unknown readable memory: 0x00007a1aa5bbc190 | 90 c1 bb a5 1a 7a 00 00

Top of Stack: (sp=0x00007a1a9c16f130)
0x00007a1a9c16f130:   00007a1a9c16f95c 00007a1aa5d10490
0x00007a1a9c16f140:   00007a1ab01c8a88 00007a1a9c16f1d0
0x00007a1a9c16f150:   00007a1aa5d10490 00007a1ab6b44dd8
0x00007a1a9c16f160:   00007a1a9c16f728 0000000000000838
0x00007a1a9c16f170:   00007a1a9c16f190 00007a1ab5ee0a51
0x00007a1a9c16f180:   00007a1a5507e228 00007a1a5507e230
0x00007a1a9c16f190:   00007a1a9c16f240 00007a1ab62c47aa
0x00007a1a9c16f1a0:   00007a1a00000014 00000040551be0b8
0x00007a1a9c16f1b0:   00007a1a9c16f95c 00001dcdffffffff
0x00007a1a9c16f1c0:   00007a1a550c3d40 0000050200000004
0x00007a1a9c16f1d0:   00007a1aa5d10490 0000000000000000
0x00007a1a9c16f1e0:   00007a1aa5d10c80 000000000000002c
0x00007a1a9c16f1f0:   0000000000000005 0000001600000003
0x00007a1a9c16f200:   00007a1a00000003 000000019c16f788
0x00007a1a9c16f210:   05007a1ab6a24105 00007a1ab01c82b0
0x00007a1a9c16f220:   00007a1a9c171690 00007a1a1ceaf760
0x00007a1a9c16f230:   00007a1ab6b44c58 00007a1ab6b46158
0x00007a1a9c16f240:   00007a1a9c16f340 00007a1ab5bceb4e
0x00007a1a9c16f250:   00007a1a30994b40 00007a1a9c16f728
0x00007a1a9c16f260:   000000000000000c 00007a1a305fc9a0
0x00007a1a9c16f270:   00007a1a9c16f8f0 00007a1a9c16f908
0x00007a1a9c16f280:   00007a1ab01c7d60 0000000000000004
0x00007a1a9c16f290:   0000000000000000 0000000000000000
0x00007a1a9c16f2a0:   0000000000000000 00007a1ab5bceacb
0x00007a1a9c16f2b0:   00007a1a9c16f300 00007a1a00000000
0x00007a1a9c16f2c0:   00007a1a00000000 0000000000000001
0x00007a1a9c16f2d0:   00007a1a00000001 00007a1ab631ba0e
0x00007a1a9c16f2e0:   0000000000000040 00007a1a9c16f95c
0x00007a1a9c16f2f0:   00000000ffffffff 00007a1a9c16f728
0x00007a1a9c16f300:   00007a1a550c3d40 00007a1ab01c82b0
0x00007a1a9c16f310:   00007a1a9c16f710 0000000000000001
0x00007a1a9c16f320:   00007a1a1ceaf760 00000000ffffffff 

Instructions: (pc=0x00007a1ab5ce51fd)
0x00007a1ab5ce50fd:   44 00 00 55 48 89 e5 41 57 41 56 49 89 fe 41 55
0x00007a1ab5ce510d:   41 54 53 48 83 ec 18 48 89 75 c8 49 8b 16 4c 8b
0x00007a1ab5ce511d:   3a 4d 85 ff 74 3d 49 8b 3f 48 8b 07 ff 90 00 02
0x00007a1ab5ce512d:   00 00 84 c0 0f 84 98 00 00 00 49 8b 4f 08 49 8b
0x00007a1ab5ce513d:   16 48 8b 02 49 39 c7 75 d5 4c 89 f8 f0 48 0f b1
0x00007a1ab5ce514d:   0a 49 39 c7 75 c5 4c 89 ff e8 15 ff ff ff eb bb
0x00007a1ab5ce515d:   0f 1f 00 31 d2 be 01 00 00 00 bf 18 00 00 00 e8
0x00007a1ab5ce516d:   cf bb d4 ff 48 89 c2 48 8b 45 c8 48 c7 42 08 00
0x00007a1ab5ce517d:   00 00 00 48 89 02 48 c7 42 10 00 00 00 00 49 8b
0x00007a1ab5ce518d:   06 48 8b 08 48 89 4a 08 48 89 c8 49 8b 36 f0 48
0x00007a1ab5ce519d:   0f b1 16 48 39 c8 75 e6 48 8d 05 64 3e e0 00 80
0x00007a1ab5ce51ad:   38 00 74 0f 48 8b 05 a8 9f e3 00 48 8b 40 28 48
0x00007a1ab5ce51bd:   83 00 01 48 83 c4 18 5b 41 5c 41 5d 41 5e 41 5f
0x00007a1ab5ce51cd:   5d c3 4c 8d 2d 6a 9f e3 00 66 2e 0f 1f 84 00 00
0x00007a1ab5ce51dd:   00 00 00 48 8b 45 c8 49 3b 07 74 d7 49 8d 5f 08
0x00007a1ab5ce51ed:   0f 1f 00 4d 8b 67 08 4d 85 e4 0f 84 63 ff ff ff
0x00007a1ab5ce51fd:   49 8b 3c 24 48 8b 07 ff 90 00 02 00 00 84 c0 0f
0x00007a1ab5ce520d:   84 9e 00 00 00 49 8b 54 24 08 49 8b 47 08 49 39
0x00007a1ab5ce521d:   c4 75 d0 4c 89 e0 f0 48 0f b1 13 49 39 c4 75 c3
0x00007a1ab5ce522d:   48 8b 05 04 9f e3 00 48 85 c0 75 27 4c 89 e7 e8
0x00007a1ab5ce523d:   ff bb d4 ff 48 8d 05 c8 3d e0 00 80 38 00 74 a3
0x00007a1ab5ce524d:   48 8b 05 04 9f e3 00 48 8b 40 28 48 83 00 01 eb
0x00007a1ab5ce525d:   92 66 90 48 8b 15 d9 9e e3 00 49 89 54 24 10 48
0x00007a1ab5ce526d:   89 d0 f0 4d 0f b1 65 00 48 39 c2 75 e6 48 8d 05
0x00007a1ab5ce527d:   8f 3d e0 00 80 38 00 0f 84 66 ff ff ff 48 8b 05
0x00007a1ab5ce528d:   bf 9e e3 00 48 8b 40 28 48 83 00 01 48 8b 05 a8
0x00007a1ab5ce529d:   9e e3 00 48 8b 40 28 48 83 00 01 e9 43 ff ff ff
0x00007a1ab5ce52ad:   0f 1f 00 4d 89 e7 e9 28 ff ff ff 0f 1f 84 00 00
0x00007a1ab5ce52bd:   00 00 00 55 48 89 e5 41 54 53 48 8b 1d 72 9e e3
0x00007a1ab5ce52cd:   00 48 85 db 74 2e 45 31 e4 66 2e 0f 1f 84 00 00
0x00007a1ab5ce52dd:   00 00 00 48 89 df 48 8b 5b 10 41 83 c4 01 e8 50
0x00007a1ab5ce52ed:   bb d4 ff 48 85 db 75 eb 48 8d 05 14 3d e0 00 80 


Stack slot to memory mapping:

stack at sp + 0 slots: 0x00007a1a9c16f95c is pointing into the stack for thread: 0x00007a1ab01c82b0
stack at sp + 1 slots: 0x00007a1aa5d10490 is at entry_point+-400 in (nmethod*)0x00007a1aa5d10490
Compiled method (c2) 4756 7629   !   4       java.nio.ByteBuffer::getArray (121 bytes)
 total in heap  [0x00007a1aa5d10490,0x00007a1aa5d10cc8] = 2104
 relocation     [0x00007a1aa5d105e8,0x00007a1aa5d10620] = 56
 main code      [0x00007a1aa5d10620,0x00007a1aa5d10960] = 832
 stub code      [0x00007a1aa5d10960,0x00007a1aa5d10978] = 24
 oops           [0x00007a1aa5d10978,0x00007a1aa5d10988] = 16
 metadata       [0x00007a1aa5d10988,0x00007a1aa5d10a38] = 176
 scopes data    [0x00007a1aa5d10a38,0x00007a1aa5d10c00] = 456
 scopes pcs     [0x00007a1aa5d10c00,0x00007a1aa5d10c80] = 128
 dependencies   [0x00007a1aa5d10c80,0x00007a1aa5d10cb8] = 56
 nul chk table  [0x00007a1aa5d10cb8,0x00007a1aa5d10cc8] = 16
stack at sp + 2 slots: 0x00007a1ab01c8a88 points into unknown readable memory: 0x00007a1a305fc9a0 | a0 c9 5f 30 1a 7a 00 00
stack at sp + 3 slots: 0x00007a1a9c16f1d0 is pointing into the stack for thread: 0x00007a1ab01c82b0
stack at sp + 4 slots: 0x00007a1aa5d10490 is at entry_point+-400 in (nmethod*)0x00007a1aa5d10490
Compiled method (c2) 4756 7629   !   4       java.nio.ByteBuffer::getArray (121 bytes)
 total in heap  [0x00007a1aa5d10490,0x00007a1aa5d10cc8] = 2104
 relocation     [0x00007a1aa5d105e8,0x00007a1aa5d10620] = 56
 main code      [0x00007a1aa5d10620,0x00007a1aa5d10960] = 832
 stub code      [0x00007a1aa5d10960,0x00007a1aa5d10978] = 24
 oops           [0x00007a1aa5d10978,0x00007a1aa5d10988] = 16
 metadata       [0x00007a1aa5d10988,0x00007a1aa5d10a38] = 176
 scopes data    [0x00007a1aa5d10a38,0x00007a1aa5d10c00] = 456
 scopes pcs     [0x00007a1aa5d10c00,0x00007a1aa5d10c80] = 128
 dependencies   [0x00007a1aa5d10c80,0x00007a1aa5d10cb8] = 56
 nul chk table  [0x00007a1aa5d10cb8,0x00007a1aa5d10cc8] = 16
stack at sp + 5 slots: 0x00007a1ab6b44dd8: <offset 0x0000000001544dd8> in /home/viniciussaousa/.vscode/extensions/redhat.java-1.41.1-linux-x64/jre/21.0.6-linux-x86_64/lib/server/libjvm.so at 0x00007a1ab5600000
stack at sp + 6 slots: 0x00007a1a9c16f728 is pointing into the stack for thread: 0x00007a1ab01c82b0
stack at sp + 7 slots: 0x0000000000000838 is an unknown value


---------------  P R O C E S S  ---------------

Threads class SMR info:
_java_thread_list=0x00007a19d02341b0, length=32, elements={
0x00007a1ab002a900, 0x00007a1ab01c0fd0, 0x00007a1ab01c2500, 0x00007a1ab01c3c50,
0x00007a1ab01c5250, 0x00007a1ab01c67b0, 0x00007a1ab01c82b0, 0x00007a1ab01c9930,
0x00007a1ab01d9c70, 0x00007a1a300f9650, 0x00007a1a300fa8c0, 0x00007a1ab02a5020,
0x00007a1ab0488db0, 0x00007a1ab047d8a0, 0x00007a1a0401b110, 0x00007a1ab04e9e40,
0x00007a19fc2415a0, 0x00007a19fc3c81a0, 0x00007a19fc4c5050, 0x00007a19fc3fec10,
0x00007a19fc1b74d0, 0x00007a19fc1c3b80, 0x00007a19fca00e80, 0x00007a19d0002290,
0x00007a19c8000ff0, 0x00007a1ab0599c20, 0x00007a1ab0669bf0, 0x00007a1ab066ad60,
0x00007a19c800f4f0, 0x00007a19d019bf60, 0x00007a19d022a110, 0x00007a19d02333d0
}

Java Threads: ( => current thread )
  0x00007a1ab002a900 JavaThread "main"                              [_thread_blocked, id=15296, stack(0x00007a1ab5500000,0x00007a1ab5600000) (1024K)]
  0x00007a1ab01c0fd0 JavaThread "Reference Handler"          daemon [_thread_blocked, id=15300, stack(0x00007a1a9c573000,0x00007a1a9c673000) (1024K)]
  0x00007a1ab01c2500 JavaThread "Finalizer"                  daemon [_thread_blocked, id=15301, stack(0x00007a1a9c473000,0x00007a1a9c573000) (1024K)]
  0x00007a1ab01c3c50 JavaThread "Signal Dispatcher"          daemon [_thread_blocked, id=15302, stack(0x00007a1a9c373000,0x00007a1a9c473000) (1024K)]
  0x00007a1ab01c5250 JavaThread "Service Thread"             daemon [_thread_blocked, id=15303, stack(0x00007a1a9c273000,0x00007a1a9c373000) (1024K)]
  0x00007a1ab01c67b0 JavaThread "Monitor Deflation Thread"   daemon [_thread_blocked, id=15304, stack(0x00007a1a9c173000,0x00007a1a9c273000) (1024K)]
=>0x00007a1ab01c82b0 JavaThread "C2 CompilerThread0"         daemon [_thread_in_vm, id=15305, stack(0x00007a1a9c073000,0x00007a1a9c173000) (1024K)]
  0x00007a1ab01c9930 JavaThread "C1 CompilerThread0"         daemon [_thread_blocked, id=15306, stack(0x00007a1a54f00000,0x00007a1a55000000) (1024K)]
  0x00007a1ab01d9c70 JavaThread "Common-Cleaner"             daemon [_thread_blocked, id=15307, stack(0x00007a1a54e00000,0x00007a1a54f00000) (1024K)]
  0x00007a1a300f9650 JavaThread "C2 CompilerThread1"         daemon [_thread_in_native, id=15379, stack(0x00007a1a54d00000,0x00007a1a54e00000) (1024K)]
  0x00007a1a300fa8c0 JavaThread "C2 CompilerThread2"         daemon [_thread_in_native, id=15380, stack(0x00007a1a54c00000,0x00007a1a54d00000) (1024K)]
  0x00007a1ab02a5020 JavaThread "Notification Thread"        daemon [_thread_blocked, id=15381, stack(0x00007a1a54b00000,0x00007a1a54c00000) (1024K)]
  0x00007a1ab0488db0 JavaThread "Active Thread: Equinox Container: fc0cea54-2b52-4c90-877f-b713fa0648c7"        [_thread_blocked, id=15396, stack(0x00007a1a546fd000,0x00007a1a547fd000) (1024K)]
  0x00007a1ab047d8a0 JavaThread "Refresh Thread: Equinox Container: fc0cea54-2b52-4c90-877f-b713fa0648c7" daemon [_thread_blocked, id=15399, stack(0x00007a1a545fd000,0x00007a1a546fd000) (1024K)]
  0x00007a1a0401b110 JavaThread "Framework Event Dispatcher: Equinox Container: fc0cea54-2b52-4c90-877f-b713fa0648c7" daemon [_thread_blocked, id=15400, stack(0x00007a1a544fd000,0x00007a1a545fd000) (1024K)]
  0x00007a1ab04e9e40 JavaThread "Start Level: Equinox Container: fc0cea54-2b52-4c90-877f-b713fa0648c7" daemon [_thread_blocked, id=15401, stack(0x00007a1a543fd000,0x00007a1a544fd000) (1024K)]
  0x00007a19fc2415a0 JavaThread "Bundle File Closer"         daemon [_thread_blocked, id=15404, stack(0x00007a1a541fc000,0x00007a1a542fc000) (1024K)]
  0x00007a19fc3c81a0 JavaThread "SCR Component Actor"        daemon [_thread_blocked, id=15409, stack(0x00007a19f3f00000,0x00007a19f4000000) (1024K)]
  0x00007a19fc4c5050 JavaThread "SCR Component Registry"     daemon [_thread_blocked, id=15412, stack(0x00007a19f3e00000,0x00007a19f3f00000) (1024K)]
  0x00007a19fc3fec10 JavaThread "Worker-JM"                         [_thread_blocked, id=15418, stack(0x00007a19f3afe000,0x00007a19f3bfe000) (1024K)]
  0x00007a19fc1b74d0 JavaThread "Worker-0"                          [_thread_blocked, id=15420, stack(0x00007a19f39fe000,0x00007a19f3afe000) (1024K)]
  0x00007a19fc1c3b80 JavaThread "Worker-1"                          [_thread_blocked, id=15423, stack(0x00007a19f36fc000,0x00007a19f37fc000) (1024K)]
  0x00007a19fca00e80 JavaThread "Java indexing"              daemon [_thread_blocked, id=15451, stack(0x00007a19f35fc000,0x00007a19f36fc000) (1024K)]
  0x00007a19d0002290 JavaThread "Worker-2"                          [_thread_blocked, id=15452, stack(0x00007a19f34fc000,0x00007a19f35fc000) (1024K)]
  0x00007a19c8000ff0 JavaThread "Worker-3: Java indexing... "        [_thread_blocked, id=15453, stack(0x00007a19f33fc000,0x00007a19f34fc000) (1024K)]
  0x00007a1ab0599c20 JavaThread "pool-2-thread-1"                   [_thread_blocked, id=15454, stack(0x00007a19f32fc000,0x00007a19f33fc000) (1024K)]
  0x00007a1ab0669bf0 JavaThread "WorkspaceEventsHandler"            [_thread_blocked, id=15455, stack(0x00007a19f2e77000,0x00007a19f2f77000) (1024K)]
  0x00007a1ab066ad60 JavaThread "pool-1-thread-1"                   [_thread_blocked, id=15456, stack(0x00007a19f2d77000,0x00007a19f2e77000) (1024K)]
  0x00007a19c800f4f0 JavaThread "Worker-4"                          [_thread_blocked, id=15462, stack(0x00007a19f31fc000,0x00007a19f32fc000) (1024K)]
  0x00007a19d019bf60 JavaThread "Compiler Source File Reader" daemon [_thread_blocked, id=15482, stack(0x00007a19f30fc000,0x00007a19f31fc000) (1024K)]
  0x00007a19d022a110 JavaThread "Compiler Processing Task"   daemon [_thread_blocked, id=15483, stack(0x00007a19f2ffc000,0x00007a19f30fc000) (1024K)]
  0x00007a19d02333d0 JavaThread "Compiler Class File Writer" daemon [_thread_blocked, id=15484, stack(0x00007a19f2c77000,0x00007a19f2d77000) (1024K)]
Total: 32

Other Threads:
  0x00007a1ab01adbf0 VMThread "VM Thread"                           [id=15299, stack(0x00007a1a9c8ec000,0x00007a1a9c9ec000) (1024K)]
  0x00007a1ab0052210 WatcherThread "VM Periodic Task Thread"        [id=15298, stack(0x00007a1ab4a7f000,0x00007a1ab4b7f000) (1024K)]
  0x00007a1ab0043280 WorkerThread "GC Thread#0"                     [id=15297, stack(0x00007a1ab5029000,0x00007a1ab5129000) (1024K)]
  0x00007a1a440018e0 WorkerThread "GC Thread#1"                     [id=15389, stack(0x00007a1a54a00000,0x00007a1a54b00000) (1024K)]
  0x00007a1a440038d0 WorkerThread "GC Thread#2"                     [id=15390, stack(0x00007a1a548ff000,0x00007a1a549ff000) (1024K)]
  0x00007a1a440043b0 WorkerThread "GC Thread#3"                     [id=15391, stack(0x00007a1a547fe000,0x00007a1a548fe000) (1024K)]
  0x00007a1a44005030 WorkerThread "GC Thread#4"                     [id=15402, stack(0x00007a1a542fd000,0x00007a1a543fd000) (1024K)]
  0x00007a1a44005f90 WorkerThread "GC Thread#5"                     [id=15408, stack(0x00007a1a540fc000,0x00007a1a541fc000) (1024K)]
  0x00007a1a440071b0 WorkerThread "GC Thread#6"                     [id=15416, stack(0x00007a19f3d00000,0x00007a19f3e00000) (1024K)]
  0x00007a1a44007bd0 WorkerThread "GC Thread#7"                     [id=15417, stack(0x00007a19f3bff000,0x00007a19f3cff000) (1024K)]
  0x00007a1a44008850 WorkerThread "GC Thread#8"                     [id=15421, stack(0x00007a19f38fe000,0x00007a19f39fe000) (1024K)]
  0x00007a1a440092a0 WorkerThread "GC Thread#9"                     [id=15422, stack(0x00007a19f37fd000,0x00007a19f38fd000) (1024K)]
Total: 12

Threads with active compile tasks:
C2 CompilerThread0  4757 7629   !   4       java.nio.ByteBuffer::getArray (121 bytes)
C2 CompilerThread1  4757 7616   !   4       org.eclipse.jdt.internal.core.search.indexing.AddJrtToIndex$JrtIndexer::visitFile (133 bytes)
C2 CompilerThread2  4757 7633       4       org.eclipse.jdt.internal.core.search.indexing.AbstractIndexer::addClassDeclaration (129 bytes)
Total: 3

VM state: not at safepoint (normal execution)

VM Mutex/Monitor currently owned by a thread:  ([mutex/lock_event])
[0x00007a1ab6b46158] MethodCompileQueue_lock - owner thread: 0x00007a1ab01c82b0
[0x00007a1ab6b44dd8] CodeCache_lock - owner thread: 0x00007a1ab01c82b0
[0x00007a1ab6b44c58] Compile_lock - owner thread: 0x00007a1ab01c82b0

Heap address: 0x00000000c0000000, size: 1024 MB, Compressed Oops mode: 32-bit

CDS archive(s) mapped at: [0x00007a1a55000000-0x00007a1a55bb6000-0x00007a1a55bb6000), size 12279808, SharedBaseAddress: 0x00007a1a55000000, ArchiveRelocationMode: 1.
Compressed class space mapped at: 0x00007a1a56000000-0x00007a1a96000000, reserved size: 1073741824
Narrow klass base: 0x00007a1a55000000, Narrow klass shift: 0, Narrow klass range: 0x100000000

GC Precious Log:
 CardTable entry size: 512
 CPUs: 12 total, 12 available
 Memory: 15768M
 Large Page Support: Disabled
 NUMA Support: Disabled
 Compressed Oops: Enabled (32-bit)
 Alignments: Space 512K, Generation 512K, Heap 2M
 Heap Min Capacity: 100M
 Heap Initial Capacity: 100M
 Heap Max Capacity: 1G
 Pre-touch: Disabled
 Parallel Workers: 10

Heap:
 PSYoungGen      total 11776K, used 6838K [0x00000000eab00000, 0x00000000eb900000, 0x0000000100000000)
  eden space 9216K, 49% used [0x00000000eab00000,0x00000000eaf6eab0,0x00000000eb400000)
  from space 2560K, 89% used [0x00000000eb680000,0x00000000eb8bf080,0x00000000eb900000)
  to   space 2560K, 0% used [0x00000000eb400000,0x00000000eb400000,0x00000000eb680000)
 ParOldGen       total 150016K, used 149731K [0x00000000c0000000, 0x00000000c9280000, 0x00000000eab00000)
  object space 150016K, 99% used [0x00000000c0000000,0x00000000c9238f18,0x00000000c9280000)
 Metaspace       used 54836K, committed 56064K, reserved 1114112K
  class space    used 5664K, committed 6208K, reserved 1048576K

Card table byte_map: [0x00007a1ab5129000,0x00007a1ab532a000] _byte_map_base: 0x00007a1ab4b29000

Marking Bits: (ParMarkBitMap*) 0x00007a1ab6b4af20
 Begin Bits: [0x00007a1a96000000, 0x00007a1a97000000)
 End Bits:   [0x00007a1a97000000, 0x00007a1a98000000)

Polling page: 0x00007a1ab6f77000

Metaspace:

Usage:
  Non-class:     48,02 MB used.
      Class:      5,53 MB used.
       Both:     53,55 MB used.

Virtual space:
  Non-class space:       64,00 MB reserved,      48,69 MB ( 76%) committed,  1 nodes.
      Class space:        1,00 GB reserved,       6,06 MB ( <1%) committed,  1 nodes.
             Both:        1,06 GB reserved,      54,75 MB (  5%) committed. 

Chunk freelists:
   Non-Class:  14,94 MB
       Class:  9,86 MB
        Both:  24,79 MB

MaxMetaspaceSize: unlimited
CompressedClassSpaceSize: 1,00 GB
Initial GC threshold: 21,00 MB
Current GC threshold: 58,38 MB
CDS: on
 - commit_granule_bytes: 65536.
 - commit_granule_words: 8192.
 - virtual_space_node_default_size: 8388608.
 - enlarge_chunks_in_place: 1.
 - use_allocation_guard: 0.


Internal statistics:

num_allocs_failed_limit: 6.
num_arena_births: 876.
num_arena_deaths: 14.
num_vsnodes_births: 2.
num_vsnodes_deaths: 0.
num_space_committed: 876.
num_space_uncommitted: 0.
num_chunks_returned_to_freelist: 20.
num_chunks_taken_from_freelist: 3221.
num_chunk_merges: 9.
num_chunk_splits: 2090.
num_chunks_enlarged: 1332.
num_inconsistent_stats: 0.

CodeHeap 'non-profiled nmethods': size=120028Kb used=4383Kb max_used=4383Kb free=115644Kb
 bounds [0x00007a1aa58c9000, 0x00007a1aa5d19000, 0x00007a1aace00000]
CodeHeap 'profiled nmethods': size=120028Kb used=14507Kb max_used=14507Kb free=105520Kb
 bounds [0x00007a1a9de00000, 0x00007a1a9ec30000, 0x00007a1aa5337000]
CodeHeap 'non-nmethods': size=5704Kb used=1411Kb max_used=1493Kb free=4292Kb
 bounds [0x00007a1aa5337000, 0x00007a1aa55a7000, 0x00007a1aa58c9000]
 total_blobs=7776 nmethods=7057 adapters=624
 compilation: enabled
              stopped_count=0, restarted_count=0
 full_count=0

Compilation events (20 events):
Event: 4,710 Thread 0x00007a1a300f9650 nmethod 7617 0x00007a1aa5cf5990 code [0x00007a1aa5cf5b00, 0x00007a1aa5cf5bf0]
Event: 4,710 Thread 0x00007a1a300f9650 7618       4       org.eclipse.jdt.internal.compiler.parser.Scanner::scanIdentifier (480 bytes)
Event: 4,714 Thread 0x00007a1a300f9650 nmethod 7618 0x00007a1aa5cf5c90 code [0x00007a1aa5cf5e80, 0x00007a1aa5cf6278]
Event: 4,714 Thread 0x00007a1a300f9650 7612   !   4       org.eclipse.jdt.internal.compiler.util.Jdk::<init> (46 bytes)
Event: 4,714 Thread 0x00007a1a300f9650 nmethod 7612 0x00007a1aa5cf6610 code [0x00007a1aa5cf67c0, 0x00007a1aa5cf6958]
Event: 4,715 Thread 0x00007a1a300f9650 7616   !   4       org.eclipse.jdt.internal.core.search.indexing.AddJrtToIndex$JrtIndexer::visitFile (133 bytes)
Event: 4,722 Thread 0x00007a1a300fa8c0 nmethod 7615 0x00007a1aa5cf6b10 code [0x00007a1aa5cf6fa0, 0x00007a1aa5cf9020]
Event: 4,722 Thread 0x00007a1a300fa8c0 7624       4       org.eclipse.jdt.internal.compiler.util.SimpleLookupTable::get (59 bytes)
Event: 4,727 Thread 0x00007a1a300fa8c0 nmethod 7624 0x00007a1aa5cf9890 code [0x00007a1aa5cf9a80, 0x00007a1aa5cfa2c0]
Event: 4,727 Thread 0x00007a1a300fa8c0 7622       4       java.nio.file.Files::read (103 bytes)
Event: 4,729 Thread 0x00007a1a300fa8c0 nmethod 7622 0x00007a1aa5cfa690 code [0x00007a1aa5cfa860, 0x00007a1aa5cfae60]
Event: 4,729 Thread 0x00007a1a300fa8c0 7626       4       jdk.internal.jrtfs.JrtFileSystem::checkNode (40 bytes)
Event: 4,738 Thread 0x00007a1a300fa8c0 nmethod 7626 0x00007a1aa5cfb190 code [0x00007a1aa5cfb420, 0x00007a1aa5cfc208]
Event: 4,738 Thread 0x00007a1a300fa8c0 7625       4       java.lang.Integer::stringSize (47 bytes)
Event: 4,739 Thread 0x00007a1a300fa8c0 nmethod 7625 0x00007a1aa5cfcd10 code [0x00007a1aa5cfce80, 0x00007a1aa5cfcf98]
Event: 4,739 Thread 0x00007a1a300fa8c0 7627       4       java.lang.Integer::getChars (121 bytes)
Event: 4,741 Thread 0x00007a1a300fa8c0 nmethod 7627 0x00007a1aa5cfd010 code [0x00007a1aa5cfd1c0, 0x00007a1aa5cfd568]
Event: 4,741 Thread 0x00007a1a300fa8c0 7633       4       org.eclipse.jdt.internal.core.search.indexing.AbstractIndexer::addClassDeclaration (129 bytes)
Event: 4,747 Thread 0x00007a1ab01c82b0 nmethod 7529 0x00007a1aa5cfd790 code [0x00007a1aa5cfe560, 0x00007a1aa5d08608]
Event: 4,747 Thread 0x00007a1ab01c82b0 7629   !   4       java.nio.ByteBuffer::getArray (121 bytes)

GC Heap History (20 events):
Event: 4,537 GC heap before
{Heap before GC invocations=63 (full 2):
 PSYoungGen      total 11776K, used 11568K [0x00000000eab00000, 0x00000000eb900000, 0x0000000100000000)
  eden space 9216K, 100% used [0x00000000eab00000,0x00000000eb400000,0x00000000eb400000)
  from space 2560K, 91% used [0x00000000eb680000,0x00000000eb8cc300,0x00000000eb900000)
  to   space 2560K, 0% used [0x00000000eb400000,0x00000000eb400000,0x00000000eb680000)
 ParOldGen       total 128512K, used 128368K [0x00000000c0000000, 0x00000000c7d80000, 0x00000000eab00000)
  object space 128512K, 99% used [0x00000000c0000000,0x00000000c7d5c1c8,0x00000000c7d80000)
 Metaspace       used 54836K, committed 56064K, reserved 1114112K
  class space    used 5664K, committed 6208K, reserved 1048576K
}
Event: 4,539 GC heap after
{Heap after GC invocations=63 (full 2):
 PSYoungGen      total 11776K, used 2433K [0x00000000eab00000, 0x00000000eb900000, 0x0000000100000000)
  eden space 9216K, 0% used [0x00000000eab00000,0x00000000eab00000,0x00000000eb400000)
  from space 2560K, 95% used [0x00000000eb400000,0x00000000eb660720,0x00000000eb680000)
  to   space 2560K, 0% used [0x00000000eb680000,0x00000000eb680000,0x00000000eb900000)
 ParOldGen       total 130560K, used 130556K [0x00000000c0000000, 0x00000000c7f80000, 0x00000000eab00000)
  object space 130560K, 99% used [0x00000000c0000000,0x00000000c7f7f1a8,0x00000000c7f80000)
 Metaspace       used 54836K, committed 56064K, reserved 1114112K
  class space    used 5664K, committed 6208K, reserved 1048576K
}
Event: 4,565 GC heap before
{Heap before GC invocations=64 (full 2):
 PSYoungGen      total 11776K, used 11649K [0x00000000eab00000, 0x00000000eb900000, 0x0000000100000000)
  eden space 9216K, 100% used [0x00000000eab00000,0x00000000eb400000,0x00000000eb400000)
  from space 2560K, 95% used [0x00000000eb400000,0x00000000eb660720,0x00000000eb680000)
  to   space 2560K, 0% used [0x00000000eb680000,0x00000000eb680000,0x00000000eb900000)
 ParOldGen       total 130560K, used 130556K [0x00000000c0000000, 0x00000000c7f80000, 0x00000000eab00000)
  object space 130560K, 99% used [0x00000000c0000000,0x00000000c7f7f1a8,0x00000000c7f80000)
 Metaspace       used 54836K, committed 56064K, reserved 1114112K
  class space    used 5664K, committed 6208K, reserved 1048576K
}
Event: 4,567 GC heap after
{Heap after GC invocations=64 (full 2):
 PSYoungGen      total 11776K, used 2302K [0x00000000eab00000, 0x00000000eb900000, 0x0000000100000000)
  eden space 9216K, 0% used [0x00000000eab00000,0x00000000eab00000,0x00000000eb400000)
  from space 2560K, 89% used [0x00000000eb680000,0x00000000eb8bfb30,0x00000000eb900000)
  to   space 2560K, 0% used [0x00000000eb400000,0x00000000eb400000,0x00000000eb680000)
 ParOldGen       total 133120K, used 132827K [0x00000000c0000000, 0x00000000c8200000, 0x00000000eab00000)
  object space 133120K, 99% used [0x00000000c0000000,0x00000000c81b6d70,0x00000000c8200000)
 Metaspace       used 54836K, committed 56064K, reserved 1114112K
  class space    used 5664K, committed 6208K, reserved 1048576K
}
Event: 4,590 GC heap before
{Heap before GC invocations=65 (full 2):
 PSYoungGen      total 11776K, used 11518K [0x00000000eab00000, 0x00000000eb900000, 0x0000000100000000)
  eden space 9216K, 100% used [0x00000000eab00000,0x00000000eb400000,0x00000000eb400000)
  from space 2560K, 89% used [0x00000000eb680000,0x00000000eb8bfb30,0x00000000eb900000)
  to   space 2560K, 0% used [0x00000000eb400000,0x00000000eb400000,0x00000000eb680000)
 ParOldGen       total 133120K, used 132827K [0x00000000c0000000, 0x00000000c8200000, 0x00000000eab00000)
  object space 133120K, 99% used [0x00000000c0000000,0x00000000c81b6d70,0x00000000c8200000)
 Metaspace       used 54836K, committed 56064K, reserved 1114112K
  class space    used 5664K, committed 6208K, reserved 1048576K
}
Event: 4,592 GC heap after
{Heap after GC invocations=65 (full 2):
 PSYoungGen      total 11776K, used 2208K [0x00000000eab00000, 0x00000000eb900000, 0x0000000100000000)
  eden space 9216K, 0% used [0x00000000eab00000,0x00000000eab00000,0x00000000eb400000)
  from space 2560K, 86% used [0x00000000eb400000,0x00000000eb6283c8,0x00000000eb680000)
  to   space 2560K, 0% used [0x00000000eb680000,0x00000000eb680000,0x00000000eb900000)
 ParOldGen       total 135168K, used 134961K [0x00000000c0000000, 0x00000000c8400000, 0x00000000eab00000)
  object space 135168K, 99% used [0x00000000c0000000,0x00000000c83cc608,0x00000000c8400000)
 Metaspace       used 54836K, committed 56064K, reserved 1114112K
  class space    used 5664K, committed 6208K, reserved 1048576K
}
Event: 4,620 GC heap before
{Heap before GC invocations=66 (full 2):
 PSYoungGen      total 11776K, used 11424K [0x00000000eab00000, 0x00000000eb900000, 0x0000000100000000)
  eden space 9216K, 100% used [0x00000000eab00000,0x00000000eb400000,0x00000000eb400000)
  from space 2560K, 86% used [0x00000000eb400000,0x00000000eb6283c8,0x00000000eb680000)
  to   space 2560K, 0% used [0x00000000eb680000,0x00000000eb680000,0x00000000eb900000)
 ParOldGen       total 135168K, used 134961K [0x00000000c0000000, 0x00000000c8400000, 0x00000000eab00000)
  object space 135168K, 99% used [0x00000000c0000000,0x00000000c83cc608,0x00000000c8400000)
 Metaspace       used 54836K, committed 56064K, reserved 1114112K
  class space    used 5664K, committed 6208K, reserved 1048576K
}
Event: 4,622 GC heap after
{Heap after GC invocations=66 (full 2):
 PSYoungGen      total 11776K, used 2228K [0x00000000eab00000, 0x00000000eb900000, 0x0000000100000000)
  eden space 9216K, 0% used [0x00000000eab00000,0x00000000eab00000,0x00000000eb400000)
  from space 2560K, 87% used [0x00000000eb680000,0x00000000eb8ad1c8,0x00000000eb900000)
  to   space 2560K, 0% used [0x00000000eb400000,0x00000000eb400000,0x00000000eb680000)
 ParOldGen       total 137216K, used 136991K [0x00000000c0000000, 0x00000000c8600000, 0x00000000eab00000)
  object space 137216K, 99% used [0x00000000c0000000,0x00000000c85c7c40,0x00000000c8600000)
 Metaspace       used 54836K, committed 56064K, reserved 1114112K
  class space    used 5664K, committed 6208K, reserved 1048576K
}
Event: 4,648 GC heap before
{Heap before GC invocations=67 (full 2):
 PSYoungGen      total 11776K, used 11444K [0x00000000eab00000, 0x00000000eb900000, 0x0000000100000000)
  eden space 9216K, 100% used [0x00000000eab00000,0x00000000eb400000,0x00000000eb400000)
  from space 2560K, 87% used [0x00000000eb680000,0x00000000eb8ad1c8,0x00000000eb900000)
  to   space 2560K, 0% used [0x00000000eb400000,0x00000000eb400000,0x00000000eb680000)
 ParOldGen       total 137216K, used 136991K [0x00000000c0000000, 0x00000000c8600000, 0x00000000eab00000)
  object space 137216K, 99% used [0x00000000c0000000,0x00000000c85c7c40,0x00000000c8600000)
 Metaspace       used 54836K, committed 56064K, reserved 1114112K
  class space    used 5664K, committed 6208K, reserved 1048576K
}
Event: 4,650 GC heap after
{Heap after GC invocations=67 (full 2):
 PSYoungGen      total 11776K, used 2305K [0x00000000eab00000, 0x00000000eb900000, 0x0000000100000000)
  eden space 9216K, 0% used [0x00000000eab00000,0x00000000eab00000,0x00000000eb400000)
  from space 2560K, 90% used [0x00000000eb400000,0x00000000eb6405c0,0x00000000eb680000)
  to   space 2560K, 0% used [0x00000000eb680000,0x00000000eb680000,0x00000000eb900000)
 ParOldGen       total 139264K, used 139060K [0x00000000c0000000, 0x00000000c8800000, 0x00000000eab00000)
  object space 139264K, 99% used [0x00000000c0000000,0x00000000c87cd208,0x00000000c8800000)
 Metaspace       used 54836K, committed 56064K, reserved 1114112K
  class space    used 5664K, committed 6208K, reserved 1048576K
}
Event: 4,672 GC heap before
{Heap before GC invocations=68 (full 2):
 PSYoungGen      total 11776K, used 11521K [0x00000000eab00000, 0x00000000eb900000, 0x0000000100000000)
  eden space 9216K, 100% used [0x00000000eab00000,0x00000000eb400000,0x00000000eb400000)
  from space 2560K, 90% used [0x00000000eb400000,0x00000000eb6405c0,0x00000000eb680000)
  to   space 2560K, 0% used [0x00000000eb680000,0x00000000eb680000,0x00000000eb900000)
 ParOldGen       total 139264K, used 139060K [0x00000000c0000000, 0x00000000c8800000, 0x00000000eab00000)
  object space 139264K, 99% used [0x00000000c0000000,0x00000000c87cd208,0x00000000c8800000)
 Metaspace       used 54836K, committed 56064K, reserved 1114112K
  class space    used 5664K, committed 6208K, reserved 1048576K
}
Event: 4,673 GC heap after
{Heap after GC invocations=68 (full 2):
 PSYoungGen      total 11776K, used 2332K [0x00000000eab00000, 0x00000000eb900000, 0x0000000100000000)
  eden space 9216K, 0% used [0x00000000eab00000,0x00000000eab00000,0x00000000eb400000)
  from space 2560K, 91% used [0x00000000eb680000,0x00000000eb8c7090,0x00000000eb900000)
  to   space 2560K, 0% used [0x00000000eb400000,0x00000000eb400000,0x00000000eb680000)
 ParOldGen       total 141312K, used 141173K [0x00000000c0000000, 0x00000000c8a00000, 0x00000000eab00000)
  object space 141312K, 99% used [0x00000000c0000000,0x00000000c89dd598,0x00000000c8a00000)
 Metaspace       used 54836K, committed 56064K, reserved 1114112K
  class space    used 5664K, committed 6208K, reserved 1048576K
}
Event: 4,690 GC heap before
{Heap before GC invocations=69 (full 2):
 PSYoungGen      total 11776K, used 11548K [0x00000000eab00000, 0x00000000eb900000, 0x0000000100000000)
  eden space 9216K, 100% used [0x00000000eab00000,0x00000000eb400000,0x00000000eb400000)
  from space 2560K, 91% used [0x00000000eb680000,0x00000000eb8c7090,0x00000000eb900000)
  to   space 2560K, 0% used [0x00000000eb400000,0x00000000eb400000,0x00000000eb680000)
 ParOldGen       total 141312K, used 141173K [0x00000000c0000000, 0x00000000c8a00000, 0x00000000eab00000)
  object space 141312K, 99% used [0x00000000c0000000,0x00000000c89dd598,0x00000000c8a00000)
 Metaspace       used 54836K, committed 56064K, reserved 1114112K
  class space    used 5664K, committed 6208K, reserved 1048576K
}
Event: 4,691 GC heap after
{Heap after GC invocations=69 (full 2):
 PSYoungGen      total 11776K, used 2373K [0x00000000eab00000, 0x00000000eb900000, 0x0000000100000000)
  eden space 9216K, 0% used [0x00000000eab00000,0x00000000eab00000,0x00000000eb400000)
  from space 2560K, 92% used [0x00000000eb400000,0x00000000eb651748,0x00000000eb680000)
  to   space 2560K, 0% used [0x00000000eb680000,0x00000000eb680000,0x00000000eb900000)
 ParOldGen       total 143872K, used 143367K [0x00000000c0000000, 0x00000000c8c80000, 0x00000000eab00000)
  object space 143872K, 99% used [0x00000000c0000000,0x00000000c8c01e88,0x00000000c8c80000)
 Metaspace       used 54836K, committed 56064K, reserved 1114112K
  class space    used 5664K, committed 6208K, reserved 1048576K
}
Event: 4,706 GC heap before
{Heap before GC invocations=70 (full 2):
 PSYoungGen      total 11776K, used 11589K [0x00000000eab00000, 0x00000000eb900000, 0x0000000100000000)
  eden space 9216K, 100% used [0x00000000eab00000,0x00000000eb400000,0x00000000eb400000)
  from space 2560K, 92% used [0x00000000eb400000,0x00000000eb651748,0x00000000eb680000)
  to   space 2560K, 0% used [0x00000000eb680000,0x00000000eb680000,0x00000000eb900000)
 ParOldGen       total 143872K, used 143367K [0x00000000c0000000, 0x00000000c8c80000, 0x00000000eab00000)
  object space 143872K, 99% used [0x00000000c0000000,0x00000000c8c01e88,0x00000000c8c80000)
 Metaspace       used 54836K, committed 56064K, reserved 1114112K
  class space    used 5664K, committed 6208K, reserved 1048576K
}
Event: 4,708 GC heap after
{Heap after GC invocations=70 (full 2):
 PSYoungGen      total 11776K, used 2284K [0x00000000eab00000, 0x00000000eb900000, 0x0000000100000000)
  eden space 9216K, 0% used [0x00000000eab00000,0x00000000eab00000,0x00000000eb400000)
  from space 2560K, 89% used [0x00000000eb680000,0x00000000eb8bb018,0x00000000eb900000)
  to   space 2560K, 0% used [0x00000000eb400000,0x00000000eb400000,0x00000000eb680000)
 ParOldGen       total 145920K, used 145521K [0x00000000c0000000, 0x00000000c8e80000, 0x00000000eab00000)
  object space 145920K, 99% used [0x00000000c0000000,0x00000000c8e1c4c0,0x00000000c8e80000)
 Metaspace       used 54836K, committed 56064K, reserved 1114112K
  class space    used 5664K, committed 6208K, reserved 1048576K
}
Event: 4,725 GC heap before
{Heap before GC invocations=71 (full 2):
 PSYoungGen      total 11776K, used 11500K [0x00000000eab00000, 0x00000000eb900000, 0x0000000100000000)
  eden space 9216K, 100% used [0x00000000eab00000,0x00000000eb400000,0x00000000eb400000)
  from space 2560K, 89% used [0x00000000eb680000,0x00000000eb8bb018,0x00000000eb900000)
  to   space 2560K, 0% used [0x00000000eb400000,0x00000000eb400000,0x00000000eb680000)
 ParOldGen       total 145920K, used 145521K [0x00000000c0000000, 0x00000000c8e80000, 0x00000000eab00000)
  object space 145920K, 99% used [0x00000000c0000000,0x00000000c8e1c4c0,0x00000000c8e80000)
 Metaspace       used 54836K, committed 56064K, reserved 1114112K
  class space    used 5664K, committed 6208K, reserved 1048576K
}
Event: 4,727 GC heap after
{Heap after GC invocations=71 (full 2):
 PSYoungGen      total 11776K, used 2314K [0x00000000eab00000, 0x00000000eb900000, 0x0000000100000000)
  eden space 9216K, 0% used [0x00000000eab00000,0x00000000eab00000,0x00000000eb400000)
  from space 2560K, 90% used [0x00000000eb400000,0x00000000eb642830,0x00000000eb680000)
  to   space 2560K, 0% used [0x00000000eb680000,0x00000000eb680000,0x00000000eb900000)
 ParOldGen       total 147968K, used 147650K [0x00000000c0000000, 0x00000000c9080000, 0x00000000eab00000)
  object space 147968K, 99% used [0x00000000c0000000,0x00000000c9030a40,0x00000000c9080000)
 Metaspace       used 54836K, committed 56064K, reserved 1114112K
  class space    used 5664K, committed 6208K, reserved 1048576K
}
Event: 4,743 GC heap before
{Heap before GC invocations=72 (full 2):
 PSYoungGen      total 11776K, used 11530K [0x00000000eab00000, 0x00000000eb900000, 0x0000000100000000)
  eden space 9216K, 100% used [0x00000000eab00000,0x00000000eb400000,0x00000000eb400000)
  from space 2560K, 90% used [0x00000000eb400000,0x00000000eb642830,0x00000000eb680000)
  to   space 2560K, 0% used [0x00000000eb680000,0x00000000eb680000,0x00000000eb900000)
 ParOldGen       total 147968K, used 147650K [0x00000000c0000000, 0x00000000c9080000, 0x00000000eab00000)
  object space 147968K, 99% used [0x00000000c0000000,0x00000000c9030a40,0x00000000c9080000)
 Metaspace       used 54836K, committed 56064K, reserved 1114112K
  class space    used 5664K, committed 6208K, reserved 1048576K
}
Event: 4,745 GC heap after
{Heap after GC invocations=72 (full 2):
 PSYoungGen      total 11776K, used 2300K [0x00000000eab00000, 0x00000000eb900000, 0x0000000100000000)
  eden space 9216K, 0% used [0x00000000eab00000,0x00000000eab00000,0x00000000eb400000)
  from space 2560K, 89% used [0x00000000eb680000,0x00000000eb8bf080,0x00000000eb900000)
  to   space 2560K, 0% used [0x00000000eb400000,0x00000000eb400000,0x00000000eb680000)
 ParOldGen       total 150016K, used 149731K [0x00000000c0000000, 0x00000000c9280000, 0x00000000eab00000)
  object space 150016K, 99% used [0x00000000c0000000,0x00000000c9238f18,0x00000000c9280000)
 Metaspace       used 54836K, committed 56064K, reserved 1114112K
  class space    used 5664K, committed 6208K, reserved 1048576K
}

Dll operation events (9 events):
Event: 0,002 Loaded shared library /home/viniciussaousa/.vscode/extensions/redhat.java-1.41.1-linux-x64/jre/21.0.6-linux-x86_64/lib/libjava.so
Event: 0,046 Loaded shared library /home/viniciussaousa/.vscode/extensions/redhat.java-1.41.1-linux-x64/jre/21.0.6-linux-x86_64/lib/libzip.so
Event: 0,063 Loaded shared library /home/viniciussaousa/.vscode/extensions/redhat.java-1.41.1-linux-x64/jre/21.0.6-linux-x86_64/lib/libinstrument.so
Event: 0,065 Loaded shared library /home/viniciussaousa/.vscode/extensions/redhat.java-1.41.1-linux-x64/jre/21.0.6-linux-x86_64/lib/libnio.so
Event: 0,068 Loaded shared library /home/viniciussaousa/.vscode/extensions/redhat.java-1.41.1-linux-x64/jre/21.0.6-linux-x86_64/lib/libzip.so
Event: 0,083 Loaded shared library /home/viniciussaousa/.vscode/extensions/redhat.java-1.41.1-linux-x64/jre/21.0.6-linux-x86_64/lib/libjimage.so
Event: 0,129 Loaded shared library /home/viniciussaousa/.vscode/extensions/redhat.java-1.41.1-linux-x64/jre/21.0.6-linux-x86_64/lib/libverify.so
Event: 0,508 Loaded shared library /home/viniciussaousa/.vscode/extensions/redhat.java-1.41.1-linux-x64/jre/21.0.6-linux-x86_64/lib/libnet.so
Event: 0,734 Loaded shared library /home/viniciussaousa/.config/Code/User/globalStorage/redhat.java/1.41.1/config_linux/org.eclipse.equinox.launcher/org.eclipse.equinox.launcher.gtk.linux.x86_64_1.2.1400.v20250331-1702/eclipse_11911.so

Deoptimization events (20 events):
Event: 4,646 Thread 0x00007a19fca00e80 DEOPT PACKING pc=0x00007a1a9ea5e6e9 sp=0x00007a19f36f9e60
Event: 4,646 Thread 0x00007a19fca00e80 DEOPT UNPACKING pc=0x00007a1aa538ab2f sp=0x00007a19f36f9420 mode 0
Event: 4,658 Thread 0x00007a19fca00e80 DEOPT PACKING pc=0x00007a1a9e88a1f4 sp=0x00007a19f36f9c60
Event: 4,658 Thread 0x00007a19fca00e80 DEOPT UNPACKING pc=0x00007a1aa538ab2f sp=0x00007a19f36f90f8 mode 0
Event: 4,661 Thread 0x00007a19fca00e80 DEOPT PACKING pc=0x00007a1a9e87cce8 sp=0x00007a19f36f9b00
Event: 4,661 Thread 0x00007a19fca00e80 DEOPT UNPACKING pc=0x00007a1aa538ab2f sp=0x00007a19f36f8fa8 mode 0
Event: 4,674 Thread 0x00007a19fca00e80 DEOPT PACKING pc=0x00007a1a9e87cce8 sp=0x00007a19f36f9b00
Event: 4,674 Thread 0x00007a19fca00e80 DEOPT UNPACKING pc=0x00007a1aa538ab2f sp=0x00007a19f36f8fa8 mode 0
Event: 4,677 Thread 0x00007a19fca00e80 DEOPT PACKING pc=0x00007a1a9ea5e6e9 sp=0x00007a19f36f9e60
Event: 4,677 Thread 0x00007a19fca00e80 DEOPT UNPACKING pc=0x00007a1aa538ab2f sp=0x00007a19f36f9420 mode 0
Event: 4,696 Thread 0x00007a19fca00e80 DEOPT PACKING pc=0x00007a1a9e88a1f4 sp=0x00007a19f36f9c60
Event: 4,696 Thread 0x00007a19fca00e80 DEOPT UNPACKING pc=0x00007a1aa538ab2f sp=0x00007a19f36f90f8 mode 0
Event: 4,713 Thread 0x00007a19fca00e80 DEOPT PACKING pc=0x00007a1a9ea5e6e9 sp=0x00007a19f36f9e60
Event: 4,713 Thread 0x00007a19fca00e80 DEOPT UNPACKING pc=0x00007a1aa538ab2f sp=0x00007a19f36f9420 mode 0
Event: 4,723 Thread 0x00007a19fca00e80 DEOPT PACKING pc=0x00007a1a9e87cce8 sp=0x00007a19f36f9c60
Event: 4,723 Thread 0x00007a19fca00e80 DEOPT UNPACKING pc=0x00007a1aa538ab2f sp=0x00007a19f36f9108 mode 0
Event: 4,728 Thread 0x00007a19fca00e80 DEOPT PACKING pc=0x00007a1a9e88a1f4 sp=0x00007a19f36f9c60
Event: 4,728 Thread 0x00007a19fca00e80 DEOPT UNPACKING pc=0x00007a1aa538ab2f sp=0x00007a19f36f90f8 mode 0
Event: 4,736 Thread 0x00007a19fca00e80 DEOPT PACKING pc=0x00007a1a9ea5e6e9 sp=0x00007a19f36f9e60
Event: 4,736 Thread 0x00007a19fca00e80 DEOPT UNPACKING pc=0x00007a1aa538ab2f sp=0x00007a19f36f9420 mode 0

Classes loaded (20 events):
Event: 4,055 Loading class java/nio/file/FileTreeWalker$1
Event: 4,055 Loading class java/nio/file/FileTreeWalker$1 done
Event: 4,055 Loading class sun/nio/fs/UnixSecureDirectoryStream
Event: 4,056 Loading class java/nio/file/SecureDirectoryStream
Event: 4,056 Loading class java/nio/file/SecureDirectoryStream done
Event: 4,056 Loading class sun/nio/fs/UnixSecureDirectoryStream done
Event: 4,057 Loading class sun/nio/fs/UnixDirectoryStream
Event: 4,057 Loading class sun/nio/fs/UnixDirectoryStream done
Event: 4,057 Loading class java/util/concurrent/locks/ReentrantReadWriteLock$FairSync
Event: 4,057 Loading class java/util/concurrent/locks/ReentrantReadWriteLock$FairSync done
Event: 4,059 Loading class sun/nio/fs/UnixDirectoryStream$UnixDirectoryIterator
Event: 4,059 Loading class sun/nio/fs/UnixDirectoryStream$UnixDirectoryIterator done
Event: 4,059 Loading class sun/nio/fs/Globs
Event: 4,059 Loading class sun/nio/fs/Globs done
Event: 4,059 Loading class sun/nio/fs/UnixFileSystem$3
Event: 4,059 Loading class java/nio/file/PathMatcher
Event: 4,059 Loading class java/nio/file/PathMatcher done
Event: 4,059 Loading class sun/nio/fs/UnixFileSystem$3 done
Event: 4,121 Loading class java/lang/UnsupportedClassVersionError
Event: 4,121 Loading class java/lang/UnsupportedClassVersionError done

Classes unloaded (7 events):
Event: 1,783 Thread 0x00007a1ab01adbf0 Unloading class 0x00007a1a56196400 'java/lang/invoke/LambdaForm$MH+0x00007a1a56196400'
Event: 1,783 Thread 0x00007a1ab01adbf0 Unloading class 0x00007a1a56196000 'java/lang/invoke/LambdaForm$MH+0x00007a1a56196000'
Event: 1,783 Thread 0x00007a1ab01adbf0 Unloading class 0x00007a1a56195c00 'java/lang/invoke/LambdaForm$MH+0x00007a1a56195c00'
Event: 1,783 Thread 0x00007a1ab01adbf0 Unloading class 0x00007a1a56195800 'java/lang/invoke/LambdaForm$MH+0x00007a1a56195800'
Event: 1,783 Thread 0x00007a1ab01adbf0 Unloading class 0x00007a1a56195400 'java/lang/invoke/LambdaForm$BMH+0x00007a1a56195400'
Event: 1,783 Thread 0x00007a1ab01adbf0 Unloading class 0x00007a1a56195000 'java/lang/invoke/LambdaForm$DMH+0x00007a1a56195000'
Event: 1,783 Thread 0x00007a1ab01adbf0 Unloading class 0x00007a1a56193c00 'java/lang/invoke/LambdaForm$DMH+0x00007a1a56193c00'

Classes redefined (0 events):
No events

Internal exceptions (20 events):
Event: 4,013 Thread 0x00007a19d0002290 Exception <a 'java/io/IOException'{0x00000000eb2a4ee0}> (0x00000000eb2a4ee0) 
thrown [src/hotspot/share/prims/jni.cpp, line 520]
Event: 4,013 Thread 0x00007a19d0002290 Exception <a 'java/io/IOException'{0x00000000eb2e1210}> (0x00000000eb2e1210) 
thrown [src/hotspot/share/prims/jni.cpp, line 520]
Event: 4,014 Thread 0x00007a19d0002290 Exception <a 'java/io/IOException'{0x00000000eb3236d8}> (0x00000000eb3236d8) 
thrown [src/hotspot/share/prims/jni.cpp, line 520]
Event: 4,032 Thread 0x00007a19d0002290 Exception <a 'java/lang/NoSuchMethodError'{0x00000000eba14568}: 'int java.lang.invoke.DirectMethodHandle$Holder.invokeInterface(java.lang.Object, java.lang.Object)'> (0x00000000eba14568) 
thrown [src/hotspot/share/interpreter/linkResolver.cpp, line 772]
Event: 4,032 Thread 0x00007a19d0002290 Exception <a 'java/lang/IncompatibleClassChangeError'{0x00000000eba17a30}: Found class java.lang.Object, but interface was expected> (0x00000000eba17a30) 
thrown [src/hotspot/share/interpreter/linkResolver.cpp, line 840]
Event: 4,128 Thread 0x00007a19d0002290 Exception <a 'java/lang/NoSuchMethodError'{0x00000000eb131160}: 'int java.lang.invoke.Invokers$Holder.invokeExact_MT(java.lang.Object, java.lang.Object)'> (0x00000000eb131160) 
thrown [src/hotspot/share/interpreter/linkResolver.cpp, line 772]
Event: 4,250 Thread 0x00007a19d0002290 Exception <a 'java/io/IOException'{0x00000000eb16f300}> (0x00000000eb16f300) 
thrown [src/hotspot/share/prims/jni.cpp, line 520]
Event: 4,251 Thread 0x00007a19d0002290 Exception <a 'java/io/IOException'{0x00000000eb17ca10}> (0x00000000eb17ca10) 
thrown [src/hotspot/share/prims/jni.cpp, line 520]
Event: 4,251 Thread 0x00007a19d0002290 Exception <a 'java/io/IOException'{0x00000000eb2283e0}> (0x00000000eb2283e0) 
thrown [src/hotspot/share/prims/jni.cpp, line 520]
Event: 4,251 Thread 0x00007a19d0002290 Exception <a 'java/io/IOException'{0x00000000eb238ad8}> (0x00000000eb238ad8) 
thrown [src/hotspot/share/prims/jni.cpp, line 520]
Event: 4,253 Thread 0x00007a19d0002290 Exception <a 'java/io/IOException'{0x00000000eb3593f8}> (0x00000000eb3593f8) 
thrown [src/hotspot/share/prims/jni.cpp, line 520]
Event: 4,254 Thread 0x00007a19d0002290 Exception <a 'java/io/IOException'{0x00000000eb363868}> (0x00000000eb363868) 
thrown [src/hotspot/share/prims/jni.cpp, line 520]
Event: 4,254 Thread 0x00007a19d0002290 Exception <a 'java/io/IOException'{0x00000000eb364498}> (0x00000000eb364498) 
thrown [src/hotspot/share/prims/jni.cpp, line 520]
Event: 4,254 Thread 0x00007a19d0002290 Exception <a 'java/io/IOException'{0x00000000eb418388}> (0x00000000eb418388) 
thrown [src/hotspot/share/prims/jni.cpp, line 520]
Event: 4,254 Thread 0x00007a19d0002290 Exception <a 'java/io/IOException'{0x00000000eb418e68}> (0x00000000eb418e68) 
thrown [src/hotspot/share/prims/jni.cpp, line 520]
Event: 4,255 Thread 0x00007a19d0002290 Exception <a 'java/io/IOException'{0x00000000eb423f20}> (0x00000000eb423f20) 
thrown [src/hotspot/share/prims/jni.cpp, line 520]
Event: 4,256 Thread 0x00007a19d0002290 Exception <a 'java/io/IOException'{0x00000000eb4913d0}> (0x00000000eb4913d0) 
thrown [src/hotspot/share/prims/jni.cpp, line 520]
Event: 4,256 Thread 0x00007a19d0002290 Exception <a 'java/io/IOException'{0x00000000eb49a058}> (0x00000000eb49a058) 
thrown [src/hotspot/share/prims/jni.cpp, line 520]
Event: 4,259 Thread 0x00007a19d0002290 Exception <a 'java/io/IOException'{0x00000000eab263e0}> (0x00000000eab263e0) 
thrown [src/hotspot/share/prims/jni.cpp, line 520]
Event: 4,260 Thread 0x00007a19d0002290 Exception <a 'java/io/IOException'{0x00000000eab2fe68}> (0x00000000eab2fe68) 
thrown [src/hotspot/share/prims/jni.cpp, line 520]

ZGC Phase Switch (0 events):
No events

VM Operations (20 events):
Event: 4,537 Executing VM operation: ParallelGCFailedAllocation (Allocation Failure)
Event: 4,539 Executing VM operation: ParallelGCFailedAllocation (Allocation Failure) done
Event: 4,565 Executing VM operation: ParallelGCFailedAllocation (Allocation Failure)
Event: 4,567 Executing VM operation: ParallelGCFailedAllocation (Allocation Failure) done
Event: 4,590 Executing VM operation: ParallelGCFailedAllocation (Allocation Failure)
Event: 4,592 Executing VM operation: ParallelGCFailedAllocation (Allocation Failure) done
Event: 4,620 Executing VM operation: ParallelGCFailedAllocation (Allocation Failure)
Event: 4,622 Executing VM operation: ParallelGCFailedAllocation (Allocation Failure) done
Event: 4,648 Executing VM operation: ParallelGCFailedAllocation (Allocation Failure)
Event: 4,650 Executing VM operation: ParallelGCFailedAllocation (Allocation Failure) done
Event: 4,672 Executing VM operation: ParallelGCFailedAllocation (Allocation Failure)
Event: 4,673 Executing VM operation: ParallelGCFailedAllocation (Allocation Failure) done
Event: 4,690 Executing VM operation: ParallelGCFailedAllocation (Allocation Failure)
Event: 4,691 Executing VM operation: ParallelGCFailedAllocation (Allocation Failure) done
Event: 4,706 Executing VM operation: ParallelGCFailedAllocation (Allocation Failure)
Event: 4,708 Executing VM operation: ParallelGCFailedAllocation (Allocation Failure) done
Event: 4,725 Executing VM operation: ParallelGCFailedAllocation (Allocation Failure)
Event: 4,727 Executing VM operation: ParallelGCFailedAllocation (Allocation Failure) done
Event: 4,743 Executing VM operation: ParallelGCFailedAllocation (Allocation Failure)
Event: 4,745 Executing VM operation: ParallelGCFailedAllocation (Allocation Failure) done

Memory protections (20 events):
Event: 0,646 Protecting memory [0x00007a1a546fd000,0x00007a1a54701000] with protection modes 0
Event: 0,732 Protecting memory [0x00007a1a545fd000,0x00007a1a54601000] with protection modes 0
Event: 0,754 Protecting memory [0x00007a1a544fd000,0x00007a1a54501000] with protection modes 0
Event: 0,757 Protecting memory [0x00007a1a543fd000,0x00007a1a54401000] with protection modes 0
Event: 0,901 Protecting memory [0x00007a1a541fc000,0x00007a1a54200000] with protection modes 0
Event: 0,996 Protecting memory [0x00007a19f3f00000,0x00007a19f3f04000] with protection modes 0
Event: 1,059 Protecting memory [0x00007a19f3e00000,0x00007a19f3e04000] with protection modes 0
Event: 1,275 Protecting memory [0x00007a19f3afe000,0x00007a19f3b02000] with protection modes 0
Event: 1,424 Protecting memory [0x00007a19f39fe000,0x00007a19f3a02000] with protection modes 0
Event: 1,439 Protecting memory [0x00007a19f36fc000,0x00007a19f3700000] with protection modes 0
Event: 2,030 Protecting memory [0x00007a19f35fc000,0x00007a19f3600000] with protection modes 0
Event: 2,185 Protecting memory [0x00007a19f34fc000,0x00007a19f3500000] with protection modes 0
Event: 2,205 Protecting memory [0x00007a19f33fc000,0x00007a19f3400000] with protection modes 0
Event: 2,213 Protecting memory [0x00007a19f32fc000,0x00007a19f3300000] with protection modes 0
Event: 2,293 Protecting memory [0x00007a19f2e77000,0x00007a19f2e7b000] with protection modes 0
Event: 2,293 Protecting memory [0x00007a19f2d77000,0x00007a19f2d7b000] with protection modes 0
Event: 2,976 Protecting memory [0x00007a19f31fc000,0x00007a19f3200000] with protection modes 0
Event: 3,806 Protecting memory [0x00007a19f30fc000,0x00007a19f3100000] with protection modes 0
Event: 3,962 Protecting memory [0x00007a19f2ffc000,0x00007a19f3000000] with protection modes 0
Event: 4,003 Protecting memory [0x00007a19f2c77000,0x00007a19f2c7b000] with protection modes 0

Nmethod flushes (20 events):
Event: 2,385 Thread 0x00007a1ab01adbf0 flushing  nmethod 0x00007a1a9e3dfe90
Event: 2,385 Thread 0x00007a1ab01adbf0 flushing  nmethod 0x00007a1a9e3e1390
Event: 2,385 Thread 0x00007a1ab01adbf0 flushing  nmethod 0x00007a1a9e3e1890
Event: 2,385 Thread 0x00007a1ab01adbf0 flushing  nmethod 0x00007a1a9e3e2190
Event: 2,385 Thread 0x00007a1ab01adbf0 flushing  nmethod 0x00007a1a9e3e2d10
Event: 2,385 Thread 0x00007a1ab01adbf0 flushing  nmethod 0x00007a1a9e3e3190
Event: 2,385 Thread 0x00007a1ab01adbf0 flushing  nmethod 0x00007a1a9e3e5390
Event: 2,385 Thread 0x00007a1ab01adbf0 flushing  nmethod 0x00007a1a9e3e5690
Event: 2,385 Thread 0x00007a1ab01adbf0 flushing  nmethod 0x00007a1a9e3ee490
Event: 2,385 Thread 0x00007a1ab01adbf0 flushing  nmethod 0x00007a1a9e3f0490
Event: 2,385 Thread 0x00007a1ab01adbf0 flushing  nmethod 0x00007a1a9e404d10
Event: 2,385 Thread 0x00007a1ab01adbf0 flushing  nmethod 0x00007a1a9e40b610
Event: 2,385 Thread 0x00007a1ab01adbf0 flushing  nmethod 0x00007a1a9e418110
Event: 2,385 Thread 0x00007a1ab01adbf0 flushing  nmethod 0x00007a1a9e41de90
Event: 2,385 Thread 0x00007a1ab01adbf0 flushing  nmethod 0x00007a1a9e428e10
Event: 2,385 Thread 0x00007a1ab01adbf0 flushing  nmethod 0x00007a1a9e46b290
Event: 2,385 Thread 0x00007a1ab01adbf0 flushing  nmethod 0x00007a1a9e499f90
Event: 2,385 Thread 0x00007a1ab01adbf0 flushing  nmethod 0x00007a1a9e4ad710
Event: 2,385 Thread 0x00007a1ab01adbf0 flushing  nmethod 0x00007a1a9e4d6910
Event: 2,385 Thread 0x00007a1ab01adbf0 flushing  nmethod 0x00007a1a9e520b90

Events (20 events):
Event: 0,646 Thread 0x00007a1ab002a900 Thread added: 0x00007a1ab0488db0
Event: 0,732 Thread 0x00007a1ab002a900 Thread added: 0x00007a1ab047d8a0
Event: 0,754 Thread 0x00007a1ab047d8a0 Thread added: 0x00007a1a0401b110
Event: 0,757 Thread 0x00007a1ab002a900 Thread added: 0x00007a1ab04e9e40
Event: 0,901 Thread 0x00007a1ab04e9e40 Thread added: 0x00007a19fc2415a0
Event: 0,995 Thread 0x00007a1ab04e9e40 Thread added: 0x00007a19fc3c81a0
Event: 1,059 Thread 0x00007a1ab04e9e40 Thread added: 0x00007a19fc4c5050
Event: 1,275 Thread 0x00007a1ab04e9e40 Thread added: 0x00007a19fc3fec10
Event: 1,424 Thread 0x00007a1ab04e9e40 Thread added: 0x00007a19fc1b74d0
Event: 1,439 Thread 0x00007a1ab04e9e40 Thread added: 0x00007a19fc1c3b80
Event: 2,026 Thread 0x00007a1ab04e9e40 Thread added: 0x00007a19fca00e80
Event: 2,185 Thread 0x00007a19fc1c3b80 Thread added: 0x00007a19d0002290
Event: 2,205 Thread 0x00007a19d0002290 Thread added: 0x00007a19c8000ff0
Event: 2,213 Thread 0x00007a1ab002a900 Thread added: 0x00007a1ab0599c20
Event: 2,293 Thread 0x00007a1ab002a900 Thread added: 0x00007a1ab0669bf0
Event: 2,293 Thread 0x00007a1ab002a900 Thread added: 0x00007a1ab066ad60
Event: 2,975 Thread 0x00007a19d0002290 Thread added: 0x00007a19c800f4f0
Event: 3,806 Thread 0x00007a19fc1c3b80 Thread added: 0x00007a19d019bf60
Event: 3,962 Thread 0x00007a19fc1c3b80 Thread added: 0x00007a19d022a110
Event: 4,003 Thread 0x00007a19fc1c3b80 Thread added: 0x00007a19d02333d0


Dynamic libraries:
c0000000-c9280000 rw-p 00000000 00:00 0 
c9280000-eab00000 ---p 00000000 00:00 0 
eab00000-eb900000 rw-p 00000000 00:00 0 
eb900000-100000000 ---p 00000000 00:00 0 
55ca31060000-55ca31061000 r-xp 00000000 103:04 2898797                   /home/viniciussaousa/.vscode/extensions/redhat.java-1.41.1-linux-x64/jre/21.0.6-linux-x86_64/bin/java
55ca31062000-55ca31063000 r--p 00001000 103:04 2898797                   /home/viniciussaousa/.vscode/extensions/redhat.java-1.41.1-linux-x64/jre/21.0.6-linux-x86_64/bin/java
55ca31063000-55ca31064000 rw-p 00002000 103:04 2898797                   /home/viniciussaousa/.vscode/extensions/redhat.java-1.41.1-linux-x64/jre/21.0.6-linux-x86_64/bin/java
55ca6839b000-55ca683e2000 rw-p 00000000 00:00 0                          [heap]
7a1994000000-7a1994021000 rw-p 00000000 00:00 0 
7a1994021000-7a1998000000 ---p 00000000 00:00 0 
7a199c000000-7a199c021000 rw-p 00000000 00:00 0 
7a199c021000-7a19a0000000 ---p 00000000 00:00 0 
7a19a3800000-7a19abe0d000 r--s 00000000 103:04 12336555                  /usr/lib/jvm/java-21-openjdk-amd64/lib/modules
7a19ac000000-7a19ac021000 rw-p 00000000 00:00 0 
7a19ac021000-7a19b0000000 ---p 00000000 00:00 0 
7a19b0000000-7a19b0021000 rw-p 00000000 00:00 0 
7a19b0021000-7a19b4000000 ---p 00000000 00:00 0 
7a19b4000000-7a19b4021000 rw-p 00000000 00:00 0 
7a19b4021000-7a19b8000000 ---p 00000000 00:00 0 
7a19b8000000-7a19b822f000 rw-p 00000000 00:00 0 
7a19b822f000-7a19bc000000 ---p 00000000 00:00 0 
7a19bc000000-7a19bc72b000 rw-p 00000000 00:00 0 
7a19bc72b000-7a19c0000000 ---p 00000000 00:00 0 
7a19c0000000-7a19c0021000 rw-p 00000000 00:00 0 
7a19c0021000-7a19c4000000 ---p 00000000 00:00 0 
7a19c4000000-7a19c40ad000 rw-p 00000000 00:00 0 
7a19c40ad000-7a19c8000000 ---p 00000000 00:00 0 
7a19c8000000-7a19c8134000 rw-p 00000000 00:00 0 
7a19c8134000-7a19cc000000 ---p 00000000 00:00 0 
7a19cc000000-7a19cc021000 rw-p 00000000 00:00 0 
7a19cc021000-7a19d0000000 ---p 00000000 00:00 0 
7a19d0000000-7a19d0245000 rw-p 00000000 00:00 0 
7a19d0245000-7a19d4000000 ---p 00000000 00:00 0 
7a19d4000000-7a19d4148000 rw-p 00000000 00:00 0 
7a19d4148000-7a19d8000000 ---p 00000000 00:00 0 
7a19d8000000-7a19d8021000 rw-p 00000000 00:00 0 
7a19d8021000-7a19dc000000 ---p 00000000 00:00 0 
7a19dc000000-7a19dc021000 rw-p 00000000 00:00 0 
7a19dc021000-7a19e0000000 ---p 00000000 00:00 0 
7a19e0000000-7a19e0021000 rw-p 00000000 00:00 0 
7a19e0021000-7a19e4000000 ---p 00000000 00:00 0 
7a19e4000000-7a19e4021000 rw-p 00000000 00:00 0 
7a19e4021000-7a19e8000000 ---p 00000000 00:00 0 
7a19e8000000-7a19e8021000 rw-p 00000000 00:00 0 
7a19e8021000-7a19ec000000 ---p 00000000 00:00 0 
7a19ec000000-7a19ec021000 rw-p 00000000 00:00 0 
7a19ec021000-7a19f0000000 ---p 00000000 00:00 0 
7a19f2992000-7a19f2c77000 rw-p 00000000 00:00 0 
7a19f2c77000-7a19f2c7b000 ---p 00000000 00:00 0 
7a19f2c7b000-7a19f2d77000 rw-p 00000000 00:00 0 
7a19f2d77000-7a19f2d7b000 ---p 00000000 00:00 0 
7a19f2d7b000-7a19f2e77000 rw-p 00000000 00:00 0 
7a19f2e77000-7a19f2e7b000 ---p 00000000 00:00 0 
7a19f2e7b000-7a19f2f77000 rw-p 00000000 00:00 0 
7a19f2ffc000-7a19f3000000 ---p 00000000 00:00 0 
7a19f3000000-7a19f30fc000 rw-p 00000000 00:00 0 
7a19f30fc000-7a19f3100000 ---p 00000000 00:00 0 
7a19f3100000-7a19f31fc000 rw-p 00000000 00:00 0 
7a19f31fc000-7a19f3200000 ---p 00000000 00:00 0 
7a19f3200000-7a19f32fc000 rw-p 00000000 00:00 0 
7a19f32fc000-7a19f3300000 ---p 00000000 00:00 0 
7a19f3300000-7a19f33fc000 rw-p 00000000 00:00 0 
7a19f33fc000-7a19f3400000 ---p 00000000 00:00 0 
7a19f3400000-7a19f34fc000 rw-p 00000000 00:00 0 
7a19f34fc000-7a19f3500000 ---p 00000000 00:00 0 
7a19f3500000-7a19f35fc000 rw-p 00000000 00:00 0 
7a19f35fc000-7a19f3600000 ---p 00000000 00:00 0 
7a19f3600000-7a19f36fc000 rw-p 00000000 00:00 0 
7a19f36fc000-7a19f3700000 ---p 00000000 00:00 0 
7a19f3700000-7a19f37fc000 rw-p 00000000 00:00 0 
7a19f37fc000-7a19f37fd000 ---p 00000000 00:00 0 
7a19f37fd000-7a19f38fd000 rw-p 00000000 00:00 0 
7a19f38fd000-7a19f38fe000 ---p 00000000 00:00 0 
7a19f38fe000-7a19f39fe000 rw-p 00000000 00:00 0 
7a19f39fe000-7a19f3a02000 ---p 00000000 00:00 0 
7a19f3a02000-7a19f3afe000 rw-p 00000000 00:00 0 
7a19f3afe000-7a19f3b02000 ---p 00000000 00:00 0 
7a19f3b02000-7a19f3bfe000 rw-p 00000000 00:00 0 
7a19f3bfe000-7a19f3bff000 ---p 00000000 00:00 0 
7a19f3bff000-7a19f3cff000 rw-p 00000000 00:00 0 
7a19f3cff000-7a19f3d00000 ---p 00000000 00:00 0 
7a19f3d00000-7a19f3e00000 rw-p 00000000 00:00 0 
7a19f3e00000-7a19f3e04000 ---p 00000000 00:00 0 
7a19f3e04000-7a19f3f00000 rw-p 00000000 00:00 0 
7a19f3f00000-7a19f3f04000 ---p 00000000 00:00 0 
7a19f3f04000-7a19f4000000 rw-p 00000000 00:00 0 
7a19f4000000-7a19f4021000 rw-p 00000000 00:00 0 
7a19f4021000-7a19f8000000 ---p 00000000 00:00 0 
7a19f8000000-7a19f8021000 rw-p 00000000 00:00 0 
7a19f8021000-7a19fc000000 ---p 00000000 00:00 0 
7a19fc000000-7a19fcadf000 rw-p 00000000 00:00 0 
7a19fcadf000-7a1a00000000 ---p 00000000 00:00 0 
7a1a00000000-7a1a00021000 rw-p 00000000 00:00 0 
7a1a00021000-7a1a04000000 ---p 00000000 00:00 0 
7a1a04000000-7a1a04022000 rw-p 00000000 00:00 0 
7a1a04022000-7a1a08000000 ---p 00000000 00:00 0 
7a1a08000000-7a1a08021000 rw-p 00000000 00:00 0 
7a1a08021000-7a1a0c000000 ---p 00000000 00:00 0 
7a1a0c000000-7a1a0c021000 rw-p 00000000 00:00 0 
7a1a0c021000-7a1a10000000 ---p 00000000 00:00 0 
7a1a10000000-7a1a10021000 rw-p 00000000 00:00 0 
7a1a10021000-7a1a14000000 ---p 00000000 00:00 0 
7a1a14000000-7a1a14021000 rw-p 00000000 00:00 0 
7a1a14021000-7a1a18000000 ---p 00000000 00:00 0 
7a1a18000000-7a1a18021000 rw-p 00000000 00:00 0 
7a1a18021000-7a1a1c000000 ---p 00000000 00:00 0 
7a1a1c000000-7a1a1d4ce000 rw-p 00000000 00:00 0 
7a1a1d4ce000-7a1a20000000 ---p 00000000 00:00 0 
7a1a20000000-7a1a20021000 rw-p 00000000 00:00 0 
7a1a20021000-7a1a24000000 ---p 00000000 00:00 0 
7a1a24000000-7a1a24021000 rw-p 00000000 00:00 0 
7a1a24021000-7a1a28000000 ---p 00000000 00:00 0 
7a1a28000000-7a1a2973d000 rw-p 00000000 00:00 0 
7a1a2973d000-7a1a2c000000 ---p 00000000 00:00 0 
7a1a2c000000-7a1a2d7b3000 rw-p 00000000 00:00 0 
7a1a2d7b3000-7a1a30000000 ---p 00000000 00:00 0 
7a1a30000000-7a1a30b94000 rw-p 00000000 00:00 0 
7a1a30b94000-7a1a34000000 ---p 00000000 00:00 0 
7a1a34000000-7a1a34021000 rw-p 00000000 00:00 0 
7a1a34021000-7a1a38000000 ---p 00000000 00:00 0 
7a1a38000000-7a1a38021000 rw-p 00000000 00:00 0 
7a1a38021000-7a1a3c000000 ---p 00000000 00:00 0 
7a1a3c000000-7a1a3c021000 rw-p 00000000 00:00 0 
7a1a3c021000-7a1a40000000 ---p 00000000 00:00 0 
7a1a40000000-7a1a40021000 rw-p 00000000 00:00 0 
7a1a40021000-7a1a44000000 ---p 00000000 00:00 0 
7a1a44000000-7a1a44021000 rw-p 00000000 00:00 0 
7a1a44021000-7a1a48000000 ---p 00000000 00:00 0 
7a1a48000000-7a1a48021000 rw-p 00000000 00:00 0 
7a1a48021000-7a1a4c000000 ---p 00000000 00:00 0 
7a1a4c000000-7a1a4c3f0000 rw-p 00000000 00:00 0 
7a1a4c3f0000-7a1a4c7d0000 rw-p 00000000 00:00 0 
7a1a4c7d0000-7a1a4c8f0000 rw-p 00000000 00:00 0 
7a1a4c8f0000-7a1a4c9f0000 rw-p 00000000 00:00 0 
7a1a4c9f0000-7a1a4caf0000 rw-p 00000000 00:00 0 
7a1a4caf0000-7a1a4cbf0000 rw-p 00000000 00:00 0 
7a1a4cbf0000-7a1a4d170000 rw-p 00000000 00:00 0 
7a1a4d170000-7a1a4d1f0000 rw-p 00000000 00:00 0 
7a1a4d1f0000-7a1a4d7b0000 rw-p 00000000 00:00 0 
7a1a4d7b0000-7a1a4d7f0000 rw-p 00000000 00:00 0 
7a1a4d7f0000-7a1a4d8f0000 rw-p 00000000 00:00 0 
7a1a4d8f0000-7a1a4d9f0000 rw-p 00000000 00:00 0 
7a1a4d9f0000-7a1a4dcf0000 rw-p 00000000 00:00 0 
7a1a4dcf0000-7a1a4ddf0000 rw-p 00000000 00:00 0 
7a1a4ddf0000-7a1a4e7f0000 rw-p 00000000 00:00 0 
7a1a4e7f0000-7a1a4e9b0000 rw-p 00000000 00:00 0 
7a1a4e9b0000-7a1a4e9f0000 rw-p 00000000 00:00 0 
7a1a4e9f0000-7a1a4ef70000 rw-p 00000000 00:00 0 
7a1a4ef70000-7a1a4ef90000 rw-p 00000000 00:00 0 
7a1a4ef90000-7a1a4f000000 ---p 00000000 00:00 0 
7a1a4f000000-7a1a4f120000 rw-p 00000000 00:00 0 
7a1a4f120000-7a1a50000000 ---p 00000000 00:00 0 
7a1a50000000-7a1a50021000 rw-p 00000000 00:00 0 
7a1a50021000-7a1a54000000 ---p 00000000 00:00 0 
7a1a540fb000-7a1a540fc000 ---p 00000000 00:00 0 
7a1a540fc000-7a1a541fc000 rw-p 00000000 00:00 0 
7a1a541fc000-7a1a54200000 ---p 00000000 00:00 0 
7a1a54200000-7a1a542fc000 rw-p 00000000 00:00 0 
7a1a542fc000-7a1a542fd000 ---p 00000000 00:00 0 
7a1a542fd000-7a1a543fd000 rw-p 00000000 00:00 0 
7a1a543fd000-7a1a54401000 ---p 00000000 00:00 0 
7a1a54401000-7a1a544fd000 rw-p 00000000 00:00 0 
7a1a544fd000-7a1a54501000 ---p 00000000 00:00 0 
7a1a54501000-7a1a545fd000 rw-p 00000000 00:00 0 
7a1a545fd000-7a1a54601000 ---p 00000000 00:00 0 
7a1a54601000-7a1a546fd000 rw-p 00000000 00:00 0 
7a1a546fd000-7a1a54701000 ---p 00000000 00:00 0 
7a1a54701000-7a1a547fd000 rw-p 00000000 00:00 0 
7a1a547fd000-7a1a547fe000 ---p 00000000 00:00 0 
7a1a547fe000-7a1a548fe000 rw-p 00000000 00:00 0 
7a1a548fe000-7a1a548ff000 ---p 00000000 00:00 0 
7a1a548ff000-7a1a549ff000 rw-p 00000000 00:00 0 
7a1a549ff000-7a1a54a00000 ---p 00000000 00:00 0 
7a1a54a00000-7a1a54b00000 rw-p 00000000 00:00 0 
7a1a54b00000-7a1a54b04000 ---p 00000000 00:00 0 
7a1a54b04000-7a1a54c00000 rw-p 00000000 00:00 0 
7a1a54c00000-7a1a54c04000 ---p 00000000 00:00 0 
7a1a54c04000-7a1a54d00000 rw-p 00000000 00:00 0 
7a1a54d00000-7a1a54d04000 ---p 00000000 00:00 0 
7a1a54d04000-7a1a54e00000 rw-p 00000000 00:00 0 
7a1a54e00000-7a1a54e04000 ---p 00000000 00:00 0 
7a1a54e04000-7a1a54f00000 rw-p 00000000 00:00 0 
7a1a54f00000-7a1a54f04000 ---p 00000000 00:00 0 
7a1a54f04000-7a1a55000000 rw-p 00000000 00:00 0 
7a1a55000000-7a1a55bb6000 rw-p 00001000 103:04 2901333                   /home/viniciussaousa/.vscode/extensions/redhat.java-1.41.1-linux-x64/jre/21.0.6-linux-x86_64/lib/server/classes.jsa
7a1a55bb6000-7a1a56000000 ---p 00000000 00:00 0 
7a1a56000000-7a1a56030000 rw-p 00000000 00:00 0 
7a1a56030000-7a1a560f0000 rw-p 00000000 00:00 0 
7a1a560f0000-7a1a56230000 rw-p 00000000 00:00 0 
7a1a56230000-7a1a56270000 rw-p 00000000 00:00 0 
7a1a56270000-7a1a564e0000 rw-p 00000000 00:00 0 
7a1a564e0000-7a1a56500000 ---p 00000000 00:00 0 
7a1a56500000-7a1a56630000 rw-p 00000000 00:00 0 
7a1a56630000-7a1a96000000 ---p 00000000 00:00 0 
7a1a96000000-7a1a98021000 rw-p 00000000 00:00 0 
7a1a98021000-7a1a9c000000 ---p 00000000 00:00 0 
7a1a9c073000-7a1a9c077000 ---p 00000000 00:00 0 
7a1a9c077000-7a1a9c173000 rw-p 00000000 00:00 0 
7a1a9c173000-7a1a9c177000 ---p 00000000 00:00 0 
7a1a9c177000-7a1a9c273000 rw-p 00000000 00:00 0 
7a1a9c273000-7a1a9c277000 ---p 00000000 00:00 0 
7a1a9c277000-7a1a9c373000 rw-p 00000000 00:00 0 
7a1a9c373000-7a1a9c377000 ---p 00000000 00:00 0 
7a1a9c377000-7a1a9c473000 rw-p 00000000 00:00 0 
7a1a9c473000-7a1a9c477000 ---p 00000000 00:00 0 
7a1a9c477000-7a1a9c573000 rw-p 00000000 00:00 0 
7a1a9c573000-7a1a9c577000 ---p 00000000 00:00 0 
7a1a9c577000-7a1a9c673000 rw-p 00000000 00:00 0 
7a1a9c673000-7a1a9c8eb000 r--p 00000000 07:05 188                        /snap/code/190/usr/lib/locale/aa_DJ.utf8/LC_COLLATE
7a1a9c8eb000-7a1a9c8ec000 ---p 00000000 00:00 0 
7a1a9c8ec000-7a1a9c9ec000 rw-p 00000000 00:00 0 
7a1a9c9ec000-7a1a9de00000 rw-p 00000000 00:00 0 
7a1a9de00000-7a1a9ec30000 rwxp 00000000 00:00 0 
7a1a9ec30000-7a1aa5337000 ---p 00000000 00:00 0 
7a1aa5337000-7a1aa55a7000 rwxp 00000000 00:00 0 
7a1aa55a7000-7a1aa58c9000 ---p 00000000 00:00 0 
7a1aa58c9000-7a1aa5d19000 rwxp 00000000 00:00 0 
7a1aa5d19000-7a1aace00000 ---p 00000000 00:00 0 
7a1aace00000-7a1aaffc7000 r--s 00000000 103:04 2900652                   /home/viniciussaousa/.vscode/extensions/redhat.java-1.41.1-linux-x64/jre/21.0.6-linux-x86_64/lib/modules
7a1ab0000000-7a1ab0677000 rw-p 00000000 00:00 0 
7a1ab0677000-7a1ab4000000 ---p 00000000 00:00 0 
7a1ab401e000-7a1ab4022000 r--p 00000000 103:04 3675471                   /home/viniciussaousa/.config/Code/User/globalStorage/redhat.java/1.41.1/config_linux/org.eclipse.equinox.launcher/org.eclipse.equinox.launcher.gtk.linux.x86_64_1.2.1400.v20250331-1702/eclipse_11911.so
7a1ab4022000-7a1ab402c000 r-xp 00004000 103:04 3675471                   /home/viniciussaousa/.config/Code/User/globalStorage/redhat.java/1.41.1/config_linux/org.eclipse.equinox.launcher/org.eclipse.equinox.launcher.gtk.linux.x86_64_1.2.1400.v20250331-1702/eclipse_11911.so
7a1ab402c000-7a1ab402f000 r--p 0000e000 103:04 3675471                   /home/viniciussaousa/.config/Code/User/globalStorage/redhat.java/1.41.1/config_linux/org.eclipse.equinox.launcher/org.eclipse.equinox.launcher.gtk.linux.x86_64_1.2.1400.v20250331-1702/eclipse_11911.so
7a1ab402f000-7a1ab4030000 r--p 00010000 103:04 3675471                   /home/viniciussaousa/.config/Code/User/globalStorage/redhat.java/1.41.1/config_linux/org.eclipse.equinox.launcher/org.eclipse.equinox.launcher.gtk.linux.x86_64_1.2.1400.v20250331-1702/eclipse_11911.so
7a1ab4030000-7a1ab4031000 rw-p 00011000 103:04 3675471                   /home/viniciussaousa/.config/Code/User/globalStorage/redhat.java/1.41.1/config_linux/org.eclipse.equinox.launcher/org.eclipse.equinox.launcher.gtk.linux.x86_64_1.2.1400.v20250331-1702/eclipse_11911.so
7a1ab4031000-7a1ab4032000 rw-p 00000000 00:00 0 
7a1ab4032000-7a1ab4056000 r--p 00000000 103:04 14422340                  /usr/share/locale-langpack/pt_BR/LC_MESSAGES/libc.mo
7a1ab4056000-7a1ab4063000 r-xp 00000000 103:04 2900650                   /home/viniciussaousa/.vscode/extensions/redhat.java-1.41.1-linux-x64/jre/21.0.6-linux-x86_64/lib/libverify.so
7a1ab4063000-7a1ab4065000 r--p 0000c000 103:04 2900650                   /home/viniciussaousa/.vscode/extensions/redhat.java-1.41.1-linux-x64/jre/21.0.6-linux-x86_64/lib/libverify.so
7a1ab4065000-7a1ab4066000 rw-p 0000e000 103:04 2900650                   /home/viniciussaousa/.vscode/extensions/redhat.java-1.41.1-linux-x64/jre/21.0.6-linux-x86_64/lib/libverify.so
7a1ab4066000-7a1ab4072000 r-xp 00000000 103:04 2900640                   /home/viniciussaousa/.vscode/extensions/redhat.java-1.41.1-linux-x64/jre/21.0.6-linux-x86_64/lib/libnet.so
7a1ab4072000-7a1ab4073000 r--p 0000b000 103:04 2900640                   /home/viniciussaousa/.vscode/extensions/redhat.java-1.41.1-linux-x64/jre/21.0.6-linux-x86_64/lib/libnet.so
7a1ab4073000-7a1ab4074000 rw-p 0000c000 103:04 2900640                   /home/viniciussaousa/.vscode/extensions/redhat.java-1.41.1-linux-x64/jre/21.0.6-linux-x86_64/lib/libnet.so
7a1ab4074000-7a1ab4a7e000 rw-p 00000000 00:00 0 
7a1ab4a7e000-7a1ab4a7f000 ---p 00000000 00:00 0 
7a1ab4a7f000-7a1ab4b7f000 rw-p 00000000 00:00 0 
7a1ab4b7f000-7a1ab4e00000 rw-p 00000000 00:00 0 
7a1ab4e0d000-7a1ab4e21000 r-xp 00000000 103:04 2900642                   /home/viniciussaousa/.vscode/extensions/redhat.java-1.41.1-linux-x64/jre/21.0.6-linux-x86_64/lib/libnio.so
7a1ab4e21000-7a1ab4e22000 r--p 00013000 103:04 2900642                   /home/viniciussaousa/.vscode/extensions/redhat.java-1.41.1-linux-x64/jre/21.0.6-linux-x86_64/lib/libnio.so
7a1ab4e22000-7a1ab4e23000 rw-p 00014000 103:04 2900642                   /home/viniciussaousa/.vscode/extensions/redhat.java-1.41.1-linux-x64/jre/21.0.6-linux-x86_64/lib/libnio.so
7a1ab4e23000-7a1ab4e77000 r--p 00000000 07:05 189                        /snap/code/190/usr/lib/locale/aa_DJ.utf8/LC_CTYPE
7a1ab4e77000-7a1ab4f1c000 rw-p 00000000 00:00 0 
7a1ab4f1c000-7a1ab5028000 ---p 00000000 00:00 0 
7a1ab5028000-7a1ab5029000 ---p 00000000 00:00 0 
7a1ab5029000-7a1ab5129000 rw-p 00000000 00:00 0 
7a1ab5129000-7a1ab5173000 rw-p 00000000 00:00 0 
7a1ab5173000-7a1ab527e000 ---p 00000000 00:00 0 
7a1ab527e000-7a1ab5286000 rw-p 00000000 00:00 0 
7a1ab5286000-7a1ab532a000 ---p 00000000 00:00 0 
7a1ab532a000-7a1ab5333000 rw-p 00000000 00:00 0 
7a1ab5333000-7a1ab5415000 ---p 00000000 00:00 0 
7a1ab5415000-7a1ab5432000 rw-p 00000000 00:00 0 
7a1ab5432000-7a1ab5500000 ---p 00000000 00:00 0 
7a1ab5500000-7a1ab5504000 ---p 00000000 00:00 0 
7a1ab5504000-7a1ab5600000 rw-p 00000000 00:00 0 
7a1ab5600000-7a1ab6a0f000 r-xp 00000000 103:04 2901537                   /home/viniciussaousa/.vscode/extensions/redhat.java-1.41.1-linux-x64/jre/21.0.6-linux-x86_64/lib/server/libjvm.so
7a1ab6a0f000-7a1ab6ae3000 r--p 0140e000 103:04 2901537                   /home/viniciussaousa/.vscode/extensions/redhat.java-1.41.1-linux-x64/jre/21.0.6-linux-x86_64/lib/server/libjvm.so
7a1ab6ae3000-7a1ab6b13000 rw-p 014e2000 103:04 2901537                   /home/viniciussaousa/.vscode/extensions/redhat.java-1.41.1-linux-x64/jre/21.0.6-linux-x86_64/lib/server/libjvm.so
7a1ab6b13000-7a1ab6b79000 rw-p 00000000 00:00 0 
7a1ab6b84000-7a1ab6b9f000 r-xp 00000000 103:04 2900651                   /home/viniciussaousa/.vscode/extensions/redhat.java-1.41.1-linux-x64/jre/21.0.6-linux-x86_64/lib/libzip.so
7a1ab6b9f000-7a1ab6ba0000 r--p 0001a000 103:04 2900651                   /home/viniciussaousa/.vscode/extensions/redhat.java-1.41.1-linux-x64/jre/21.0.6-linux-x86_64/lib/libzip.so
7a1ab6ba0000-7a1ab6ba1000 rw-p 0001b000 103:04 2900651                   /home/viniciussaousa/.vscode/extensions/redhat.java-1.41.1-linux-x64/jre/21.0.6-linux-x86_64/lib/libzip.so
7a1ab6ba1000-7a1ab6ba2000 r--p 00000000 07:05 280                        /snap/code/190/usr/lib/locale/agr_PE/LC_NUMERIC
7a1ab6ba2000-7a1ab6ba3000 r--p 00000000 07:05 5477                       /snap/code/190/usr/lib/locale/pt_BR.utf8/LC_TIME
7a1ab6ba3000-7a1ab6ba4000 r--p 00000000 07:05 5472                       /snap/code/190/usr/lib/locale/pt_BR.utf8/LC_MONETARY
7a1ab6ba4000-7a1ab6bab000 r--s 00000000 103:04 12984852                  /usr/lib/x86_64-linux-gnu/gconv/gconv-modules.cache
7a1ab6bab000-7a1ab6c00000 rw-p 00000000 00:00 0 
7a1ab6c00000-7a1ab6c28000 r--p 00000000 103:04 12321666                  /usr/lib/x86_64-linux-gnu/libc.so.6
7a1ab6c28000-7a1ab6db0000 r-xp 00028000 103:04 12321666                  /usr/lib/x86_64-linux-gnu/libc.so.6
7a1ab6db0000-7a1ab6dff000 r--p 001b0000 103:04 12321666                  /usr/lib/x86_64-linux-gnu/libc.so.6
7a1ab6dff000-7a1ab6e03000 r--p 001fe000 103:04 12321666                  /usr/lib/x86_64-linux-gnu/libc.so.6
7a1ab6e03000-7a1ab6e05000 rw-p 00202000 103:04 12321666                  /usr/lib/x86_64-linux-gnu/libc.so.6
7a1ab6e05000-7a1ab6e12000 rw-p 00000000 00:00 0 
7a1ab6e12000-7a1ab6e13000 r--p 00000000 07:05 5471                       /snap/code/190/usr/lib/locale/pt_BR.utf8/LC_MESSAGES/SYS_LC_MESSAGES
7a1ab6e13000-7a1ab6e14000 r--p 00000000 07:05 197                        /snap/code/190/usr/lib/locale/aa_DJ.utf8/LC_PAPER
7a1ab6e14000-7a1ab6e15000 r--p 00000000 07:05 279                        /snap/code/190/usr/lib/locale/agr_PE/LC_NAME
7a1ab6e15000-7a1ab6e16000 r--p 00000000 07:05 5465                       /snap/code/190/usr/lib/locale/pt_BR.utf8/LC_ADDRESS
7a1ab6e16000-7a1ab6e17000 r--p 00000000 07:05 5476                       /snap/code/190/usr/lib/locale/pt_BR.utf8/LC_TELEPHONE
7a1ab6e17000-7a1ab6e1c000 rw-p 00000000 00:00 0 
7a1ab6e1c000-7a1ab6e23000 ---p 00000000 00:00 0 
7a1ab6e23000-7a1ab6e43000 r-xp 00000000 103:04 2900624                   /home/viniciussaousa/.vscode/extensions/redhat.java-1.41.1-linux-x64/jre/21.0.6-linux-x86_64/lib/libjava.so
7a1ab6e43000-7a1ab6e44000 ---p 00020000 103:04 2900624                   /home/viniciussaousa/.vscode/extensions/redhat.java-1.41.1-linux-x64/jre/21.0.6-linux-x86_64/lib/libjava.so
7a1ab6e44000-7a1ab6e45000 r--p 00020000 103:04 2900624                   /home/viniciussaousa/.vscode/extensions/redhat.java-1.41.1-linux-x64/jre/21.0.6-linux-x86_64/lib/libjava.so
7a1ab6e45000-7a1ab6e46000 rw-p 00021000 103:04 2900624                   /home/viniciussaousa/.vscode/extensions/redhat.java-1.41.1-linux-x64/jre/21.0.6-linux-x86_64/lib/libjava.so
7a1ab6e46000-7a1ab6e47000 rw-p 00000000 00:00 0 
7a1ab6e47000-7a1ab6e62000 r-xp 00000000 103:04 2900628                   /home/viniciussaousa/.vscode/extensions/redhat.java-1.41.1-linux-x64/jre/21.0.6-linux-x86_64/lib/libjimage.so
7a1ab6e62000-7a1ab6e63000 ---p 0001b000 103:04 2900628                   /home/viniciussaousa/.vscode/extensions/redhat.java-1.41.1-linux-x64/jre/21.0.6-linux-x86_64/lib/libjimage.so
7a1ab6e63000-7a1ab6e65000 r--p 0001b000 103:04 2900628                   /home/viniciussaousa/.vscode/extensions/redhat.java-1.41.1-linux-x64/jre/21.0.6-linux-x86_64/lib/libjimage.so
7a1ab6e65000-7a1ab6e66000 rw-p 0001d000 103:04 2900628                   /home/viniciussaousa/.vscode/extensions/redhat.java-1.41.1-linux-x64/jre/21.0.6-linux-x86_64/lib/libjimage.so
7a1ab6e66000-7a1ab6e76000 r--p 00000000 103:04 12330714                  /usr/lib/x86_64-linux-gnu/libm.so.6
7a1ab6e76000-7a1ab6ef5000 r-xp 00010000 103:04 12330714                  /usr/lib/x86_64-linux-gnu/libm.so.6
7a1ab6ef5000-7a1ab6f4d000 r--p 0008f000 103:04 12330714                  /usr/lib/x86_64-linux-gnu/libm.so.6
7a1ab6f4d000-7a1ab6f4e000 r--p 000e7000 103:04 12330714                  /usr/lib/x86_64-linux-gnu/libm.so.6
7a1ab6f4e000-7a1ab6f4f000 rw-p 000e8000 103:04 12330714                  /usr/lib/x86_64-linux-gnu/libm.so.6
7a1ab6f4f000-7a1ab6f50000 r--p 00000000 103:04 12330725                  /usr/lib/x86_64-linux-gnu/librt.so.1
7a1ab6f50000-7a1ab6f51000 r-xp 00001000 103:04 12330725                  /usr/lib/x86_64-linux-gnu/librt.so.1
7a1ab6f51000-7a1ab6f52000 r--p 00002000 103:04 12330725                  /usr/lib/x86_64-linux-gnu/librt.so.1
7a1ab6f52000-7a1ab6f53000 r--p 00002000 103:04 12330725                  /usr/lib/x86_64-linux-gnu/librt.so.1
7a1ab6f53000-7a1ab6f54000 rw-p 00003000 103:04 12330725                  /usr/lib/x86_64-linux-gnu/librt.so.1
7a1ab6f54000-7a1ab6f56000 rw-p 00000000 00:00 0 
7a1ab6f56000-7a1ab6f57000 r--p 00000000 103:04 12322952                  /usr/lib/x86_64-linux-gnu/libdl.so.2
7a1ab6f57000-7a1ab6f58000 r-xp 00001000 103:04 12322952                  /usr/lib/x86_64-linux-gnu/libdl.so.2
7a1ab6f58000-7a1ab6f59000 r--p 00002000 103:04 12322952                  /usr/lib/x86_64-linux-gnu/libdl.so.2
7a1ab6f59000-7a1ab6f5a000 r--p 00002000 103:04 12322952                  /usr/lib/x86_64-linux-gnu/libdl.so.2
7a1ab6f5a000-7a1ab6f5b000 rw-p 00003000 103:04 12322952                  /usr/lib/x86_64-linux-gnu/libdl.so.2
7a1ab6f5b000-7a1ab6f5c000 r--p 00000000 103:04 12330723                  /usr/lib/x86_64-linux-gnu/libpthread.so.0
7a1ab6f5c000-7a1ab6f5d000 r-xp 00001000 103:04 12330723                  /usr/lib/x86_64-linux-gnu/libpthread.so.0
7a1ab6f5d000-7a1ab6f5e000 r--p 00002000 103:04 12330723                  /usr/lib/x86_64-linux-gnu/libpthread.so.0
7a1ab6f5e000-7a1ab6f5f000 r--p 00002000 103:04 12330723                  /usr/lib/x86_64-linux-gnu/libpthread.so.0
7a1ab6f5f000-7a1ab6f60000 rw-p 00003000 103:04 12330723                  /usr/lib/x86_64-linux-gnu/libpthread.so.0
7a1ab6f60000-7a1ab6f61000 r--p 00000000 07:05 191                        /snap/code/190/usr/lib/locale/aa_DJ.utf8/LC_MEASUREMENT
7a1ab6f61000-7a1ab6f62000 r--p 00000000 07:05 5468                       /snap/code/190/usr/lib/locale/pt_BR.utf8/LC_IDENTIFICATION
7a1ab6f62000-7a1ab6f6a000 rw-s 00000000 103:04 4850038                   /tmp/hsperfdata_viniciussaousa/15295
7a1ab6f6a000-7a1ab6f74000 r-xp 00000000 103:04 2900619                   /home/viniciussaousa/.vscode/extensions/redhat.java-1.41.1-linux-x64/jre/21.0.6-linux-x86_64/lib/libinstrument.so
7a1ab6f74000-7a1ab6f75000 ---p 0000a000 103:04 2900619                   /home/viniciussaousa/.vscode/extensions/redhat.java-1.41.1-linux-x64/jre/21.0.6-linux-x86_64/lib/libinstrument.so
7a1ab6f75000-7a1ab6f76000 r--p 0000a000 103:04 2900619                   /home/viniciussaousa/.vscode/extensions/redhat.java-1.41.1-linux-x64/jre/21.0.6-linux-x86_64/lib/libinstrument.so
7a1ab6f76000-7a1ab6f77000 rw-p 0000b000 103:04 2900619                   /home/viniciussaousa/.vscode/extensions/redhat.java-1.41.1-linux-x64/jre/21.0.6-linux-x86_64/lib/libinstrument.so
7a1ab6f77000-7a1ab6f78000 ---p 00000000 00:00 0 
7a1ab6f78000-7a1ab6f79000 r--p 00000000 00:00 0 
7a1ab6f79000-7a1ab6f7a000 ---p 00000000 00:00 0 
7a1ab6f7a000-7a1ab6f93000 r-xp 00000000 103:04 2900629                   /home/viniciussaousa/.vscode/extensions/redhat.java-1.41.1-linux-x64/jre/21.0.6-linux-x86_64/lib/libjli.so
7a1ab6f93000-7a1ab6f94000 r--p 00018000 103:04 2900629                   /home/viniciussaousa/.vscode/extensions/redhat.java-1.41.1-linux-x64/jre/21.0.6-linux-x86_64/lib/libjli.so
7a1ab6f94000-7a1ab6f95000 rw-p 00019000 103:04 2900629                   /home/viniciussaousa/.vscode/extensions/redhat.java-1.41.1-linux-x64/jre/21.0.6-linux-x86_64/lib/libjli.so
7a1ab6f95000-7a1ab6f97000 rw-p 00000000 00:00 0 
7a1ab6f97000-7a1ab6f9b000 r--p 00000000 00:00 0                          [vvar]
7a1ab6f9b000-7a1ab6f9d000 r-xp 00000000 00:00 0                          [vdso]
7a1ab6f9d000-7a1ab6f9e000 r--p 00000000 103:04 12321537                  /usr/lib/x86_64-linux-gnu/ld-linux-x86-64.so.2
7a1ab6f9e000-7a1ab6fc9000 r-xp 00001000 103:04 12321537                  /usr/lib/x86_64-linux-gnu/ld-linux-x86-64.so.2
7a1ab6fc9000-7a1ab6fd3000 r--p 0002c000 103:04 12321537                  /usr/lib/x86_64-linux-gnu/ld-linux-x86-64.so.2
7a1ab6fd3000-7a1ab6fd5000 r--p 00036000 103:04 12321537                  /usr/lib/x86_64-linux-gnu/ld-linux-x86-64.so.2
7a1ab6fd5000-7a1ab6fd7000 rw-p 00038000 103:04 12321537                  /usr/lib/x86_64-linux-gnu/ld-linux-x86-64.so.2
7ffe7e5bc000-7ffe7e5df000 rw-p 00000000 00:00 0                          [stack]
ffffffffff600000-ffffffffff601000 --xp 00000000 00:00 0                  [vsyscall]
Total number of mappings: 334


VM Arguments:
jvm_args: --add-modules=ALL-SYSTEM --add-opens=java.base/java.util=ALL-UNNAMED --add-opens=java.base/java.lang=ALL-UNNAMED --add-opens=java.base/sun.nio.fs=ALL-UNNAMED -Declipse.application=org.eclipse.jdt.ls.core.id1 -Dosgi.bundles.defaultStartLevel=4 -Declipse.product=org.eclipse.jdt.ls.core.product -Djava.import.generatesMetadataFilesAtProjectRoot=false -DDetectVMInstallationsJob.disabled=true -Dfile.encoding=utf8 -XX:+UseParallelGC -XX:GCTimeRatio=4 -XX:AdaptiveSizePolicyWeight=90 -Dsun.zip.disableMemoryMapping=true -Xmx1G -Xms100m -Xlog:disable -javaagent:/home/viniciussaousa/.vscode/extensions/redhat.java-1.41.1-linux-x64/lombok/lombok-1.18.36.jar -XX:+HeapDumpOnOutOfMemoryError -XX:HeapDumpPath=/home/viniciussaousa/.config/Code/User/workspaceStorage/2976abad126861622e53ec898ffa0717/redhat.java -Daether.dependencyCollector.impl=bf 
java_command: /home/viniciussaousa/.vscode/extensions/redhat.java-1.41.1-linux-x64/server/plugins/org.eclipse.equinox.launcher_1.7.0.v20250331-1702.jar -configuration /home/viniciussaousa/.config/Code/User/globalStorage/redhat.java/1.41.1/config_linux -data /home/viniciussaousa/.config/Code/User/workspaceStorage/2976abad126861622e53ec898ffa0717/redhat.java/jdt_ws --pipe=/run/user/1000/lsp-2c8a11c1a96c8da84d6ba840f6573466.sock
java_class_path (initial): /home/viniciussaousa/.vscode/extensions/redhat.java-1.41.1-linux-x64/server/plugins/org.eclipse.equinox.launcher_1.7.0.v20250331-1702.jar
Launcher Type: SUN_STANDARD

[Global flags]
    uintx AdaptiveSizePolicyWeight                 = 90                                        {product} {command line}
     intx CICompilerCount                          = 4                                         {product} {ergonomic}
    uintx GCTimeRatio                              = 4                                         {product} {command line}
     bool HeapDumpOnOutOfMemoryError               = true                                   {manageable} {command line}
    ccstr HeapDumpPath                             = /home/viniciussaousa/.config/Code/User/workspaceStorage/2976abad126861622e53ec898ffa0717/redhat.java         {manageable} {command line}
   size_t InitialHeapSize                          = 104857600                                 {product} {command line}
   size_t MaxHeapSize                              = 1073741824                                {product} {command line}
   size_t MaxNewSize                               = 357564416                                 {product} {ergonomic}
   size_t MinHeapDeltaBytes                        = 524288                                    {product} {ergonomic}
   size_t MinHeapSize                              = 104857600                                 {product} {command line}
   size_t NewSize                                  = 34603008                                  {product} {ergonomic}
    uintx NonNMethodCodeHeapSize                   = 5839372                                {pd product} {ergonomic}
    uintx NonProfiledCodeHeapSize                  = 122909434                              {pd product} {ergonomic}
   size_t OldSize                                  = 70254592                                  {product} {ergonomic}
    uintx ProfiledCodeHeapSize                     = 122909434                              {pd product} {ergonomic}
    uintx ReservedCodeCacheSize                    = 251658240                              {pd product} {ergonomic}
     bool SegmentedCodeCache                       = true                                      {product} {ergonomic}
   size_t SoftMaxHeapSize                          = 1073741824                             {manageable} {ergonomic}
     bool UseCompressedOops                        = true                           {product lp64_product} {ergonomic}
     bool UseParallelGC                            = true                                      {product} {command line}

Logging:
Log output configuration:
 #0: stdout all=off uptime,level,tags foldmultilines=false
 #1: stderr all=off uptime,level,tags foldmultilines=false

Environment Variables:
PATH=/home/viniciussaousa/.nvm/versions/node/v20.16.0/bin:/home/viniciussaousa/.pyenv/plugins/pyenv-virtualenv/shims:/home/viniciussaousa/.pyenv/shims:/home/viniciussaousa/.pyenv/bin:/home/viniciussaousa/anaconda3/condabin:/home/viniciussaousa/.local/bin:/usr/local/sbin:/usr/local/bin:/usr/sbin:/usr/bin:/sbin:/bin:/usr/games:/usr/local/games:/snap/bin
SHELL=/bin/bash
DISPLAY=:0
LANG=pt_BR.UTF-8
LC_NUMERIC=pt_BR.UTF-8
LC_TIME=pt_BR.UTF-8
TERM=xterm-256color

Active Locale:
LC_ALL=pt_BR.UTF-8
LC_COLLATE=pt_BR.UTF-8
LC_CTYPE=pt_BR.UTF-8
LC_MESSAGES=pt_BR.UTF-8
LC_MONETARY=pt_BR.UTF-8
LC_NUMERIC=pt_BR.UTF-8
LC_TIME=pt_BR.UTF-8

Signal Handlers:
   SIGSEGV: crash_handler in libjvm.so, mask=11100100010111111101111111111110, flags=SA_RESTART|SA_SIGINFO, unblocked
    SIGBUS: crash_handler in libjvm.so, mask=11100100010111111101111111111110, flags=SA_RESTART|SA_SIGINFO, unblocked
    SIGFPE: crash_handler in libjvm.so, mask=11100100010111111101111111111110, flags=SA_RESTART|SA_SIGINFO, unblocked
   SIGPIPE: javaSignalHandler in libjvm.so, mask=11100100010111111101111111111110, flags=SA_RESTART|SA_SIGINFO, blocked
   SIGXFSZ: javaSignalHandler in libjvm.so, mask=11100100010111111101111111111110, flags=SA_RESTART|SA_SIGINFO, blocked
    SIGILL: crash_handler in libjvm.so, mask=11100100010111111101111111111110, flags=SA_RESTART|SA_SIGINFO, unblocked
   SIGUSR2: SR_handler in libjvm.so, mask=00000000000000000000000000000000, flags=SA_RESTART|SA_SIGINFO, blocked
    SIGHUP: UserHandler in libjvm.so, mask=11100100010111111101111111111110, flags=SA_RESTART|SA_SIGINFO, blocked
    SIGINT: UserHandler in libjvm.so, mask=11100100010111111101111111111110, flags=SA_RESTART|SA_SIGINFO, blocked
   SIGTERM: UserHandler in libjvm.so, mask=11100100010111111101111111111110, flags=SA_RESTART|SA_SIGINFO, blocked
   SIGQUIT: UserHandler in libjvm.so, mask=11100100010111111101111111111110, flags=SA_RESTART|SA_SIGINFO, blocked
   SIGTRAP: crash_handler in libjvm.so, mask=11100100010111111101111111111110, flags=SA_RESTART|SA_SIGINFO, unblocked


Periodic native trim disabled

---------------  S Y S T E M  ---------------

OS:
DISTRIB_ID=Ubuntu
DISTRIB_RELEASE=24.04
DISTRIB_CODENAME=noble
DISTRIB_DESCRIPTION="Ubuntu 24.04.2 LTS"
uname: Linux 6.8.0-58-generic #60-Ubuntu SMP PREEMPT_DYNAMIC Fri Mar 14 18:29:48 UTC 2025 x86_64
OS uptime: 0 days 0:35 hours
libc: glibc 2.39 NPTL 2.39 
rlimit (soft/hard): STACK 8192k/infinity , CORE 0k/infinity , NPROC 62780/62780 , NOFILE 1048576/1048576 , AS infinity/infinity , CPU infinity/infinity , DATA infinity/infinity , FSIZE infinity/infinity , MEMLOCK 2018332k/2018332k
load average: 2,31 1,02 0,76

/proc/meminfo:
MemTotal:       16146676 kB
MemFree:         8928100 kB
MemAvailable:   11550788 kB
Buffers:          188768 kB
Cached:          3097268 kB
SwapCached:            0 kB
Active:          4501760 kB
Inactive:        1316964 kB
Active(anon):    3021340 kB
Inactive(anon):        0 kB
Active(file):    1480420 kB
Inactive(file):  1316964 kB
Unevictable:      407892 kB
Mlocked:              80 kB
SwapTotal:       2097148 kB
SwapFree:        2097148 kB
Zswap:                 0 kB
Zswapped:              0 kB
Dirty:            134532 kB
Writeback:             0 kB
AnonPages:       2941128 kB
Mapped:           868672 kB
Shmem:            488648 kB
KReclaimable:     167044 kB
Slab:             465136 kB
SReclaimable:     167044 kB
SUnreclaim:       298092 kB
KernelStack:       20800 kB
PageTables:        48816 kB
SecPageTables:         0 kB
NFS_Unstable:          0 kB
Bounce:                0 kB
WritebackTmp:          0 kB
CommitLimit:    10170484 kB
Committed_AS:   16324872 kB
VmallocTotal:   34359738367 kB
VmallocUsed:      129836 kB
VmallocChunk:          0 kB
Percpu:            12816 kB
HardwareCorrupted:     0 kB
AnonHugePages:         0 kB
ShmemHugePages:        0 kB
ShmemPmdMapped:        0 kB
FileHugePages:         0 kB
FilePmdMapped:         0 kB
Unaccepted:            0 kB
HugePages_Total:       0
HugePages_Free:        0
HugePages_Rsvd:        0
HugePages_Surp:        0
Hugepagesize:       2048 kB
Hugetlb:               0 kB
DirectMap4k:      637072 kB
DirectMap2M:     8570880 kB
DirectMap1G:     8388608 kB

/sys/kernel/mm/transparent_hugepage/enabled: always [madvise] never
/sys/kernel/mm/transparent_hugepage/hpage_pmd_size: 2097152
/sys/kernel/mm/transparent_hugepage/defrag (defrag/compaction efforts parameter): always defer defer+madvise [madvise] never

Process Memory:
Virtual Size: 5646708K (peak: 5709280K)
Resident Set Size: 438976K (peak: 440036K) (anon: 359756K, file: 79220K, shmem: 0K)
Swapped out: 0K
C-Heap outstanding allocations: 114065K, retained: 26326K
glibc malloc tunables: (default)

/proc/sys/kernel/threads-max (system-wide limit on the number of threads): 125561
/proc/sys/vm/max_map_count (maximum number of memory map areas a process may have): 1048576
/proc/sys/vm/swappiness (control to define how aggressively the kernel swaps out anonymous memory): 60
/proc/sys/kernel/pid_max (system-wide limit on number of process identifiers): 4194304

container (cgroup) information:
container_type: cgroupv2
cpu_cpuset_cpus: not supported
cpu_memory_nodes: not supported
active_processor_count: 12
cpu_quota: not supported
cpu_period: not supported
cpu_shares: not supported
memory_limit_in_bytes: unlimited
memory_and_swap_limit_in_bytes: unlimited
memory_soft_limit_in_bytes: unlimited
memory_usage_in_bytes: 2283440 k
memory_max_usage_in_bytes: not supported
memory_swap_current_in_bytes: unlimited
memory_swap_max_limit_in_bytes: unlimited
maximum number of tasks: 18834
current number of tasks: 310

Steal ticks since vm start: 0
Steal ticks percentage since vm start:  0,000

CPU: total 12 (initial active 12) (6 cores per cpu, 2 threads per core) family 6 model 165 stepping 2 microcode 0x100, cx8, cmov, fxsr, ht, mmx, 3dnowpref, sse, sse2, sse3, ssse3, sse4.1, sse4.2, popcnt, lzcnt, tsc, tscinvbit, avx, avx2, aes, erms, clmul, bmi1, bmi2, adx, fma, vzeroupper, clflush, clflushopt, rdtscp, f16c, pku, ospke
CPU Model and flags from /proc/cpuinfo:
model name	: Intel(R) Core(TM) i5-10500H CPU @ 2.50GHz
flags		: fpu vme de pse tsc msr pae mce cx8 apic sep mtrr pge mca cmov pat pse36 clflush dts acpi mmx fxsr sse sse2 ss ht tm pbe syscall nx pdpe1gb rdtscp lm constant_tsc art arch_perfmon pebs bts rep_good nopl xtopology nonstop_tsc cpuid aperfmperf pni pclmulqdq dtes64 monitor ds_cpl vmx est tm2 ssse3 sdbg fma cx16 xtpr pdcm pcid sse4_1 sse4_2 x2apic movbe popcnt tsc_deadline_timer aes xsave avx f16c rdrand lahf_lm abm 3dnowprefetch cpuid_fault epb ssbd ibrs ibpb stibp ibrs_enhanced tpr_shadow flexpriority ept vpid ept_ad fsgsbase tsc_adjust bmi1 avx2 smep bmi2 erms invpcid mpx rdseed adx smap clflushopt intel_pt xsaveopt xsavec xgetbv1 xsaves dtherm ida arat pln pts hwp hwp_notify hwp_act_window hwp_epp vnmi pku ospke md_clear flush_l1d arch_capabilities

Online cpus: 0-11
Offline cpus: 
BIOS frequency limitation: <Not Available>
Frequency switch latency (ns): 0
Available cpu frequencies: <Not Available>
Current governor: powersave
Core performance/turbo boost: <Not Available>

Memory: 4k page, physical 16146676k(11550788k free), swap 2097148k(2097148k free)
Page Sizes: 4k

vm_info: OpenJDK 64-Bit Server VM (21.0.6+7-LTS) for linux-amd64 JRE (21.0.6+7-LTS), built on 2025-01-21T00:00:00Z by "admin" with gcc 11.3.0

END.
